Archive member included to satisfy reference by file (symbol)

/opt/toolchain/bin/../lib/gcc/arm-none-eabi/13.3.1/thumb/v6-m/nofp/libgcc.a(_thumb1_case_sqi.o)
                              CMakeFiles/n7six.ApeX-k1.v7.6.5br1.dir/App/app/menu.c.obj (__gnu_thumb1_case_sqi)
/opt/toolchain/bin/../lib/gcc/arm-none-eabi/13.3.1/thumb/v6-m/nofp/libgcc.a(_thumb1_case_uqi.o)
                              CMakeFiles/n7six.ApeX-k1.v7.6.5br1.dir/Drivers/PY32F071_HAL_Driver/Src/py32f071_ll_dma.c.obj (__gnu_thumb1_case_uqi)
/opt/toolchain/bin/../lib/gcc/arm-none-eabi/13.3.1/thumb/v6-m/nofp/libgcc.a(_thumb1_case_shi.o)
                              CMakeFiles/n7six.ApeX-k1.v7.6.5br1.dir/App/app/main.c.obj (__gnu_thumb1_case_shi)
/opt/toolchain/bin/../lib/gcc/arm-none-eabi/13.3.1/thumb/v6-m/nofp/libgcc.a(_thumb1_case_uhi.o)
                              CMakeFiles/n7six.ApeX-k1.v7.6.5br1.dir/App/app/main.c.obj (__gnu_thumb1_case_uhi)
/opt/toolchain/bin/../lib/gcc/arm-none-eabi/13.3.1/thumb/v6-m/nofp/libgcc.a(_udivsi3.o)
                              CMakeFiles/n7six.ApeX-k1.v7.6.5br1.dir/Drivers/PY32F071_HAL_Driver/Src/py32f071_ll_rcc.c.obj (__aeabi_uidiv)
/opt/toolchain/bin/../lib/gcc/arm-none-eabi/13.3.1/thumb/v6-m/nofp/libgcc.a(_divsi3.o)
                              CMakeFiles/n7six.ApeX-k1.v7.6.5br1.dir/Drivers/PY32F071_HAL_Driver/Src/py32f071_ll_i2c.c.obj (__aeabi_idiv)
/opt/toolchain/bin/../lib/gcc/arm-none-eabi/13.3.1/thumb/v6-m/nofp/libgcc.a(_dvmd_tls.o)
                              /opt/toolchain/bin/../lib/gcc/arm-none-eabi/13.3.1/thumb/v6-m/nofp/libgcc.a(_udivsi3.o) (__aeabi_idiv0)
/opt/toolchain/bin/../lib/gcc/arm-none-eabi/13.3.1/thumb/v6-m/nofp/libgcc.a(_clzsi2.o)
                              CMakeFiles/n7six.ApeX-k1.v7.6.5br1.dir/App/board.c.obj (__clzsi2)
/opt/toolchain/bin/../lib/gcc/arm-none-eabi/13.3.1/thumb/v6-m/nofp/libgcc.a(_muldi3.o)
                              CMakeFiles/n7six.ApeX-k1.v7.6.5br1.dir/App/app/spectrum.c.obj (__aeabi_lmul)
/opt/toolchain/bin/../lib/gcc/arm-none-eabi/13.3.1/thumb/v6-m/nofp/libgcc.a(_fixunssfsi.o)
                              CMakeFiles/n7six.ApeX-k1.v7.6.5br1.dir/App/app/spectrum.c.obj (__aeabi_f2uiz)
/opt/toolchain/bin/../lib/gcc/arm-none-eabi/13.3.1/thumb/v6-m/nofp/libgcc.a(addsf3.o)
                              CMakeFiles/n7six.ApeX-k1.v7.6.5br1.dir/App/app/spectrum.c.obj (__aeabi_fadd)
/opt/toolchain/bin/../lib/gcc/arm-none-eabi/13.3.1/thumb/v6-m/nofp/libgcc.a(mulsf3.o)
                              CMakeFiles/n7six.ApeX-k1.v7.6.5br1.dir/App/app/spectrum.c.obj (__aeabi_fmul)
/opt/toolchain/bin/../lib/gcc/arm-none-eabi/13.3.1/thumb/v6-m/nofp/libgcc.a(subsf3.o)
                              /opt/toolchain/bin/../lib/gcc/arm-none-eabi/13.3.1/thumb/v6-m/nofp/libgcc.a(_fixunssfsi.o) (__aeabi_fsub)
/opt/toolchain/bin/../lib/gcc/arm-none-eabi/13.3.1/thumb/v6-m/nofp/libgcc.a(fixsfsi.o)
                              /opt/toolchain/bin/../lib/gcc/arm-none-eabi/13.3.1/thumb/v6-m/nofp/libgcc.a(_fixunssfsi.o) (__aeabi_f2iz)
/opt/toolchain/bin/../lib/gcc/arm-none-eabi/13.3.1/thumb/v6-m/nofp/libgcc.a(floatsisf.o)
                              CMakeFiles/n7six.ApeX-k1.v7.6.5br1.dir/App/app/spectrum.c.obj (__aeabi_i2f)
/opt/toolchain/bin/../lib/gcc/arm-none-eabi/13.3.1/thumb/v6-m/nofp/libgcc.a(_arm_cmpsf2.o)
                              /opt/toolchain/bin/../lib/gcc/arm-none-eabi/13.3.1/thumb/v6-m/nofp/libgcc.a(_fixunssfsi.o) (__aeabi_fcmpge)
/opt/toolchain/bin/../lib/gcc/arm-none-eabi/13.3.1/thumb/v6-m/nofp/libgcc.a(eqsf2.o)
                              /opt/toolchain/bin/../lib/gcc/arm-none-eabi/13.3.1/thumb/v6-m/nofp/libgcc.a(_arm_cmpsf2.o) (__eqsf2)
/opt/toolchain/bin/../lib/gcc/arm-none-eabi/13.3.1/thumb/v6-m/nofp/libgcc.a(gesf2.o)
                              /opt/toolchain/bin/../lib/gcc/arm-none-eabi/13.3.1/thumb/v6-m/nofp/libgcc.a(_arm_cmpsf2.o) (__gesf2)
/opt/toolchain/bin/../lib/gcc/arm-none-eabi/13.3.1/thumb/v6-m/nofp/libgcc.a(lesf2.o)
                              /opt/toolchain/bin/../lib/gcc/arm-none-eabi/13.3.1/thumb/v6-m/nofp/libgcc.a(_arm_cmpsf2.o) (__lesf2)
/opt/toolchain/bin/../lib/gcc/arm-none-eabi/13.3.1/../../../../arm-none-eabi/lib/thumb/v6-m/nofp/libg_nano.a(libc_a-exit.o)
                              /opt/toolchain/bin/../lib/gcc/arm-none-eabi/13.3.1/../../../../arm-none-eabi/lib/thumb/v6-m/nofp/crt0.o (exit)
/opt/toolchain/bin/../lib/gcc/arm-none-eabi/13.3.1/../../../../arm-none-eabi/lib/thumb/v6-m/nofp/libg_nano.a(libc_a-init.o)
                              /opt/toolchain/bin/../lib/gcc/arm-none-eabi/13.3.1/../../../../arm-none-eabi/lib/thumb/v6-m/nofp/crt0.o (__libc_init_array)
/opt/toolchain/bin/../lib/gcc/arm-none-eabi/13.3.1/../../../../arm-none-eabi/lib/thumb/v6-m/nofp/libg_nano.a(libc_a-memmove.o)
                              CMakeFiles/n7six.ApeX-k1.v7.6.5br1.dir/App/app/dtmf.c.obj (memmove)
/opt/toolchain/bin/../lib/gcc/arm-none-eabi/13.3.1/../../../../arm-none-eabi/lib/thumb/v6-m/nofp/libg_nano.a(libc_a-memset.o)
[...]
Memory Configuration

Name             Origin             Length             Attributes
RAM              0x20000000         0x00004000         xrw
FLASH            0x08002800         0x0001d800         xr
*default*        0x00000000         0xffffffff

Linker script and memory map

LOAD /opt/toolchain/bin/../lib/gcc/arm-none-eabi/13.3.1/thumb/v6-m/nofp/crti.o
LOAD /opt/toolchain/bin/../lib/gcc/arm-none-eabi/13.3.1/thumb/v6-m/nofp/crtbegin.o
LOAD /opt/toolchain/bin/../lib/gcc/arm-none-eabi/13.3.1/../../../../arm-none-eabi/lib/thumb/v6-m/nofp/crt0.o
LOAD CMakeFiles/n7six.ApeX-k1.v7.6.5br1.dir/Core/Src/main.c.obj
LOAD CMakeFiles/n7six.ApeX-k1.v7.6.5br1.dir/Core/Src/py32f071_it.c.obj
LOAD CMakeFiles/n7six.ApeX-k1.v7.6.5br1.dir/Core/Src/system_py32f071.c.obj
LOAD CMakeFiles/n7six.ApeX-k1.v7.6.5br1.dir/Core/startup_py32f071xx.s.obj
LOAD CMakeFiles/n7six.ApeX-k1.v7.6.5br1.dir/Drivers/PY32F071_HAL_Driver/Src/py32f071_ll_rcc.c.obj
LOAD CMakeFiles/n7six.ApeX-k1.v7.6.5br1.dir/Drivers/PY32F071_HAL_Driver/Src/py32f071_ll_pwr.c.obj
LOAD CMakeFiles/n7six.ApeX-k1.v7.6.5br1.dir/Drivers/PY32F071_HAL_Driver/Src/py32f071_ll_dma.c.obj
LOAD CMakeFiles/n7six.ApeX-k1.v7.6.5br1.dir/Drivers/PY32F071_HAL_Driver/Src/py32f071_ll_gpio.c.obj
LOAD CMakeFiles/n7six.ApeX-k1.v7.6.5br1.dir/Drivers/PY32F071_HAL_Driver/Src/py32f071_ll_utils.c.obj
LOAD CMakeFiles/n7six.ApeX-k1.v7.6.5br1.dir/Drivers/PY32F071_HAL_Driver/Src/py32f071_ll_adc.c.obj
LOAD CMakeFiles/n7six.ApeX-k1.v7.6.5br1.dir/Drivers/PY32F071_HAL_Driver/Src/py32f071_ll_comp.c.obj
LOAD CMakeFiles/n7six.ApeX-k1.v7.6.5br1.dir/Drivers/PY32F071_HAL_Driver/Src/py32f071_ll_crc.c.obj
LOAD CMakeFiles/n7six.ApeX-k1.v7.6.5br1.dir/Drivers/PY32F071_HAL_Driver/Src/py32f071_ll_dac.c.obj
LOAD CMakeFiles/n7six.ApeX-k1.v7.6.5br1.dir/Drivers/PY32F071_HAL_Driver/Src/py32f071_ll_exti.c.obj
LOAD CMakeFiles/n7six.ApeX-k1.v7.6.5br1.dir/Drivers/PY32F071_HAL_Driver/Src/py32f071_ll_i2c.c.obj
LOAD CMakeFiles/n7six.ApeX-k1.v7.6.5br1.dir/Drivers/PY32F071_HAL_Driver/Src/py32f071_ll_rtc.c.obj
LOAD CMakeFiles/n7six.ApeX-k1.v7.6.5br1.dir/Drivers/PY32F071_HAL_Driver/Src/py32f071_ll_spi.c.obj
LOAD CMakeFiles/n7six.ApeX-k1.v7.6.5br1.dir/Drivers/PY32F071_HAL_Driver/Src/py32f071_ll_tim.c.obj
LOAD CMakeFiles/n7six.ApeX-k1.v7.6.5br1.dir/Drivers/PY32F071_HAL_Driver/Src/py32f071_ll_lptim.c.obj
LOAD CMakeFiles/n7six.ApeX-k1.v7.6.5br1.dir/Drivers/PY32F071_HAL_Driver/Src/py32f071_ll_usart.c.obj
LOAD CMakeFiles/n7six.ApeX-k1.v7.6.5br1.dir/App/driver/backlight.c.obj
LOAD CMakeFiles/n7six.ApeX-k1.v7.6.5br1.dir/App/driver/bk4829.c.obj
LOAD CMakeFiles/n7six.ApeX-k1.v7.6.5br1.dir/App/driver/py25q16.c.obj
LOAD CMakeFiles/n7six.ApeX-k1.v7.6.5br1.dir/App/driver/gpio.c.obj
LOAD CMakeFiles/n7six.ApeX-k1.v7.6.5br1.dir/App/driver/i2c.c.obj
LOAD CMakeFiles/n7six.ApeX-k1.v7.6.5br1.dir/App/driver/keyboard.c.obj
LOAD CMakeFiles/n7six.ApeX-k1.v7.6.5br1.dir/App/driver/st7565.c.obj
LOAD CMakeFiles/n7six.ApeX-k1.v7.6.5br1.dir/App/driver/system.c.obj
LOAD CMakeFiles/n7six.ApeX-k1.v7.6.5br1.dir/App/driver/systick.c.obj
LOAD CMakeFiles/n7six.ApeX-k1.v7.6.5br1.dir/App/app/action.c.obj
LOAD CMakeFiles/n7six.ApeX-k1.v7.6.5br1.dir/App/app/app.c.obj
LOAD CMakeFiles/n7six.ApeX-k1.v7.6.5br1.dir/App/app/chFrScanner.c.obj
LOAD CMakeFiles/n7six.ApeX-k1.v7.6.5br1.dir/App/app/common.c.obj
LOAD CMakeFiles/n7six.ApeX-k1.v7.6.5br1.dir/App/app/dtmf.c.obj
LOAD CMakeFiles/n7six.ApeX-k1.v7.6.5br1.dir/App/app/events.c.obj
LOAD CMakeFiles/n7six.ApeX-k1.v7.6.5br1.dir/App/app/events_handlers.c.obj
LOAD CMakeFiles/n7six.ApeX-k1.v7.6.5br1.dir/App/app/generic.c.obj
LOAD CMakeFiles/n7six.ApeX-k1.v7.6.5br1.dir/App/app/main.c.obj
LOAD CMakeFiles/n7six.ApeX-k1.v7.6.5br1.dir/App/app/menu.c.obj
LOAD CMakeFiles/n7six.ApeX-k1.v7.6.5br1.dir/App/app/scanner.c.obj
LOAD CMakeFiles/n7six.ApeX-k1.v7.6.5br1.dir/App/audio.c.obj
LOAD CMakeFiles/n7six.ApeX-k1.v7.6.5br1.dir/App/bitmaps.c.obj
LOAD CMakeFiles/n7six.ApeX-k1.v7.6.5br1.dir/App/board.c.obj
LOAD CMakeFiles/n7six.ApeX-k1.v7.6.5br1.dir/App/dcs.c.obj
LOAD CMakeFiles/n7six.ApeX-k1.v7.6.5br1.dir/App/font.c.obj
LOAD CMakeFiles/n7six.ApeX-k1.v7.6.5br1.dir/App/frequencies.c.obj
LOAD CMakeFiles/n7six.ApeX-k1.v7.6.5br1.dir/App/functions.c.obj
LOAD CMakeFiles/n7six.ApeX-k1.v7.6.5br1.dir/App/helper/battery.c.obj
LOAD CMakeFiles/n7six.ApeX-k1.v7.6.5br1.dir/App/helper/boot.c.obj
LOAD CMakeFiles/n7six.ApeX-k1.v7.6.5br1.dir/App/misc.c.obj
LOAD CMakeFiles/n7six.ApeX-k1.v7.6.5br1.dir/App/radio.c.obj
LOAD CMakeFiles/n7six.ApeX-k1.v7.6.5br1.dir/App/scheduler.c.obj
LOAD CMakeFiles/n7six.ApeX-k1.v7.6.5br1.dir/App/settings.c.obj
LOAD CMakeFiles/n7six.ApeX-k1.v7.6.5br1.dir/App/ui/battery.c.obj
LOAD CMakeFiles/n7six.ApeX-k1.v7.6.5br1.dir/App/ui/helper.c.obj
LOAD CMakeFiles/n7six.ApeX-k1.v7.6.5br1.dir/App/ui/inputbox.c.obj
LOAD CMakeFiles/n7six.ApeX-k1.v7.6.5br1.dir/App/ui/main.c.obj
LOAD CMakeFiles/n7six.ApeX-k1.v7.6.5br1.dir/App/ui/menu.c.obj
LOAD CMakeFiles/n7six.ApeX-k1.v7.6.5br1.dir/App/ui/scanner.c.obj
LOAD CMakeFiles/n7six.ApeX-k1.v7.6.5br1.dir/App/ui/status.c.obj
LOAD CMakeFiles/n7six.ApeX-k1.v7.6.5br1.dir/App/ui/ui.c.obj
LOAD CMakeFiles/n7six.ApeX-k1.v7.6.5br1.dir/App/ui/welcome.c.obj
LOAD CMakeFiles/n7six.ApeX-k1.v7.6.5br1.dir/App/version.c.obj
LOAD CMakeFiles/n7six.ApeX-k1.v7.6.5br1.dir/App/main.c.obj
LOAD CMakeFiles/n7six.ApeX-k1.v7.6.5br1.dir/App/external/printf/printf.c.obj
LOAD CMakeFiles/n7six.ApeX-k1.v7.6.5br1.dir/App/driver/crc.c.obj
LOAD CMakeFiles/n7six.ApeX-k1.v7.6.5br1.dir/App/driver/eeprom_compat.c.obj
LOAD CMakeFiles/n7six.ApeX-k1.v7.6.5br1.dir/App/driver/uart.c.obj
LOAD CMakeFiles/n7six.ApeX-k1.v7.6.5br1.dir/App/app/uart.c.obj
LOAD CMakeFiles/n7six.ApeX-k1.v7.6.5br1.dir/App/driver/vcp.c.obj
LOAD CMakeFiles/n7six.ApeX-k1.v7.6.5br1.dir/App/usb/usbd_cdc_if.c.obj
LOAD CMakeFiles/n7six.ApeX-k1.v7.6.5br1.dir/App/driver/bk1080.c.obj
LOAD CMakeFiles/n7six.ApeX-k1.v7.6.5br1.dir/App/app/fm.c.obj
LOAD CMakeFiles/n7six.ApeX-k1.v7.6.5br1.dir/App/ui/fmradio.c.obj
LOAD CMakeFiles/n7six.ApeX-k1.v7.6.5br1.dir/App/app/aircopy.c.obj
LOAD CMakeFiles/n7six.ApeX-k1.v7.6.5br1.dir/App/ui/aircopy.c.obj
LOAD CMakeFiles/n7six.ApeX-k1.v7.6.5br1.dir/App/app/flashlight.c.obj
LOAD CMakeFiles/n7six.ApeX-k1.v7.6.5br1.dir/App/app/spectrum.c.obj
LOAD CMakeFiles/n7six.ApeX-k1.v7.6.5br1.dir/App/app/breakout.c.obj
LOAD CMakeFiles/n7six.ApeX-k1.v7.6.5br1.dir/App/screenshot.c.obj
LOAD CMakeFiles/n7six.ApeX-k1.v7.6.5br1.dir/Middlewares/CherryUSB/core/usbd_core.c.obj
LOAD CMakeFiles/n7six.ApeX-k1.v7.6.5br1.dir/Middlewares/CherryUSB/port/usb_dc_py32.c.obj
LOAD CMakeFiles/n7six.ApeX-k1.v7.6.5br1.dir/Middlewares/CherryUSB/class/cdc/usbd_cdc.c.obj
LOAD /opt/toolchain/bin/../lib/gcc/arm-none-eabi/13.3.1/../../../../arm-none-eabi/lib/thumb/v6-m/nofp/libm.a
START GROUP
LOAD /opt/toolchain/bin/../lib/gcc/arm-none-eabi/13.3.1/thumb/v6-m/nofp/libgcc.a
LOAD /opt/toolchain/bin/../lib/gcc/arm-none-eabi/13.3.1/../../../../arm-none-eabi/lib/thumb/v6-m/nofp/libg_nano.a
LOAD /opt/toolchain/bin/../lib/gcc/arm-none-eabi/13.3.1/../../../../arm-none-eabi/lib/thumb/v6-m/nofp/libc_nano.a
END GROUP
START GROUP
LOAD /opt/toolchain/bin/../lib/gcc/arm-none-eabi/13.3.1/thumb/v6-m/nofp/libgcc.a
LOAD /opt/toolchain/bin/../lib/gcc/arm-none-eabi/13.3.1/../../../../arm-none-eabi/lib/thumb/v6-m/nofp/libc_nano.a
END GROUP
LOAD /opt/toolchain/bin/../lib/gcc/arm-none-eabi/13.3.1/thumb/v6-m/nofp/crtend.o
LOAD /opt/toolchain/bin/../lib/gcc/arm-none-eabi/13.3.1/thumb/v6-m/nofp/crtn.o
                0x20004000                        _estack = (ORIGIN (RAM) + LENGTH (RAM))
                0x00000200                        _Min_Heap_Size = 0x200
                0x00000400                        _Min_Stack_Size = 0x400

.isr_vector     0x08002800       0xc0
                0x08002800                        . = ALIGN (0x4)
 *(.isr_vector)
 .isr_vector    0x08002800       0xc0 CMakeFiles/n7six.ApeX-k1.v7.6.5br1.dir/Core/startup_py32f071xx.s.obj
                0x08002800                g_pfnVectors
                0x080028c0                        . = ALIGN (0x4)

.text           0x080028c0    0x136bc
                0x080028c0                        . = ALIGN (0x4)
 *(.text)
 .text          0x080028c0       0x14 /opt/toolchain/bin/../lib/gcc/arm-none-eabi/13.3.1/thumb/v6-m/nofp/libgcc.a(_thumb1_case_sqi.o)
                0x080028c0                __gnu_thumb1_case_sqi
 .text          0x080028d4       0x14 /opt/toolchain/bin/../lib/gcc/arm-none-eabi/13.3.1/thumb/v6-m/nofp/libgcc.a(_thumb1_case_uqi.o)
                0x080028d4                __gnu_thumb1_case_uqi
 .text          0x080028e8       0x14 /opt/toolchain/bin/../lib/gcc/arm-none-eabi/13.3.1/thumb/v6-m/nofp/libgcc.a(_thumb1_case_shi.o)
                0x080028e8                __gnu_thumb1_case_shi
 .text          0x080028fc       0x14 /opt/toolchain/bin/../lib/gcc/arm-none-eabi/13.3.1/thumb/v6-m/nofp/libgcc.a(_thumb1_case_uhi.o)
                0x080028fc                __gnu_thumb1_case_uhi
 .text          0x08002910      0x114 /opt/toolchain/bin/../lib/gcc/arm-none-eabi/13.3.1/thumb/v6-m/nofp/libgcc.a(_udivsi3.o)
                0x08002910                __udivsi3
                0x08002910                __aeabi_uidiv
                0x08002a1c                __aeabi_uidivmod
 .text          0x08002a24      0x1d4 /opt/toolchain/bin/../lib/gcc/arm-none-eabi/13.3.1/thumb/v6-m/nofp/libgcc.a(_divsi3.o)
                0x08002a24                __aeabi_idiv
                0x08002a24                __divsi3
                0x08002bf0                __aeabi_idivmod
 .text          0x08002bf8        0x4 /opt/toolchain/bin/../lib/gcc/arm-none-eabi/13.3.1/thumb/v6-m/nofp/libgcc.a(_dvmd_tls.o)
                0x08002bf8                __aeabi_ldiv0
                0x08002bf8                __aeabi_idiv0
 .text          0x08002bfc       0x3c /opt/toolchain/bin/../lib/gcc/arm-none-eabi/13.3.1/thumb/v6-m/nofp/libgcc.a(_clzsi2.o)
                0x08002bfc                __clzsi2
 .text          0x08002c38       0x74 /opt/toolchain/bin/../lib/gcc/arm-none-eabi/13.3.1/thumb/v6-m/nofp/libgcc.a(_arm_cmpsf2.o)
                0x08002c38                __aeabi_cfrcmple
                0x08002c40                __aeabi_cfcmple
                0x08002c40                __aeabi_cfcmpeq
                0x08002c50                __aeabi_fcmpeq
                0x08002c5c                __aeabi_fcmplt
                0x08002c70                __aeabi_fcmple
                0x08002c84                __aeabi_fcmpgt
                0x08002c98                __aeabi_fcmpge
 .text          0x08002cac        0xe /opt/toolchain/bin/../lib/gcc/arm-none-eabi/13.3.1/../../../../arm-none-eabi/lib/thumb/v6-m/nofp/libg_nano.a(libc_a-strlen.o)
                0x08002cac                strlen
 *(.text*)
 *fill*         0x08002cba        0x2 
 .text.deregister_tm_clones
                0x08002cbc       0x20 /opt/toolchain/bin/../lib/gcc/arm-none-eabi/13.3.1/thumb/v6-m/nofp/crtbegin.o
 .text.register_tm_clones
                0x08002cdc       0x28 /opt/toolchain/bin/../lib/gcc/arm-none-eabi/13.3.1/thumb/v6-m/nofp/crtbegin.o
 .text.__do_global_dtors_aux
                0x08002d04       0x2c /opt/toolchain/bin/../lib/gcc/arm-none-eabi/13.3.1/thumb/v6-m/nofp/crtbegin.o
 .text.frame_dummy
                0x08002d30       0x24 /opt/toolchain/bin/../lib/gcc/arm-none-eabi/13.3.1/thumb/v6-m/nofp/crtbegin.o
 .text.startup.main
                0x08002d54       0x3c CMakeFiles/n7six.ApeX-k1.v7.6.5br1.dir/Core/Src/main.c.obj
                0x08002d54                main
 .text.NMI_Handler
                0x08002d90        0x2 CMakeFiles/n7six.ApeX-k1.v7.6.5br1.dir/Core/Src/py32f071_it.c.obj
                0x08002d90                NMI_Handler
 .text.HardFault_Handler
                0x08002d92        0x2 CMakeFiles/n7six.ApeX-k1.v7.6.5br1.dir/Core/Src/py32f071_it.c.obj
                0x08002d92                HardFault_Handler
 .text.SVC_Handler
                0x08002d94        0x2 CMakeFiles/n7six.ApeX-k1.v7.6.5br1.dir/Core/Src/py32f071_it.c.obj
                0x08002d94                SVC_Handler
 .text.PendSV_Handler
                0x08002d96        0x2 CMakeFiles/n7six.ApeX-k1.v7.6.5br1.dir/Core/Src/py32f071_it.c.obj
                0x08002d96                PendSV_Handler
 .text.SystemInit
                0x08002d98       0x10 CMakeFiles/n7six.ApeX-k1.v7.6.5br1.dir/Core/Src/system_py32f071.c.obj
                0x08002d98                SystemInit
 .text.Reset_Handler
                0x08002da8       0x50 CMakeFiles/n7six.ApeX-k1.v7.6.5br1.dir/Core/startup_py32f071xx.s.obj
                0x08002da8                Reset_Handler
 .text.Default_Handler
                0x08002df8        0x2 CMakeFiles/n7six.ApeX-k1.v7.6.5br1.dir/Core/startup_py32f071xx.s.obj
                0x08002df8                TIM1_CC_IRQHandler
                0x08002df8                PVD_IRQHandler
                0x08002df8                I2C1_IRQHandler
                0x08002df8                SPI1_IRQHandler
                0x08002df8                EXTI2_3_IRQHandler
                0x08002df8                I2C2_IRQHandler
                0x08002df8                TIM17_IRQHandler
                0x08002df8                USART3_IRQHandler
                0x08002df8                RTC_IRQHandler
                0x08002df8                LCD_IRQHandler
                0x08002df8                TIM16_IRQHandler
                0x08002df8                TIM3_IRQHandler
                0x08002df8                EXTI4_15_IRQHandler
                0x08002df8                RCC_IRQHandler
                0x08002df8                DMA1_Channel1_IRQHandler
                0x08002df8                Default_Handler
                0x08002df8                TIM14_IRQHandler
                0x08002df8                TIM7_IRQHandler
                0x08002df8                TIM15_IRQHandler
                0x08002df8                EXTI0_1_IRQHandler
                0x08002df8                SPI2_IRQHandler
                0x08002df8                WWDG_IRQHandler
                0x08002df8                TIM2_IRQHandler
                0x08002df8                DMA1_Channel2_3_IRQHandler
                0x08002df8                ADC_COMP_IRQHandler
                0x08002df8                USART2_IRQHandler
                0x08002df8                TIM6_LPTIM1_DAC_IRQHandler
                0x08002df8                FLASH_IRQHandler
                0x08002df8                USART1_IRQHandler
                0x08002df8                TIM1_BRK_UP_TRG_COM_IRQHandler
 *fill*         0x08002dfa        0x2 
 .text.RCC_GetHCLKClockFreq
                0x08002dfc       0x20 CMakeFiles/n7six.ApeX-k1.v7.6.5br1.dir/Drivers/PY32F071_HAL_Driver/Src/py32f071_ll_rcc.c.obj
                0x08002dfc                RCC_GetHCLKClockFreq
 .text.RCC_GetPCLK1ClockFreq
                0x08002e1c       0x20 CMakeFiles/n7six.ApeX-k1.v7.6.5br1.dir/Drivers/PY32F071_HAL_Driver/Src/py32f071_ll_rcc.c.obj
                0x08002e1c                RCC_GetPCLK1ClockFreq
 .text.RCC_PLL_GetFreqDomain_SYS
                0x08002e3c       0x38 CMakeFiles/n7six.ApeX-k1.v7.6.5br1.dir/Drivers/PY32F071_HAL_Driver/Src/py32f071_ll_rcc.c.obj
                0x08002e3c                RCC_PLL_GetFreqDomain_SYS
 .text.RCC_GetSystemClockFreq
                0x08002e74       0x50 CMakeFiles/n7six.ApeX-k1.v7.6.5br1.dir/Drivers/PY32F071_HAL_Driver/Src/py32f071_ll_rcc.c.obj
                0x08002e74                RCC_GetSystemClockFreq
 .text.LL_RCC_GetSystemClocksFreq
                0x08002ec4       0x18 CMakeFiles/n7six.ApeX-k1.v7.6.5br1.dir/Drivers/PY32F071_HAL_Driver/Src/py32f071_ll_rcc.c.obj
                0x08002ec4                LL_RCC_GetSystemClocksFreq
 .text.LL_DMA_Init
                0x08002edc       0x4c CMakeFiles/n7six.ApeX-k1.v7.6.5br1.dir/Drivers/PY32F071_HAL_Driver/Src/py32f071_ll_dma.c.obj
                0x08002edc                LL_DMA_Init
 .text.LL_DMA_StructInit
                0x08002f28       0x18 CMakeFiles/n7six.ApeX-k1.v7.6.5br1.dir/Drivers/PY32F071_HAL_Driver/Src/py32f071_ll_dma.c.obj
                0x08002f28                LL_DMA_StructInit
 .text.LL_GPIO_Init
                0x08002f40       0xa4 CMakeFiles/n7six.ApeX-k1.v7.6.5br1.dir/Drivers/PY32F071_HAL_Driver/Src/py32f071_ll_gpio.c.obj
                0x08002f40                LL_GPIO_Init
 .text.LL_GPIO_StructInit
                0x08002fe4       0x18 CMakeFiles/n7six.ApeX-k1.v7.6.5br1.dir/Drivers/PY32F071_HAL_Driver/Src/py32f071_ll_gpio.c.obj
                0x08002fe4                LL_GPIO_StructInit
 .text.LL_SetSystemCoreClock
                0x08002ffc        0xc CMakeFiles/n7six.ApeX-k1.v7.6.5br1.dir/Drivers/PY32F071_HAL_Driver/Src/py32f071_ll_utils.c.obj
                0x08002ffc                LL_SetSystemCoreClock
 .text.LL_SPI_Init
                0x08003008       0x68 CMakeFiles/n7six.ApeX-k1.v7.6.5br1.dir/Drivers/PY32F071_HAL_Driver/Src/py32f071_ll_spi.c.obj
                0x08003008                LL_SPI_Init
 .text.LL_SPI_StructInit
                0x08003070       0x1a CMakeFiles/n7six.ApeX-k1.v7.6.5br1.dir/Drivers/PY32F071_HAL_Driver/Src/py32f071_ll_spi.c.obj
                0x08003070                LL_SPI_StructInit
 *fill*         0x0800308a        0x2 
 .text.LL_USART_Init
                0x0800308c       0xe4 CMakeFiles/n7six.ApeX-k1.v7.6.5br1.dir/Drivers/PY32F071_HAL_Driver/Src/py32f071_ll_usart.c.obj
                0x0800308c                LL_USART_Init
 .text.LL_USART_StructInit
                0x08003170       0x18 CMakeFiles/n7six.ApeX-k1.v7.6.5br1.dir/Drivers/PY32F071_HAL_Driver/Src/py32f071_ll_usart.c.obj
                0x08003170                LL_USART_StructInit
 .text.BACKLIGHT_Sound
                0x08003188       0x28 CMakeFiles/n7six.ApeX-k1.v7.6.5br1.dir/App/driver/backlight.c.obj
 .text.BACKLIGHT_InitHardware
                0x080031b0       0xc4 CMakeFiles/n7six.ApeX-k1.v7.6.5br1.dir/App/driver/backlight.c.obj
                0x080031b0                BACKLIGHT_InitHardware
 .text.BACKLIGHT_IsOn
                0x08003274        0xc CMakeFiles/n7six.ApeX-k1.v7.6.5br1.dir/App/driver/backlight.c.obj
                0x08003274                BACKLIGHT_IsOn
 .text.BACKLIGHT_SetBrightness
                0x08003280       0xbc CMakeFiles/n7six.ApeX-k1.v7.6.5br1.dir/App/driver/backlight.c.obj
                0x08003280                BACKLIGHT_SetBrightness
 .text.BACKLIGHT_TurnOff
                0x0800333c       0x24 CMakeFiles/n7six.ApeX-k1.v7.6.5br1.dir/App/driver/backlight.c.obj
                0x0800333c                BACKLIGHT_TurnOff
 .text.BACKLIGHT_TurnOn
                0x08003360       0x8c CMakeFiles/n7six.ApeX-k1.v7.6.5br1.dir/App/driver/backlight.c.obj
                0x08003360                BACKLIGHT_TurnOn
 .text.BK4819_WriteU8
                0x080033ec       0x54 CMakeFiles/n7six.ApeX-k1.v7.6.5br1.dir/App/driver/bk4829.c.obj
                0x080033ec                BK4819_WriteU8
 .text.BK4819_ReadRegister
                0x08003440       0x98 CMakeFiles/n7six.ApeX-k1.v7.6.5br1.dir/App/driver/bk4829.c.obj
                0x08003440                BK4819_ReadRegister
 .text.BK4819_WriteU16
                0x080034d8       0x54 CMakeFiles/n7six.ApeX-k1.v7.6.5br1.dir/App/driver/bk4829.c.obj
                0x080034d8                BK4819_WriteU16
 .text.BK4819_WriteRegister
                0x0800352c       0x4c CMakeFiles/n7six.ApeX-k1.v7.6.5br1.dir/App/driver/bk4829.c.obj
                0x0800352c                BK4819_WriteRegister
 .text.BK4819_Init
                0x08003578      0x1d0 CMakeFiles/n7six.ApeX-k1.v7.6.5br1.dir/App/driver/bk4829.c.obj
                0x08003578                BK4819_Init
 .text.BK4819_SetAGC
                0x08003748       0x30 CMakeFiles/n7six.ApeX-k1.v7.6.5br1.dir/App/driver/bk4829.c.obj
                0x08003748                BK4819_SetAGC
 .text.BK4819_InitAGC
                0x08003778       0x64 CMakeFiles/n7six.ApeX-k1.v7.6.5br1.dir/App/driver/bk4829.c.obj
                0x08003778                BK4819_InitAGC
 .text.BK4819_ToggleGpioOut
                0x080037dc       0x2c CMakeFiles/n7six.ApeX-k1.v7.6.5br1.dir/App/driver/bk4829.c.obj
                0x080037dc                BK4819_ToggleGpioOut
 .text.BK4819_SetCDCSSCodeWord
                0x08003808       0x38 CMakeFiles/n7six.ApeX-k1.v7.6.5br1.dir/App/driver/bk4829.c.obj
                0x08003808                BK4819_SetCDCSSCodeWord
 .text.BK4819_SetCTCSSFrequency
                0x08003840       0x48 CMakeFiles/n7six.ApeX-k1.v7.6.5br1.dir/App/driver/bk4829.c.obj
                0x08003840                BK4819_SetCTCSSFrequency
 .text.BK4819_SetTailDetection
                0x08003888       0x24 CMakeFiles/n7six.ApeX-k1.v7.6.5br1.dir/App/driver/bk4829.c.obj
                0x08003888                BK4819_SetTailDetection
 .text.BK4819_EnableVox
                0x080038ac       0x48 CMakeFiles/n7six.ApeX-k1.v7.6.5br1.dir/App/driver/bk4829.c.obj
                0x080038ac                BK4819_EnableVox
 .text.BK4819_SetFilterBandwidth
                0x080038f4       0x1c CMakeFiles/n7six.ApeX-k1.v7.6.5br1.dir/App/driver/bk4829.c.obj
                0x080038f4                BK4819_SetFilterBandwidth
 .text.BK4819_SetupPowerAmplifier
                0x08003910       0x20 CMakeFiles/n7six.ApeX-k1.v7.6.5br1.dir/App/driver/bk4829.c.obj
                0x08003910                BK4819_SetupPowerAmplifier
 .text.BK4819_SetFrequency
                0x08003930       0x16 CMakeFiles/n7six.ApeX-k1.v7.6.5br1.dir/App/driver/bk4829.c.obj
                0x08003930                BK4819_SetFrequency
 *fill*         0x08003946        0x2 
 .text.BK4819_SetAF
                0x08003948       0x14 CMakeFiles/n7six.ApeX-k1.v7.6.5br1.dir/App/driver/bk4829.c.obj
                0x08003948                BK4819_SetAF
 .text.BK4819_SetRegValue
                0x0800395c       0x2e CMakeFiles/n7six.ApeX-k1.v7.6.5br1.dir/App/driver/bk4829.c.obj
                0x0800395c                BK4819_SetRegValue
 *fill*         0x0800398a        0x2 
 .text.BK4819_RX_TurnOn
                0x0800398c       0x24 CMakeFiles/n7six.ApeX-k1.v7.6.5br1.dir/App/driver/bk4829.c.obj
                0x0800398c                BK4819_RX_TurnOn
 .text.BK4819_SetupSquelch
                0x080039b0       0x56 CMakeFiles/n7six.ApeX-k1.v7.6.5br1.dir/App/driver/bk4829.c.obj
                0x080039b0                BK4819_SetupSquelch
 *fill*         0x08003a06        0x2 
 .text.BK4819_PickRXFilterPathBasedOnFrequency
                0x08003a08       0x30 CMakeFiles/n7six.ApeX-k1.v7.6.5br1.dir/App/driver/bk4829.c.obj
                0x08003a08                BK4819_PickRXFilterPathBasedOnFrequency
 .text.BK4819_DisableScramble
                0x08003a38       0x1e CMakeFiles/n7six.ApeX-k1.v7.6.5br1.dir/App/driver/bk4829.c.obj
                0x08003a38                BK4819_DisableScramble
 *fill*         0x08003a56        0x2 
 .text.BK4819_SetCompander
                0x08003a58       0x54 CMakeFiles/n7six.ApeX-k1.v7.6.5br1.dir/App/driver/bk4829.c.obj
                0x08003a58                BK4819_SetCompander
 .text.BK4819_DisableVox
                0x08003aac       0x16 CMakeFiles/n7six.ApeX-k1.v7.6.5br1.dir/App/driver/bk4829.c.obj
                0x08003aac                BK4819_DisableVox
 .text.BK4819_DisableDTMF
                0x08003ac2        0xc CMakeFiles/n7six.ApeX-k1.v7.6.5br1.dir/App/driver/bk4829.c.obj
                0x08003ac2                BK4819_DisableDTMF
 *fill*         0x08003ace        0x2 
 .text.BK4819_EnableDTMF
                0x08003ad0       0x1c CMakeFiles/n7six.ApeX-k1.v7.6.5br1.dir/App/driver/bk4829.c.obj
                0x08003ad0                BK4819_EnableDTMF
 .text.BK4819_EnterTxMute
                0x08003aec       0x10 CMakeFiles/n7six.ApeX-k1.v7.6.5br1.dir/App/driver/bk4829.c.obj
                0x08003aec                BK4819_EnterTxMute
 .text.BK4819_PlayTone
                0x08003afc       0x58 CMakeFiles/n7six.ApeX-k1.v7.6.5br1.dir/App/driver/bk4829.c.obj
                0x08003afc                BK4819_PlayTone
 .text.BK4819_ExitTxMute
                0x08003b54       0x10 CMakeFiles/n7six.ApeX-k1.v7.6.5br1.dir/App/driver/bk4829.c.obj
                0x08003b54                BK4819_ExitTxMute
 .text.BK4819_Sleep
                0x08003b64       0x16 CMakeFiles/n7six.ApeX-k1.v7.6.5br1.dir/App/driver/bk4829.c.obj
                0x08003b64                BK4819_Sleep
 *fill*         0x08003b7a        0x2 
 .text.BK4819_TurnsOffTones_TurnsOnRX
                0x08003b7c       0x2c CMakeFiles/n7six.ApeX-k1.v7.6.5br1.dir/App/driver/bk4829.c.obj
                0x08003b7c                BK4819_TurnsOffTones_TurnsOnRX
 .text.BK4819_SetupAircopy
                0x08003ba8       0x44 CMakeFiles/n7six.ApeX-k1.v7.6.5br1.dir/App/driver/bk4829.c.obj
                0x08003ba8                BK4819_SetupAircopy
 .text.BK4819_Idle
                0x08003bec        0xc CMakeFiles/n7six.ApeX-k1.v7.6.5br1.dir/App/driver/bk4829.c.obj
                0x08003bec                BK4819_Idle
 .text.BK4819_ResetFSK
                0x08003bf8       0x1e CMakeFiles/n7six.ApeX-k1.v7.6.5br1.dir/App/driver/bk4829.c.obj
                0x08003bf8                BK4819_ResetFSK
 .text.BK4819_ExitBypass
                0x08003c16       0x20 CMakeFiles/n7six.ApeX-k1.v7.6.5br1.dir/App/driver/bk4829.c.obj
                0x08003c16                BK4819_ExitBypass
 *fill*         0x08003c36        0x2 
 .text.BK4819_TxOn_Beep
                0x08003c38       0x38 CMakeFiles/n7six.ApeX-k1.v7.6.5br1.dir/App/driver/bk4829.c.obj
                0x08003c38                BK4819_TxOn_Beep
 .text.BK4819_PrepareTransmit
                0x08003c70       0x10 CMakeFiles/n7six.ApeX-k1.v7.6.5br1.dir/App/driver/bk4829.c.obj
                0x08003c70                BK4819_PrepareTransmit
 .text.BK4819_ExitSubAu
                0x08003c80        0xc CMakeFiles/n7six.ApeX-k1.v7.6.5br1.dir/App/driver/bk4829.c.obj
                0x08003c80                BK4819_ExitSubAu
 .text.BK4819_Conditional_RX_TurnOn_and_GPIO6_Enable
                0x08003c8c       0x1c CMakeFiles/n7six.ApeX-k1.v7.6.5br1.dir/App/driver/bk4829.c.obj
                0x08003c8c                BK4819_Conditional_RX_TurnOn_and_GPIO6_Enable
 .text.BK4819_ExitDTMF_TX
                0x08003ca8       0x30 CMakeFiles/n7six.ApeX-k1.v7.6.5br1.dir/App/driver/bk4829.c.obj
                0x08003ca8                BK4819_ExitDTMF_TX
 .text.BK4819_EnableTXLink
                0x08003cd8       0x10 CMakeFiles/n7six.ApeX-k1.v7.6.5br1.dir/App/driver/bk4829.c.obj
                0x08003cd8                BK4819_EnableTXLink
 .text.BK4819_PlaySingleTone
                0x08003ce8       0x94 CMakeFiles/n7six.ApeX-k1.v7.6.5br1.dir/App/driver/bk4829.c.obj
                0x08003ce8                BK4819_PlaySingleTone
 .text.BK4819_EnterDTMF_TX
                0x08003d7c       0x2c CMakeFiles/n7six.ApeX-k1.v7.6.5br1.dir/App/driver/bk4829.c.obj
                0x08003d7c                BK4819_EnterDTMF_TX
 .text.BK4819_PlayDTMF
                0x08003da8       0x7c CMakeFiles/n7six.ApeX-k1.v7.6.5br1.dir/App/driver/bk4829.c.obj
                0x08003da8                BK4819_PlayDTMF
 .text.BK4819_PlayDTMFString
                0x08003e24       0x5a CMakeFiles/n7six.ApeX-k1.v7.6.5br1.dir/App/driver/bk4829.c.obj
                0x08003e24                BK4819_PlayDTMFString
 *fill*         0x08003e7e        0x2 
 .text.BK4819_TransmitTone
                0x08003e80       0x48 CMakeFiles/n7six.ApeX-k1.v7.6.5br1.dir/App/driver/bk4829.c.obj
                0x08003e80                BK4819_TransmitTone
 .text.BK4819_GenTail
                0x08003ec8       0x40 CMakeFiles/n7six.ApeX-k1.v7.6.5br1.dir/App/driver/bk4829.c.obj
                0x08003ec8                BK4819_GenTail
 .text.BK4819_PlayCDCSSTail
                0x08003f08       0x18 CMakeFiles/n7six.ApeX-k1.v7.6.5br1.dir/App/driver/bk4829.c.obj
                0x08003f08                BK4819_PlayCDCSSTail
 .text.BK4819_PlayCTCSSTail
                0x08003f20       0x18 CMakeFiles/n7six.ApeX-k1.v7.6.5br1.dir/App/driver/bk4829.c.obj
                0x08003f20                BK4819_PlayCTCSSTail
 .text.BK4819_GetRSSI
                0x08003f38        0xe CMakeFiles/n7six.ApeX-k1.v7.6.5br1.dir/App/driver/bk4829.c.obj
                0x08003f38                BK4819_GetRSSI
 .text.BK4819_GetRSSI_dBm
                0x08003f46        0xe CMakeFiles/n7six.ApeX-k1.v7.6.5br1.dir/App/driver/bk4829.c.obj
                0x08003f46                BK4819_GetRSSI_dBm
 .text.BK4819_GetVoiceAmplitudeOut
                0x08003f54        0xa CMakeFiles/n7six.ApeX-k1.v7.6.5br1.dir/App/driver/bk4829.c.obj
                0x08003f54                BK4819_GetVoiceAmplitudeOut
 .text.BK4819_GetAfTxRx
                0x08003f5e        0xe CMakeFiles/n7six.ApeX-k1.v7.6.5br1.dir/App/driver/bk4829.c.obj
                0x08003f5e                BK4819_GetAfTxRx
 .text.BK4819_GetFrequencyScanResult
                0x08003f6c       0x30 CMakeFiles/n7six.ApeX-k1.v7.6.5br1.dir/App/driver/bk4829.c.obj
                0x08003f6c                BK4819_GetFrequencyScanResult
 .text.BK4819_GetCxCSSScanResult
                0x08003f9c       0x58 CMakeFiles/n7six.ApeX-k1.v7.6.5br1.dir/App/driver/bk4829.c.obj
                0x08003f9c                BK4819_GetCxCSSScanResult
 .text.BK4819_DisableFrequencyScan
                0x08003ff4        0xe CMakeFiles/n7six.ApeX-k1.v7.6.5br1.dir/App/driver/bk4829.c.obj
                0x08003ff4                BK4819_DisableFrequencyScan
 *fill*         0x08004002        0x2 
 .text.BK4819_EnableFrequencyScan
                0x08004004       0x10 CMakeFiles/n7six.ApeX-k1.v7.6.5br1.dir/App/driver/bk4829.c.obj
                0x08004004                BK4819_EnableFrequencyScan
 .text.BK4819_SetScanFrequency
                0x08004014       0x16 CMakeFiles/n7six.ApeX-k1.v7.6.5br1.dir/App/driver/bk4829.c.obj
                0x08004014                BK4819_SetScanFrequency
 .text.BK4819_Disable
                0x0800402a        0x8 CMakeFiles/n7six.ApeX-k1.v7.6.5br1.dir/App/driver/bk4829.c.obj
                0x0800402a                BK4819_Disable
 .text.BK4819_StopScan
                0x08004032        0xc CMakeFiles/n7six.ApeX-k1.v7.6.5br1.dir/App/driver/bk4829.c.obj
                0x08004032                BK4819_StopScan
 .text.BK4819_GetDTMF_5TONE_Code
                0x0800403e        0xe CMakeFiles/n7six.ApeX-k1.v7.6.5br1.dir/App/driver/bk4829.c.obj
                0x0800403e                BK4819_GetDTMF_5TONE_Code
 .text.BK4819_GetCDCSSCodeType
                0x0800404c        0xe CMakeFiles/n7six.ApeX-k1.v7.6.5br1.dir/App/driver/bk4829.c.obj
                0x0800404c                BK4819_GetCDCSSCodeType
 .text.BK4819_GetCTCType
                0x0800405a        0xe CMakeFiles/n7six.ApeX-k1.v7.6.5br1.dir/App/driver/bk4829.c.obj
                0x0800405a                BK4819_GetCTCType
 .text.BK4819_SendFSKData
                0x08004068       0x7c CMakeFiles/n7six.ApeX-k1.v7.6.5br1.dir/App/driver/bk4829.c.obj
                0x08004068                BK4819_SendFSKData
 .text.BK4819_PrepareFSKReceive
                0x080040e4       0x40 CMakeFiles/n7six.ApeX-k1.v7.6.5br1.dir/App/driver/bk4829.c.obj
                0x080040e4                BK4819_PrepareFSKReceive
 .text.BK4819_PlayRogerMDC
                0x08004124       0x78 CMakeFiles/n7six.ApeX-k1.v7.6.5br1.dir/App/driver/bk4829.c.obj
                0x08004124                BK4819_PlayRogerMDC
 .text.BK4819_PlayRoger
                0x0800419c       0x80 CMakeFiles/n7six.ApeX-k1.v7.6.5br1.dir/App/driver/bk4829.c.obj
                0x0800419c                BK4819_PlayRoger
 .text.BK4819_PlayDTMFEx
                0x0800421c       0x3c CMakeFiles/n7six.ApeX-k1.v7.6.5br1.dir/App/driver/bk4829.c.obj
                0x0800421c                BK4819_PlayDTMFEx
 .text.SPI_WriteByte
                0x08004258       0x20 CMakeFiles/n7six.ApeX-k1.v7.6.5br1.dir/App/driver/py25q16.c.obj
 .text.WriteAddr
                0x08004278       0x1c CMakeFiles/n7six.ApeX-k1.v7.6.5br1.dir/App/driver/py25q16.c.obj
 .text.WaitWIP  0x08004294       0x30 CMakeFiles/n7six.ApeX-k1.v7.6.5br1.dir/App/driver/py25q16.c.obj
 .text.SectorErase
                0x080042c4       0x2e CMakeFiles/n7six.ApeX-k1.v7.6.5br1.dir/App/driver/py25q16.c.obj
 *fill*         0x080042f2        0x2 
 .text.SectorProgram
                0x080042f4      0x12c CMakeFiles/n7six.ApeX-k1.v7.6.5br1.dir/App/driver/py25q16.c.obj
 .text.PY25Q16_Init
                0x08004420       0xf0 CMakeFiles/n7six.ApeX-k1.v7.6.5br1.dir/App/driver/py25q16.c.obj
                0x08004420                PY25Q16_Init
 .text.PY25Q16_ReadBuffer
                0x08004510       0xf4 CMakeFiles/n7six.ApeX-k1.v7.6.5br1.dir/App/driver/py25q16.c.obj
                0x08004510                PY25Q16_ReadBuffer
 .text.PY25Q16_WriteBuffer
                0x08004604       0xdc CMakeFiles/n7six.ApeX-k1.v7.6.5br1.dir/App/driver/py25q16.c.obj
                0x08004604                PY25Q16_WriteBuffer
 .text.PY25Q16_SectorErase
                0x080046e0       0x2c CMakeFiles/n7six.ApeX-k1.v7.6.5br1.dir/App/driver/py25q16.c.obj
                0x080046e0                PY25Q16_SectorErase
 .text.DMA1_Channel4_5_6_7_IRQHandler
                0x0800470c       0x64 CMakeFiles/n7six.ApeX-k1.v7.6.5br1.dir/App/driver/py25q16.c.obj
                0x0800470c                DMA1_Channel4_5_6_7_IRQHandler
 .text.I2C_Start
                0x08004770       0x30 CMakeFiles/n7six.ApeX-k1.v7.6.5br1.dir/App/driver/i2c.c.obj
                0x08004770                I2C_Start
 .text.I2C_Stop
                0x080047a0       0x30 CMakeFiles/n7six.ApeX-k1.v7.6.5br1.dir/App/driver/i2c.c.obj
                0x080047a0                I2C_Stop
 .text.I2C_Read
                0x080047d0       0x98 CMakeFiles/n7six.ApeX-k1.v7.6.5br1.dir/App/driver/i2c.c.obj
                0x080047d0                I2C_Read
 .text.I2C_Write
                0x08004868       0xa4 CMakeFiles/n7six.ApeX-k1.v7.6.5br1.dir/App/driver/i2c.c.obj
                0x08004868                I2C_Write
 .text.I2C_ReadBuffer
                0x0800490c       0x3e CMakeFiles/n7six.ApeX-k1.v7.6.5br1.dir/App/driver/i2c.c.obj
                0x0800490c                I2C_ReadBuffer
 .text.I2C_WriteBuffer
                0x0800494a       0x20 CMakeFiles/n7six.ApeX-k1.v7.6.5br1.dir/App/driver/i2c.c.obj
                0x0800494a                I2C_WriteBuffer
 *fill*         0x0800496a        0x2 
 .text.KEYBOARD_Poll
                0x0800496c       0x8c CMakeFiles/n7six.ApeX-k1.v7.6.5br1.dir/App/driver/keyboard.c.obj
                0x0800496c                KEYBOARD_Poll
 .text.SPI_WriteByte.isra.0
                0x080049f8       0x1c CMakeFiles/n7six.ApeX-k1.v7.6.5br1.dir/App/driver/st7565.c.obj
 .text.map      0x08004a14       0x1c CMakeFiles/n7six.ApeX-k1.v7.6.5br1.dir/App/driver/st7565.c.obj
                0x08004a14                map
 .text.ST7565_Gauge
                0x08004a30       0x50 CMakeFiles/n7six.ApeX-k1.v7.6.5br1.dir/App/driver/st7565.c.obj
                0x08004a30                ST7565_Gauge
 .text.ST7565_HardwareReset
                0x08004a80        0x2 CMakeFiles/n7six.ApeX-k1.v7.6.5br1.dir/App/driver/st7565.c.obj
                0x08004a80                ST7565_HardwareReset
 .text.ST7565_SelectColumnAndLine
                0x08004a82       0x28 CMakeFiles/n7six.ApeX-k1.v7.6.5br1.dir/App/driver/st7565.c.obj
                0x08004a82                ST7565_SelectColumnAndLine
 .text.DrawLine
                0x08004aaa       0x30 CMakeFiles/n7six.ApeX-k1.v7.6.5br1.dir/App/driver/st7565.c.obj
 *fill*         0x08004ada        0x2 
 .text.ST7565_DrawLine
                0x08004adc       0x18 CMakeFiles/n7six.ApeX-k1.v7.6.5br1.dir/App/driver/st7565.c.obj
                0x08004adc                ST7565_DrawLine
 .text.ST7565_WriteByte
                0x08004af4       0x10 CMakeFiles/n7six.ApeX-k1.v7.6.5br1.dir/App/driver/st7565.c.obj
                0x08004af4                ST7565_WriteByte
 .text.ST7565_BlitScreen
                0x08004b04       0x5c CMakeFiles/n7six.ApeX-k1.v7.6.5br1.dir/App/driver/st7565.c.obj
 .text.ST7565_BlitFullScreen
                0x08004b60        0xa CMakeFiles/n7six.ApeX-k1.v7.6.5br1.dir/App/driver/st7565.c.obj
                0x08004b60                ST7565_BlitFullScreen
 .text.ST7565_BlitLine
                0x08004b6a        0xc CMakeFiles/n7six.ApeX-k1.v7.6.5br1.dir/App/driver/st7565.c.obj
                0x08004b6a                ST7565_BlitLine
 .text.ST7565_BlitStatusLine
                0x08004b76        0xa CMakeFiles/n7six.ApeX-k1.v7.6.5br1.dir/App/driver/st7565.c.obj
                0x08004b76                ST7565_BlitStatusLine
 .text.ST7565_FillScreen
                0x08004b80       0x5c CMakeFiles/n7six.ApeX-k1.v7.6.5br1.dir/App/driver/st7565.c.obj
                0x08004b80                ST7565_FillScreen
 .text.ST7565_Cmd
                0x08004bdc       0x34 CMakeFiles/n7six.ApeX-k1.v7.6.5br1.dir/App/driver/st7565.c.obj
 .text.ST7565_FixInterfGlitch
                0x08004c10       0x24 CMakeFiles/n7six.ApeX-k1.v7.6.5br1.dir/App/driver/st7565.c.obj
                0x08004c10                ST7565_FixInterfGlitch
 .text.ST7565_ContrastAndInv
                0x08004c34       0x28 CMakeFiles/n7six.ApeX-k1.v7.6.5br1.dir/App/driver/st7565.c.obj
                0x08004c34                ST7565_ContrastAndInv
 .text.ST7565_Init
                0x08004c5c      0x10c CMakeFiles/n7six.ApeX-k1.v7.6.5br1.dir/App/driver/st7565.c.obj
                0x08004c5c                ST7565_Init
 .text.ST7565_ShutDown
                0x08004d68       0x24 CMakeFiles/n7six.ApeX-k1.v7.6.5br1.dir/App/driver/st7565.c.obj
                0x08004d68                ST7565_ShutDown
 .text.SYSTEM_DelayMs
                0x08004d8c        0xe CMakeFiles/n7six.ApeX-k1.v7.6.5br1.dir/App/driver/system.c.obj
                0x08004d8c                SYSTEM_DelayMs
 *fill*         0x08004d9a        0x2 
 .text.SYSTICK_Init
                0x08004d9c       0x40 CMakeFiles/n7six.ApeX-k1.v7.6.5br1.dir/App/driver/systick.c.obj
                0x08004d9c                SYSTICK_Init
 .text.SYSTICK_DelayUs
                0x08004ddc       0x34 CMakeFiles/n7six.ApeX-k1.v7.6.5br1.dir/App/driver/systick.c.obj
                0x08004ddc                SYSTICK_DelayUs
 .text.ACTION_Power
                0x08004e10       0x34 CMakeFiles/n7six.ApeX-k1.v7.6.5br1.dir/App/app/action.c.obj
                0x08004e10                ACTION_Power
 .text.ACTION_SwitchDemodul
                0x08004e44       0x24 CMakeFiles/n7six.ApeX-k1.v7.6.5br1.dir/App/app/action.c.obj
                0x08004e44                ACTION_SwitchDemodul
 .text.ACTION_Vox
                0x08004e68       0x28 CMakeFiles/n7six.ApeX-k1.v7.6.5br1.dir/App/app/action.c.obj
                0x08004e68                ACTION_Vox
 .text.ACTION_Ptt
                0x08004e90       0x10 CMakeFiles/n7six.ApeX-k1.v7.6.5br1.dir/App/app/action.c.obj
                0x08004e90                ACTION_Ptt
 .text.ACTION_Power_High
                0x08004ea0       0x1c CMakeFiles/n7six.ApeX-k1.v7.6.5br1.dir/App/app/action.c.obj
                0x08004ea0                ACTION_Power_High
 .text.ACTION_Remove_Offset
                0x08004ebc       0x1c CMakeFiles/n7six.ApeX-k1.v7.6.5br1.dir/App/app/action.c.obj
                0x08004ebc                ACTION_Remove_Offset
 .text.ACTION_BackLight
                0x08004ed8       0x28 CMakeFiles/n7six.ApeX-k1.v7.6.5br1.dir/App/app/action.c.obj
                0x08004ed8                ACTION_BackLight
 .text.ACTION_Mute
                0x08004f00       0x60 CMakeFiles/n7six.ApeX-k1.v7.6.5br1.dir/App/app/action.c.obj
                0x08004f00                ACTION_Mute
 .text.ACTION_Monitor
                0x08004f60       0x88 CMakeFiles/n7six.ApeX-k1.v7.6.5br1.dir/App/app/action.c.obj
                0x08004f60                ACTION_Monitor
 .text.ACTION_FM
                0x08004fe8       0x64 CMakeFiles/n7six.ApeX-k1.v7.6.5br1.dir/App/app/action.c.obj
                0x08004fe8                ACTION_FM
 .text.ACTION_Wn
                0x0800504c       0x5c CMakeFiles/n7six.ApeX-k1.v7.6.5br1.dir/App/app/action.c.obj
                0x0800504c                ACTION_Wn
 .text.ACTION_1750
                0x080050a8       0x48 CMakeFiles/n7six.ApeX-k1.v7.6.5br1.dir/App/app/action.c.obj
 .text.ACTION_Scan
                0x080050f0      0x148 CMakeFiles/n7six.ApeX-k1.v7.6.5br1.dir/App/app/action.c.obj
                0x080050f0                ACTION_Scan
 .text.ACTION_ScanRestart
                0x08005238        0xa CMakeFiles/n7six.ApeX-k1.v7.6.5br1.dir/App/app/action.c.obj
 *fill*         0x08005242        0x2 
 .text.ACTION_Handle
                0x08005244       0xd0 CMakeFiles/n7six.ApeX-k1.v7.6.5br1.dir/App/app/action.c.obj
                0x08005244                ACTION_Handle
 .text.ACTION_Update
                0x08005314       0x20 CMakeFiles/n7six.ApeX-k1.v7.6.5br1.dir/App/app/action.c.obj
                0x08005314                ACTION_Update
 .text.ACTION_RxMode
                0x08005334       0x34 CMakeFiles/n7six.ApeX-k1.v7.6.5br1.dir/App/app/action.c.obj
                0x08005334                ACTION_RxMode
 .text.ACTION_MainOnly
                0x08005368       0x40 CMakeFiles/n7six.ApeX-k1.v7.6.5br1.dir/App/app/action.c.obj
                0x08005368                ACTION_MainOnly
 .text.ACTION_BackLightOnDemand
                0x080053a8       0x4c CMakeFiles/n7six.ApeX-k1.v7.6.5br1.dir/App/app/action.c.obj
                0x080053a8                ACTION_BackLightOnDemand
 .text.DualwatchAlternate
                0x080053f4       0x58 CMakeFiles/n7six.ApeX-k1.v7.6.5br1.dir/App/app/app.c.obj
 .text.HandleReceive
                0x0800544c      0x1f4 CMakeFiles/n7six.ApeX-k1.v7.6.5br1.dir/App/app/app.c.obj
 .text.CheckForIncoming
                0x08005640       0x9c CMakeFiles/n7six.ApeX-k1.v7.6.5br1.dir/App/app/app.c.obj
 .text.HandlePowerSave
                0x080056dc       0x14 CMakeFiles/n7six.ApeX-k1.v7.6.5br1.dir/App/app/app.c.obj
 .text.APP_StartListening
                0x080056f0      0x11c CMakeFiles/n7six.ApeX-k1.v7.6.5br1.dir/App/app/app.c.obj
                0x080056f0                APP_StartListening
 .text.HandleIncoming
                0x0800580c       0xa4 CMakeFiles/n7six.ApeX-k1.v7.6.5br1.dir/App/app/app.c.obj
 .text.APP_SetFreqByStepAndLimits
                0x080058b0       0x2c CMakeFiles/n7six.ApeX-k1.v7.6.5br1.dir/App/app/app.c.obj
                0x080058b0                APP_SetFreqByStepAndLimits
 .text.APP_SetFrequencyByStep
                0x080058dc       0x1c CMakeFiles/n7six.ApeX-k1.v7.6.5br1.dir/App/app/app.c.obj
                0x080058dc                APP_SetFrequencyByStep
 .text.APP_EndTransmission
                0x080058f8       0x28 CMakeFiles/n7six.ApeX-k1.v7.6.5br1.dir/App/app/app.c.obj
                0x080058f8                APP_EndTransmission
 .text.cancelUserInputModes
                0x08005920       0x7c CMakeFiles/n7six.ApeX-k1.v7.6.5br1.dir/App/app/app.c.obj
                0x08005920                cancelUserInputModes
 .text.ProcessKey
                0x0800599c      0x678 CMakeFiles/n7six.ApeX-k1.v7.6.5br1.dir/App/app/app.c.obj
 .text.APP_Update
                0x08006014      0x508 CMakeFiles/n7six.ApeX-k1.v7.6.5br1.dir/App/app/app.c.obj
                0x08006014                APP_Update
 .text.APP_TimeSlice10ms
                0x0800651c      0x614 CMakeFiles/n7six.ApeX-k1.v7.6.5br1.dir/App/app/app.c.obj
                0x0800651c                APP_TimeSlice10ms
 .text.APP_TimeSlice500ms
                0x08006b30      0x478 CMakeFiles/n7six.ApeX-k1.v7.6.5br1.dir/App/app/app.c.obj
                0x08006b30                APP_TimeSlice500ms
 .text.NextMemChannel
                0x08006fa8      0x118 CMakeFiles/n7six.ApeX-k1.v7.6.5br1.dir/App/app/chFrScanner.c.obj
 .text.NextFreqChannel
                0x080070c0       0x60 CMakeFiles/n7six.ApeX-k1.v7.6.5br1.dir/App/app/chFrScanner.c.obj
 .text.CHFRSCANNER_Start
                0x08007120       0xb4 CMakeFiles/n7six.ApeX-k1.v7.6.5br1.dir/App/app/chFrScanner.c.obj
                0x08007120                CHFRSCANNER_Start
 .text.CHFRSCANNER_ContinueScanning
                0x080071d4       0x6c CMakeFiles/n7six.ApeX-k1.v7.6.5br1.dir/App/app/chFrScanner.c.obj
                0x080071d4                CHFRSCANNER_ContinueScanning
 .text.CHFRSCANNER_Found
                0x08007240       0x78 CMakeFiles/n7six.ApeX-k1.v7.6.5br1.dir/App/app/chFrScanner.c.obj
                0x08007240                CHFRSCANNER_Found
 .text.CHFRSCANNER_Stop
                0x080072b8       0xb4 CMakeFiles/n7six.ApeX-k1.v7.6.5br1.dir/App/app/chFrScanner.c.obj
                0x080072b8                CHFRSCANNER_Stop
 .text.COMMON_KeypadLockToggle
                0x0800736c       0x30 CMakeFiles/n7six.ApeX-k1.v7.6.5br1.dir/App/app/common.c.obj
                0x0800736c                COMMON_KeypadLockToggle
 .text.COMMON_SwitchVFOs
                0x0800739c       0x54 CMakeFiles/n7six.ApeX-k1.v7.6.5br1.dir/App/app/common.c.obj
                0x0800739c                COMMON_SwitchVFOs
 .text.COMMON_SwitchVFOMode
                0x080073f0       0x50 CMakeFiles/n7six.ApeX-k1.v7.6.5br1.dir/App/app/common.c.obj
                0x080073f0                COMMON_SwitchVFOMode
 .text.DTMF_BufferShiftAppend
                0x08007440       0x3c CMakeFiles/n7six.ApeX-k1.v7.6.5br1.dir/App/app/dtmf.c.obj
                0x08007440                DTMF_BufferShiftAppend
 .text.DTMF_SendEndOfTransmission
                0x0800747c       0xa4 CMakeFiles/n7six.ApeX-k1.v7.6.5br1.dir/App/app/dtmf.c.obj
                0x0800747c                DTMF_SendEndOfTransmission
 .text.DTMF_IsValidChar
                0x08007520       0x20 CMakeFiles/n7six.ApeX-k1.v7.6.5br1.dir/App/app/dtmf.c.obj
                0x08007520                DTMF_IsValidChar
 .text.DTMF_ValidateCodes
                0x08007540       0x34 CMakeFiles/n7six.ApeX-k1.v7.6.5br1.dir/App/app/dtmf.c.obj
                0x08007540                DTMF_ValidateCodes
 .text.DTMF_GetCharacter
                0x08007574       0x20 CMakeFiles/n7six.ApeX-k1.v7.6.5br1.dir/App/app/dtmf.c.obj
                0x08007574                DTMF_GetCharacter
 .text.DTMF_clear_input_box
                0x08007594       0x24 CMakeFiles/n7six.ApeX-k1.v7.6.5br1.dir/App/app/dtmf.c.obj
                0x08007594                DTMF_clear_input_box
 .text.DTMF_Append
                0x080075b8       0x34 CMakeFiles/n7six.ApeX-k1.v7.6.5br1.dir/App/app/dtmf.c.obj
                0x080075b8                DTMF_Append
 .text.DTMF_Reply
                0x080075ec       0xb8 CMakeFiles/n7six.ApeX-k1.v7.6.5br1.dir/App/app/dtmf.c.obj
                0x080075ec                DTMF_Reply
 .text.APP_SubscribeEvent
                0x080076a4       0x48 CMakeFiles/n7six.ApeX-k1.v7.6.5br1.dir/App/app/events.c.obj
                0x080076a4                APP_SubscribeEvent
 .text.APP_EventSystem_Init
                0x080076ec       0x20 CMakeFiles/n7six.ApeX-k1.v7.6.5br1.dir/App/app/events.c.obj
                0x080076ec                APP_EventSystem_Init
 .text.APP_InitializeEventHandlers
                0x0800770c       0x28 CMakeFiles/n7six.ApeX-k1.v7.6.5br1.dir/App/app/events_handlers.c.obj
                0x0800770c                APP_InitializeEventHandlers
 .text.GENERIC_Key_F
                0x08007734       0x9c CMakeFiles/n7six.ApeX-k1.v7.6.5br1.dir/App/app/generic.c.obj
                0x08007734                GENERIC_Key_F
 .text.GENERIC_Key_PTT
                0x080077d0      0x18c CMakeFiles/n7six.ApeX-k1.v7.6.5br1.dir/App/app/generic.c.obj
                0x080077d0                GENERIC_Key_PTT
 .text.processFKeyFunction
                0x0800795c      0x378 CMakeFiles/n7six.ApeX-k1.v7.6.5br1.dir/App/app/main.c.obj
 .text.MAIN_Key_UP_DOWN.part.0
                0x08007cd4       0xe8 CMakeFiles/n7six.ApeX-k1.v7.6.5br1.dir/App/app/main.c.obj
 .text.channelMove
                0x08007dbc       0x60 CMakeFiles/n7six.ApeX-k1.v7.6.5br1.dir/App/app/main.c.obj
                0x08007dbc                channelMove
 .text.channelMoveSwitch
                0x08007e1c       0x68 CMakeFiles/n7six.ApeX-k1.v7.6.5br1.dir/App/app/main.c.obj
                0x08007e1c                channelMoveSwitch
 .text.MAIN_ProcessKeys
                0x08007e84      0x5b0 CMakeFiles/n7six.ApeX-k1.v7.6.5br1.dir/App/app/main.c.obj
                0x08007e84                MAIN_ProcessKeys
 .text.MENU_StartCssScan
                0x08008434       0x24 CMakeFiles/n7six.ApeX-k1.v7.6.5br1.dir/App/app/menu.c.obj
                0x08008434                MENU_StartCssScan
 .text.MENU_StopCssScan
                0x08008458       0x20 CMakeFiles/n7six.ApeX-k1.v7.6.5br1.dir/App/app/menu.c.obj
                0x08008458                MENU_StopCssScan
 .text.MENU_GetLimits
                0x08008478       0xe4 CMakeFiles/n7six.ApeX-k1.v7.6.5br1.dir/App/app/menu.c.obj
                0x08008478                MENU_GetLimits
 .text.MENU_Key_UP_DOWN
                0x0800855c      0x1c8 CMakeFiles/n7six.ApeX-k1.v7.6.5br1.dir/App/app/menu.c.obj
 .text.MENU_AcceptSetting
                0x08008724      0x5bc CMakeFiles/n7six.ApeX-k1.v7.6.5br1.dir/App/app/menu.c.obj
                0x08008724                MENU_AcceptSetting
 .text.MENU_ShowCurrentSetting
                0x08008ce0      0x408 CMakeFiles/n7six.ApeX-k1.v7.6.5br1.dir/App/app/menu.c.obj
                0x08008ce0                MENU_ShowCurrentSetting
 .text.MENU_CssScanFound
                0x080090e8       0x3c CMakeFiles/n7six.ApeX-k1.v7.6.5br1.dir/App/app/menu.c.obj
                0x080090e8                MENU_CssScanFound
 .text.MENU_ProcessKeys
                0x08009124      0x550 CMakeFiles/n7six.ApeX-k1.v7.6.5br1.dir/App/app/menu.c.obj
                0x08009124                MENU_ProcessKeys
 .text.SCANNER_Key_UP_DOWN
                0x08009674       0x68 CMakeFiles/n7six.ApeX-k1.v7.6.5br1.dir/App/app/scanner.c.obj
 .text.SCANNER_Start
                0x080096dc      0x108 CMakeFiles/n7six.ApeX-k1.v7.6.5br1.dir/App/app/scanner.c.obj
                0x080096dc                SCANNER_Start
 .text.SCANNER_IsScanning
                0x080097e4       0x20 CMakeFiles/n7six.ApeX-k1.v7.6.5br1.dir/App/app/scanner.c.obj
                0x080097e4                SCANNER_IsScanning
 .text.SCANNER_Stop
                0x08009804       0x50 CMakeFiles/n7six.ApeX-k1.v7.6.5br1.dir/App/app/scanner.c.obj
                0x08009804                SCANNER_Stop
 .text.SCANNER_ProcessKeys
                0x08009854      0x2bc CMakeFiles/n7six.ApeX-k1.v7.6.5br1.dir/App/app/scanner.c.obj
                0x08009854                SCANNER_ProcessKeys
 .text.SCANNER_TimeSlice10ms
                0x08009b10      0x184 CMakeFiles/n7six.ApeX-k1.v7.6.5br1.dir/App/app/scanner.c.obj
                0x08009b10                SCANNER_TimeSlice10ms
 .text.SCANNER_TimeSlice500ms
                0x08009c94       0x48 CMakeFiles/n7six.ApeX-k1.v7.6.5br1.dir/App/app/scanner.c.obj
                0x08009c94                SCANNER_TimeSlice500ms
 .text.AUDIO_PlayBeep
                0x08009cdc      0x178 CMakeFiles/n7six.ApeX-k1.v7.6.5br1.dir/App/audio.c.obj
                0x08009cdc                AUDIO_PlayBeep
 .text.BOARD_GPIO_Init
                0x08009e54       0xbc CMakeFiles/n7six.ApeX-k1.v7.6.5br1.dir/App/board.c.obj
                0x08009e54                BOARD_GPIO_Init
 .text.BOARD_ADC_Init
                0x08009f10      0x1bc CMakeFiles/n7six.ApeX-k1.v7.6.5br1.dir/App/board.c.obj
                0x08009f10                BOARD_ADC_Init
 .text.BOARD_ADC_GetBatteryInfo
                0x0800a0cc       0x2c CMakeFiles/n7six.ApeX-k1.v7.6.5br1.dir/App/board.c.obj
                0x0800a0cc                BOARD_ADC_GetBatteryInfo
 .text.BOARD_Init
                0x0800a0f8       0x20 CMakeFiles/n7six.ApeX-k1.v7.6.5br1.dir/App/board.c.obj
                0x0800a0f8                BOARD_Init
 .text.DCS_GetGolayCodeWord
                0x0800a118       0x4c CMakeFiles/n7six.ApeX-k1.v7.6.5br1.dir/App/dcs.c.obj
                0x0800a118                DCS_GetGolayCodeWord
 .text.DCS_GetCdcssCode
                0x0800a164       0x5c CMakeFiles/n7six.ApeX-k1.v7.6.5br1.dir/App/dcs.c.obj
                0x0800a164                DCS_GetCdcssCode
 .text.DCS_GetCtcssCode
                0x0800a1c0       0x2c CMakeFiles/n7six.ApeX-k1.v7.6.5br1.dir/App/dcs.c.obj
                0x0800a1c0                DCS_GetCtcssCode
 .text.FREQUENCY_GetStepIdxFromSortedIdx
                0x0800a1ec        0xc CMakeFiles/n7six.ApeX-k1.v7.6.5br1.dir/App/frequencies.c.obj
                0x0800a1ec                FREQUENCY_GetStepIdxFromSortedIdx
 .text.FREQUENCY_GetSortedIdxFromStepIdx
                0x0800a1f8       0x1c CMakeFiles/n7six.ApeX-k1.v7.6.5br1.dir/App/frequencies.c.obj
                0x0800a1f8                FREQUENCY_GetSortedIdxFromStepIdx
 .text.FREQUENCY_GetBand
                0x0800a214       0x1c CMakeFiles/n7six.ApeX-k1.v7.6.5br1.dir/App/frequencies.c.obj
                0x0800a214                FREQUENCY_GetBand
 .text.FREQUENCY_CalculateOutputPower
                0x0800a230       0x36 CMakeFiles/n7six.ApeX-k1.v7.6.5br1.dir/App/frequencies.c.obj
                0x0800a230                FREQUENCY_CalculateOutputPower
 *fill*         0x0800a266        0x2 
 .text.FREQUENCY_RoundToStep
                0x0800a268       0x64 CMakeFiles/n7six.ApeX-k1.v7.6.5br1.dir/App/frequencies.c.obj
                0x0800a268                FREQUENCY_RoundToStep
 .text.TX_freq_check
                0x0800a2cc      0x1a4 CMakeFiles/n7six.ApeX-k1.v7.6.5br1.dir/App/frequencies.c.obj
                0x0800a2cc                TX_freq_check
 .text.RX_freq_check
                0x0800a470       0x34 CMakeFiles/n7six.ApeX-k1.v7.6.5br1.dir/App/frequencies.c.obj
                0x0800a470                RX_freq_check
 .text.FUNCTION_IsRx
                0x0800a4a4       0x18 CMakeFiles/n7six.ApeX-k1.v7.6.5br1.dir/App/functions.c.obj
                0x0800a4a4                FUNCTION_IsRx
 .text.FUNCTION_Init
                0x0800a4bc       0x90 CMakeFiles/n7six.ApeX-k1.v7.6.5br1.dir/App/functions.c.obj
                0x0800a4bc                FUNCTION_Init
 .text.FUNCTION_Foreground
                0x0800a54c       0x44 CMakeFiles/n7six.ApeX-k1.v7.6.5br1.dir/App/functions.c.obj
                0x0800a54c                FUNCTION_Foreground
 .text.FUNCTION_PowerSave
                0x0800a590       0x80 CMakeFiles/n7six.ApeX-k1.v7.6.5br1.dir/App/functions.c.obj
                0x0800a590                FUNCTION_PowerSave
 .text.FUNCTION_Transmit
                0x0800a610       0xd0 CMakeFiles/n7six.ApeX-k1.v7.6.5br1.dir/App/functions.c.obj
                0x0800a610                FUNCTION_Transmit
 .text.FUNCTION_Select
                0x0800a6e0       0xd0 CMakeFiles/n7six.ApeX-k1.v7.6.5br1.dir/App/functions.c.obj
                0x0800a6e0                FUNCTION_Select
 .text.BATTERY_VoltsToPercent
                0x0800a7b0       0x7c CMakeFiles/n7six.ApeX-k1.v7.6.5br1.dir/App/helper/battery.c.obj
                0x0800a7b0                BATTERY_VoltsToPercent
 .text.BATTERY_GetReadings
                0x0800a82c      0x154 CMakeFiles/n7six.ApeX-k1.v7.6.5br1.dir/App/helper/battery.c.obj
                0x0800a82c                BATTERY_GetReadings
 .text.BATTERY_TimeSlice500ms
                0x0800a980       0xb4 CMakeFiles/n7six.ApeX-k1.v7.6.5br1.dir/App/helper/battery.c.obj
                0x0800a980                BATTERY_TimeSlice500ms
 .text.BOOT_GetMode
                0x0800aa34       0x74 CMakeFiles/n7six.ApeX-k1.v7.6.5br1.dir/App/helper/boot.c.obj
                0x0800aa34                BOOT_GetMode
 .text.BOOT_ProcessMode
                0x0800aaa8       0x9c CMakeFiles/n7six.ApeX-k1.v7.6.5br1.dir/App/helper/boot.c.obj
                0x0800aaa8                BOOT_ProcessMode
 .text.FUNCTION_NOP
                0x0800ab44        0x2 CMakeFiles/n7six.ApeX-k1.v7.6.5br1.dir/App/misc.c.obj
                0x0800ab44                FUNCTION_NOP
 *fill*         0x0800ab46        0x2 
 .text.NUMBER_AddWithWraparound
                0x0800ab48       0x20 CMakeFiles/n7six.ApeX-k1.v7.6.5br1.dir/App/misc.c.obj
                0x0800ab48                NUMBER_AddWithWraparound
 .text.StrToUL  0x0800ab68       0x2a CMakeFiles/n7six.ApeX-k1.v7.6.5br1.dir/App/misc.c.obj
                0x0800ab68                StrToUL
 *fill*         0x0800ab92        0x2 
 .text.RADIO_SelectCurrentVfo
                0x0800ab94       0x2c CMakeFiles/n7six.ApeX-k1.v7.6.5br1.dir/App/radio.c.obj
 .text.RADIO_CheckValidChannel
                0x0800abc0       0x88 CMakeFiles/n7six.ApeX-k1.v7.6.5br1.dir/App/radio.c.obj
                0x0800abc0                RADIO_CheckValidChannel
 .text.RADIO_FindNextChannel
                0x0800ac48       0x3c CMakeFiles/n7six.ApeX-k1.v7.6.5br1.dir/App/radio.c.obj
                0x0800ac48                RADIO_FindNextChannel
 .text.RADIO_ConfigureSquelchAndOutputPower
                0x0800ac84      0x1d4 CMakeFiles/n7six.ApeX-k1.v7.6.5br1.dir/App/radio.c.obj
                0x0800ac84                RADIO_ConfigureSquelchAndOutputPower
 .text.RADIO_InitInfo
                0x0800ae58       0x6c CMakeFiles/n7six.ApeX-k1.v7.6.5br1.dir/App/radio.c.obj
                0x0800ae58                RADIO_InitInfo
 .text.RADIO_ApplyOffset
                0x0800aec4       0x1c CMakeFiles/n7six.ApeX-k1.v7.6.5br1.dir/App/radio.c.obj
                0x0800aec4                RADIO_ApplyOffset
 .text.RADIO_ConfigureChannel
                0x0800aee0      0x3c8 CMakeFiles/n7six.ApeX-k1.v7.6.5br1.dir/App/radio.c.obj
                0x0800aee0                RADIO_ConfigureChannel
 .text.RADIO_SelectVfos
                0x0800b2a8       0x44 CMakeFiles/n7six.ApeX-k1.v7.6.5br1.dir/App/radio.c.obj
                0x0800b2a8                RADIO_SelectVfos
 .text.RADIO_SetTxParameters
                0x0800b2ec       0xe4 CMakeFiles/n7six.ApeX-k1.v7.6.5br1.dir/App/radio.c.obj
                0x0800b2ec                RADIO_SetTxParameters
 .text.RADIO_SetupAGC
                0x0800b3d0       0x38 CMakeFiles/n7six.ApeX-k1.v7.6.5br1.dir/App/radio.c.obj
                0x0800b3d0                RADIO_SetupAGC
 .text.RADIO_SetupRegisters
                0x0800b408      0x204 CMakeFiles/n7six.ApeX-k1.v7.6.5br1.dir/App/radio.c.obj
                0x0800b408                RADIO_SetupRegisters
 .text.RADIO_SetModulation
                0x0800b60c      0x110 CMakeFiles/n7six.ApeX-k1.v7.6.5br1.dir/App/radio.c.obj
                0x0800b60c                RADIO_SetModulation
 .text.RADIO_SetVfoState
                0x0800b71c       0x4c CMakeFiles/n7six.ApeX-k1.v7.6.5br1.dir/App/radio.c.obj
                0x0800b71c                RADIO_SetVfoState
 .text.RADIO_PrepareTX
                0x0800b768      0x140 CMakeFiles/n7six.ApeX-k1.v7.6.5br1.dir/App/radio.c.obj
                0x0800b768                RADIO_PrepareTX
 .text.RADIO_SendCssTail
                0x0800b8a8       0x28 CMakeFiles/n7six.ApeX-k1.v7.6.5br1.dir/App/radio.c.obj
                0x0800b8a8                RADIO_SendCssTail
 .text.RADIO_SendEndOfTransmission
                0x0800b8d0       0x24 CMakeFiles/n7six.ApeX-k1.v7.6.5br1.dir/App/radio.c.obj
                0x0800b8d0                RADIO_SendEndOfTransmission
 .text.RADIO_OnSaveChannel
                0x0800b8f4        0xa CMakeFiles/n7six.ApeX-k1.v7.6.5br1.dir/App/radio.c.obj
                0x0800b8f4                RADIO_OnSaveChannel
 *fill*         0x0800b8fe        0x2 
 .text.SysTick_Handler
                0x0800b900      0x228 CMakeFiles/n7six.ApeX-k1.v7.6.5br1.dir/App/scheduler.c.obj
                0x0800b900                SysTick_Handler
 .text.SETTINGS_InitEEPROM
                0x0800bb28      0x5ec CMakeFiles/n7six.ApeX-k1.v7.6.5br1.dir/App/settings.c.obj
                0x0800bb28                SETTINGS_InitEEPROM
 .text.SETTINGS_LoadCalibration
                0x0800c114      0x168 CMakeFiles/n7six.ApeX-k1.v7.6.5br1.dir/App/settings.c.obj
                0x0800c114                SETTINGS_LoadCalibration
 .text.SETTINGS_FetchChannelFrequency
                0x0800c27c       0x10 CMakeFiles/n7six.ApeX-k1.v7.6.5br1.dir/App/settings.c.obj
                0x0800c27c                SETTINGS_FetchChannelFrequency
 .text.SETTINGS_FetchChannelName
                0x0800c28c       0x52 CMakeFiles/n7six.ApeX-k1.v7.6.5br1.dir/App/settings.c.obj
                0x0800c28c                SETTINGS_FetchChannelName
 *fill*         0x0800c2de        0x2 
 .text.SETTINGS_FactoryReset
                0x0800c2e0       0xdc CMakeFiles/n7six.ApeX-k1.v7.6.5br1.dir/App/settings.c.obj
                0x0800c2e0                SETTINGS_FactoryReset
 .text.SETTINGS_SaveFM
                0x0800c3bc       0x58 CMakeFiles/n7six.ApeX-k1.v7.6.5br1.dir/App/settings.c.obj
                0x0800c3bc                SETTINGS_SaveFM
 .text.SETTINGS_SaveVfoIndices
                0x0800c414       0x3c CMakeFiles/n7six.ApeX-k1.v7.6.5br1.dir/App/settings.c.obj
                0x0800c414                SETTINGS_SaveVfoIndices
 .text.SETTINGS_SaveSettings
                0x0800c450      0x368 CMakeFiles/n7six.ApeX-k1.v7.6.5br1.dir/App/settings.c.obj
                0x0800c450                SETTINGS_SaveSettings
 .text.SETTINGS_SaveBatteryCalibration
                0x0800c7b8       0x14 CMakeFiles/n7six.ApeX-k1.v7.6.5br1.dir/App/settings.c.obj
                0x0800c7b8                SETTINGS_SaveBatteryCalibration
 .text.SETTINGS_SaveChannelName
                0x0800c7cc       0x44 CMakeFiles/n7six.ApeX-k1.v7.6.5br1.dir/App/settings.c.obj
                0x0800c7cc                SETTINGS_SaveChannelName
 .text.SETTINGS_UpdateChannel
                0x0800c810       0xc4 CMakeFiles/n7six.ApeX-k1.v7.6.5br1.dir/App/settings.c.obj
                0x0800c810                SETTINGS_UpdateChannel
 .text.SETTINGS_SaveChannel
                0x0800c8d4       0xd0 CMakeFiles/n7six.ApeX-k1.v7.6.5br1.dir/App/settings.c.obj
                0x0800c8d4                SETTINGS_SaveChannel
 .text.SETTINGS_WriteBuildOptions
                0x0800c9a4       0x28 CMakeFiles/n7six.ApeX-k1.v7.6.5br1.dir/App/settings.c.obj
                0x0800c9a4                SETTINGS_WriteBuildOptions
 .text.SETTINGS_WriteCurrentState
                0x0800c9cc       0x48 CMakeFiles/n7six.ApeX-k1.v7.6.5br1.dir/App/settings.c.obj
                0x0800c9cc                SETTINGS_WriteCurrentState
 .text.SETTINGS_ResetTxLock
                0x0800ca14       0x46 CMakeFiles/n7six.ApeX-k1.v7.6.5br1.dir/App/settings.c.obj
                0x0800ca14                SETTINGS_ResetTxLock
 .text.SETTINGS_OnSaveChannel
                0x0800ca5a        0x8 CMakeFiles/n7six.ApeX-k1.v7.6.5br1.dir/App/settings.c.obj
                0x0800ca5a                SETTINGS_OnSaveChannel
 *fill*         0x0800ca62        0x2 
 .text.UI_DrawBattery
                0x0800ca64       0x50 CMakeFiles/n7six.ApeX-k1.v7.6.5br1.dir/App/ui/battery.c.obj
                0x0800ca64                UI_DrawBattery
 .text.UI_DisplayBattery
                0x0800cab4       0x1c CMakeFiles/n7six.ApeX-k1.v7.6.5br1.dir/App/ui/battery.c.obj
                0x0800cab4                UI_DisplayBattery
 .text.UI_GenerateChannelString
                0x0800cad0       0x4c CMakeFiles/n7six.ApeX-k1.v7.6.5br1.dir/App/ui/helper.c.obj
                0x0800cad0                UI_GenerateChannelString
 .text.UI_GenerateChannelStringEx
                0x0800cb1c       0x68 CMakeFiles/n7six.ApeX-k1.v7.6.5br1.dir/App/ui/helper.c.obj
                0x0800cb1c                UI_GenerateChannelStringEx
 .text.UI_PrintStringBuffer
                0x0800cb84       0x4c CMakeFiles/n7six.ApeX-k1.v7.6.5br1.dir/App/ui/helper.c.obj
                0x0800cb84                UI_PrintStringBuffer
 .text.UI_PrintString
                0x0800cbd0       0x90 CMakeFiles/n7six.ApeX-k1.v7.6.5br1.dir/App/ui/helper.c.obj
                0x0800cbd0                UI_PrintString
 .text.UI_PrintStringSmall
                0x0800cc60       0x40 CMakeFiles/n7six.ApeX-k1.v7.6.5br1.dir/App/ui/helper.c.obj
                0x0800cc60                UI_PrintStringSmall
 .text.UI_PrintStringSmallNormal
                0x0800cca0       0x14 CMakeFiles/n7six.ApeX-k1.v7.6.5br1.dir/App/ui/helper.c.obj
                0x0800cca0                UI_PrintStringSmallNormal
 .text.UI_PrintStringSmallBold
                0x0800ccb4       0x14 CMakeFiles/n7six.ApeX-k1.v7.6.5br1.dir/App/ui/helper.c.obj
                0x0800ccb4                UI_PrintStringSmallBold
 .text.UI_PrintStringSmallBufferNormal
                0x0800ccc8       0x10 CMakeFiles/n7six.ApeX-k1.v7.6.5br1.dir/App/ui/helper.c.obj
                0x0800ccc8                UI_PrintStringSmallBufferNormal
 .text.UI_DisplayFrequency
                0x0800ccd8       0xcc CMakeFiles/n7six.ApeX-k1.v7.6.5br1.dir/App/ui/helper.c.obj
                0x0800ccd8                UI_DisplayFrequency
 .text.UI_DrawPixelBuffer
                0x0800cda4       0x2e CMakeFiles/n7six.ApeX-k1.v7.6.5br1.dir/App/ui/helper.c.obj
                0x0800cda4                UI_DrawPixelBuffer
 *fill*         0x0800cdd2        0x2 
 .text.PutPixel
                0x0800cdd4       0x18 CMakeFiles/n7six.ApeX-k1.v7.6.5br1.dir/App/ui/helper.c.obj
                0x0800cdd4                PutPixel
 .text.PutPixelStatus
                0x0800cdec       0x18 CMakeFiles/n7six.ApeX-k1.v7.6.5br1.dir/App/ui/helper.c.obj
                0x0800cdec                PutPixelStatus
 .text.GUI_DisplaySmallest
                0x0800ce04       0x7c CMakeFiles/n7six.ApeX-k1.v7.6.5br1.dir/App/ui/helper.c.obj
                0x0800ce04                GUI_DisplaySmallest
 .text.UI_DrawLineBuffer
                0x0800ce80       0x94 CMakeFiles/n7six.ApeX-k1.v7.6.5br1.dir/App/ui/helper.c.obj
                0x0800ce80                UI_DrawLineBuffer
 .text.UI_DrawRectangleBuffer
                0x0800cf14       0x54 CMakeFiles/n7six.ApeX-k1.v7.6.5br1.dir/App/ui/helper.c.obj
                0x0800cf14                UI_DrawRectangleBuffer
 .text.UI_DisplayClear
                0x0800cf68       0x14 CMakeFiles/n7six.ApeX-k1.v7.6.5br1.dir/App/ui/helper.c.obj
                0x0800cf68                UI_DisplayClear
 .text.UI_DisplayPopup
                0x0800cf7c       0x2c CMakeFiles/n7six.ApeX-k1.v7.6.5br1.dir/App/ui/helper.c.obj
                0x0800cf7c                UI_DisplayPopup
 .text.INPUTBOX_Append
                0x0800cfa8       0x30 CMakeFiles/n7six.ApeX-k1.v7.6.5br1.dir/App/ui/inputbox.c.obj
                0x0800cfa8                INPUTBOX_Append
 .text.INPUTBOX_GetAscii
                0x0800cfd8       0x28 CMakeFiles/n7six.ApeX-k1.v7.6.5br1.dir/App/ui/inputbox.c.obj
                0x0800cfd8                INPUTBOX_GetAscii
 .text.isMainOnly
                0x0800d000       0x18 CMakeFiles/n7six.ApeX-k1.v7.6.5br1.dir/App/ui/main.c.obj
 .text.DrawLevelBar
                0x0800d018       0x88 CMakeFiles/n7six.ApeX-k1.v7.6.5br1.dir/App/ui/main.c.obj
 .text.UI_HighlightRoundedBox.constprop.0
                0x0800d0a0       0x84 CMakeFiles/n7six.ApeX-k1.v7.6.5br1.dir/App/ui/main.c.obj
 .text.log2_approx
                0x0800d124       0x10 CMakeFiles/n7six.ApeX-k1.v7.6.5br1.dir/App/ui/main.c.obj
                0x0800d124                log2_approx
 .text.UI_DisplayAudioBar
                0x0800d134      0x130 CMakeFiles/n7six.ApeX-k1.v7.6.5br1.dir/App/ui/main.c.obj
                0x0800d134                UI_DisplayAudioBar
 .text.DisplayRSSIBar
                0x0800d264      0x1e4 CMakeFiles/n7six.ApeX-k1.v7.6.5br1.dir/App/ui/main.c.obj
                0x0800d264                DisplayRSSIBar
 .text.UI_MAIN_TimeSlice500ms
                0x0800d448       0xa4 CMakeFiles/n7six.ApeX-k1.v7.6.5br1.dir/App/ui/main.c.obj
                0x0800d448                UI_MAIN_TimeSlice500ms
 .text.UI_DisplayMain
                0x0800d4ec      0xcc8 CMakeFiles/n7six.ApeX-k1.v7.6.5br1.dir/App/ui/main.c.obj
                0x0800d4ec                UI_DisplayMain
 .text.UI_MENU_GetCurrentMenuId
                0x0800e1b4       0x1c CMakeFiles/n7six.ApeX-k1.v7.6.5br1.dir/App/ui/menu.c.obj
                0x0800e1b4                UI_MENU_GetCurrentMenuId
 .text.UI_MENU_GetMenuIdx
                0x0800e1d0       0x20 CMakeFiles/n7six.ApeX-k1.v7.6.5br1.dir/App/ui/menu.c.obj
                0x0800e1d0                UI_MENU_GetMenuIdx
 .text.UI_DisplayMenu
                0x0800e1f0      0xb74 CMakeFiles/n7six.ApeX-k1.v7.6.5br1.dir/App/ui/menu.c.obj
                0x0800e1f0                UI_DisplayMenu
 .text.UI_DisplayScanner
                0x0800ed64      0x198 CMakeFiles/n7six.ApeX-k1.v7.6.5br1.dir/App/ui/scanner.c.obj
                0x0800ed64                UI_DisplayScanner
 .text.convertTime.constprop.0
                0x0800eefc       0x64 CMakeFiles/n7six.ApeX-k1.v7.6.5br1.dir/App/ui/status.c.obj
 .text.UI_DisplayStatus
                0x0800ef60      0x2b4 CMakeFiles/n7six.ApeX-k1.v7.6.5br1.dir/App/ui/status.c.obj
                0x0800ef60                UI_DisplayStatus
 .text.GUI_DisplayScreen
                0x0800f214       0x1c CMakeFiles/n7six.ApeX-k1.v7.6.5br1.dir/App/ui/ui.c.obj
                0x0800f214                GUI_DisplayScreen
 .text.GUI_SelectNextDisplay
                0x0800f230       0x7c CMakeFiles/n7six.ApeX-k1.v7.6.5br1.dir/App/ui/ui.c.obj
                0x0800f230                GUI_SelectNextDisplay
 .text.UI_OnChannelChange
                0x0800f2ac        0xc CMakeFiles/n7six.ApeX-k1.v7.6.5br1.dir/App/ui/ui.c.obj
                0x0800f2ac                UI_OnChannelChange
 .text.UI_DisplayReleaseKeys
                0x0800f2b8       0x48 CMakeFiles/n7six.ApeX-k1.v7.6.5br1.dir/App/ui/welcome.c.obj
                0x0800f2b8                UI_DisplayReleaseKeys
 .text.UI_DisplayWelcome
                0x0800f300      0x1a8 CMakeFiles/n7six.ApeX-k1.v7.6.5br1.dir/App/ui/welcome.c.obj
                0x0800f300                UI_DisplayWelcome
 .text.Main     0x0800f4a8      0x34c CMakeFiles/n7six.ApeX-k1.v7.6.5br1.dir/App/main.c.obj
                0x0800f4a8                Main
 .text._out_buffer
                0x0800f7f4        0x8 CMakeFiles/n7six.ApeX-k1.v7.6.5br1.dir/App/external/printf/printf.c.obj
 .text._out_null
                0x0800f7fc        0x2 CMakeFiles/n7six.ApeX-k1.v7.6.5br1.dir/App/external/printf/printf.c.obj
 .text._ntoa_long
                0x0800f7fe      0x1c2 CMakeFiles/n7six.ApeX-k1.v7.6.5br1.dir/App/external/printf/printf.c.obj
 .text._vsnprintf
                0x0800f9c0      0x42c CMakeFiles/n7six.ApeX-k1.v7.6.5br1.dir/App/external/printf/printf.c.obj
 .text.sprintf_
                0x0800fdec       0x28 CMakeFiles/n7six.ApeX-k1.v7.6.5br1.dir/App/external/printf/printf.c.obj
                0x0800fdec                sprintf_
 .text.CRC_Init
                0x0800fe14        0x2 CMakeFiles/n7six.ApeX-k1.v7.6.5br1.dir/App/driver/crc.c.obj
                0x0800fe14                CRC_Init
 *fill*         0x0800fe16        0x2 
 .text.CRC_Calculate
                0x0800fe18       0x3c CMakeFiles/n7six.ApeX-k1.v7.6.5br1.dir/App/driver/crc.c.obj
                0x0800fe18                CRC_Calculate
 .text.AddrTranslate
                0x0800fe54       0x70 CMakeFiles/n7six.ApeX-k1.v7.6.5br1.dir/App/driver/eeprom_compat.c.obj
 .text.EEPROM_ReadBuffer
                0x0800fec4       0x52 CMakeFiles/n7six.ApeX-k1.v7.6.5br1.dir/App/driver/eeprom_compat.c.obj
                0x0800fec4                EEPROM_ReadBuffer
 .text.EEPROM_WriteBuffer
                0x0800ff16       0x4a CMakeFiles/n7six.ApeX-k1.v7.6.5br1.dir/App/driver/eeprom_compat.c.obj
                0x0800ff16                EEPROM_WriteBuffer
 .text.UART_Init
                0x0800ff60      0x130 CMakeFiles/n7six.ApeX-k1.v7.6.5br1.dir/App/driver/uart.c.obj
                0x0800ff60                UART_Init
 .text.UART_Send
                0x08010090       0x20 CMakeFiles/n7six.ApeX-k1.v7.6.5br1.dir/App/driver/uart.c.obj
                0x08010090                UART_Send
 .text.UART_IsCableConnected
                0x080100b0       0x24 CMakeFiles/n7six.ApeX-k1.v7.6.5br1.dir/App/driver/uart.c.obj
                0x080100b0                UART_IsCableConnected
 .text.SendReply
                0x080100d4       0xd0 CMakeFiles/n7six.ApeX-k1.v7.6.5br1.dir/App/app/uart.c.obj
 .text.UART_IsCommandAvailable
                0x080101a4      0x184 CMakeFiles/n7six.ApeX-k1.v7.6.5br1.dir/App/app/uart.c.obj
                0x080101a4                UART_IsCommandAvailable
 .text.UART_HandleCommand
                0x08010328      0x210 CMakeFiles/n7six.ApeX-k1.v7.6.5br1.dir/App/app/uart.c.obj
                0x08010328                UART_HandleCommand
 .text.VCP_Init
                0x08010538       0x74 CMakeFiles/n7six.ApeX-k1.v7.6.5br1.dir/App/driver/vcp.c.obj
                0x08010538                VCP_Init
 .text.usbd_cdc_acm_bulk_out
                0x080105ac       0x74 CMakeFiles/n7six.ApeX-k1.v7.6.5br1.dir/App/usb/usbd_cdc_if.c.obj
                0x080105ac                usbd_cdc_acm_bulk_out
 .text.usbd_cdc_acm_bulk_in
                0x08010620       0x28 CMakeFiles/n7six.ApeX-k1.v7.6.5br1.dir/App/usb/usbd_cdc_if.c.obj
                0x08010620                usbd_cdc_acm_bulk_in
 .text.usbd_configure_done_callback
                0x08010648       0x14 CMakeFiles/n7six.ApeX-k1.v7.6.5br1.dir/App/usb/usbd_cdc_if.c.obj
                0x08010648                usbd_configure_done_callback
 .text.cdc_acm_init
                0x0801065c       0x60 CMakeFiles/n7six.ApeX-k1.v7.6.5br1.dir/App/usb/usbd_cdc_if.c.obj
                0x0801065c                cdc_acm_init
 .text.usbd_cdc_acm_set_dtr
                0x080106bc       0x14 CMakeFiles/n7six.ApeX-k1.v7.6.5br1.dir/App/usb/usbd_cdc_if.c.obj
                0x080106bc                usbd_cdc_acm_set_dtr
 .text.cdc_acm_data_send_with_dtr_async
                0x080106d0       0x12 CMakeFiles/n7six.ApeX-k1.v7.6.5br1.dir/App/usb/usbd_cdc_if.c.obj
                0x080106d0                cdc_acm_data_send_with_dtr_async
 .text.BK1080_ReadRegister
                0x080106e2       0x30 CMakeFiles/n7six.ApeX-k1.v7.6.5br1.dir/App/driver/bk1080.c.obj
                0x080106e2                BK1080_ReadRegister
 .text.BK1080_WriteRegister
                0x08010712       0x30 CMakeFiles/n7six.ApeX-k1.v7.6.5br1.dir/App/driver/bk1080.c.obj
                0x08010712                BK1080_WriteRegister
 *fill*         0x08010742        0x2 
 .text.BK1080_Init0
                0x08010744       0x10 CMakeFiles/n7six.ApeX-k1.v7.6.5br1.dir/App/driver/bk1080.c.obj
                0x08010744                BK1080_Init0
 .text.BK1080_Mute
                0x08010754       0x1c CMakeFiles/n7six.ApeX-k1.v7.6.5br1.dir/App/driver/bk1080.c.obj
                0x08010754                BK1080_Mute
 .text.BK1080_SetFrequency
                0x08010770       0x50 CMakeFiles/n7six.ApeX-k1.v7.6.5br1.dir/App/driver/bk1080.c.obj
                0x08010770                BK1080_SetFrequency
 .text.BK1080_Init
                0x080107c0       0x98 CMakeFiles/n7six.ApeX-k1.v7.6.5br1.dir/App/driver/bk1080.c.obj
                0x080107c0                BK1080_Init
 .text.BK1080_GetFrequencyDeviation
                0x08010858       0x1c CMakeFiles/n7six.ApeX-k1.v7.6.5br1.dir/App/driver/bk1080.c.obj
                0x08010858                BK1080_GetFrequencyDeviation
 .text.BK1080_GetFreqLoLimit
                0x08010874       0x10 CMakeFiles/n7six.ApeX-k1.v7.6.5br1.dir/App/driver/bk1080.c.obj
                0x08010874                BK1080_GetFreqLoLimit
 .text.BK1080_GetFreqHiLimit
                0x08010884       0x10 CMakeFiles/n7six.ApeX-k1.v7.6.5br1.dir/App/driver/bk1080.c.obj
                0x08010884                BK1080_GetFreqHiLimit
 .text.FM_CheckValidChannel
                0x08010894       0x3c CMakeFiles/n7six.ApeX-k1.v7.6.5br1.dir/App/app/fm.c.obj
                0x08010894                FM_CheckValidChannel
 .text.FM_FindNextChannel
                0x080108d0       0x34 CMakeFiles/n7six.ApeX-k1.v7.6.5br1.dir/App/app/fm.c.obj
                0x080108d0                FM_FindNextChannel
 .text.FM_ConfigureChannelState
                0x08010904       0x3c CMakeFiles/n7six.ApeX-k1.v7.6.5br1.dir/App/app/fm.c.obj
                0x08010904                FM_ConfigureChannelState
 .text.Key_FUNC
                0x08010940       0xa8 CMakeFiles/n7six.ApeX-k1.v7.6.5br1.dir/App/app/fm.c.obj
 .text.FM_TurnOff
                0x080109e8       0x58 CMakeFiles/n7six.ApeX-k1.v7.6.5br1.dir/App/app/fm.c.obj
                0x080109e8                FM_TurnOff
 .text.FM_EraseChannels
                0x08010a40       0x1c CMakeFiles/n7six.ApeX-k1.v7.6.5br1.dir/App/app/fm.c.obj
                0x08010a40                FM_EraseChannels
 .text.FM_Tune  0x08010a5c       0xb4 CMakeFiles/n7six.ApeX-k1.v7.6.5br1.dir/App/app/fm.c.obj
                0x08010a5c                FM_Tune
 .text.Key_UP_DOWN
                0x08010b10      0x104 CMakeFiles/n7six.ApeX-k1.v7.6.5br1.dir/App/app/fm.c.obj
 .text.FM_PlayAndUpdate
                0x08010c14       0x68 CMakeFiles/n7six.ApeX-k1.v7.6.5br1.dir/App/app/fm.c.obj
                0x08010c14                FM_PlayAndUpdate
 .text.FM_CheckFrequencyLock
                0x08010c7c       0x94 CMakeFiles/n7six.ApeX-k1.v7.6.5br1.dir/App/app/fm.c.obj
                0x08010c7c                FM_CheckFrequencyLock
 .text.FM_ProcessKeys
                0x08010d10      0x2ac CMakeFiles/n7six.ApeX-k1.v7.6.5br1.dir/App/app/fm.c.obj
                0x08010d10                FM_ProcessKeys
 .text.FM_Play  0x08010fbc       0xb4 CMakeFiles/n7six.ApeX-k1.v7.6.5br1.dir/App/app/fm.c.obj
                0x08010fbc                FM_Play
 .text.FM_Start
                0x08011070       0x68 CMakeFiles/n7six.ApeX-k1.v7.6.5br1.dir/App/app/fm.c.obj
                0x08011070                FM_Start
 .text.UI_DisplayFM
                0x080110d8      0x1d0 CMakeFiles/n7six.ApeX-k1.v7.6.5br1.dir/App/ui/fmradio.c.obj
                0x080110d8                UI_DisplayFM
 .text.AIRCOPY_clear
                0x080112a8       0x18 CMakeFiles/n7six.ApeX-k1.v7.6.5br1.dir/App/app/aircopy.c.obj
 .text.AIRCOPY_SendMessage
                0x080112c0       0xb4 CMakeFiles/n7six.ApeX-k1.v7.6.5br1.dir/App/app/aircopy.c.obj
                0x080112c0                AIRCOPY_SendMessage
 .text.AIRCOPY_StorePacket
                0x08011374       0xe0 CMakeFiles/n7six.ApeX-k1.v7.6.5br1.dir/App/app/aircopy.c.obj
                0x08011374                AIRCOPY_StorePacket
 .text.AIRCOPY_ProcessKeys
                0x08011454      0x158 CMakeFiles/n7six.ApeX-k1.v7.6.5br1.dir/App/app/aircopy.c.obj
                0x08011454                AIRCOPY_ProcessKeys
 .text.UI_DisplayAircopy
                0x080115ac      0x1f8 CMakeFiles/n7six.ApeX-k1.v7.6.5br1.dir/App/ui/aircopy.c.obj
                0x080115ac                UI_DisplayAircopy
 .text.FlashlightTimeSlice
                0x080117a4       0xa4 CMakeFiles/n7six.ApeX-k1.v7.6.5br1.dir/App/app/flashlight.c.obj
                0x080117a4                FlashlightTimeSlice
 .text.ACTION_FlashLight
                0x08011848       0x38 CMakeFiles/n7six.ApeX-k1.v7.6.5br1.dir/App/app/flashlight.c.obj
                0x08011848                ACTION_FlashLight
 .text.FastRandom
                0x08011880       0x20 CMakeFiles/n7six.ApeX-k1.v7.6.5br1.dir/App/app/spectrum.c.obj
 .text.Rssi2DBm
                0x080118a0       0x20 CMakeFiles/n7six.ApeX-k1.v7.6.5br1.dir/App/app/spectrum.c.obj
 .text.ResetScanStats
                0x080118c0       0x14 CMakeFiles/n7six.ApeX-k1.v7.6.5br1.dir/App/app/spectrum.c.obj
 .text.UpdatePeakInfo
                0x080118d4       0x90 CMakeFiles/n7six.ApeX-k1.v7.6.5br1.dir/App/app/spectrum.c.obj
 .text.MapMeasurementToDisplay
                0x08011964       0x20 CMakeFiles/n7six.ApeX-k1.v7.6.5br1.dir/App/app/spectrum.c.obj
 .text.GetCentroidFrequency
                0x08011984       0x94 CMakeFiles/n7six.ApeX-k1.v7.6.5br1.dir/App/app/spectrum.c.obj
 .text.SetRssiHistory
                0x08011a18       0x28 CMakeFiles/n7six.ApeX-k1.v7.6.5br1.dir/App/app/spectrum.c.obj
 .text.ToggleListeningBW
                0x08011a40       0x20 CMakeFiles/n7six.ApeX-k1.v7.6.5br1.dir/App/app/spectrum.c.obj
 .text.GetRegMenuValue
                0x08011a60       0x20 CMakeFiles/n7six.ApeX-k1.v7.6.5br1.dir/App/app/spectrum.c.obj
 .text.RestoreRegisters
                0x08011a80       0x2c CMakeFiles/n7six.ApeX-k1.v7.6.5br1.dir/App/app/spectrum.c.obj
 .text.SetF     0x08011aac       0x30 CMakeFiles/n7six.ApeX-k1.v7.6.5br1.dir/App/app/spectrum.c.obj
 .text.TuneToPeak
                0x08011adc       0x28 CMakeFiles/n7six.ApeX-k1.v7.6.5br1.dir/App/app/spectrum.c.obj
 .text.ResetBlacklist
                0x08011b04       0x3c CMakeFiles/n7six.ApeX-k1.v7.6.5br1.dir/App/app/spectrum.c.obj
 .text.ToggleBacklight
                0x08011b40       0x20 CMakeFiles/n7six.ApeX-k1.v7.6.5br1.dir/App/app/spectrum.c.obj
 .text.DrawF    0x08011b60       0xfc CMakeFiles/n7six.ApeX-k1.v7.6.5br1.dir/App/app/spectrum.c.obj
 .text.SetBandLed.part.0.constprop.0
                0x08011c5c       0x3c CMakeFiles/n7six.ApeX-k1.v7.6.5br1.dir/App/app/spectrum.c.obj
 .text.ToggleRX
                0x08011c98      0x118 CMakeFiles/n7six.ApeX-k1.v7.6.5br1.dir/App/app/spectrum.c.obj
 .text.UpdateDBMax
                0x08011db0       0x74 CMakeFiles/n7six.ApeX-k1.v7.6.5br1.dir/App/app/spectrum.c.obj
 .text.SYSTEM_DelayUs
                0x08011e24       0x12 CMakeFiles/n7six.ApeX-k1.v7.6.5br1.dir/App/app/spectrum.c.obj
                0x08011e24                SYSTEM_DelayUs
 .text.DrawLine
                0x08011e36       0x8c CMakeFiles/n7six.ApeX-k1.v7.6.5br1.dir/App/app/spectrum.c.obj
                0x08011e36                DrawLine
 *fill*         0x08011ec2        0x2 
 .text.LockAGC  0x08011ec4       0x24 CMakeFiles/n7six.ApeX-k1.v7.6.5br1.dir/App/app/spectrum.c.obj
                0x08011ec4                LockAGC
 .text.SetRegMenuValue
                0x08011ee8       0x78 CMakeFiles/n7six.ApeX-k1.v7.6.5br1.dir/App/app/spectrum.c.obj
 .text.IsPeakOverLevel
                0x08011f60       0x1c CMakeFiles/n7six.ApeX-k1.v7.6.5br1.dir/App/app/spectrum.c.obj
                0x08011f60                IsPeakOverLevel
 .text.GetScanStep
                0x08011f7c       0x14 CMakeFiles/n7six.ApeX-k1.v7.6.5br1.dir/App/app/spectrum.c.obj
                0x08011f7c                GetScanStep
 .text.GetStepsCount
                0x08011f90       0x38 CMakeFiles/n7six.ApeX-k1.v7.6.5br1.dir/App/app/spectrum.c.obj
                0x08011f90                GetStepsCount
 .text.GetDisplayWidth
                0x08011fc8       0x38 CMakeFiles/n7six.ApeX-k1.v7.6.5br1.dir/App/app/spectrum.c.obj
 .text.UpdateWaterfall
                0x08012000       0xf4 CMakeFiles/n7six.ApeX-k1.v7.6.5br1.dir/App/app/spectrum.c.obj
 .text.SpecIdxToX
                0x080120f4       0x1e CMakeFiles/n7six.ApeX-k1.v7.6.5br1.dir/App/app/spectrum.c.obj
 .text.GetBW    0x08012112       0x10 CMakeFiles/n7six.ApeX-k1.v7.6.5br1.dir/App/app/spectrum.c.obj
                0x08012112                GetBW
 *fill*         0x08012122        0x2 
 .text.GetFStart
                0x08012124       0x38 CMakeFiles/n7six.ApeX-k1.v7.6.5br1.dir/App/app/spectrum.c.obj
                0x08012124                GetFStart
 .text.InitScan
                0x0801215c       0x24 CMakeFiles/n7six.ApeX-k1.v7.6.5br1.dir/App/app/spectrum.c.obj
 .text.GetFEnd  0x08012180       0x3c CMakeFiles/n7six.ApeX-k1.v7.6.5br1.dir/App/app/spectrum.c.obj
                0x08012180                GetFEnd
 .text.GetRssi  0x080121bc       0x1e CMakeFiles/n7six.ApeX-k1.v7.6.5br1.dir/App/app/spectrum.c.obj
                0x080121bc                GetRssi
 *fill*         0x080121da        0x2 
 .text.Measure  0x080121dc       0x20 CMakeFiles/n7six.ApeX-k1.v7.6.5br1.dir/App/app/spectrum.c.obj
 .text.RelaunchScan
                0x080121fc       0x30 CMakeFiles/n7six.ApeX-k1.v7.6.5br1.dir/App/app/spectrum.c.obj
 .text.ToggleModulation
                0x0801222c       0x2c CMakeFiles/n7six.ApeX-k1.v7.6.5br1.dir/App/app/spectrum.c.obj
 .text.UpdateFreqChangeStep
                0x08012258       0x80 CMakeFiles/n7six.ApeX-k1.v7.6.5br1.dir/App/app/spectrum.c.obj
 .text.UpdateCurrentFreq
                0x080122d8       0x6c CMakeFiles/n7six.ApeX-k1.v7.6.5br1.dir/App/app/spectrum.c.obj
 .text.SetState
                0x08012344       0x3c CMakeFiles/n7six.ApeX-k1.v7.6.5br1.dir/App/app/spectrum.c.obj
                0x08012344                SetState
 .text.FreqInput
                0x08012380       0x3c CMakeFiles/n7six.ApeX-k1.v7.6.5br1.dir/App/app/spectrum.c.obj
 .text.UpdateFreqInput
                0x080123bc      0x19c CMakeFiles/n7six.ApeX-k1.v7.6.5br1.dir/App/app/spectrum.c.obj
 .text.Rssi2PX  0x08012558       0x74 CMakeFiles/n7six.ApeX-k1.v7.6.5br1.dir/App/app/spectrum.c.obj
                0x08012558                Rssi2PX
 .text.Rssi2Y   0x080125cc       0x12 CMakeFiles/n7six.ApeX-k1.v7.6.5br1.dir/App/app/spectrum.c.obj
                0x080125cc                Rssi2Y
 *fill*         0x080125de        0x2 
 .text.RenderSpectrum
                0x080125e0      0x62c CMakeFiles/n7six.ApeX-k1.v7.6.5br1.dir/App/app/spectrum.c.obj
 .text.UpdateRssiTriggerLevel
                0x08012c0c       0x30 CMakeFiles/n7six.ApeX-k1.v7.6.5br1.dir/App/app/spectrum.c.obj
                0x08012c0c                UpdateRssiTriggerLevel
 .text.OnKeyDownStill
                0x08012c3c      0x114 CMakeFiles/n7six.ApeX-k1.v7.6.5br1.dir/App/app/spectrum.c.obj
                0x08012c3c                OnKeyDownStill
 .text.APP_RunSpectrum
                0x08012d50      0xec4 CMakeFiles/n7six.ApeX-k1.v7.6.5br1.dir/App/app/spectrum.c.obj
                0x08012d50                APP_RunSpectrum
 .text.HandleUserInput.isra.0
                0x08013c14       0xec CMakeFiles/n7six.ApeX-k1.v7.6.5br1.dir/App/app/breakout.c.obj
 .text.rand_custom
                0x08013d00       0x20 CMakeFiles/n7six.ApeX-k1.v7.6.5br1.dir/App/app/breakout.c.obj
                0x08013d00                rand_custom
 .text.reset    0x08013d20       0x20 CMakeFiles/n7six.ApeX-k1.v7.6.5br1.dir/App/app/breakout.c.obj
                0x08013d20                reset
 .text.playBeep
                0x08013d40       0x24 CMakeFiles/n7six.ApeX-k1.v7.6.5br1.dir/App/app/breakout.c.obj
                0x08013d40                playBeep
 .text.drawScore
                0x08013d64       0x8c CMakeFiles/n7six.ApeX-k1.v7.6.5br1.dir/App/app/breakout.c.obj
                0x08013d64                drawScore
 .text.initBall
                0x08013df0       0x54 CMakeFiles/n7six.ApeX-k1.v7.6.5br1.dir/App/app/breakout.c.obj
                0x08013df0                initBall
 .text.initWall
                0x08013e44       0x68 CMakeFiles/n7six.ApeX-k1.v7.6.5br1.dir/App/app/breakout.c.obj
                0x08013e44                initWall
 .text.drawWall
                0x08013eac      0x144 CMakeFiles/n7six.ApeX-k1.v7.6.5br1.dir/App/app/breakout.c.obj
                0x08013eac                drawWall
 .text.initRacket
                0x08013ff0       0x4c CMakeFiles/n7six.ApeX-k1.v7.6.5br1.dir/App/app/breakout.c.obj
                0x08013ff0                initRacket
 .text.drawBall
                0x0801403c      0x1bc CMakeFiles/n7six.ApeX-k1.v7.6.5br1.dir/App/app/breakout.c.obj
                0x0801403c                drawBall
 .text.drawRacket
                0x080141f8       0x94 CMakeFiles/n7six.ApeX-k1.v7.6.5br1.dir/App/app/breakout.c.obj
                0x080141f8                drawRacket
 .text.APP_RunBreakout
                0x0801428c       0xf4 CMakeFiles/n7six.ApeX-k1.v7.6.5br1.dir/App/app/breakout.c.obj
                0x0801428c                APP_RunBreakout
 .text.getScreenShot
                0x08014380      0x1a4 CMakeFiles/n7six.ApeX-k1.v7.6.5br1.dir/App/screenshot.c.obj
                0x08014380                getScreenShot
 .text.usbd_class_event_notify_handler
                0x08014524       0x24 CMakeFiles/n7six.ApeX-k1.v7.6.5br1.dir/Middlewares/CherryUSB/core/usbd_core.c.obj
 .text.usbd_set_endpoint
                0x08014548       0x2c CMakeFiles/n7six.ApeX-k1.v7.6.5br1.dir/Middlewares/CherryUSB/core/usbd_core.c.obj
 .text.usbd_setup_request_handler.constprop.0
                0x08014574      0x380 CMakeFiles/n7six.ApeX-k1.v7.6.5br1.dir/Middlewares/CherryUSB/core/usbd_core.c.obj
 .text.usbd_event_resume_handler
                0x080148f4        0xc CMakeFiles/n7six.ApeX-k1.v7.6.5br1.dir/Middlewares/CherryUSB/core/usbd_core.c.obj
                0x080148f4                usbd_event_resume_handler
 .text.usbd_event_suspend_handler
                0x08014900        0xc CMakeFiles/n7six.ApeX-k1.v7.6.5br1.dir/Middlewares/CherryUSB/core/usbd_core.c.obj
                0x08014900                usbd_event_suspend_handler
 .text.usbd_event_reset_handler
                0x0801490c       0x38 CMakeFiles/n7six.ApeX-k1.v7.6.5br1.dir/Middlewares/CherryUSB/core/usbd_core.c.obj
                0x0801490c                usbd_event_reset_handler
 .text.usbd_event_ep0_setup_complete_handler
                0x08014944       0x94 CMakeFiles/n7six.ApeX-k1.v7.6.5br1.dir/Middlewares/CherryUSB/core/usbd_core.c.obj
                0x08014944                usbd_event_ep0_setup_complete_handler
 .text.usbd_event_ep_in_complete_handler
                0x080149d8       0x58 CMakeFiles/n7six.ApeX-k1.v7.6.5br1.dir/Middlewares/CherryUSB/core/usbd_core.c.obj
                0x080149d8                usbd_event_ep_in_complete_handler
 .text.usbd_event_ep_out_complete_handler
                0x08014a30       0x64 CMakeFiles/n7six.ApeX-k1.v7.6.5br1.dir/Middlewares/CherryUSB/core/usbd_core.c.obj
                0x08014a30                usbd_event_ep_out_complete_handler
 .text.usbd_desc_register
                0x08014a94       0x14 CMakeFiles/n7six.ApeX-k1.v7.6.5br1.dir/Middlewares/CherryUSB/core/usbd_core.c.obj
                0x08014a94                usbd_desc_register
 .text.usbd_add_interface
                0x08014aa8       0x2c CMakeFiles/n7six.ApeX-k1.v7.6.5br1.dir/Middlewares/CherryUSB/core/usbd_core.c.obj
                0x08014aa8                usbd_add_interface
 .text.usbd_add_endpoint
                0x08014ad4       0x2c CMakeFiles/n7six.ApeX-k1.v7.6.5br1.dir/Middlewares/CherryUSB/core/usbd_core.c.obj
                0x08014ad4                usbd_add_endpoint
 .text.usbd_initialize
                0x08014b00        0x8 CMakeFiles/n7six.ApeX-k1.v7.6.5br1.dir/Middlewares/CherryUSB/core/usbd_core.c.obj
                0x08014b00                usbd_initialize
 .text.pyusb_write_packet
                0x08014b08       0x20 CMakeFiles/n7six.ApeX-k1.v7.6.5br1.dir/Middlewares/CherryUSB/port/usb_dc_py32.c.obj
 .text.usbd_ep0_set_zlp_flag
                0x08014b28        0xc CMakeFiles/n7six.ApeX-k1.v7.6.5br1.dir/Middlewares/CherryUSB/port/usb_dc_py32.c.obj
                0x08014b28                usbd_ep0_set_zlp_flag
 .text.usb_dc_low_level_init
                0x08014b34        0x2 CMakeFiles/n7six.ApeX-k1.v7.6.5br1.dir/Middlewares/CherryUSB/port/usb_dc_py32.c.obj
                0x08014b34                usb_dc_low_level_init
 *fill*         0x08014b36        0x2 
 .text.usb_dc_init
                0x08014b38       0x20 CMakeFiles/n7six.ApeX-k1.v7.6.5br1.dir/Middlewares/CherryUSB/port/usb_dc_py32.c.obj
                0x08014b38                usb_dc_init
 .text.usbd_set_address
                0x08014b58       0x18 CMakeFiles/n7six.ApeX-k1.v7.6.5br1.dir/Middlewares/CherryUSB/port/usb_dc_py32.c.obj
                0x08014b58                usbd_set_address
 .text.usbd_ep_open
                0x08014b70      0x124 CMakeFiles/n7six.ApeX-k1.v7.6.5br1.dir/Middlewares/CherryUSB/port/usb_dc_py32.c.obj
                0x08014b70                usbd_ep_open
 .text.usbd_ep_close
                0x08014c94        0x4 CMakeFiles/n7six.ApeX-k1.v7.6.5br1.dir/Middlewares/CherryUSB/port/usb_dc_py32.c.obj
                0x08014c94                usbd_ep_close
 .text.usbd_ep_set_stall
                0x08014c98       0x4c CMakeFiles/n7six.ApeX-k1.v7.6.5br1.dir/Middlewares/CherryUSB/port/usb_dc_py32.c.obj
                0x08014c98                usbd_ep_set_stall
 .text.usbd_ep_clear_stall
                0x08014ce4       0x50 CMakeFiles/n7six.ApeX-k1.v7.6.5br1.dir/Middlewares/CherryUSB/port/usb_dc_py32.c.obj
                0x08014ce4                usbd_ep_clear_stall
 .text.usbd_ep_is_stalled
                0x08014d34       0x34 CMakeFiles/n7six.ApeX-k1.v7.6.5br1.dir/Middlewares/CherryUSB/port/usb_dc_py32.c.obj
                0x08014d34                usbd_ep_is_stalled
 .text.usbd_ep_start_write
                0x08014d68      0x10c CMakeFiles/n7six.ApeX-k1.v7.6.5br1.dir/Middlewares/CherryUSB/port/usb_dc_py32.c.obj
                0x08014d68                usbd_ep_start_write
 .text.usbd_ep_start_read
                0x08014e74       0x94 CMakeFiles/n7six.ApeX-k1.v7.6.5br1.dir/Middlewares/CherryUSB/port/usb_dc_py32.c.obj
                0x08014e74                usbd_ep_start_read
 .text.USB_IRQHandler
                0x08014f08      0x2a8 CMakeFiles/n7six.ApeX-k1.v7.6.5br1.dir/Middlewares/CherryUSB/port/usb_dc_py32.c.obj
                0x08014f08                USB_IRQHandler
 .text.cdc_notify_handler
                0x080151b0        0x2 CMakeFiles/n7six.ApeX-k1.v7.6.5br1.dir/Middlewares/CherryUSB/class/cdc/usbd_cdc.c.obj
 *fill*         0x080151b2        0x2 
 .text.usbd_cdc_acm_init_intf
                0x080151b4       0x18 CMakeFiles/n7six.ApeX-k1.v7.6.5br1.dir/Middlewares/CherryUSB/class/cdc/usbd_cdc.c.obj
                0x080151b4                usbd_cdc_acm_init_intf
 .text.usbd_cdc_acm_set_line_coding
                0x080151cc        0x2 CMakeFiles/n7six.ApeX-k1.v7.6.5br1.dir/Middlewares/CherryUSB/class/cdc/usbd_cdc.c.obj
                0x080151cc                usbd_cdc_acm_set_line_coding
 .text.usbd_cdc_acm_get_line_coding
                0x080151ce       0x1c CMakeFiles/n7six.ApeX-k1.v7.6.5br1.dir/Middlewares/CherryUSB/class/cdc/usbd_cdc.c.obj
                0x080151ce                usbd_cdc_acm_get_line_coding
 .text.usbd_cdc_acm_set_rts
                0x080151ea        0x2 CMakeFiles/n7six.ApeX-k1.v7.6.5br1.dir/Middlewares/CherryUSB/class/cdc/usbd_cdc.c.obj
                0x080151ea                usbd_cdc_acm_set_rts
 .text.cdc_acm_class_interface_request_handler
                0x080151ec       0x70 CMakeFiles/n7six.ApeX-k1.v7.6.5br1.dir/Middlewares/CherryUSB/class/cdc/usbd_cdc.c.obj
 .text.__muldi3