Archive member included to satisfy reference by file (symbol)

/opt/toolchain/bin/../lib/gcc/arm-none-eabi/13.3.1/thumb/v6-m/nofp/libgcc.a(_thumb1_case_sqi.o)
                              CMakeFiles/n7six.ApeX-k1.v7.6.5br3.dir/App/app/menu.c.obj (__gnu_thumb1_case_sqi)
/opt/toolchain/bin/../lib/gcc/arm-none-eabi/13.3.1/thumb/v6-m/nofp/libgcc.a(_thumb1_case_uqi.o)
                              CMakeFiles/n7six.ApeX-k1.v7.6.5br3.dir/Drivers/PY32F071_HAL_Driver/Src/py32f071_ll_dma.c.obj (__gnu_thumb1_case_uqi)
/opt/toolchain/bin/../lib/gcc/arm-none-eabi/13.3.1/thumb/v6-m/nofp/libgcc.a(_thumb1_case_shi.o)
                              CMakeFiles/n7six.ApeX-k1.v7.6.5br3.dir/App/app/main.c.obj (__gnu_thumb1_case_shi)
/opt/toolchain/bin/../lib/gcc/arm-none-eabi/13.3.1/thumb/v6-m/nofp/libgcc.a(_thumb1_case_uhi.o)
                              CMakeFiles/n7six.ApeX-k1.v7.6.5br3.dir/App/app/main.c.obj (__gnu_thumb1_case_uhi)
/opt/toolchain/bin/../lib/gcc/arm-none-eabi/13.3.1/thumb/v6-m/nofp/libgcc.a(_udivsi3.o)
                              CMakeFiles/n7six.ApeX-k1.v7.6.5br3.dir/Drivers/PY32F071_HAL_Driver/Src/py32f071_ll_rcc.c.obj (__aeabi_uidiv)
/opt/toolchain/bin/../lib/gcc/arm-none-eabi/13.3.1/thumb/v6-m/nofp/libgcc.a(_divsi3.o)
                              CMakeFiles/n7six.ApeX-k1.v7.6.5br3.dir/Drivers/PY32F071_HAL_Driver/Src/py32f071_ll_i2c.c.obj (__aeabi_idiv)
/opt/toolchain/bin/../lib/gcc/arm-none-eabi/13.3.1/thumb/v6-m/nofp/libgcc.a(_dvmd_tls.o)
                              /opt/toolchain/bin/../lib/gcc/arm-none-eabi/13.3.1/thumb/v6-m/nofp/libgcc.a(_udivsi3.o) (__aeabi_idiv0)
/opt/toolchain/bin/../lib/gcc/arm-none-eabi/13.3.1/thumb/v6-m/nofp/libgcc.a(_clzsi2.o)
                              CMakeFiles/n7six.ApeX-k1.v7.6.5br3.dir/App/board.c.obj (__clzsi2)
/opt/toolchain/bin/../lib/gcc/arm-none-eabi/13.3.1/thumb/v6-m/nofp/libgcc.a(_muldi3.o)
                              CMakeFiles/n7six.ApeX-k1.v7.6.5br3.dir/App/app/spectrum.c.obj (__aeabi_lmul)
/opt/toolchain/bin/../lib/gcc/arm-none-eabi/13.3.1/../../../../arm-none-eabi/lib/thumb/v6-m/nofp/libg_nano.a(libc_a-exit.o)
                              /opt/toolchain/bin/../lib/gcc/arm-none-eabi/13.3.1/../../../../arm-none-eabi/lib/thumb/v6-m/nofp/crt0.o (exit)
/opt/toolchain/bin/../lib/gcc/arm-none-eabi/13.3.1/../../../../arm-none-eabi/lib/thumb/v6-m/nofp/libg_nano.a(libc_a-init.o)
                              /opt/toolchain/bin/../lib/gcc/arm-none-eabi/13.3.1/../../../../arm-none-eabi/lib/thumb/v6-m/nofp/crt0.o (__libc_init_array)
/opt/toolchain/bin/../lib/gcc/arm-none-eabi/13.3.1/../../../../arm-none-eabi/lib/thumb/v6-m/nofp/libg_nano.a(libc_a-memmove.o)
                              CMakeFiles/n7six.ApeX-k1.v7.6.5br3.dir/App/app/dtmf.c.obj (memmove)
/opt/toolchain/bin/../lib/gcc/arm-none-eabi/13.3.1/../../../../arm-none-eabi/lib/thumb/v6-m/nofp/libg_nano.a(libc_a-memset.o)
                              /opt/toolchain/bin/../lib/gcc/arm-none-eabi/13.3.1/../../../../arm-none-eabi/lib/thumb/v6-m/nofp/crt0.o (memset)
/opt/toolchain/bin/../lib/gcc/arm-none-eabi/13.3.1/../../../../arm-none-eabi/lib/thumb/v6-m/nofp/libg_nano.a(libc_a-memcpy-stub.o)
                              CMakeFiles/n7six.ApeX-k1.v7.6.5br3.dir/App/driver/bk4829.c.obj (memcpy)
/opt/toolchain/bin/../lib/gcc/arm-none-eabi/13.3.1/../../../../arm-none-eabi/lib/thumb/v6-m/nofp/libg_nano.a(libc_a-strlen.o)
                              CMakeFiles/n7six.ApeX-k1.v7.6.5br3.dir/App/app/app.c.obj (strlen)
/opt/toolchain/bin/../lib/gcc/arm-none-eabi/13.3.1/../../../../arm-none-eabi/lib/thumb/v6-m/nofp/libg_nano.a(libc_a-findfp.o)
                              /opt/toolchain/bin/../lib/gcc/arm-none-eabi/13.3.1/../../../../arm-none-eabi/lib/thumb/v6-m/nofp/libg_nano.a(libc_a-exit.o) (__stdio_exit_handler)
/opt/toolchain/bin/../lib/gcc/arm-none-eabi/13.3.1/../../../../arm-none-eabi/lib/thumb/v6-m/nofp/libg_nano.a(libc_a-strncpy.o)
                              CMakeFiles/n7six.ApeX-k1.v7.6.5br3.dir/App/app/generic.c.obj (strncpy)
/opt/toolchain/bin/../lib/gcc/arm-none-eabi/13.3.1/../../../../arm-none-eabi/lib/thumb/v6-m/nofp/libg_nano.a(libc_a-strnlen.o)
                              CMakeFiles/n7six.ApeX-k1.v7.6.5br3.dir/App/app/uart.c.obj (strnlen)
/opt/toolchain/bin/../lib/gcc/arm-none-eabi/13.3.1/../../../../arm-none-eabi/lib/thumb/v6-m/nofp/libg_nano.a(libc_a-stdio.o)
                              /opt/toolchain/bin/../lib/gcc/arm-none-eabi/13.3.1/../../../../arm-none-eabi/lib/thumb/v6-m/nofp/libg_nano.a(libc_a-findfp.o) (__sread)
/opt/toolchain/bin/../lib/gcc/arm-none-eabi/13.3.1/../../../../arm-none-eabi/lib/thumb/v6-m/nofp/libg_nano.a(libc_a-lseekr.o)
                              /opt/toolchain/bin/../lib/gcc/arm-none-eabi/13.3.1/../../../../arm-none-eabi/lib/thumb/v6-m/nofp/libg_nano.a(libc_a-stdio.o) (_lseek_r)
/opt/toolchain/bin/../lib/gcc/arm-none-eabi/13.3.1/../../../../arm-none-eabi/lib/thumb/v6-m/nofp/libg_nano.a(libc_a-readr.o)
[...]
Memory Configuration

Name             Origin             Length             Attributes
RAM              0x20000000         0x00004000         xrw
FLASH            0x08002800         0x0001d800         xr
*default*        0x00000000         0xffffffff

Linker script and memory map

LOAD /opt/toolchain/bin/../lib/gcc/arm-none-eabi/13.3.1/thumb/v6-m/nofp/crti.o
LOAD /opt/toolchain/bin/../lib/gcc/arm-none-eabi/13.3.1/thumb/v6-m/nofp/crtbegin.o
LOAD /opt/toolchain/bin/../lib/gcc/arm-none-eabi/13.3.1/../../../../arm-none-eabi/lib/thumb/v6-m/nofp/crt0.o
LOAD CMakeFiles/n7six.ApeX-k1.v7.6.5br3.dir/Core/Src/main.c.obj
LOAD CMakeFiles/n7six.ApeX-k1.v7.6.5br3.dir/Core/Src/py32f071_it.c.obj
LOAD CMakeFiles/n7six.ApeX-k1.v7.6.5br3.dir/Core/Src/system_py32f071.c.obj
LOAD CMakeFiles/n7six.ApeX-k1.v7.6.5br3.dir/Core/startup_py32f071xx.s.obj
LOAD CMakeFiles/n7six.ApeX-k1.v7.6.5br3.dir/Drivers/PY32F071_HAL_Driver/Src/py32f071_ll_rcc.c.obj
LOAD CMakeFiles/n7six.ApeX-k1.v7.6.5br3.dir/Drivers/PY32F071_HAL_Driver/Src/py32f071_ll_pwr.c.obj
LOAD CMakeFiles/n7six.ApeX-k1.v7.6.5br3.dir/Drivers/PY32F071_HAL_Driver/Src/py32f071_ll_dma.c.obj
LOAD CMakeFiles/n7six.ApeX-k1.v7.6.5br3.dir/Drivers/PY32F071_HAL_Driver/Src/py32f071_ll_gpio.c.obj
LOAD CMakeFiles/n7six.ApeX-k1.v7.6.5br3.dir/Drivers/PY32F071_HAL_Driver/Src/py32f071_ll_utils.c.obj
LOAD CMakeFiles/n7six.ApeX-k1.v7.6.5br3.dir/Drivers/PY32F071_HAL_Driver/Src/py32f071_ll_adc.c.obj
LOAD CMakeFiles/n7six.ApeX-k1.v7.6.5br3.dir/Drivers/PY32F071_HAL_Driver/Src/py32f071_ll_comp.c.obj
LOAD CMakeFiles/n7six.ApeX-k1.v7.6.5br3.dir/Drivers/PY32F071_HAL_Driver/Src/py32f071_ll_crc.c.obj
LOAD CMakeFiles/n7six.ApeX-k1.v7.6.5br3.dir/Drivers/PY32F071_HAL_Driver/Src/py32f071_ll_dac.c.obj
LOAD CMakeFiles/n7six.ApeX-k1.v7.6.5br3.dir/Drivers/PY32F071_HAL_Driver/Src/py32f071_ll_exti.c.obj
LOAD CMakeFiles/n7six.ApeX-k1.v7.6.5br3.dir/Drivers/PY32F071_HAL_Driver/Src/py32f071_ll_i2c.c.obj
LOAD CMakeFiles/n7six.ApeX-k1.v7.6.5br3.dir/Drivers/PY32F071_HAL_Driver/Src/py32f071_ll_rtc.c.obj
LOAD CMakeFiles/n7six.ApeX-k1.v7.6.5br3.dir/Drivers/PY32F071_HAL_Driver/Src/py32f071_ll_spi.c.obj
LOAD CMakeFiles/n7six.ApeX-k1.v7.6.5br3.dir/Drivers/PY32F071_HAL_Driver/Src/py32f071_ll_tim.c.obj
LOAD CMakeFiles/n7six.ApeX-k1.v7.6.5br3.dir/Drivers/PY32F071_HAL_Driver/Src/py32f071_ll_lptim.c.obj
LOAD CMakeFiles/n7six.ApeX-k1.v7.6.5br3.dir/Drivers/PY32F071_HAL_Driver/Src/py32f071_ll_usart.c.obj
LOAD CMakeFiles/n7six.ApeX-k1.v7.6.5br3.dir/App/driver/backlight.c.obj
LOAD CMakeFiles/n7six.ApeX-k1.v7.6.5br3.dir/App/driver/bk4829.c.obj
LOAD CMakeFiles/n7six.ApeX-k1.v7.6.5br3.dir/App/driver/py25q16.c.obj
LOAD CMakeFiles/n7six.ApeX-k1.v7.6.5br3.dir/App/driver/gpio.c.obj
LOAD CMakeFiles/n7six.ApeX-k1.v7.6.5br3.dir/App/driver/i2c.c.obj
LOAD CMakeFiles/n7six.ApeX-k1.v7.6.5br3.dir/App/driver/keyboard.c.obj
LOAD CMakeFiles/n7six.ApeX-k1.v7.6.5br3.dir/App/driver/st7565.c.obj
LOAD CMakeFiles/n7six.ApeX-k1.v7.6.5br3.dir/App/driver/system.c.obj
LOAD CMakeFiles/n7six.ApeX-k1.v7.6.5br3.dir/App/driver/systick.c.obj
LOAD CMakeFiles/n7six.ApeX-k1.v7.6.5br3.dir/App/app/action.c.obj
LOAD CMakeFiles/n7six.ApeX-k1.v7.6.5br3.dir/App/app/app.c.obj
LOAD CMakeFiles/n7six.ApeX-k1.v7.6.5br3.dir/App/app/chFrScanner.c.obj
LOAD CMakeFiles/n7six.ApeX-k1.v7.6.5br3.dir/App/app/common.c.obj
LOAD CMakeFiles/n7six.ApeX-k1.v7.6.5br3.dir/App/app/dtmf.c.obj
LOAD CMakeFiles/n7six.ApeX-k1.v7.6.5br3.dir/App/app/events.c.obj
LOAD CMakeFiles/n7six.ApeX-k1.v7.6.5br3.dir/App/app/events_handlers.c.obj
LOAD CMakeFiles/n7six.ApeX-k1.v7.6.5br3.dir/App/app/generic.c.obj
LOAD CMakeFiles/n7six.ApeX-k1.v7.6.5br3.dir/App/app/main.c.obj
LOAD CMakeFiles/n7six.ApeX-k1.v7.6.5br3.dir/App/app/menu.c.obj
LOAD CMakeFiles/n7six.ApeX-k1.v7.6.5br3.dir/App/app/scanner.c.obj
LOAD CMakeFiles/n7six.ApeX-k1.v7.6.5br3.dir/App/audio.c.obj
LOAD CMakeFiles/n7six.ApeX-k1.v7.6.5br3.dir/App/bitmaps.c.obj
LOAD CMakeFiles/n7six.ApeX-k1.v7.6.5br3.dir/App/board.c.obj
LOAD CMakeFiles/n7six.ApeX-k1.v7.6.5br3.dir/App/dcs.c.obj
LOAD CMakeFiles/n7six.ApeX-k1.v7.6.5br3.dir/App/font.c.obj
LOAD CMakeFiles/n7six.ApeX-k1.v7.6.5br3.dir/App/frequencies.c.obj
LOAD CMakeFiles/n7six.ApeX-k1.v7.6.5br3.dir/App/functions.c.obj
LOAD CMakeFiles/n7six.ApeX-k1.v7.6.5br3.dir/App/helper/battery.c.obj
LOAD CMakeFiles/n7six.ApeX-k1.v7.6.5br3.dir/App/helper/boot.c.obj
LOAD CMakeFiles/n7six.ApeX-k1.v7.6.5br3.dir/App/misc.c.obj
LOAD CMakeFiles/n7six.ApeX-k1.v7.6.5br3.dir/App/radio.c.obj
LOAD CMakeFiles/n7six.ApeX-k1.v7.6.5br3.dir/App/scheduler.c.obj
LOAD CMakeFiles/n7six.ApeX-k1.v7.6.5br3.dir/App/settings.c.obj
LOAD CMakeFiles/n7six.ApeX-k1.v7.6.5br3.dir/App/ui/battery.c.obj
LOAD CMakeFiles/n7six.ApeX-k1.v7.6.5br3.dir/App/ui/helper.c.obj
LOAD CMakeFiles/n7six.ApeX-k1.v7.6.5br3.dir/App/ui/inputbox.c.obj
LOAD CMakeFiles/n7six.ApeX-k1.v7.6.5br3.dir/App/ui/main.c.obj
LOAD CMakeFiles/n7six.ApeX-k1.v7.6.5br3.dir/App/ui/menu.c.obj
LOAD CMakeFiles/n7six.ApeX-k1.v7.6.5br3.dir/App/ui/scanner.c.obj
LOAD CMakeFiles/n7six.ApeX-k1.v7.6.5br3.dir/App/ui/status.c.obj
LOAD CMakeFiles/n7six.ApeX-k1.v7.6.5br3.dir/App/ui/ui.c.obj
LOAD CMakeFiles/n7six.ApeX-k1.v7.6.5br3.dir/App/ui/welcome.c.obj
LOAD CMakeFiles/n7six.ApeX-k1.v7.6.5br3.dir/App/version.c.obj
LOAD CMakeFiles/n7six.ApeX-k1.v7.6.5br3.dir/App/main.c.obj
LOAD CMakeFiles/n7six.ApeX-k1.v7.6.5br3.dir/App/external/printf/printf.c.obj
LOAD CMakeFiles/n7six.ApeX-k1.v7.6.5br3.dir/App/driver/crc.c.obj
LOAD CMakeFiles/n7six.ApeX-k1.v7.6.5br3.dir/App/driver/eeprom_compat.c.obj
LOAD CMakeFiles/n7six.ApeX-k1.v7.6.5br3.dir/App/driver/uart.c.obj
LOAD CMakeFiles/n7six.ApeX-k1.v7.6.5br3.dir/App/app/uart.c.obj
LOAD CMakeFiles/n7six.ApeX-k1.v7.6.5br3.dir/App/driver/vcp.c.obj
LOAD CMakeFiles/n7six.ApeX-k1.v7.6.5br3.dir/App/usb/usbd_cdc_if.c.obj
LOAD CMakeFiles/n7six.ApeX-k1.v7.6.5br3.dir/App/driver/bk1080.c.obj
LOAD CMakeFiles/n7six.ApeX-k1.v7.6.5br3.dir/App/app/fm.c.obj
LOAD CMakeFiles/n7six.ApeX-k1.v7.6.5br3.dir/App/ui/fmradio.c.obj
LOAD CMakeFiles/n7six.ApeX-k1.v7.6.5br3.dir/App/app/aircopy.c.obj
LOAD CMakeFiles/n7six.ApeX-k1.v7.6.5br3.dir/App/ui/aircopy.c.obj
LOAD CMakeFiles/n7six.ApeX-k1.v7.6.5br3.dir/App/app/flashlight.c.obj
LOAD CMakeFiles/n7six.ApeX-k1.v7.6.5br3.dir/App/app/spectrum.c.obj
LOAD CMakeFiles/n7six.ApeX-k1.v7.6.5br3.dir/App/screenshot.c.obj
LOAD CMakeFiles/n7six.ApeX-k1.v7.6.5br3.dir/Middlewares/CherryUSB/core/usbd_core.c.obj
LOAD CMakeFiles/n7six.ApeX-k1.v7.6.5br3.dir/Middlewares/CherryUSB/port/usb_dc_py32.c.obj
LOAD CMakeFiles/n7six.ApeX-k1.v7.6.5br3.dir/Middlewares/CherryUSB/class/cdc/usbd_cdc.c.obj
LOAD /opt/toolchain/bin/../lib/gcc/arm-none-eabi/13.3.1/../../../../arm-none-eabi/lib/thumb/v6-m/nofp/libm.a
START GROUP
LOAD /opt/toolchain/bin/../lib/gcc/arm-none-eabi/13.3.1/thumb/v6-m/nofp/libgcc.a
LOAD /opt/toolchain/bin/../lib/gcc/arm-none-eabi/13.3.1/../../../../arm-none-eabi/lib/thumb/v6-m/nofp/libg_nano.a
LOAD /opt/toolchain/bin/../lib/gcc/arm-none-eabi/13.3.1/../../../../arm-none-eabi/lib/thumb/v6-m/nofp/libc_nano.a
END GROUP
START GROUP
LOAD /opt/toolchain/bin/../lib/gcc/arm-none-eabi/13.3.1/thumb/v6-m/nofp/libgcc.a
LOAD /opt/toolchain/bin/../lib/gcc/arm-none-eabi/13.3.1/../../../../arm-none-eabi/lib/thumb/v6-m/nofp/libc_nano.a
END GROUP
LOAD /opt/toolchain/bin/../lib/gcc/arm-none-eabi/13.3.1/thumb/v6-m/nofp/crtend.o
LOAD /opt/toolchain/bin/../lib/gcc/arm-none-eabi/13.3.1/thumb/v6-m/nofp/crtn.o
                0x20004000                        _estack = (ORIGIN (RAM) + LENGTH (RAM))
                0x00000200                        _Min_Heap_Size = 0x200
                0x00000400                        _Min_Stack_Size = 0x400

.isr_vector     0x08002800       0xc0
                0x08002800                        . = ALIGN (0x4)
 *(.isr_vector)
 .isr_vector    0x08002800       0xc0 CMakeFiles/n7six.ApeX-k1.v7.6.5br3.dir/Core/startup_py32f071xx.s.obj
                0x08002800                g_pfnVectors
                0x080028c0                        . = ALIGN (0x4)

.text           0x080028c0    0x1310c
                0x080028c0                        . = ALIGN (0x4)
 *(.text)
 .text          0x080028c0       0x14 /opt/toolchain/bin/../lib/gcc/arm-none-eabi/13.3.1/thumb/v6-m/nofp/libgcc.a(_thumb1_case_sqi.o)
                0x080028c0                __gnu_thumb1_case_sqi
 .text          0x080028d4       0x14 /opt/toolchain/bin/../lib/gcc/arm-none-eabi/13.3.1/thumb/v6-m/nofp/libgcc.a(_thumb1_case_uqi.o)
                0x080028d4                __gnu_thumb1_case_uqi
 .text          0x080028e8       0x14 /opt/toolchain/bin/../lib/gcc/arm-none-eabi/13.3.1/thumb/v6-m/nofp/libgcc.a(_thumb1_case_shi.o)
                0x080028e8                __gnu_thumb1_case_shi
 .text          0x080028fc       0x14 /opt/toolchain/bin/../lib/gcc/arm-none-eabi/13.3.1/thumb/v6-m/nofp/libgcc.a(_thumb1_case_uhi.o)
                0x080028fc                __gnu_thumb1_case_uhi
 .text          0x08002910      0x114 /opt/toolchain/bin/../lib/gcc/arm-none-eabi/13.3.1/thumb/v6-m/nofp/libgcc.a(_udivsi3.o)
                0x08002910                __udivsi3
                0x08002910                __aeabi_uidiv
                0x08002a1c                __aeabi_uidivmod
 .text          0x08002a24      0x1d4 /opt/toolchain/bin/../lib/gcc/arm-none-eabi/13.3.1/thumb/v6-m/nofp/libgcc.a(_divsi3.o)
                0x08002a24                __aeabi_idiv
                0x08002a24                __divsi3
                0x08002bf0                __aeabi_idivmod
 .text          0x08002bf8        0x4 /opt/toolchain/bin/../lib/gcc/arm-none-eabi/13.3.1/thumb/v6-m/nofp/libgcc.a(_dvmd_tls.o)
                0x08002bf8                __aeabi_ldiv0
                0x08002bf8                __aeabi_idiv0
 .text          0x08002bfc       0x3c /opt/toolchain/bin/../lib/gcc/arm-none-eabi/13.3.1/thumb/v6-m/nofp/libgcc.a(_clzsi2.o)
                0x08002bfc                __clzsi2
 .text          0x08002c38        0xe /opt/toolchain/bin/../lib/gcc/arm-none-eabi/13.3.1/../../../../arm-none-eabi/lib/thumb/v6-m/nofp/libg_nano.a(libc_a-strlen.o)
                0x08002c38                strlen
 *(.text*)
 *fill*         0x08002c46        0x2 
 .text.deregister_tm_clones
                0x08002c48       0x20 /opt/toolchain/bin/../lib/gcc/arm-none-eabi/13.3.1/thumb/v6-m/nofp/crtbegin.o
 .text.register_tm_clones
                0x08002c68       0x28 /opt/toolchain/bin/../lib/gcc/arm-none-eabi/13.3.1/thumb/v6-m/nofp/crtbegin.o
 .text.__do_global_dtors_aux
                0x08002c90       0x2c /opt/toolchain/bin/../lib/gcc/arm-none-eabi/13.3.1/thumb/v6-m/nofp/crtbegin.o
 .text.frame_dummy
                0x08002cbc       0x24 /opt/toolchain/bin/../lib/gcc/arm-none-eabi/13.3.1/thumb/v6-m/nofp/crtbegin.o
 .text.startup.main
                0x08002ce0       0x3c CMakeFiles/n7six.ApeX-k1.v7.6.5br3.dir/Core/Src/main.c.obj
                0x08002ce0                main
 .text.NMI_Handler
                0x08002d1c        0x2 CMakeFiles/n7six.ApeX-k1.v7.6.5br3.dir/Core/Src/py32f071_it.c.obj
                0x08002d1c                NMI_Handler
 .text.HardFault_Handler
                0x08002d1e        0x2 CMakeFiles/n7six.ApeX-k1.v7.6.5br3.dir/Core/Src/py32f071_it.c.obj
                0x08002d1e                HardFault_Handler
 .text.SVC_Handler
                0x08002d20        0x2 CMakeFiles/n7six.ApeX-k1.v7.6.5br3.dir/Core/Src/py32f071_it.c.obj
                0x08002d20                SVC_Handler
 .text.PendSV_Handler
                0x08002d22        0x2 CMakeFiles/n7six.ApeX-k1.v7.6.5br3.dir/Core/Src/py32f071_it.c.obj
                0x08002d22                PendSV_Handler
 .text.SystemInit
                0x08002d24       0x10 CMakeFiles/n7six.ApeX-k1.v7.6.5br3.dir/Core/Src/system_py32f071.c.obj
                0x08002d24                SystemInit
 .text.Reset_Handler
                0x08002d34       0x50 CMakeFiles/n7six.ApeX-k1.v7.6.5br3.dir/Core/startup_py32f071xx.s.obj
                0x08002d34                Reset_Handler
 .text.Default_Handler
                0x08002d84        0x2 CMakeFiles/n7six.ApeX-k1.v7.6.5br3.dir/Core/startup_py32f071xx.s.obj
                0x08002d84                TIM1_CC_IRQHandler
                0x08002d84                PVD_IRQHandler
                0x08002d84                I2C1_IRQHandler
                0x08002d84                SPI1_IRQHandler
                0x08002d84                EXTI2_3_IRQHandler
                0x08002d84                I2C2_IRQHandler
                0x08002d84                TIM17_IRQHandler
                0x08002d84                USART3_IRQHandler
                0x08002d84                RTC_IRQHandler
                0x08002d84                LCD_IRQHandler
                0x08002d84                TIM16_IRQHandler
                0x08002d84                TIM3_IRQHandler
                0x08002d84                EXTI4_15_IRQHandler
                0x08002d84                RCC_IRQHandler
                0x08002d84                DMA1_Channel1_IRQHandler
                0x08002d84                Default_Handler
                0x08002d84                TIM14_IRQHandler
                0x08002d84                TIM7_IRQHandler
                0x08002d84                TIM15_IRQHandler
                0x08002d84                EXTI0_1_IRQHandler
                0x08002d84                SPI2_IRQHandler
                0x08002d84                WWDG_IRQHandler
                0x08002d84                TIM2_IRQHandler
                0x08002d84                DMA1_Channel2_3_IRQHandler
                0x08002d84                ADC_COMP_IRQHandler
                0x08002d84                USART2_IRQHandler
                0x08002d84                TIM6_LPTIM1_DAC_IRQHandler
                0x08002d84                FLASH_IRQHandler
                0x08002d84                USART1_IRQHandler
                0x08002d84                TIM1_BRK_UP_TRG_COM_IRQHandler
 *fill*         0x08002d86        0x2 
 .text.RCC_GetHCLKClockFreq
                0x08002d88       0x20 CMakeFiles/n7six.ApeX-k1.v7.6.5br3.dir/Drivers/PY32F071_HAL_Driver/Src/py32f071_ll_rcc.c.obj
                0x08002d88                RCC_GetHCLKClockFreq
 .text.RCC_GetPCLK1ClockFreq
                0x08002da8       0x20 CMakeFiles/n7six.ApeX-k1.v7.6.5br3.dir/Drivers/PY32F071_HAL_Driver/Src/py32f071_ll_rcc.c.obj
                0x08002da8                RCC_GetPCLK1ClockFreq
 .text.RCC_PLL_GetFreqDomain_SYS
                0x08002dc8       0x38 CMakeFiles/n7six.ApeX-k1.v7.6.5br3.dir/Drivers/PY32F071_HAL_Driver/Src/py32f071_ll_rcc.c.obj
                0x08002dc8                RCC_PLL_GetFreqDomain_SYS
 .text.RCC_GetSystemClockFreq
                0x08002e00       0x50 CMakeFiles/n7six.ApeX-k1.v7.6.5br3.dir/Drivers/PY32F071_HAL_Driver/Src/py32f071_ll_rcc.c.obj
                0x08002e00                RCC_GetSystemClockFreq
 .text.LL_RCC_GetSystemClocksFreq
                0x08002e50       0x18 CMakeFiles/n7six.ApeX-k1.v7.6.5br3.dir/Drivers/PY32F071_HAL_Driver/Src/py32f071_ll_rcc.c.obj
                0x08002e50                LL_RCC_GetSystemClocksFreq
 .text.LL_DMA_Init
                0x08002e68       0x4c CMakeFiles/n7six.ApeX-k1.v7.6.5br3.dir/Drivers/PY32F071_HAL_Driver/Src/py32f071_ll_dma.c.obj
                0x08002e68                LL_DMA_Init
 .text.LL_DMA_StructInit
                0x08002eb4       0x18 CMakeFiles/n7six.ApeX-k1.v7.6.5br3.dir/Drivers/PY32F071_HAL_Driver/Src/py32f071_ll_dma.c.obj
                0x08002eb4                LL_DMA_StructInit
 .text.LL_GPIO_Init
                0x08002ecc       0xa4 CMakeFiles/n7six.ApeX-k1.v7.6.5br3.dir/Drivers/PY32F071_HAL_Driver/Src/py32f071_ll_gpio.c.obj
                0x08002ecc                LL_GPIO_Init
 .text.LL_GPIO_StructInit
                0x08002f70       0x18 CMakeFiles/n7six.ApeX-k1.v7.6.5br3.dir/Drivers/PY32F071_HAL_Driver/Src/py32f071_ll_gpio.c.obj
                0x08002f70                LL_GPIO_StructInit
 .text.LL_SetSystemCoreClock
                0x08002f88        0xc CMakeFiles/n7six.ApeX-k1.v7.6.5br3.dir/Drivers/PY32F071_HAL_Driver/Src/py32f071_ll_utils.c.obj
                0x08002f88                LL_SetSystemCoreClock
 .text.LL_SPI_Init
                0x08002f94       0x68 CMakeFiles/n7six.ApeX-k1.v7.6.5br3.dir/Drivers/PY32F071_HAL_Driver/Src/py32f071_ll_spi.c.obj
                0x08002f94                LL_SPI_Init
 .text.LL_SPI_StructInit
                0x08002ffc       0x1a CMakeFiles/n7six.ApeX-k1.v7.6.5br3.dir/Drivers/PY32F071_HAL_Driver/Src/py32f071_ll_spi.c.obj
                0x08002ffc                LL_SPI_StructInit
 *fill*         0x08003016        0x2 
 .text.LL_USART_Init
                0x08003018       0xe4 CMakeFiles/n7six.ApeX-k1.v7.6.5br3.dir/Drivers/PY32F071_HAL_Driver/Src/py32f071_ll_usart.c.obj
                0x08003018                LL_USART_Init
 .text.LL_USART_StructInit
                0x080030fc       0x18 CMakeFiles/n7six.ApeX-k1.v7.6.5br3.dir/Drivers/PY32F071_HAL_Driver/Src/py32f071_ll_usart.c.obj
                0x080030fc                LL_USART_StructInit
 .text.BACKLIGHT_Sound
                0x08003114       0x28 CMakeFiles/n7six.ApeX-k1.v7.6.5br3.dir/App/driver/backlight.c.obj
 .text.BACKLIGHT_InitHardware
                0x0800313c       0xc4 CMakeFiles/n7six.ApeX-k1.v7.6.5br3.dir/App/driver/backlight.c.obj
                0x0800313c                BACKLIGHT_InitHardware
 .text.BACKLIGHT_IsOn
                0x08003200        0xc CMakeFiles/n7six.ApeX-k1.v7.6.5br3.dir/App/driver/backlight.c.obj
                0x08003200                BACKLIGHT_IsOn
 .text.BACKLIGHT_SetBrightness
                0x0800320c       0xbc CMakeFiles/n7six.ApeX-k1.v7.6.5br3.dir/App/driver/backlight.c.obj
                0x0800320c                BACKLIGHT_SetBrightness
 .text.BACKLIGHT_TurnOff
                0x080032c8       0x24 CMakeFiles/n7six.ApeX-k1.v7.6.5br3.dir/App/driver/backlight.c.obj
                0x080032c8                BACKLIGHT_TurnOff
 .text.BACKLIGHT_TurnOn
                0x080032ec       0x8c CMakeFiles/n7six.ApeX-k1.v7.6.5br3.dir/App/driver/backlight.c.obj
                0x080032ec                BACKLIGHT_TurnOn
 .text.BK4819_WriteU8
                0x08003378       0x54 CMakeFiles/n7six.ApeX-k1.v7.6.5br3.dir/App/driver/bk4829.c.obj
                0x08003378                BK4819_WriteU8
 .text.BK4819_ReadRegister
                0x080033cc       0x98 CMakeFiles/n7six.ApeX-k1.v7.6.5br3.dir/App/driver/bk4829.c.obj
                0x080033cc                BK4819_ReadRegister
 .text.BK4819_WriteU16
                0x08003464       0x54 CMakeFiles/n7six.ApeX-k1.v7.6.5br3.dir/App/driver/bk4829.c.obj
                0x08003464                BK4819_WriteU16
 .text.BK4819_WriteRegister
                0x080034b8       0x4c CMakeFiles/n7six.ApeX-k1.v7.6.5br3.dir/App/driver/bk4829.c.obj
                0x080034b8                BK4819_WriteRegister
 .text.BK4819_Init
                0x08003504      0x1d0 CMakeFiles/n7six.ApeX-k1.v7.6.5br3.dir/App/driver/bk4829.c.obj
                0x08003504                BK4819_Init
 .text.BK4819_SetAGC
                0x080036d4       0x30 CMakeFiles/n7six.ApeX-k1.v7.6.5br3.dir/App/driver/bk4829.c.obj
                0x080036d4                BK4819_SetAGC
 .text.BK4819_InitAGC
                0x08003704       0x64 CMakeFiles/n7six.ApeX-k1.v7.6.5br3.dir/App/driver/bk4829.c.obj
                0x08003704                BK4819_InitAGC
 .text.BK4819_ToggleGpioOut
                0x08003768       0x2c CMakeFiles/n7six.ApeX-k1.v7.6.5br3.dir/App/driver/bk4829.c.obj
                0x08003768                BK4819_ToggleGpioOut
 .text.BK4819_SetCDCSSCodeWord
                0x08003794       0x38 CMakeFiles/n7six.ApeX-k1.v7.6.5br3.dir/App/driver/bk4829.c.obj
                0x08003794                BK4819_SetCDCSSCodeWord
 .text.BK4819_SetCTCSSFrequency
                0x080037cc       0x48 CMakeFiles/n7six.ApeX-k1.v7.6.5br3.dir/App/driver/bk4829.c.obj
                0x080037cc                BK4819_SetCTCSSFrequency
 .text.BK4819_SetTailDetection
                0x08003814       0x24 CMakeFiles/n7six.ApeX-k1.v7.6.5br3.dir/App/driver/bk4829.c.obj
                0x08003814                BK4819_SetTailDetection
 .text.BK4819_EnableVox
                0x08003838       0x48 CMakeFiles/n7six.ApeX-k1.v7.6.5br3.dir/App/driver/bk4829.c.obj
                0x08003838                BK4819_EnableVox
 .text.BK4819_SetFilterBandwidth
                0x08003880       0x1c CMakeFiles/n7six.ApeX-k1.v7.6.5br3.dir/App/driver/bk4829.c.obj
                0x08003880                BK4819_SetFilterBandwidth
 .text.BK4819_SetupPowerAmplifier
                0x0800389c       0x20 CMakeFiles/n7six.ApeX-k1.v7.6.5br3.dir/App/driver/bk4829.c.obj
                0x0800389c                BK4819_SetupPowerAmplifier
 .text.BK4819_SetFrequency
                0x080038bc       0x16 CMakeFiles/n7six.ApeX-k1.v7.6.5br3.dir/App/driver/bk4829.c.obj
                0x080038bc                BK4819_SetFrequency
 *fill*         0x080038d2        0x2 
 .text.BK4819_SetAF
                0x080038d4       0x14 CMakeFiles/n7six.ApeX-k1.v7.6.5br3.dir/App/driver/bk4829.c.obj
                0x080038d4                BK4819_SetAF
 .text.BK4819_SetRegValue
                0x080038e8       0x2e CMakeFiles/n7six.ApeX-k1.v7.6.5br3.dir/App/driver/bk4829.c.obj
                0x080038e8                BK4819_SetRegValue
 *fill*         0x08003916        0x2 
 .text.BK4819_RX_TurnOn
                0x08003918       0x24 CMakeFiles/n7six.ApeX-k1.v7.6.5br3.dir/App/driver/bk4829.c.obj
                0x08003918                BK4819_RX_TurnOn
 .text.BK4819_SetupSquelch
                0x0800393c       0x56 CMakeFiles/n7six.ApeX-k1.v7.6.5br3.dir/App/driver/bk4829.c.obj
                0x0800393c                BK4819_SetupSquelch
 *fill*         0x08003992        0x2 
 .text.BK4819_PickRXFilterPathBasedOnFrequency
                0x08003994       0x30 CMakeFiles/n7six.ApeX-k1.v7.6.5br3.dir/App/driver/bk4829.c.obj
                0x08003994                BK4819_PickRXFilterPathBasedOnFrequency
 .text.BK4819_DisableScramble
                0x080039c4       0x1e CMakeFiles/n7six.ApeX-k1.v7.6.5br3.dir/App/driver/bk4829.c.obj
                0x080039c4                BK4819_DisableScramble
 *fill*         0x080039e2        0x2 
 .text.BK4819_SetCompander
                0x080039e4       0x54 CMakeFiles/n7six.ApeX-k1.v7.6.5br3.dir/App/driver/bk4829.c.obj
                0x080039e4                BK4819_SetCompander
 .text.BK4819_DisableVox
                0x08003a38       0x16 CMakeFiles/n7six.ApeX-k1.v7.6.5br3.dir/App/driver/bk4829.c.obj
                0x08003a38                BK4819_DisableVox
 .text.BK4819_DisableDTMF
                0x08003a4e        0xc CMakeFiles/n7six.ApeX-k1.v7.6.5br3.dir/App/driver/bk4829.c.obj
                0x08003a4e                BK4819_DisableDTMF
 *fill*         0x08003a5a        0x2 
 .text.BK4819_EnableDTMF
                0x08003a5c       0x1c CMakeFiles/n7six.ApeX-k1.v7.6.5br3.dir/App/driver/bk4829.c.obj
                0x08003a5c                BK4819_EnableDTMF
 .text.BK4819_EnterTxMute
                0x08003a78       0x10 CMakeFiles/n7six.ApeX-k1.v7.6.5br3.dir/App/driver/bk4829.c.obj
                0x08003a78                BK4819_EnterTxMute
 .text.BK4819_PlayTone
                0x08003a88       0x58 CMakeFiles/n7six.ApeX-k1.v7.6.5br3.dir/App/driver/bk4829.c.obj
                0x08003a88                BK4819_PlayTone
 .text.BK4819_ExitTxMute
                0x08003ae0       0x10 CMakeFiles/n7six.ApeX-k1.v7.6.5br3.dir/App/driver/bk4829.c.obj
                0x08003ae0                BK4819_ExitTxMute
 .text.BK4819_Sleep
                0x08003af0       0x16 CMakeFiles/n7six.ApeX-k1.v7.6.5br3.dir/App/driver/bk4829.c.obj
                0x08003af0                BK4819_Sleep
 *fill*         0x08003b06        0x2 
 .text.BK4819_TurnsOffTones_TurnsOnRX
                0x08003b08       0x2c CMakeFiles/n7six.ApeX-k1.v7.6.5br3.dir/App/driver/bk4829.c.obj
                0x08003b08                BK4819_TurnsOffTones_TurnsOnRX
 .text.BK4819_SetupAircopy
                0x08003b34       0x44 CMakeFiles/n7six.ApeX-k1.v7.6.5br3.dir/App/driver/bk4829.c.obj
                0x08003b34                BK4819_SetupAircopy
 .text.BK4819_Idle
                0x08003b78        0xc CMakeFiles/n7six.ApeX-k1.v7.6.5br3.dir/App/driver/bk4829.c.obj
                0x08003b78                BK4819_Idle
 .text.BK4819_ResetFSK
                0x08003b84       0x1e CMakeFiles/n7six.ApeX-k1.v7.6.5br3.dir/App/driver/bk4829.c.obj
                0x08003b84                BK4819_ResetFSK
 .text.BK4819_ExitBypass
                0x08003ba2       0x20 CMakeFiles/n7six.ApeX-k1.v7.6.5br3.dir/App/driver/bk4829.c.obj
                0x08003ba2                BK4819_ExitBypass
 *fill*         0x08003bc2        0x2 
 .text.BK4819_TxOn_Beep
                0x08003bc4       0x38 CMakeFiles/n7six.ApeX-k1.v7.6.5br3.dir/App/driver/bk4829.c.obj
                0x08003bc4                BK4819_TxOn_Beep
 .text.BK4819_PrepareTransmit
                0x08003bfc       0x10 CMakeFiles/n7six.ApeX-k1.v7.6.5br3.dir/App/driver/bk4829.c.obj
                0x08003bfc                BK4819_PrepareTransmit
 .text.BK4819_ExitSubAu
                0x08003c0c        0xc CMakeFiles/n7six.ApeX-k1.v7.6.5br3.dir/App/driver/bk4829.c.obj
                0x08003c0c                BK4819_ExitSubAu
 .text.BK4819_Conditional_RX_TurnOn_and_GPIO6_Enable
                0x08003c18       0x1c CMakeFiles/n7six.ApeX-k1.v7.6.5br3.dir/App/driver/bk4829.c.obj
                0x08003c18                BK4819_Conditional_RX_TurnOn_and_GPIO6_Enable
 .text.BK4819_ExitDTMF_TX
                0x08003c34       0x30 CMakeFiles/n7six.ApeX-k1.v7.6.5br3.dir/App/driver/bk4829.c.obj
                0x08003c34                BK4819_ExitDTMF_TX
 .text.BK4819_EnableTXLink
                0x08003c64       0x10 CMakeFiles/n7six.ApeX-k1.v7.6.5br3.dir/App/driver/bk4829.c.obj
                0x08003c64                BK4819_EnableTXLink
 .text.BK4819_PlaySingleTone
                0x08003c74       0x94 CMakeFiles/n7six.ApeX-k1.v7.6.5br3.dir/App/driver/bk4829.c.obj
                0x08003c74                BK4819_PlaySingleTone
 .text.BK4819_EnterDTMF_TX
                0x08003d08       0x2c CMakeFiles/n7six.ApeX-k1.v7.6.5br3.dir/App/driver/bk4829.c.obj
                0x08003d08                BK4819_EnterDTMF_TX
 .text.BK4819_PlayDTMF
                0x08003d34       0x7c CMakeFiles/n7six.ApeX-k1.v7.6.5br3.dir/App/driver/bk4829.c.obj
                0x08003d34                BK4819_PlayDTMF
 .text.BK4819_PlayDTMFString
                0x08003db0       0x5a CMakeFiles/n7six.ApeX-k1.v7.6.5br3.dir/App/driver/bk4829.c.obj
                0x08003db0                BK4819_PlayDTMFString
 *fill*         0x08003e0a        0x2 
 .text.BK4819_TransmitTone
                0x08003e0c       0x48 CMakeFiles/n7six.ApeX-k1.v7.6.5br3.dir/App/driver/bk4829.c.obj
                0x08003e0c                BK4819_TransmitTone
 .text.BK4819_GenTail
                0x08003e54       0x40 CMakeFiles/n7six.ApeX-k1.v7.6.5br3.dir/App/driver/bk4829.c.obj
                0x08003e54                BK4819_GenTail
 .text.BK4819_PlayCDCSSTail
                0x08003e94       0x18 CMakeFiles/n7six.ApeX-k1.v7.6.5br3.dir/App/driver/bk4829.c.obj
                0x08003e94                BK4819_PlayCDCSSTail
 .text.BK4819_PlayCTCSSTail
                0x08003eac       0x18 CMakeFiles/n7six.ApeX-k1.v7.6.5br3.dir/App/driver/bk4829.c.obj
                0x08003eac                BK4819_PlayCTCSSTail
 .text.BK4819_GetRSSI
                0x08003ec4        0xe CMakeFiles/n7six.ApeX-k1.v7.6.5br3.dir/App/driver/bk4829.c.obj
                0x08003ec4                BK4819_GetRSSI
 .text.BK4819_GetRSSI_dBm
                0x08003ed2        0xe CMakeFiles/n7six.ApeX-k1.v7.6.5br3.dir/App/driver/bk4829.c.obj
                0x08003ed2                BK4819_GetRSSI_dBm
 .text.BK4819_GetVoiceAmplitudeOut
                0x08003ee0        0xa CMakeFiles/n7six.ApeX-k1.v7.6.5br3.dir/App/driver/bk4829.c.obj
                0x08003ee0                BK4819_GetVoiceAmplitudeOut
 *fill*         0x08003eea        0x2 
 .text.BK4819_GetFrequencyScanResult
                0x08003eec       0x30 CMakeFiles/n7six.ApeX-k1.v7.6.5br3.dir/App/driver/bk4829.c.obj
                0x08003eec                BK4819_GetFrequencyScanResult
 .text.BK4819_GetCxCSSScanResult
                0x08003f1c       0x58 CMakeFiles/n7six.ApeX-k1.v7.6.5br3.dir/App/driver/bk4829.c.obj
                0x08003f1c                BK4819_GetCxCSSScanResult
 .text.BK4819_DisableFrequencyScan
                0x08003f74        0xe CMakeFiles/n7six.ApeX-k1.v7.6.5br3.dir/App/driver/bk4829.c.obj
                0x08003f74                BK4819_DisableFrequencyScan
 *fill*         0x08003f82        0x2 
 .text.BK4819_EnableFrequencyScan
                0x08003f84       0x10 CMakeFiles/n7six.ApeX-k1.v7.6.5br3.dir/App/driver/bk4829.c.obj
                0x08003f84                BK4819_EnableFrequencyScan
 .text.BK4819_SetScanFrequency
                0x08003f94       0x16 CMakeFiles/n7six.ApeX-k1.v7.6.5br3.dir/App/driver/bk4829.c.obj
                0x08003f94                BK4819_SetScanFrequency
 .text.BK4819_Disable
                0x08003faa        0x8 CMakeFiles/n7six.ApeX-k1.v7.6.5br3.dir/App/driver/bk4829.c.obj
                0x08003faa                BK4819_Disable
 .text.BK4819_StopScan
                0x08003fb2        0xc CMakeFiles/n7six.ApeX-k1.v7.6.5br3.dir/App/driver/bk4829.c.obj
                0x08003fb2                BK4819_StopScan
 .text.BK4819_GetDTMF_5TONE_Code
                0x08003fbe        0xe CMakeFiles/n7six.ApeX-k1.v7.6.5br3.dir/App/driver/bk4829.c.obj
                0x08003fbe                BK4819_GetDTMF_5TONE_Code
 .text.BK4819_GetCDCSSCodeType
                0x08003fcc        0xe CMakeFiles/n7six.ApeX-k1.v7.6.5br3.dir/App/driver/bk4829.c.obj
                0x08003fcc                BK4819_GetCDCSSCodeType
 .text.BK4819_GetCTCType
                0x08003fda        0xe CMakeFiles/n7six.ApeX-k1.v7.6.5br3.dir/App/driver/bk4829.c.obj
                0x08003fda                BK4819_GetCTCType
 .text.BK4819_SendFSKData
                0x08003fe8       0x7c CMakeFiles/n7six.ApeX-k1.v7.6.5br3.dir/App/driver/bk4829.c.obj
                0x08003fe8                BK4819_SendFSKData
 .text.BK4819_PrepareFSKReceive
                0x08004064       0x40 CMakeFiles/n7six.ApeX-k1.v7.6.5br3.dir/App/driver/bk4829.c.obj
                0x08004064                BK4819_PrepareFSKReceive
 .text.BK4819_PlayRogerMDC
                0x080040a4       0x78 CMakeFiles/n7six.ApeX-k1.v7.6.5br3.dir/App/driver/bk4829.c.obj
                0x080040a4                BK4819_PlayRogerMDC
 .text.BK4819_PlayRoger
                0x0800411c       0x80 CMakeFiles/n7six.ApeX-k1.v7.6.5br3.dir/App/driver/bk4829.c.obj
                0x0800411c                BK4819_PlayRoger
 .text.BK4819_PlayDTMFEx
                0x0800419c       0x3c CMakeFiles/n7six.ApeX-k1.v7.6.5br3.dir/App/driver/bk4829.c.obj
                0x0800419c                BK4819_PlayDTMFEx
 .text.SPI_WriteByte
                0x080041d8       0x20 CMakeFiles/n7six.ApeX-k1.v7.6.5br3.dir/App/driver/py25q16.c.obj
 .text.WriteAddr
                0x080041f8       0x1c CMakeFiles/n7six.ApeX-k1.v7.6.5br3.dir/App/driver/py25q16.c.obj
 .text.WaitWIP  0x08004214       0x30 CMakeFiles/n7six.ApeX-k1.v7.6.5br3.dir/App/driver/py25q16.c.obj
 .text.SectorErase
                0x08004244       0x2e CMakeFiles/n7six.ApeX-k1.v7.6.5br3.dir/App/driver/py25q16.c.obj
 *fill*         0x08004272        0x2 
 .text.SectorProgram
                0x08004274      0x12c CMakeFiles/n7six.ApeX-k1.v7.6.5br3.dir/App/driver/py25q16.c.obj
 .text.PY25Q16_Init
                0x080043a0       0xf0 CMakeFiles/n7six.ApeX-k1.v7.6.5br3.dir/App/driver/py25q16.c.obj
                0x080043a0                PY25Q16_Init
 .text.PY25Q16_ReadBuffer
                0x08004490       0xf4 CMakeFiles/n7six.ApeX-k1.v7.6.5br3.dir/App/driver/py25q16.c.obj
                0x08004490                PY25Q16_ReadBuffer
 .text.PY25Q16_WriteBuffer
                0x08004584       0xdc CMakeFiles/n7six.ApeX-k1.v7.6.5br3.dir/App/driver/py25q16.c.obj
                0x08004584                PY25Q16_WriteBuffer
 .text.PY25Q16_SectorErase
                0x08004660       0x2c CMakeFiles/n7six.ApeX-k1.v7.6.5br3.dir/App/driver/py25q16.c.obj
                0x08004660                PY25Q16_SectorErase
 .text.DMA1_Channel4_5_6_7_IRQHandler
                0x0800468c       0x64 CMakeFiles/n7six.ApeX-k1.v7.6.5br3.dir/App/driver/py25q16.c.obj
                0x0800468c                DMA1_Channel4_5_6_7_IRQHandler
 .text.I2C_Start
                0x080046f0       0x30 CMakeFiles/n7six.ApeX-k1.v7.6.5br3.dir/App/driver/i2c.c.obj
                0x080046f0                I2C_Start
 .text.I2C_Stop
                0x08004720       0x30 CMakeFiles/n7six.ApeX-k1.v7.6.5br3.dir/App/driver/i2c.c.obj
                0x08004720                I2C_Stop
 .text.I2C_Read
                0x08004750       0x98 CMakeFiles/n7six.ApeX-k1.v7.6.5br3.dir/App/driver/i2c.c.obj
                0x08004750                I2C_Read
 .text.I2C_Write
                0x080047e8       0xa4 CMakeFiles/n7six.ApeX-k1.v7.6.5br3.dir/App/driver/i2c.c.obj
                0x080047e8                I2C_Write
 .text.I2C_ReadBuffer
                0x0800488c       0x3e CMakeFiles/n7six.ApeX-k1.v7.6.5br3.dir/App/driver/i2c.c.obj
                0x0800488c                I2C_ReadBuffer
 .text.I2C_WriteBuffer
                0x080048ca       0x20 CMakeFiles/n7six.ApeX-k1.v7.6.5br3.dir/App/driver/i2c.c.obj
                0x080048ca                I2C_WriteBuffer
 *fill*         0x080048ea        0x2 
 .text.KEYBOARD_Poll
                0x080048ec       0x8c CMakeFiles/n7six.ApeX-k1.v7.6.5br3.dir/App/driver/keyboard.c.obj
                0x080048ec                KEYBOARD_Poll
 .text.SPI_WriteByte.isra.0
                0x08004978       0x1c CMakeFiles/n7six.ApeX-k1.v7.6.5br3.dir/App/driver/st7565.c.obj
 .text.map      0x08004994       0x1c CMakeFiles/n7six.ApeX-k1.v7.6.5br3.dir/App/driver/st7565.c.obj
                0x08004994                map
 .text.ST7565_Gauge
                0x080049b0       0x50 CMakeFiles/n7six.ApeX-k1.v7.6.5br3.dir/App/driver/st7565.c.obj
                0x080049b0                ST7565_Gauge
 .text.ST7565_HardwareReset
                0x08004a00        0x2 CMakeFiles/n7six.ApeX-k1.v7.6.5br3.dir/App/driver/st7565.c.obj
                0x08004a00                ST7565_HardwareReset
 .text.ST7565_SelectColumnAndLine
                0x08004a02       0x28 CMakeFiles/n7six.ApeX-k1.v7.6.5br3.dir/App/driver/st7565.c.obj
                0x08004a02                ST7565_SelectColumnAndLine
 .text.DrawLine
                0x08004a2a       0x30 CMakeFiles/n7six.ApeX-k1.v7.6.5br3.dir/App/driver/st7565.c.obj
 *fill*         0x08004a5a        0x2 
 .text.ST7565_DrawLine
                0x08004a5c       0x18 CMakeFiles/n7six.ApeX-k1.v7.6.5br3.dir/App/driver/st7565.c.obj
                0x08004a5c                ST7565_DrawLine
 .text.ST7565_WriteByte
                0x08004a74       0x10 CMakeFiles/n7six.ApeX-k1.v7.6.5br3.dir/App/driver/st7565.c.obj
                0x08004a74                ST7565_WriteByte
 .text.ST7565_BlitScreen
                0x08004a84       0x5c CMakeFiles/n7six.ApeX-k1.v7.6.5br3.dir/App/driver/st7565.c.obj
 .text.ST7565_BlitFullScreen
                0x08004ae0        0xa CMakeFiles/n7six.ApeX-k1.v7.6.5br3.dir/App/driver/st7565.c.obj
                0x08004ae0                ST7565_BlitFullScreen
 .text.ST7565_BlitLine
                0x08004aea        0xc CMakeFiles/n7six.ApeX-k1.v7.6.5br3.dir/App/driver/st7565.c.obj
                0x08004aea                ST7565_BlitLine
 .text.ST7565_BlitStatusLine
                0x08004af6        0xa CMakeFiles/n7six.ApeX-k1.v7.6.5br3.dir/App/driver/st7565.c.obj
                0x08004af6                ST7565_BlitStatusLine
 .text.ST7565_FillScreen
                0x08004b00       0x5c CMakeFiles/n7six.ApeX-k1.v7.6.5br3.dir/App/driver/st7565.c.obj
                0x08004b00                ST7565_FillScreen
 .text.ST7565_Cmd
                0x08004b5c       0x34 CMakeFiles/n7six.ApeX-k1.v7.6.5br3.dir/App/driver/st7565.c.obj
 .text.ST7565_FixInterfGlitch
                0x08004b90       0x24 CMakeFiles/n7six.ApeX-k1.v7.6.5br3.dir/App/driver/st7565.c.obj
                0x08004b90                ST7565_FixInterfGlitch
 .text.ST7565_ContrastAndInv
                0x08004bb4       0x28 CMakeFiles/n7six.ApeX-k1.v7.6.5br3.dir/App/driver/st7565.c.obj
                0x08004bb4                ST7565_ContrastAndInv
 .text.ST7565_Init
                0x08004bdc      0x10c CMakeFiles/n7six.ApeX-k1.v7.6.5br3.dir/App/driver/st7565.c.obj
                0x08004bdc                ST7565_Init
 .text.ST7565_ShutDown
                0x08004ce8       0x24 CMakeFiles/n7six.ApeX-k1.v7.6.5br3.dir/App/driver/st7565.c.obj
                0x08004ce8                ST7565_ShutDown
 .text.SYSTEM_DelayMs
                0x08004d0c        0xe CMakeFiles/n7six.ApeX-k1.v7.6.5br3.dir/App/driver/system.c.obj
                0x08004d0c                SYSTEM_DelayMs
 *fill*         0x08004d1a        0x2 
 .text.SYSTICK_Init
                0x08004d1c       0x40 CMakeFiles/n7six.ApeX-k1.v7.6.5br3.dir/App/driver/systick.c.obj
                0x08004d1c                SYSTICK_Init
 .text.SYSTICK_DelayUs
                0x08004d5c       0x34 CMakeFiles/n7six.ApeX-k1.v7.6.5br3.dir/App/driver/systick.c.obj
                0x08004d5c                SYSTICK_DelayUs
 .text.ACTION_Power
                0x08004d90       0x34 CMakeFiles/n7six.ApeX-k1.v7.6.5br3.dir/App/app/action.c.obj
                0x08004d90                ACTION_Power
 .text.ACTION_SwitchDemodul
                0x08004dc4       0x24 CMakeFiles/n7six.ApeX-k1.v7.6.5br3.dir/App/app/action.c.obj
                0x08004dc4                ACTION_SwitchDemodul
 .text.ACTION_Vox
                0x08004de8       0x28 CMakeFiles/n7six.ApeX-k1.v7.6.5br3.dir/App/app/action.c.obj
                0x08004de8                ACTION_Vox
 .text.ACTION_Ptt
                0x08004e10       0x10 CMakeFiles/n7six.ApeX-k1.v7.6.5br3.dir/App/app/action.c.obj
                0x08004e10                ACTION_Ptt
 .text.ACTION_Power_High
                0x08004e20       0x1c CMakeFiles/n7six.ApeX-k1.v7.6.5br3.dir/App/app/action.c.obj
                0x08004e20                ACTION_Power_High
 .text.ACTION_Remove_Offset
                0x08004e3c       0x1c CMakeFiles/n7six.ApeX-k1.v7.6.5br3.dir/App/app/action.c.obj
                0x08004e3c                ACTION_Remove_Offset
 .text.ACTION_BackLight
                0x08004e58       0x28 CMakeFiles/n7six.ApeX-k1.v7.6.5br3.dir/App/app/action.c.obj
                0x08004e58                ACTION_BackLight
 .text.ACTION_Mute
                0x08004e80       0x60 CMakeFiles/n7six.ApeX-k1.v7.6.5br3.dir/App/app/action.c.obj
                0x08004e80                ACTION_Mute
 .text.ACTION_Monitor
                0x08004ee0       0xd8 CMakeFiles/n7six.ApeX-k1.v7.6.5br3.dir/App/app/action.c.obj
                0x08004ee0                ACTION_Monitor
 .text.ACTION_FM
                0x08004fb8       0x64 CMakeFiles/n7six.ApeX-k1.v7.6.5br3.dir/App/app/action.c.obj
                0x08004fb8                ACTION_FM
 .text.ACTION_Wn
                0x0800501c       0x5c CMakeFiles/n7six.ApeX-k1.v7.6.5br3.dir/App/app/action.c.obj
                0x0800501c                ACTION_Wn
 .text.ACTION_1750
                0x08005078       0x48 CMakeFiles/n7six.ApeX-k1.v7.6.5br3.dir/App/app/action.c.obj
 .text.ACTION_Scan
                0x080050c0      0x15c CMakeFiles/n7six.ApeX-k1.v7.6.5br3.dir/App/app/action.c.obj
                0x080050c0                ACTION_Scan
 .text.ACTION_ScanRestart
                0x0800521c        0xa CMakeFiles/n7six.ApeX-k1.v7.6.5br3.dir/App/app/action.c.obj
 *fill*         0x08005226        0x2 
 .text.ACTION_Handle
                0x08005228       0xd0 CMakeFiles/n7six.ApeX-k1.v7.6.5br3.dir/App/app/action.c.obj
                0x08005228                ACTION_Handle
 .text.ACTION_Update
                0x080052f8       0x20 CMakeFiles/n7six.ApeX-k1.v7.6.5br3.dir/App/app/action.c.obj
                0x080052f8                ACTION_Update
 .text.ACTION_RxMode
                0x08005318       0x34 CMakeFiles/n7six.ApeX-k1.v7.6.5br3.dir/App/app/action.c.obj
                0x08005318                ACTION_RxMode
 .text.ACTION_MainOnly
                0x0800534c       0x44 CMakeFiles/n7six.ApeX-k1.v7.6.5br3.dir/App/app/action.c.obj
                0x0800534c                ACTION_MainOnly
 .text.ACTION_BackLightOnDemand
                0x08005390       0x4c CMakeFiles/n7six.ApeX-k1.v7.6.5br3.dir/App/app/action.c.obj
                0x08005390                ACTION_BackLightOnDemand
 .text.NOAA_IncreaseChannel
                0x080053dc       0x18 CMakeFiles/n7six.ApeX-k1.v7.6.5br3.dir/App/app/app.c.obj
 .text.DualwatchAlternate
                0x080053f4       0xac CMakeFiles/n7six.ApeX-k1.v7.6.5br3.dir/App/app/app.c.obj
 .text.HandleReceive
                0x080054a0      0x228 CMakeFiles/n7six.ApeX-k1.v7.6.5br3.dir/App/app/app.c.obj
 .text.CheckForIncoming
                0x080056c8       0xc0 CMakeFiles/n7six.ApeX-k1.v7.6.5br3.dir/App/app/app.c.obj
 .text.HandlePowerSave
                0x08005788       0x14 CMakeFiles/n7six.ApeX-k1.v7.6.5br3.dir/App/app/app.c.obj
 .text.APP_StartListening
                0x0800579c      0x16c CMakeFiles/n7six.ApeX-k1.v7.6.5br3.dir/App/app/app.c.obj
                0x0800579c                APP_StartListening
 .text.HandleIncoming
                0x08005908       0xc8 CMakeFiles/n7six.ApeX-k1.v7.6.5br3.dir/App/app/app.c.obj
 .text.APP_SetFreqByStepAndLimits
                0x080059d0       0x2c CMakeFiles/n7six.ApeX-k1.v7.6.5br3.dir/App/app/app.c.obj
                0x080059d0                APP_SetFreqByStepAndLimits
 .text.APP_SetFrequencyByStep
                0x080059fc       0x1c CMakeFiles/n7six.ApeX-k1.v7.6.5br3.dir/App/app/app.c.obj
                0x080059fc                APP_SetFrequencyByStep
 .text.APP_EndTransmission
                0x08005a18       0x28 CMakeFiles/n7six.ApeX-k1.v7.6.5br3.dir/App/app/app.c.obj
                0x08005a18                APP_EndTransmission
 .text.cancelUserInputModes
                0x08005a40       0x7c CMakeFiles/n7six.ApeX-k1.v7.6.5br3.dir/App/app/app.c.obj
                0x08005a40                cancelUserInputModes
 .text.ProcessKey
                0x08005abc      0x6bc CMakeFiles/n7six.ApeX-k1.v7.6.5br3.dir/App/app/app.c.obj
 .text.APP_Update
                0x08006178      0x568 CMakeFiles/n7six.ApeX-k1.v7.6.5br3.dir/App/app/app.c.obj
                0x08006178                APP_Update
 .text.APP_TimeSlice10ms
                0x080066e0      0x614 CMakeFiles/n7six.ApeX-k1.v7.6.5br3.dir/App/app/app.c.obj
                0x080066e0                APP_TimeSlice10ms
 .text.APP_TimeSlice500ms
                0x08006cf4      0x494 CMakeFiles/n7six.ApeX-k1.v7.6.5br3.dir/App/app/app.c.obj
                0x08006cf4                APP_TimeSlice500ms
 .text.NextMemChannel
                0x08007188      0x118 CMakeFiles/n7six.ApeX-k1.v7.6.5br3.dir/App/app/chFrScanner.c.obj
 .text.NextFreqChannel
                0x080072a0       0x60 CMakeFiles/n7six.ApeX-k1.v7.6.5br3.dir/App/app/chFrScanner.c.obj
 .text.CHFRSCANNER_Start
                0x08007300       0xb4 CMakeFiles/n7six.ApeX-k1.v7.6.5br3.dir/App/app/chFrScanner.c.obj
                0x08007300                CHFRSCANNER_Start
 .text.CHFRSCANNER_ContinueScanning
                0x080073b4       0x6c CMakeFiles/n7six.ApeX-k1.v7.6.5br3.dir/App/app/chFrScanner.c.obj
                0x080073b4                CHFRSCANNER_ContinueScanning
 .text.CHFRSCANNER_Found
                0x08007420       0x78 CMakeFiles/n7six.ApeX-k1.v7.6.5br3.dir/App/app/chFrScanner.c.obj
                0x08007420                CHFRSCANNER_Found
 .text.CHFRSCANNER_Stop
                0x08007498       0xb4 CMakeFiles/n7six.ApeX-k1.v7.6.5br3.dir/App/app/chFrScanner.c.obj
                0x08007498                CHFRSCANNER_Stop
 .text.COMMON_KeypadLockToggle
                0x0800754c       0x30 CMakeFiles/n7six.ApeX-k1.v7.6.5br3.dir/App/app/common.c.obj
                0x0800754c                COMMON_KeypadLockToggle
 .text.COMMON_SwitchVFOs
                0x0800757c       0x54 CMakeFiles/n7six.ApeX-k1.v7.6.5br3.dir/App/app/common.c.obj
                0x0800757c                COMMON_SwitchVFOs
 .text.COMMON_SwitchVFOMode
                0x080075d0       0x5c CMakeFiles/n7six.ApeX-k1.v7.6.5br3.dir/App/app/common.c.obj
                0x080075d0                COMMON_SwitchVFOMode
 .text.DTMF_BufferShiftAppend
                0x0800762c       0x3c CMakeFiles/n7six.ApeX-k1.v7.6.5br3.dir/App/app/dtmf.c.obj
                0x0800762c                DTMF_BufferShiftAppend
 .text.DTMF_SendEndOfTransmission
                0x08007668       0xa4 CMakeFiles/n7six.ApeX-k1.v7.6.5br3.dir/App/app/dtmf.c.obj
                0x08007668                DTMF_SendEndOfTransmission
 .text.DTMF_IsValidChar
                0x0800770c       0x20 CMakeFiles/n7six.ApeX-k1.v7.6.5br3.dir/App/app/dtmf.c.obj
                0x0800770c                DTMF_IsValidChar
 .text.DTMF_ValidateCodes
                0x0800772c       0x34 CMakeFiles/n7six.ApeX-k1.v7.6.5br3.dir/App/app/dtmf.c.obj
                0x0800772c                DTMF_ValidateCodes
 .text.DTMF_GetCharacter
                0x08007760       0x20 CMakeFiles/n7six.ApeX-k1.v7.6.5br3.dir/App/app/dtmf.c.obj
                0x08007760                DTMF_GetCharacter
 .text.DTMF_clear_input_box
                0x08007780       0x24 CMakeFiles/n7six.ApeX-k1.v7.6.5br3.dir/App/app/dtmf.c.obj
                0x08007780                DTMF_clear_input_box
 .text.DTMF_Append
                0x080077a4       0x34 CMakeFiles/n7six.ApeX-k1.v7.6.5br3.dir/App/app/dtmf.c.obj
                0x080077a4                DTMF_Append
 .text.DTMF_Reply
                0x080077d8       0xb8 CMakeFiles/n7six.ApeX-k1.v7.6.5br3.dir/App/app/dtmf.c.obj
                0x080077d8                DTMF_Reply
 .text.APP_SubscribeEvent
                0x08007890       0x48 CMakeFiles/n7six.ApeX-k1.v7.6.5br3.dir/App/app/events.c.obj
                0x08007890                APP_SubscribeEvent
 .text.APP_EventSystem_Init
                0x080078d8       0x20 CMakeFiles/n7six.ApeX-k1.v7.6.5br3.dir/App/app/events.c.obj
                0x080078d8                APP_EventSystem_Init
 .text.APP_InitializeEventHandlers
                0x080078f8       0x28 CMakeFiles/n7six.ApeX-k1.v7.6.5br3.dir/App/app/events_handlers.c.obj
                0x080078f8                APP_InitializeEventHandlers
 .text.GENERIC_Key_F
                0x08007920       0x9c CMakeFiles/n7six.ApeX-k1.v7.6.5br3.dir/App/app/generic.c.obj
                0x08007920                GENERIC_Key_F
 .text.GENERIC_Key_PTT
                0x080079bc      0x18c CMakeFiles/n7six.ApeX-k1.v7.6.5br3.dir/App/app/generic.c.obj
                0x080079bc                GENERIC_Key_PTT
 .text.processFKeyFunction
                0x08007b48      0x3bc CMakeFiles/n7six.ApeX-k1.v7.6.5br3.dir/App/app/main.c.obj
 .text.MAIN_Key_UP_DOWN.part.0
                0x08007f04      0x108 CMakeFiles/n7six.ApeX-k1.v7.6.5br3.dir/App/app/main.c.obj
 .text.channelMove
                0x0800800c       0x60 CMakeFiles/n7six.ApeX-k1.v7.6.5br3.dir/App/app/main.c.obj
                0x0800800c                channelMove
 .text.channelMoveSwitch
                0x0800806c       0x68 CMakeFiles/n7six.ApeX-k1.v7.6.5br3.dir/App/app/main.c.obj
                0x0800806c                channelMoveSwitch
 .text.MAIN_ProcessKeys
                0x080080d4      0x628 CMakeFiles/n7six.ApeX-k1.v7.6.5br3.dir/App/app/main.c.obj
                0x080080d4                MAIN_ProcessKeys
 .text.MENU_StartCssScan
                0x080086fc       0x24 CMakeFiles/n7six.ApeX-k1.v7.6.5br3.dir/App/app/menu.c.obj
                0x080086fc                MENU_StartCssScan
 .text.MENU_StopCssScan
                0x08008720       0x20 CMakeFiles/n7six.ApeX-k1.v7.6.5br3.dir/App/app/menu.c.obj
                0x08008720                MENU_StopCssScan
 .text.MENU_GetLimits
                0x08008740       0xe8 CMakeFiles/n7six.ApeX-k1.v7.6.5br3.dir/App/app/menu.c.obj
                0x08008740                MENU_GetLimits
 .text.MENU_Key_UP_DOWN
                0x08008828      0x1c8 CMakeFiles/n7six.ApeX-k1.v7.6.5br3.dir/App/app/menu.c.obj
 .text.MENU_AcceptSetting
                0x080089f0      0x5d8 CMakeFiles/n7six.ApeX-k1.v7.6.5br3.dir/App/app/menu.c.obj
                0x080089f0                MENU_AcceptSetting
 .text.MENU_ShowCurrentSetting
                0x08008fc8      0x420 CMakeFiles/n7six.ApeX-k1.v7.6.5br3.dir/App/app/menu.c.obj
                0x08008fc8                MENU_ShowCurrentSetting
 .text.MENU_CssScanFound
                0x080093e8       0x3c CMakeFiles/n7six.ApeX-k1.v7.6.5br3.dir/App/app/menu.c.obj
                0x080093e8                MENU_CssScanFound
 .text.MENU_ProcessKeys
                0x08009424      0x55c CMakeFiles/n7six.ApeX-k1.v7.6.5br3.dir/App/app/menu.c.obj
                0x08009424                MENU_ProcessKeys
 .text.SCANNER_Key_UP_DOWN
                0x08009980       0x68 CMakeFiles/n7six.ApeX-k1.v7.6.5br3.dir/App/app/scanner.c.obj
 .text.SCANNER_Start
                0x080099e8      0x120 CMakeFiles/n7six.ApeX-k1.v7.6.5br3.dir/App/app/scanner.c.obj
                0x080099e8                SCANNER_Start
 .text.SCANNER_IsScanning
                0x08009b08       0x20 CMakeFiles/n7six.ApeX-k1.v7.6.5br3.dir/App/app/scanner.c.obj
                0x08009b08                SCANNER_IsScanning
 .text.SCANNER_Stop
                0x08009b28       0x50 CMakeFiles/n7six.ApeX-k1.v7.6.5br3.dir/App/app/scanner.c.obj
                0x08009b28                SCANNER_Stop
 .text.SCANNER_ProcessKeys
                0x08009b78      0x2bc CMakeFiles/n7six.ApeX-k1.v7.6.5br3.dir/App/app/scanner.c.obj
                0x08009b78                SCANNER_ProcessKeys
 .text.SCANNER_TimeSlice10ms
                0x08009e34      0x184 CMakeFiles/n7six.ApeX-k1.v7.6.5br3.dir/App/app/scanner.c.obj
                0x08009e34                SCANNER_TimeSlice10ms
 .text.SCANNER_TimeSlice500ms
                0x08009fb8       0x48 CMakeFiles/n7six.ApeX-k1.v7.6.5br3.dir/App/app/scanner.c.obj
                0x08009fb8                SCANNER_TimeSlice500ms
 .text.AUDIO_PlayBeep
                0x0800a000      0x178 CMakeFiles/n7six.ApeX-k1.v7.6.5br3.dir/App/audio.c.obj
                0x0800a000                AUDIO_PlayBeep
 .text.BOARD_GPIO_Init
                0x0800a178       0xbc CMakeFiles/n7six.ApeX-k1.v7.6.5br3.dir/App/board.c.obj
                0x0800a178                BOARD_GPIO_Init
 .text.BOARD_ADC_Init
                0x0800a234      0x1bc CMakeFiles/n7six.ApeX-k1.v7.6.5br3.dir/App/board.c.obj
                0x0800a234                BOARD_ADC_Init
 .text.BOARD_ADC_GetBatteryInfo
                0x0800a3f0       0x2c CMakeFiles/n7six.ApeX-k1.v7.6.5br3.dir/App/board.c.obj
                0x0800a3f0                BOARD_ADC_GetBatteryInfo
 .text.BOARD_Init
                0x0800a41c       0x20 CMakeFiles/n7six.ApeX-k1.v7.6.5br3.dir/App/board.c.obj
                0x0800a41c                BOARD_Init
 .text.DCS_GetGolayCodeWord
                0x0800a43c       0x4c CMakeFiles/n7six.ApeX-k1.v7.6.5br3.dir/App/dcs.c.obj
                0x0800a43c                DCS_GetGolayCodeWord
 .text.DCS_GetCdcssCode
                0x0800a488       0x5c CMakeFiles/n7six.ApeX-k1.v7.6.5br3.dir/App/dcs.c.obj
                0x0800a488                DCS_GetCdcssCode
 .text.DCS_GetCtcssCode
                0x0800a4e4       0x2c CMakeFiles/n7six.ApeX-k1.v7.6.5br3.dir/App/dcs.c.obj
                0x0800a4e4                DCS_GetCtcssCode
 .text.FREQUENCY_GetStepIdxFromSortedIdx
                0x0800a510        0xc CMakeFiles/n7six.ApeX-k1.v7.6.5br3.dir/App/frequencies.c.obj
                0x0800a510                FREQUENCY_GetStepIdxFromSortedIdx
 .text.FREQUENCY_GetSortedIdxFromStepIdx
                0x0800a51c       0x1c CMakeFiles/n7six.ApeX-k1.v7.6.5br3.dir/App/frequencies.c.obj
                0x0800a51c                FREQUENCY_GetSortedIdxFromStepIdx
 .text.FREQUENCY_GetBand
                0x0800a538       0x1c CMakeFiles/n7six.ApeX-k1.v7.6.5br3.dir/App/frequencies.c.obj
                0x0800a538                FREQUENCY_GetBand
 .text.FREQUENCY_CalculateOutputPower
                0x0800a554       0x36 CMakeFiles/n7six.ApeX-k1.v7.6.5br3.dir/App/frequencies.c.obj
                0x0800a554                FREQUENCY_CalculateOutputPower
 *fill*         0x0800a58a        0x2 
 .text.FREQUENCY_RoundToStep
                0x0800a58c       0x64 CMakeFiles/n7six.ApeX-k1.v7.6.5br3.dir/App/frequencies.c.obj
                0x0800a58c                FREQUENCY_RoundToStep
 .text.TX_freq_check
                0x0800a5f0      0x1a4 CMakeFiles/n7six.ApeX-k1.v7.6.5br3.dir/App/frequencies.c.obj
                0x0800a5f0                TX_freq_check
 .text.RX_freq_check
                0x0800a794       0x34 CMakeFiles/n7six.ApeX-k1.v7.6.5br3.dir/App/frequencies.c.obj
                0x0800a794                RX_freq_check
 .text.FUNCTION_IsRx
                0x0800a7c8       0x18 CMakeFiles/n7six.ApeX-k1.v7.6.5br3.dir/App/functions.c.obj
                0x0800a7c8                FUNCTION_IsRx
 .text.FUNCTION_Init
                0x0800a7e0       0xa4 CMakeFiles/n7six.ApeX-k1.v7.6.5br3.dir/App/functions.c.obj
                0x0800a7e0                FUNCTION_Init
 .text.FUNCTION_Foreground
                0x0800a884       0x44 CMakeFiles/n7six.ApeX-k1.v7.6.5br3.dir/App/functions.c.obj
                0x0800a884                FUNCTION_Foreground
 .text.FUNCTION_PowerSave
                0x0800a8c8       0x80 CMakeFiles/n7six.ApeX-k1.v7.6.5br3.dir/App/functions.c.obj
                0x0800a8c8                FUNCTION_PowerSave
 .text.FUNCTION_Transmit
                0x0800a948       0xd0 CMakeFiles/n7six.ApeX-k1.v7.6.5br3.dir/App/functions.c.obj
                0x0800a948                FUNCTION_Transmit
 .text.FUNCTION_Select
                0x0800aa18       0xd0 CMakeFiles/n7six.ApeX-k1.v7.6.5br3.dir/App/functions.c.obj
                0x0800aa18                FUNCTION_Select
 .text.BATTERY_VoltsToPercent
                0x0800aae8       0x7c CMakeFiles/n7six.ApeX-k1.v7.6.5br3.dir/App/helper/battery.c.obj
                0x0800aae8                BATTERY_VoltsToPercent
 .text.BATTERY_GetReadings
                0x0800ab64      0x16c CMakeFiles/n7six.ApeX-k1.v7.6.5br3.dir/App/helper/battery.c.obj
                0x0800ab64                BATTERY_GetReadings
 .text.BATTERY_TimeSlice500ms
                0x0800acd0       0xb4 CMakeFiles/n7six.ApeX-k1.v7.6.5br3.dir/App/helper/battery.c.obj
                0x0800acd0                BATTERY_TimeSlice500ms
 .text.BATTERY_IsVoltageSafeForCriticalOps
                0x0800ad84       0x18 CMakeFiles/n7six.ApeX-k1.v7.6.5br3.dir/App/helper/battery.c.obj
                0x0800ad84                BATTERY_IsVoltageSafeForCriticalOps
 .text.BOOT_GetMode
                0x0800ad9c       0x74 CMakeFiles/n7six.ApeX-k1.v7.6.5br3.dir/App/helper/boot.c.obj
                0x0800ad9c                BOOT_GetMode
 .text.BOOT_ProcessMode
                0x0800ae10       0x9c CMakeFiles/n7six.ApeX-k1.v7.6.5br3.dir/App/helper/boot.c.obj
                0x0800ae10                BOOT_ProcessMode
 .text.FUNCTION_NOP
                0x0800aeac        0x2 CMakeFiles/n7six.ApeX-k1.v7.6.5br3.dir/App/misc.c.obj
                0x0800aeac                FUNCTION_NOP
 *fill*         0x0800aeae        0x2 
 .text.NUMBER_AddWithWraparound
                0x0800aeb0       0x20 CMakeFiles/n7six.ApeX-k1.v7.6.5br3.dir/App/misc.c.obj
                0x0800aeb0                NUMBER_AddWithWraparound
 .text.StrToUL  0x0800aed0       0x2a CMakeFiles/n7six.ApeX-k1.v7.6.5br3.dir/App/misc.c.obj
                0x0800aed0                StrToUL
 *fill*         0x0800aefa        0x2 
 .text.RADIO_SelectCurrentVfo
                0x0800aefc       0x34 CMakeFiles/n7six.ApeX-k1.v7.6.5br3.dir/App/radio.c.obj
 .text.RADIO_CheckValidChannel
                0x0800af30       0x88 CMakeFiles/n7six.ApeX-k1.v7.6.5br3.dir/App/radio.c.obj
                0x0800af30                RADIO_CheckValidChannel
 .text.RADIO_FindNextChannel
                0x0800afb8       0x3c CMakeFiles/n7six.ApeX-k1.v7.6.5br3.dir/App/radio.c.obj
                0x0800afb8                RADIO_FindNextChannel
 .text.RADIO_ConfigureSquelchAndOutputPower
                0x0800aff4      0x1d4 CMakeFiles/n7six.ApeX-k1.v7.6.5br3.dir/App/radio.c.obj
                0x0800aff4                RADIO_ConfigureSquelchAndOutputPower
 .text.RADIO_InitInfo
                0x0800b1c8       0x6c CMakeFiles/n7six.ApeX-k1.v7.6.5br3.dir/App/radio.c.obj
                0x0800b1c8                RADIO_InitInfo
 .text.RADIO_ApplyOffset
                0x0800b234       0x1c CMakeFiles/n7six.ApeX-k1.v7.6.5br3.dir/App/radio.c.obj
                0x0800b234                RADIO_ApplyOffset
 .text.RADIO_ConfigureChannel
                0x0800b250      0x400 CMakeFiles/n7six.ApeX-k1.v7.6.5br3.dir/App/radio.c.obj
                0x0800b250                RADIO_ConfigureChannel
 .text.RADIO_SelectVfos
                0x0800b650       0x48 CMakeFiles/n7six.ApeX-k1.v7.6.5br3.dir/App/radio.c.obj
                0x0800b650                RADIO_SelectVfos
 .text.RADIO_ConfigureNOAA
                0x0800b698       0x98 CMakeFiles/n7six.ApeX-k1.v7.6.5br3.dir/App/radio.c.obj
                0x0800b698                RADIO_ConfigureNOAA
 .text.RADIO_SetTxParameters
                0x0800b730       0xe4 CMakeFiles/n7six.ApeX-k1.v7.6.5br3.dir/App/radio.c.obj
                0x0800b730                RADIO_SetTxParameters
 .text.RADIO_SetupAGC
                0x0800b814       0x38 CMakeFiles/n7six.ApeX-k1.v7.6.5br3.dir/App/radio.c.obj
                0x0800b814                RADIO_SetupAGC
 .text.RADIO_SetupRegisters
                0x0800b84c      0x250 CMakeFiles/n7six.ApeX-k1.v7.6.5br3.dir/App/radio.c.obj
                0x0800b84c                RADIO_SetupRegisters
 .text.RADIO_SetModulation
                0x0800ba9c      0x110 CMakeFiles/n7six.ApeX-k1.v7.6.5br3.dir/App/radio.c.obj
                0x0800ba9c                RADIO_SetModulation
 .text.RADIO_SetVfoState
                0x0800bbac       0x54 CMakeFiles/n7six.ApeX-k1.v7.6.5br3.dir/App/radio.c.obj
                0x0800bbac                RADIO_SetVfoState
 .text.RADIO_PrepareTX
                0x0800bc00      0x148 CMakeFiles/n7six.ApeX-k1.v7.6.5br3.dir/App/radio.c.obj
                0x0800bc00                RADIO_PrepareTX
 .text.RADIO_SendCssTail
                0x0800bd48       0x28 CMakeFiles/n7six.ApeX-k1.v7.6.5br3.dir/App/radio.c.obj
                0x0800bd48                RADIO_SendCssTail
 .text.RADIO_SendEndOfTransmission
                0x0800bd70       0x24 CMakeFiles/n7six.ApeX-k1.v7.6.5br3.dir/App/radio.c.obj
                0x0800bd70                RADIO_SendEndOfTransmission
 .text.RADIO_OnSaveChannel
                0x0800bd94        0xa CMakeFiles/n7six.ApeX-k1.v7.6.5br3.dir/App/radio.c.obj
                0x0800bd94                RADIO_OnSaveChannel
 *fill*         0x0800bd9e        0x2 
 .text.SysTick_Handler
                0x0800bda0      0x27c CMakeFiles/n7six.ApeX-k1.v7.6.5br3.dir/App/scheduler.c.obj
                0x0800bda0                SysTick_Handler
 .text.SETTINGS_ApplySnapshot
                0x0800c01c       0xa0 CMakeFiles/n7six.ApeX-k1.v7.6.5br3.dir/App/settings.c.obj
 .text.SETTINGS_CanPersist
                0x0800c0bc       0x28 CMakeFiles/n7six.ApeX-k1.v7.6.5br3.dir/App/settings.c.obj
 .text.SETTINGS_ReadSnapshot
                0x0800c0e4       0x54 CMakeFiles/n7six.ApeX-k1.v7.6.5br3.dir/App/settings.c.obj
 .text.SETTINGS_LoadSnapshotIfAvailable
                0x0800c138       0x64 CMakeFiles/n7six.ApeX-k1.v7.6.5br3.dir/App/settings.c.obj
 .text.SETTINGS_SaveSnapshot.isra.0
                0x0800c19c      0x148 CMakeFiles/n7six.ApeX-k1.v7.6.5br3.dir/App/settings.c.obj
 .text.SETTINGS_InitEEPROM
                0x0800c2e4      0x644 CMakeFiles/n7six.ApeX-k1.v7.6.5br3.dir/App/settings.c.obj
                0x0800c2e4                SETTINGS_InitEEPROM
 .text.SETTINGS_FetchChannelFrequency
                0x0800c928       0x10 CMakeFiles/n7six.ApeX-k1.v7.6.5br3.dir/App/settings.c.obj
                0x0800c928                SETTINGS_FetchChannelFrequency
 .text.SETTINGS_FetchChannelName
                0x0800c938       0x52 CMakeFiles/n7six.ApeX-k1.v7.6.5br3.dir/App/settings.c.obj
                0x0800c938                SETTINGS_FetchChannelName
 *fill*         0x0800c98a        0x2 
 .text.SETTINGS_FactoryReset
                0x0800c98c       0xe4 CMakeFiles/n7six.ApeX-k1.v7.6.5br3.dir/App/settings.c.obj
                0x0800c98c                SETTINGS_FactoryReset
 .text.SETTINGS_SaveFM
                0x0800ca70       0x60 CMakeFiles/n7six.ApeX-k1.v7.6.5br3.dir/App/settings.c.obj
                0x0800ca70                SETTINGS_SaveFM
 .text.SETTINGS_SaveVfoIndices
                0x0800cad0       0x3c CMakeFiles/n7six.ApeX-k1.v7.6.5br3.dir/App/settings.c.obj
                0x0800cad0                SETTINGS_SaveVfoIndices
 .text.SETTINGS_SaveSettings
                0x0800cb0c      0x380 CMakeFiles/n7six.ApeX-k1.v7.6.5br3.dir/App/settings.c.obj
                0x0800cb0c                SETTINGS_SaveSettings
 .text.SETTINGS_SaveBatteryCalibration
                0x0800ce8c       0x20 CMakeFiles/n7six.ApeX-k1.v7.6.5br3.dir/App/settings.c.obj
                0x0800ce8c                SETTINGS_SaveBatteryCalibration
 .text.SETTINGS_LoadCalibration
                0x0800ceac      0x1ac CMakeFiles/n7six.ApeX-k1.v7.6.5br3.dir/App/settings.c.obj
                0x0800ceac                SETTINGS_LoadCalibration
 .text.SETTINGS_SaveChannelName
                0x0800d058       0x4c CMakeFiles/n7six.ApeX-k1.v7.6.5br3.dir/App/settings.c.obj
                0x0800d058                SETTINGS_SaveChannelName
 .text.SETTINGS_UpdateChannel
                0x0800d0a4       0xd4 CMakeFiles/n7six.ApeX-k1.v7.6.5br3.dir/App/settings.c.obj
                0x0800d0a4                SETTINGS_UpdateChannel
 .text.SETTINGS_SaveChannel
                0x0800d178       0xe2 CMakeFiles/n7six.ApeX-k1.v7.6.5br3.dir/App/settings.c.obj
                0x0800d178                SETTINGS_SaveChannel
 *fill*         0x0800d25a        0x2 
 .text.SETTINGS_WriteBuildOptions
                0x0800d25c       0x30 CMakeFiles/n7six.ApeX-k1.v7.6.5br3.dir/App/settings.c.obj
                0x0800d25c                SETTINGS_WriteBuildOptions
 .text.SETTINGS_WriteCurrentState
                0x0800d28c       0x50 CMakeFiles/n7six.ApeX-k1.v7.6.5br3.dir/App/settings.c.obj
                0x0800d28c                SETTINGS_WriteCurrentState
 .text.SETTINGS_ResetTxLock
                0x0800d2dc       0x4e CMakeFiles/n7six.ApeX-k1.v7.6.5br3.dir/App/settings.c.obj
                0x0800d2dc                SETTINGS_ResetTxLock
 .text.SETTINGS_OnSaveChannel
                0x0800d32a        0x8 CMakeFiles/n7six.ApeX-k1.v7.6.5br3.dir/App/settings.c.obj
                0x0800d32a                SETTINGS_OnSaveChannel
 *fill*         0x0800d332        0x2 
 .text.UI_DrawBattery
                0x0800d334       0x50 CMakeFiles/n7six.ApeX-k1.v7.6.5br3.dir/App/ui/battery.c.obj
                0x0800d334                UI_DrawBattery
 .text.UI_DisplayBattery
                0x0800d384       0x1c CMakeFiles/n7six.ApeX-k1.v7.6.5br3.dir/App/ui/battery.c.obj
                0x0800d384                UI_DisplayBattery
 .text.UI_GenerateChannelString
                0x0800d3a0       0x4c CMakeFiles/n7six.ApeX-k1.v7.6.5br3.dir/App/ui/helper.c.obj
                0x0800d3a0                UI_GenerateChannelString
 .text.UI_GenerateChannelStringEx
                0x0800d3ec       0x68 CMakeFiles/n7six.ApeX-k1.v7.6.5br3.dir/App/ui/helper.c.obj
                0x0800d3ec                UI_GenerateChannelStringEx
 .text.UI_PrintStringBuffer
                0x0800d454       0x4c CMakeFiles/n7six.ApeX-k1.v7.6.5br3.dir/App/ui/helper.c.obj
                0x0800d454                UI_PrintStringBuffer
 .text.UI_PrintString
                0x0800d4a0       0x90 CMakeFiles/n7six.ApeX-k1.v7.6.5br3.dir/App/ui/helper.c.obj
                0x0800d4a0                UI_PrintString
 .text.UI_PrintStringSmall
                0x0800d530       0x40 CMakeFiles/n7six.ApeX-k1.v7.6.5br3.dir/App/ui/helper.c.obj
                0x0800d530                UI_PrintStringSmall
 .text.UI_PrintStringSmallNormal
                0x0800d570       0x14 CMakeFiles/n7six.ApeX-k1.v7.6.5br3.dir/App/ui/helper.c.obj
                0x0800d570                UI_PrintStringSmallNormal
 .text.UI_PrintStringSmallBold
                0x0800d584       0x14 CMakeFiles/n7six.ApeX-k1.v7.6.5br3.dir/App/ui/helper.c.obj
                0x0800d584                UI_PrintStringSmallBold
 .text.UI_PrintStringSmallBufferNormal
                0x0800d598       0x10 CMakeFiles/n7six.ApeX-k1.v7.6.5br3.dir/App/ui/helper.c.obj
                0x0800d598                UI_PrintStringSmallBufferNormal
 .text.UI_DisplayFrequency
                0x0800d5a8       0xcc CMakeFiles/n7six.ApeX-k1.v7.6.5br3.dir/App/ui/helper.c.obj
                0x0800d5a8                UI_DisplayFrequency
 .text.UI_DrawPixelBuffer
                0x0800d674       0x2e CMakeFiles/n7six.ApeX-k1.v7.6.5br3.dir/App/ui/helper.c.obj
                0x0800d674                UI_DrawPixelBuffer
 *fill*         0x0800d6a2        0x2 
 .text.PutPixel
                0x0800d6a4       0x18 CMakeFiles/n7six.ApeX-k1.v7.6.5br3.dir/App/ui/helper.c.obj
                0x0800d6a4                PutPixel
 .text.PutPixelStatus
                0x0800d6bc       0x18 CMakeFiles/n7six.ApeX-k1.v7.6.5br3.dir/App/ui/helper.c.obj
                0x0800d6bc                PutPixelStatus
 .text.GUI_DisplaySmallest
                0x0800d6d4       0x7c CMakeFiles/n7six.ApeX-k1.v7.6.5br3.dir/App/ui/helper.c.obj
                0x0800d6d4                GUI_DisplaySmallest
 .text.UI_Draw5x5Char
                0x0800d750       0xb0 CMakeFiles/n7six.ApeX-k1.v7.6.5br3.dir/App/ui/helper.c.obj
                0x0800d750                UI_Draw5x5Char
 .text.UI_Draw5x5String
                0x0800d800       0x24 CMakeFiles/n7six.ApeX-k1.v7.6.5br3.dir/App/ui/helper.c.obj
                0x0800d800                UI_Draw5x5String
 .text.UI_DrawLineBuffer
                0x0800d824       0x94 CMakeFiles/n7six.ApeX-k1.v7.6.5br3.dir/App/ui/helper.c.obj
                0x0800d824                UI_DrawLineBuffer
 .text.UI_DrawRectangleBuffer
                0x0800d8b8       0x54 CMakeFiles/n7six.ApeX-k1.v7.6.5br3.dir/App/ui/helper.c.obj
                0x0800d8b8                UI_DrawRectangleBuffer
 .text.UI_FillRectangleBuffer
                0x0800d90c       0x56 CMakeFiles/n7six.ApeX-k1.v7.6.5br3.dir/App/ui/helper.c.obj
                0x0800d90c                UI_FillRectangleBuffer
 *fill*         0x0800d962        0x2 
 .text.UI_DisplayClear
                0x0800d964       0x14 CMakeFiles/n7six.ApeX-k1.v7.6.5br3.dir/App/ui/helper.c.obj
                0x0800d964                UI_DisplayClear
 .text.UI_DisplayPopup
                0x0800d978       0x2c CMakeFiles/n7six.ApeX-k1.v7.6.5br3.dir/App/ui/helper.c.obj
                0x0800d978                UI_DisplayPopup
 .text.INPUTBOX_Append
                0x0800d9a4       0x30 CMakeFiles/n7six.ApeX-k1.v7.6.5br3.dir/App/ui/inputbox.c.obj
                0x0800d9a4                INPUTBOX_Append
 .text.INPUTBOX_GetAscii
                0x0800d9d4       0x28 CMakeFiles/n7six.ApeX-k1.v7.6.5br3.dir/App/ui/inputbox.c.obj
                0x0800d9d4                INPUTBOX_GetAscii
 .text.isMainOnly
                0x0800d9fc       0x1c CMakeFiles/n7six.ApeX-k1.v7.6.5br3.dir/App/ui/main.c.obj
 .text.DrawLevelBar
                0x0800da18       0x88 CMakeFiles/n7six.ApeX-k1.v7.6.5br3.dir/App/ui/main.c.obj
 .text.log2_approx
                0x0800daa0       0x10 CMakeFiles/n7six.ApeX-k1.v7.6.5br3.dir/App/ui/main.c.obj
                0x0800daa0                log2_approx
 .text.UI_DisplayAudioBar
                0x0800dab0      0x130 CMakeFiles/n7six.ApeX-k1.v7.6.5br3.dir/App/ui/main.c.obj
                0x0800dab0                UI_DisplayAudioBar
 .text.DisplayRSSIBar
                0x0800dbe0      0x1e4 CMakeFiles/n7six.ApeX-k1.v7.6.5br3.dir/App/ui/main.c.obj
                0x0800dbe0                DisplayRSSIBar
 .text.UI_MAIN_TimeSlice500ms
                0x0800ddc4       0xa4 CMakeFiles/n7six.ApeX-k1.v7.6.5br3.dir/App/ui/main.c.obj
                0x0800ddc4                UI_MAIN_TimeSlice500ms
 .text.UI_DisplayMain
                0x0800de68      0xd44 CMakeFiles/n7six.ApeX-k1.v7.6.5br3.dir/App/ui/main.c.obj
                0x0800de68                UI_DisplayMain
 .text.UI_MENU_GetCurrentMenuId
                0x0800ebac       0x1c CMakeFiles/n7six.ApeX-k1.v7.6.5br3.dir/App/ui/menu.c.obj
                0x0800ebac                UI_MENU_GetCurrentMenuId
 .text.UI_MENU_GetMenuIdx
                0x0800ebc8       0x20 CMakeFiles/n7six.ApeX-k1.v7.6.5br3.dir/App/ui/menu.c.obj
                0x0800ebc8                UI_MENU_GetMenuIdx
 .text.UI_DisplayMenu
                0x0800ebe8      0xb78 CMakeFiles/n7six.ApeX-k1.v7.6.5br3.dir/App/ui/menu.c.obj
                0x0800ebe8                UI_DisplayMenu
 .text.UI_DisplayScanner
                0x0800f760      0x198 CMakeFiles/n7six.ApeX-k1.v7.6.5br3.dir/App/ui/scanner.c.obj
                0x0800f760                UI_DisplayScanner
 .text.convertTime.constprop.0
                0x0800f8f8       0x64 CMakeFiles/n7six.ApeX-k1.v7.6.5br3.dir/App/ui/status.c.obj
 .text.UI_DisplayStatus
                0x0800f95c      0x2dc CMakeFiles/n7six.ApeX-k1.v7.6.5br3.dir/App/ui/status.c.obj
                0x0800f95c                UI_DisplayStatus
 .text.GUI_DisplayScreen
                0x0800fc38       0x1c CMakeFiles/n7six.ApeX-k1.v7.6.5br3.dir/App/ui/ui.c.obj
                0x0800fc38                GUI_DisplayScreen
 .text.GUI_SelectNextDisplay
                0x0800fc54       0x7c CMakeFiles/n7six.ApeX-k1.v7.6.5br3.dir/App/ui/ui.c.obj
                0x0800fc54                GUI_SelectNextDisplay
 .text.UI_OnChannelChange
                0x0800fcd0        0xc CMakeFiles/n7six.ApeX-k1.v7.6.5br3.dir/App/ui/ui.c.obj
                0x0800fcd0                UI_OnChannelChange
 .text.UI_DisplayReleaseKeys
                0x0800fcdc       0x48 CMakeFiles/n7six.ApeX-k1.v7.6.5br3.dir/App/ui/welcome.c.obj
                0x0800fcdc                UI_DisplayReleaseKeys
 .text.UI_DisplayWelcome
                0x0800fd24      0x1a8 CMakeFiles/n7six.ApeX-k1.v7.6.5br3.dir/App/ui/welcome.c.obj
                0x0800fd24                UI_DisplayWelcome
 .text.Main     0x0800fecc      0x358 CMakeFiles/n7six.ApeX-k1.v7.6.5br3.dir/App/main.c.obj
                0x0800fecc                Main
 .text._out_buffer
                0x08010224        0x8 CMakeFiles/n7six.ApeX-k1.v7.6.5br3.dir/App/external/printf/printf.c.obj
 .text._out_null
                0x0801022c        0x2 CMakeFiles/n7six.ApeX-k1.v7.6.5br3.dir/App/external/printf/printf.c.obj
 .text._ntoa_long
                0x0801022e      0x1c2 CMakeFiles/n7six.ApeX-k1.v7.6.5br3.dir/App/external/printf/printf.c.obj
 .text._vsnprintf
                0x080103f0      0x42c CMakeFiles/n7six.ApeX-k1.v7.6.5br3.dir/App/external/printf/printf.c.obj
 .text.sprintf_
                0x0801081c       0x28 CMakeFiles/n7six.ApeX-k1.v7.6.5br3.dir/App/external/printf/printf.c.obj
                0x0801081c                sprintf_
 .text.CRC_Init
                0x08010844        0x2 CMakeFiles/n7six.ApeX-k1.v7.6.5br3.dir/App/driver/crc.c.obj
                0x08010844                CRC_Init
 *fill*         0x08010846        0x2 
 .text.CRC_Calculate
                0x08010848       0x3c CMakeFiles/n7six.ApeX-k1.v7.6.5br3.dir/App/driver/crc.c.obj
                0x08010848                CRC_Calculate
 .text.AddrTranslate
                0x08010884       0x70 CMakeFiles/n7six.ApeX-k1.v7.6.5br3.dir/App/driver/eeprom_compat.c.obj
 .text.EEPROM_ReadBuffer
                0x080108f4       0x52 CMakeFiles/n7six.ApeX-k1.v7.6.5br3.dir/App/driver/eeprom_compat.c.obj
                0x080108f4                EEPROM_ReadBuffer
 .text.EEPROM_WriteBuffer
                0x08010946       0x4a CMakeFiles/n7six.ApeX-k1.v7.6.5br3.dir/App/driver/eeprom_compat.c.obj
                0x08010946                EEPROM_WriteBuffer
 .text.UART_Init
                0x08010990      0x130 CMakeFiles/n7six.ApeX-k1.v7.6.5br3.dir/App/driver/uart.c.obj
                0x08010990                UART_Init
 .text.UART_Send
                0x08010ac0       0x20 CMakeFiles/n7six.ApeX-k1.v7.6.5br3.dir/App/driver/uart.c.obj
                0x08010ac0                UART_Send
 .text.UART_IsCableConnected
                0x08010ae0       0x24 CMakeFiles/n7six.ApeX-k1.v7.6.5br3.dir/App/driver/uart.c.obj
                0x08010ae0                UART_IsCableConnected
 .text.SendReply
                0x08010b04       0xd0 CMakeFiles/n7six.ApeX-k1.v7.6.5br3.dir/App/app/uart.c.obj
 .text.UART_IsCommandAvailable
                0x08010bd4      0x184 CMakeFiles/n7six.ApeX-k1.v7.6.5br3.dir/App/app/uart.c.obj
                0x08010bd4                UART_IsCommandAvailable
 .text.UART_HandleCommand
                0x08010d58      0x210 CMakeFiles/n7six.ApeX-k1.v7.6.5br3.dir/App/app/uart.c.obj
                0x08010d58                UART_HandleCommand
 .text.VCP_Init
                0x08010f68       0x74 CMakeFiles/n7six.ApeX-k1.v7.6.5br3.dir/App/driver/vcp.c.obj
                0x08010f68                VCP_Init
 .text.usbd_cdc_acm_bulk_out
                0x08010fdc       0x74 CMakeFiles/n7six.ApeX-k1.v7.6.5br3.dir/App/usb/usbd_cdc_if.c.obj
                0x08010fdc                usbd_cdc_acm_bulk_out
 .text.usbd_cdc_acm_bulk_in
                0x08011050       0x28 CMakeFiles/n7six.ApeX-k1.v7.6.5br3.dir/App/usb/usbd_cdc_if.c.obj
                0x08011050                usbd_cdc_acm_bulk_in
 .text.usbd_configure_done_callback
                0x08011078       0x14 CMakeFiles/n7six.ApeX-k1.v7.6.5br3.dir/App/usb/usbd_cdc_if.c.obj
                0x08011078                usbd_configure_done_callback
 .text.cdc_acm_init
                0x0801108c       0x60 CMakeFiles/n7six.ApeX-k1.v7.6.5br3.dir/App/usb/usbd_cdc_if.c.obj
                0x0801108c                cdc_acm_init
 .text.usbd_cdc_acm_set_dtr
                0x080110ec       0x14 CMakeFiles/n7six.ApeX-k1.v7.6.5br3.dir/App/usb/usbd_cdc_if.c.obj
                0x080110ec                usbd_cdc_acm_set_dtr
 .text.cdc_acm_data_send_with_dtr_async
                0x08011100       0x12 CMakeFiles/n7six.ApeX-k1.v7.6.5br3.dir/App/usb/usbd_cdc_if.c.obj
                0x08011100                cdc_acm_data_send_with_dtr_async
 .text.BK1080_ReadRegister
                0x08011112       0x30 CMakeFiles/n7six.ApeX-k1.v7.6.5br3.dir/App/driver/bk1080.c.obj
                0x08011112                BK1080_ReadRegister
 .text.BK1080_WriteRegister
                0x08011142       0x30 CMakeFiles/n7six.ApeX-k1.v7.6.5br3.dir/App/driver/bk1080.c.obj
                0x08011142                BK1080_WriteRegister
 *fill*         0x08011172        0x2 
 .text.BK1080_Init0
                0x08011174       0x10 CMakeFiles/n7six.ApeX-k1.v7.6.5br3.dir/App/driver/bk1080.c.obj
                0x08011174                BK1080_Init0
 .text.BK1080_Mute
                0x08011184       0x1c CMakeFiles/n7six.ApeX-k1.v7.6.5br3.dir/App/driver/bk1080.c.obj
                0x08011184                BK1080_Mute
 .text.BK1080_SetFrequency
                0x080111a0       0x50 CMakeFiles/n7six.ApeX-k1.v7.6.5br3.dir/App/driver/bk1080.c.obj
                0x080111a0                BK1080_SetFrequency
 .text.BK1080_Init
                0x080111f0       0x98 CMakeFiles/n7six.ApeX-k1.v7.6.5br3.dir/App/driver/bk1080.c.obj
                0x080111f0                BK1080_Init
 .text.BK1080_GetFrequencyDeviation
                0x08011288       0x1c CMakeFiles/n7six.ApeX-k1.v7.6.5br3.dir/App/driver/bk1080.c.obj
                0x08011288                BK1080_GetFrequencyDeviation
 .text.BK1080_GetFreqLoLimit
                0x080112a4       0x10 CMakeFiles/n7six.ApeX-k1.v7.6.5br3.dir/App/driver/bk1080.c.obj
                0x080112a4                BK1080_GetFreqLoLimit
 .text.BK1080_GetFreqHiLimit
                0x080112b4       0x10 CMakeFiles/n7six.ApeX-k1.v7.6.5br3.dir/App/driver/bk1080.c.obj
                0x080112b4                BK1080_GetFreqHiLimit
 .text.FM_CheckValidChannel
                0x080112c4       0x3c CMakeFiles/n7six.ApeX-k1.v7.6.5br3.dir/App/app/fm.c.obj
                0x080112c4                FM_CheckValidChannel
 .text.FM_FindNextChannel
                0x08011300       0x34 CMakeFiles/n7six.ApeX-k1.v7.6.5br3.dir/App/app/fm.c.obj
                0x08011300                FM_FindNextChannel
 .text.FM_ConfigureChannelState
                0x08011334       0x3c CMakeFiles/n7six.ApeX-k1.v7.6.5br3.dir/App/app/fm.c.obj
                0x08011334                FM_ConfigureChannelState
 .text.Key_FUNC
                0x08011370       0xa8 CMakeFiles/n7six.ApeX-k1.v7.6.5br3.dir/App/app/fm.c.obj
 .text.FM_TurnOff
                0x08011418       0x58 CMakeFiles/n7six.ApeX-k1.v7.6.5br3.dir/App/app/fm.c.obj
                0x08011418                FM_TurnOff
 .text.FM_EraseChannels
                0x08011470       0x1c CMakeFiles/n7six.ApeX-k1.v7.6.5br3.dir/App/app/fm.c.obj
                0x08011470                FM_EraseChannels
 .text.FM_Tune  0x0801148c       0xb4 CMakeFiles/n7six.ApeX-k1.v7.6.5br3.dir/App/app/fm.c.obj
                0x0801148c                FM_Tune
 .text.Key_UP_DOWN
                0x08011540      0x104 CMakeFiles/n7six.ApeX-k1.v7.6.5br3.dir/App/app/fm.c.obj
 .text.FM_PlayAndUpdate
                0x08011644       0x68 CMakeFiles/n7six.ApeX-k1.v7.6.5br3.dir/App/app/fm.c.obj
                0x08011644                FM_PlayAndUpdate
 .text.FM_CheckFrequencyLock
                0x080116ac       0x94 CMakeFiles/n7six.ApeX-k1.v7.6.5br3.dir/App/app/fm.c.obj
                0x080116ac                FM_CheckFrequencyLock
 .text.FM_ProcessKeys
                0x08011740      0x2ac CMakeFiles/n7six.ApeX-k1.v7.6.5br3.dir/App/app/fm.c.obj
                0x08011740                FM_ProcessKeys
 .text.FM_Play  0x080119ec       0xb4 CMakeFiles/n7six.ApeX-k1.v7.6.5br3.dir/App/app/fm.c.obj
                0x080119ec                FM_Play
 .text.FM_Start
                0x08011aa0       0x68 CMakeFiles/n7six.ApeX-k1.v7.6.5br3.dir/App/app/fm.c.obj
                0x08011aa0                FM_Start
 .text.UI_DisplayFM
                0x08011b08      0x1d0 CMakeFiles/n7six.ApeX-k1.v7.6.5br3.dir/App/ui/fmradio.c.obj
                0x08011b08                UI_DisplayFM
 .text.AIRCOPY_clear
                0x08011cd8       0x18 CMakeFiles/n7six.ApeX-k1.v7.6.5br3.dir/App/app/aircopy.c.obj
 .text.AIRCOPY_SendMessage
                0x08011cf0       0xb4 CMakeFiles/n7six.ApeX-k1.v7.6.5br3.dir/App/app/aircopy.c.obj
                0x08011cf0                AIRCOPY_SendMessage
 .text.AIRCOPY_StorePacket
                0x08011da4       0xe0 CMakeFiles/n7six.ApeX-k1.v7.6.5br3.dir/App/app/aircopy.c.obj
                0x08011da4                AIRCOPY_StorePacket
 .text.AIRCOPY_ProcessKeys
                0x08011e84      0x158 CMakeFiles/n7six.ApeX-k1.v7.6.5br3.dir/App/app/aircopy.c.obj
                0x08011e84                AIRCOPY_ProcessKeys
 .text.UI_DisplayAircopy
                0x08011fdc      0x1f8 CMakeFiles/n7six.ApeX-k1.v7.6.5br3.dir/App/ui/aircopy.c.obj
                0x08011fdc                UI_DisplayAircopy
 .text.FlashlightTimeSlice
                0x080121d4       0xa4 CMakeFiles/n7six.ApeX-k1.v7.6.5br3.dir/App/app/flashlight.c.obj
                0x080121d4                FlashlightTimeSlice
 .text.ACTION_FlashLight
                0x08012278       0x38 CMakeFiles/n7six.ApeX-k1.v7.6.5br3.dir/App/app/flashlight.c.obj
                0x08012278                ACTION_FlashLight
 .text.Rssi2DBm
                0x080122b0       0x20 CMakeFiles/n7six.ApeX-k1.v7.6.5br3.dir/App/app/spectrum.c.obj
 .text.ResetScanStats
                0x080122d0       0x14 CMakeFiles/n7six.ApeX-k1.v7.6.5br3.dir/App/app/spectrum.c.obj
 .text.MarkSpectrumSettingsDirty
                0x080122e4       0x18 CMakeFiles/n7six.ApeX-k1.v7.6.5br3.dir/App/app/spectrum.c.obj
 .text.UpdatePeakInfo
                0x080122fc       0x90 CMakeFiles/n7six.ApeX-k1.v7.6.5br3.dir/App/app/spectrum.c.obj
 .text.MapMeasurementToDisplay
                0x0801238c       0x20 CMakeFiles/n7six.ApeX-k1.v7.6.5br3.dir/App/app/spectrum.c.obj
 .text.SetRssiHistory
                0x080123ac       0x1c CMakeFiles/n7six.ApeX-k1.v7.6.5br3.dir/App/app/spectrum.c.obj
 .text.GetRegMenuValue
                0x080123c8       0x20 CMakeFiles/n7six.ApeX-k1.v7.6.5br3.dir/App/app/spectrum.c.obj
 .text.RestoreRegisters
                0x080123e8       0x2c CMakeFiles/n7six.ApeX-k1.v7.6.5br3.dir/App/app/spectrum.c.obj
 .text.SetF     0x08012414       0x38 CMakeFiles/n7six.ApeX-k1.v7.6.5br3.dir/App/app/spectrum.c.obj
 .text.ResetBlacklist
                0x0801244c       0x3c CMakeFiles/n7six.ApeX-k1.v7.6.5br3.dir/App/app/spectrum.c.obj
 .text.ToggleListeningBW
                0x08012488       0x4c CMakeFiles/n7six.ApeX-k1.v7.6.5br3.dir/App/app/spectrum.c.obj
 .text.ToggleBacklight
                0x080124d4       0x24 CMakeFiles/n7six.ApeX-k1.v7.6.5br3.dir/App/app/spectrum.c.obj
 .text.SaveSettings
                0x080124f8       0x44 CMakeFiles/n7six.ApeX-k1.v7.6.5br3.dir/App/app/spectrum.c.obj
 .text.SPECTRUM_SaveSettings
                0x0801253c       0x98 CMakeFiles/n7six.ApeX-k1.v7.6.5br3.dir/App/app/spectrum.c.obj
 .text.DrawF    0x080125d4       0x90 CMakeFiles/n7six.ApeX-k1.v7.6.5br3.dir/App/app/spectrum.c.obj
 .text.RecomputeSmoothedTrace
                0x08012664       0x64 CMakeFiles/n7six.ApeX-k1.v7.6.5br3.dir/App/app/spectrum.c.obj
 .text.UpdateDisplayTrace.part.0
                0x080126c8       0x48 CMakeFiles/n7six.ApeX-k1.v7.6.5br3.dir/App/app/spectrum.c.obj
 .text.SetBandLed.part.0.constprop.0
                0x08012710       0x3c CMakeFiles/n7six.ApeX-k1.v7.6.5br3.dir/App/app/spectrum.c.obj
 .text.ToggleRX
                0x0801274c      0x130 CMakeFiles/n7six.ApeX-k1.v7.6.5br3.dir/App/app/spectrum.c.obj
 .text.UpdateDBMax
                0x0801287c       0x78 CMakeFiles/n7six.ApeX-k1.v7.6.5br3.dir/App/app/spectrum.c.obj
 .text.SYSTEM_DelayUs
                0x080128f4       0x12 CMakeFiles/n7six.ApeX-k1.v7.6.5br3.dir/App/app/spectrum.c.obj
                0x080128f4                SYSTEM_DelayUs
 .text.DrawLine
                0x08012906       0x8c CMakeFiles/n7six.ApeX-k1.v7.6.5br3.dir/App/app/spectrum.c.obj
                0x08012906                DrawLine
 *fill*         0x08012992        0x2 
 .text.LockAGC  0x08012994       0x24 CMakeFiles/n7six.ApeX-k1.v7.6.5br3.dir/App/app/spectrum.c.obj
                0x08012994                LockAGC
 .text.SetRegMenuValue
                0x080129b8       0xb0 CMakeFiles/n7six.ApeX-k1.v7.6.5br3.dir/App/app/spectrum.c.obj
 .text.IsPeakOverLevel
                0x08012a68       0x1c CMakeFiles/n7six.ApeX-k1.v7.6.5br3.dir/App/app/spectrum.c.obj
                0x08012a68                IsPeakOverLevel
 .text.GetScanStep
                0x08012a84       0x14 CMakeFiles/n7six.ApeX-k1.v7.6.5br3.dir/App/app/spectrum.c.obj
                0x08012a84                GetScanStep
 .text.GetStepsCount
                0x08012a98       0x38 CMakeFiles/n7six.ApeX-k1.v7.6.5br3.dir/App/app/spectrum.c.obj
                0x08012a98                GetStepsCount
 .text.GetDisplayWidth
                0x08012ad0       0x38 CMakeFiles/n7six.ApeX-k1.v7.6.5br3.dir/App/app/spectrum.c.obj
 .text.UpdateWaterfall
                0x08012b08       0xf8 CMakeFiles/n7six.ApeX-k1.v7.6.5br3.dir/App/app/spectrum.c.obj
 .text.SpecIdxToX
                0x08012c00       0x1e CMakeFiles/n7six.ApeX-k1.v7.6.5br3.dir/App/app/spectrum.c.obj
 .text.GetBW    0x08012c1e       0x10 CMakeFiles/n7six.ApeX-k1.v7.6.5br3.dir/App/app/spectrum.c.obj
                0x08012c1e                GetBW
 *fill*         0x08012c2e        0x2 
 .text.GetFStart
                0x08012c30       0x38 CMakeFiles/n7six.ApeX-k1.v7.6.5br3.dir/App/app/spectrum.c.obj
                0x08012c30                GetFStart
 .text.InitScan
                0x08012c68       0x34 CMakeFiles/n7six.ApeX-k1.v7.6.5br3.dir/App/app/spectrum.c.obj
 .text.GetCentroidFrequency
                0x08012c9c       0x94 CMakeFiles/n7six.ApeX-k1.v7.6.5br3.dir/App/app/spectrum.c.obj
 .text.TuneToPeak
                0x08012d30       0x28 CMakeFiles/n7six.ApeX-k1.v7.6.5br3.dir/App/app/spectrum.c.obj
 .text.GetFEnd  0x08012d58       0x3c CMakeFiles/n7six.ApeX-k1.v7.6.5br3.dir/App/app/spectrum.c.obj
                0x08012d58                GetFEnd
 .text.GetRssi  0x08012d94       0x40 CMakeFiles/n7six.ApeX-k1.v7.6.5br3.dir/App/app/spectrum.c.obj
                0x08012d94                GetRssi
 .text.Measure  0x08012dd4       0x30 CMakeFiles/n7six.ApeX-k1.v7.6.5br3.dir/App/app/spectrum.c.obj
 .text.RelaunchScan
                0x08012e04       0x60 CMakeFiles/n7six.ApeX-k1.v7.6.5br3.dir/App/app/spectrum.c.obj
 .text.ToggleModulation
                0x08012e64       0x30 CMakeFiles/n7six.ApeX-k1.v7.6.5br3.dir/App/app/spectrum.c.obj
 .text.UpdateFreqChangeStep
                0x08012e94       0x88 CMakeFiles/n7six.ApeX-k1.v7.6.5br3.dir/App/app/spectrum.c.obj
 .text.UpdateCurrentFreq
                0x08012f1c       0x6c CMakeFiles/n7six.ApeX-k1.v7.6.5br3.dir/App/app/spectrum.c.obj
 .text.SetState
                0x08012f88       0x3c CMakeFiles/n7six.ApeX-k1.v7.6.5br3.dir/App/app/spectrum.c.obj
                0x08012f88                SetState
 .text.FreqInput
                0x08012fc4       0x3c CMakeFiles/n7six.ApeX-k1.v7.6.5br3.dir/App/app/spectrum.c.obj
 .text.UpdateFreqInput
                0x08013000      0x19c CMakeFiles/n7six.ApeX-k1.v7.6.5br3.dir/App/app/spectrum.c.obj
 .text.Rssi2PX  0x0801319c       0x64 CMakeFiles/n7six.ApeX-k1.v7.6.5br3.dir/App/app/spectrum.c.obj
                0x0801319c                Rssi2PX
 .text.Rssi2Y   0x08013200       0x20 CMakeFiles/n7six.ApeX-k1.v7.6.5br3.dir/App/app/spectrum.c.obj
                0x08013200                Rssi2Y
 .text.RenderSpectrum
                0x08013220      0x604 CMakeFiles/n7six.ApeX-k1.v7.6.5br3.dir/App/app/spectrum.c.obj
 .text.UpdateRssiTriggerLevel
                0x08013824       0xd4 CMakeFiles/n7six.ApeX-k1.v7.6.5br3.dir/App/app/spectrum.c.obj
                0x08013824                UpdateRssiTriggerLevel
 .text.OnKeyDownStill
                0x080138f8      0x114 CMakeFiles/n7six.ApeX-k1.v7.6.5br3.dir/App/app/spectrum.c.obj
                0x080138f8                OnKeyDownStill
 .text.APP_RunSpectrum
                0x08013a0c      0xf88 CMakeFiles/n7six.ApeX-k1.v7.6.5br3.dir/App/app/spectrum.c.obj
                0x08013a0c                APP_RunSpectrum
 .text.getScreenShot
                0x08014994      0x1a4 CMakeFiles/n7six.ApeX-k1.v7.6.5br3.dir/App/screenshot.c.obj
                0x08014994                getScreenShot
 .text.usbd_class_event_notify_handler
                0x08014b38       0x24 CMakeFiles/n7six.ApeX-k1.v7.6.5br3.dir/Middlewares/CherryUSB/core/usbd_core.c.obj
 .text.usbd_set_endpoint
                0x08014b5c       0x2c CMakeFiles/n7six.ApeX-k1.v7.6.5br3.dir/Middlewares/CherryUSB/core/usbd_core.c.obj
 .text.usbd_setup_request_handler.constprop.0
                0x08014b88      0x380 CMakeFiles/n7six.ApeX-k1.v7.6.5br3.dir/Middlewares/CherryUSB/core/usbd_core.c.obj
 .text.usbd_event_resume_handler
                0x08014f08        0xc CMakeFiles/n7six.ApeX-k1.v7.6.5br3.dir/Middlewares/CherryUSB/core/usbd_core.c.obj
                0x08014f08                usbd_event_resume_handler
 .text.usbd_event_suspend_handler
                0x08014f14        0xc CMakeFiles/n7six.ApeX-k1.v7.6.5br3.dir/Middlewares/CherryUSB/core/usbd_core.c.obj
                0x08014f14                usbd_event_suspend_handler
 .text.usbd_event_reset_handler
                0x08014f20       0x38 CMakeFiles/n7six.ApeX-k1.v7.6.5br3.dir/Middlewares/CherryUSB/core/usbd_core.c.obj
                0x08014f20                usbd_event_reset_handler
 .text.usbd_event_ep0_setup_complete_handler
                0x08014f58       0x94 CMakeFiles/n7six.ApeX-k1.v7.6.5br3.dir/Middlewares/CherryUSB/core/usbd_core.c.obj
                0x08014f58                usbd_event_ep0_setup_complete_handler
 .text.usbd_event_ep_in_complete_handler
                0x08014fec       0x58 CMakeFiles/n7six.ApeX-k1.v7.6.5br3.dir/Middlewares/CherryUSB/core/usbd_core.c.obj
                0x08014fec                usbd_event_ep_in_complete_handler
 .text.usbd_event_ep_out_complete_handler
                0x08015044       0x64 CMakeFiles/n7six.ApeX-k1.v7.6.5br3.dir/Middlewares/CherryUSB/core/usbd_core.c.obj
                0x08015044                usbd_event_ep_out_complete_handler
 .text.usbd_desc_register
                0x080150a8       0x14 CMakeFiles/n7six.ApeX-k1.v7.6.5br3.dir/Middlewares/CherryUSB/core/usbd_core.c.obj
                0x080150a8                usbd_desc_register
 .text.usbd_add_interface
                0x080150bc       0x2c CMakeFiles/n7six.ApeX-k1.v7.6.5br3.dir/Middlewares/CherryUSB/core/usbd_core.c.obj
                0x080150bc                usbd_add_interface
 .text.usbd_add_endpoint
                0x080150e8       0x2c CMakeFiles/n7six.ApeX-k1.v7.6.5br3.dir/Middlewares/CherryUSB/core/usbd_core.c.obj
                0x080150e8                usbd_add_endpoint
 .text.usbd_initialize
                0x08015114        0x8 CMakeFiles/n7six.ApeX-k1.v7.6.5br3.dir/Middlewares/CherryUSB/core/usbd_core.c.obj
                0x08015114                usbd_initialize
 .text.pyusb_write_packet
                0x0801511c       0x20 CMakeFiles/n7six.ApeX-k1.v7.6.5br3.dir/Middlewares/CherryUSB/port/usb_dc_py32.c.obj
 .text.usbd_ep0_set_zlp_flag
                0x0801513c        0xc CMakeFiles/n7six.ApeX-k1.v7.6.5br3.dir/Middlewares/CherryUSB/port/usb_dc_py32.c.obj
                0x0801513c                usbd_ep0_set_zlp_flag
 .text.usb_dc_low_level_init
                0x08015148        0x2 CMakeFiles/n7six.ApeX-k1.v7.6.5br3.dir/Middlewares/CherryUSB/port/usb_dc_py32.c.obj
                0x08015148                usb_dc_low_level_init
 *fill*         0x0801514a        0x2 
 .text.usb_dc_init
                0x0801514c       0x20 CMakeFiles/n7six.ApeX-k1.v7.6.5br3.dir/Middlewares/CherryUSB/port/usb_dc_py32.c.obj
                0x0801514c                usb_dc_init
 .text.usbd_set_address
                0x0801516c       0x18 CMakeFiles/n7six.ApeX-k1.v7.6.5br3.dir/Middlewares/CherryUSB/port/usb_dc_py32.c.obj
                0x0801516c                usbd_set_address
 .text.usbd_ep_open
                0x08015184      0x124 CMakeFiles/n7six.ApeX-k1.v7.6.5br3.dir/Middlewares/CherryUSB/port/usb_dc_py32.c.obj
                0x08015184                usbd_ep_open
 .text.usbd_ep_close
                0x080152a8        0x4 CMakeFiles/n7six.ApeX-k1.v7.6.5br3.dir/Middlewares/CherryUSB/port/usb_dc_py32.c.obj
                0x080152a8                usbd_ep_close
 .text.usbd_ep_set_stall
                0x080152ac       0x4c CMakeFiles/n7six.ApeX-k1.v7.6.5br3.dir/Middlewares/CherryUSB/port/usb_dc_py32.c.obj
                0x080152ac                usbd_ep_set_stall
 .text.usbd_ep_clear_stall
                0x080152f8       0x50 CMakeFiles/n7six.ApeX-k1.v7.6.5br3.dir/Middlewares/CherryUSB/port/usb_dc_py32.c.obj
                0x080152f8                usbd_ep_clear_stall
 .text.usbd_ep_is_stalled
                0x08015348       0x34 CMakeFiles/n7six.ApeX-k1.v7.6.5br3.dir/Middlewares/CherryUSB/port/usb_dc_py32.c.obj
                0x08015348                usbd_ep_is_stalled
 .text.usbd_ep_start_write
                0x0801537c      0x10c CMakeFiles/n7six.ApeX-k1.v7.6.5br3.dir/Middlewares/CherryUSB/port/usb_dc_py32.c.obj
                0x0801537c                usbd_ep_start_write
 .text.usbd_ep_start_read
                0x08015488       0x94 CMakeFiles/n7six.ApeX-k1.v7.6.5br3.dir/Middlewares/CherryUSB/port/usb_dc_py32.c.obj
                0x08015488                usbd_ep_start_read
 .text.USB_IRQHandler
                0x0801551c      0x2a8 CMakeFiles/n7six.ApeX-k1.v7.6.5br3.dir/Middlewares/CherryUSB/port/usb_dc_py32.c.obj
                0x0801551c                USB_IRQHandler
 .text.cdc_notify_handler
                0x080157c4        0x2 CMakeFiles/n7six.ApeX-k1.v7.6.5br3.dir/Middlewares/CherryUSB/class/cdc/usbd_cdc.c.obj
 *fill*         0x080157c6        0x2 
 .text.usbd_cdc_acm_init_intf
                0x080157c8       0x18 CMakeFiles/n7six.ApeX-k1.v7.6.5br3.dir/Middlewares/CherryUSB/class/cdc/usbd_cdc.c.obj
                0x080157c8                usbd_cdc_acm_init_intf
 .text.usbd_cdc_acm_set_line_coding
                0x080157e0        0x2 CMakeFiles/n7six.ApeX-k1.v7.6.5br3.dir/Middlewares/CherryUSB/class/cdc/usbd_cdc.c.obj
                0x080157e0                usbd_cdc_acm_set_line_coding
 .text.usbd_cdc_acm_get_line_coding
                0x080157e2       0x1c CMakeFiles/n7six.ApeX-k1.v7.6.5br3.dir/Middlewares/CherryUSB/class/cdc/usbd_cdc.c.obj
                0x080157e2                usbd_cdc_acm_get_line_coding
 .text.usbd_cdc_acm_set_rts
                0x080157fe        0x2 CMakeFiles/n7six.ApeX-k1.v7.6.5br3.dir/Middlewares/CherryUSB/class/cdc/usbd_cdc.c.obj
                0x080157fe                usbd_cdc_acm_set_rts
 .text.cdc_acm_class_interface_request_handler
                0x08015800       0x70 CMakeFiles/n7six.ApeX-k1.v7.6.5br3.dir/Middlewares/CherryUSB/class/cdc/usbd_cdc.c.obj
 .text.__muldi3
                0x08015870       0x5c /opt/toolchain/bin/../lib/gcc/arm-none-eabi/13.3.1/thumb/v6-m/nofp/libgcc.a(_muldi3.o)
                0x08015870                __aeabi_lmul
                0x08015870                __muldi3
 .text.__libc_init_array
                0x080158cc       0x48 /opt/toolchain/bin/../lib/gcc/arm-none-eabi/13.3.1/../../../../arm-none-eabi/lib/thumb/v6-m/nofp/libg_nano.a(libc_a-init.o)
                0x080158cc                __libc_init_array
 .text.memmove  0x08015914       0x24 /opt/toolchain/bin/../lib/gcc/arm-none-eabi/13.3.1/../../../../arm-none-eabi/lib/thumb/v6-m/nofp/libg_nano.a(libc_a-memmove.o)
                0x08015914                memmove