Archive member included to satisfy reference by file (symbol)

/opt/toolchain/bin/../lib/gcc/arm-none-eabi/13.3.1/thumb/v6-m/nofp/libgcc.a(_thumb1_case_sqi.o)
                              CMakeFiles/n7six.ApeX-k1.v7.6.5br2.dir/App/app/menu.c.obj (__gnu_thumb1_case_sqi)
/opt/toolchain/bin/../lib/gcc/arm-none-eabi/13.3.1/thumb/v6-m/nofp/libgcc.a(_thumb1_case_uqi.o)
                              CMakeFiles/n7six.ApeX-k1.v7.6.5br2.dir/Drivers/PY32F071_HAL_Driver/Src/py32f071_ll_dma.c.obj (__gnu_thumb1_case_uqi)
/opt/toolchain/bin/../lib/gcc/arm-none-eabi/13.3.1/thumb/v6-m/nofp/libgcc.a(_thumb1_case_shi.o)
                              CMakeFiles/n7six.ApeX-k1.v7.6.5br2.dir/App/app/main.c.obj (__gnu_thumb1_case_shi)
/opt/toolchain/bin/../lib/gcc/arm-none-eabi/13.3.1/thumb/v6-m/nofp/libgcc.a(_thumb1_case_uhi.o)
                              CMakeFiles/n7six.ApeX-k1.v7.6.5br2.dir/App/app/main.c.obj (__gnu_thumb1_case_uhi)
/opt/toolchain/bin/../lib/gcc/arm-none-eabi/13.3.1/thumb/v6-m/nofp/libgcc.a(_udivsi3.o)
                              CMakeFiles/n7six.ApeX-k1.v7.6.5br2.dir/Drivers/PY32F071_HAL_Driver/Src/py32f071_ll_rcc.c.obj (__aeabi_uidiv)
/opt/toolchain/bin/../lib/gcc/arm-none-eabi/13.3.1/thumb/v6-m/nofp/libgcc.a(_divsi3.o)
                              CMakeFiles/n7six.ApeX-k1.v7.6.5br2.dir/Drivers/PY32F071_HAL_Driver/Src/py32f071_ll_i2c.c.obj (__aeabi_idiv)
/opt/toolchain/bin/../lib/gcc/arm-none-eabi/13.3.1/thumb/v6-m/nofp/libgcc.a(_dvmd_tls.o)
                              /opt/toolchain/bin/../lib/gcc/arm-none-eabi/13.3.1/thumb/v6-m/nofp/libgcc.a(_udivsi3.o) (__aeabi_idiv0)
/opt/toolchain/bin/../lib/gcc/arm-none-eabi/13.3.1/thumb/v6-m/nofp/libgcc.a(_clzsi2.o)
                              CMakeFiles/n7six.ApeX-k1.v7.6.5br2.dir/App/board.c.obj (__clzsi2)
/opt/toolchain/bin/../lib/gcc/arm-none-eabi/13.3.1/thumb/v6-m/nofp/libgcc.a(_muldi3.o)
                              CMakeFiles/n7six.ApeX-k1.v7.6.5br2.dir/App/app/spectrum.c.obj (__aeabi_lmul)
/opt/toolchain/bin/../lib/gcc/arm-none-eabi/13.3.1/../../../../arm-none-eabi/lib/thumb/v6-m/nofp/libg_nano.a(libc_a-exit.o)
                              /opt/toolchain/bin/../lib/gcc/arm-none-eabi/13.3.1/../../../../arm-none-eabi/lib/thumb/v6-m/nofp/crt0.o (exit)
/opt/toolchain/bin/../lib/gcc/arm-none-eabi/13.3.1/../../../../arm-none-eabi/lib/thumb/v6-m/nofp/libg_nano.a(libc_a-init.o)
                              /opt/toolchain/bin/../lib/gcc/arm-none-eabi/13.3.1/../../../../arm-none-eabi/lib/thumb/v6-m/nofp/crt0.o (__libc_init_array)
/opt/toolchain/bin/../lib/gcc/arm-none-eabi/13.3.1/../../../../arm-none-eabi/lib/thumb/v6-m/nofp/libg_nano.a(libc_a-memmove.o)
                              CMakeFiles/n7six.ApeX-k1.v7.6.5br2.dir/App/app/dtmf.c.obj (memmove)
/opt/toolchain/bin/../lib/gcc/arm-none-eabi/13.3.1/../../../../arm-none-eabi/lib/thumb/v6-m/nofp/libg_nano.a(libc_a-memset.o)
                              /opt/toolchain/bin/../lib/gcc/arm-none-eabi/13.3.1/../../../../arm-none-eabi/lib/thumb/v6-m/nofp/crt0.o (memset)
/opt/toolchain/bin/../lib/gcc/arm-none-eabi/13.3.1/../../../../arm-none-eabi/lib/thumb/v6-m/nofp/libg_nano.a(libc_a-memcpy-stub.o)
                              CMakeFiles/n7six.ApeX-k1.v7.6.5br2.dir/App/driver/bk4829.c.obj (memcpy)
/opt/toolchain/bin/../lib/gcc/arm-none-eabi/13.3.1/../../../../arm-none-eabi/lib/thumb/v6-m/nofp/libg_nano.a(libc_a-strlen.o)
                              CMakeFiles/n7six.ApeX-k1.v7.6.5br2.dir/App/app/app.c.obj (strlen)
/opt/toolchain/bin/../lib/gcc/arm-none-eabi/13.3.1/../../../../arm-none-eabi/lib/thumb/v6-m/nofp/libg_nano.a(libc_a-findfp.o)
                              /opt/toolchain/bin/../lib/gcc/arm-none-eabi/13.3.1/../../../../arm-none-eabi/lib/thumb/v6-m/nofp/libg_nano.a(libc_a-exit.o) (__stdio_exit_handler)
/opt/toolchain/bin/../lib/gcc/arm-none-eabi/13.3.1/../../../../arm-none-eabi/lib/thumb/v6-m/nofp/libg_nano.a(libc_a-strncpy.o)
                              CMakeFiles/n7six.ApeX-k1.v7.6.5br2.dir/App/app/generic.c.obj (strncpy)
/opt/toolchain/bin/../lib/gcc/arm-none-eabi/13.3.1/../../../../arm-none-eabi/lib/thumb/v6-m/nofp/libg_nano.a(libc_a-strnlen.o)
                              CMakeFiles/n7six.ApeX-k1.v7.6.5br2.dir/App/app/uart.c.obj (strnlen)
/opt/toolchain/bin/../lib/gcc/arm-none-eabi/13.3.1/../../../../arm-none-eabi/lib/thumb/v6-m/nofp/libg_nano.a(libc_a-stdio.o)
                              /opt/toolchain/bin/../lib/gcc/arm-none-eabi/13.3.1/../../../../arm-none-eabi/lib/thumb/v6-m/nofp/libg_nano.a(libc_a-findfp.o) (__sread)
/opt/toolchain/bin/../lib/gcc/arm-none-eabi/13.3.1/../../../../arm-none-eabi/lib/thumb/v6-m/nofp/libg_nano.a(libc_a-lseekr.o)
                              /opt/toolchain/bin/../lib/gcc/arm-none-eabi/13.3.1/../../../../arm-none-eabi/lib/thumb/v6-m/nofp/libg_nano.a(libc_a-stdio.o) (_lseek_r)
/opt/toolchain/bin/../lib/gcc/arm-none-eabi/13.3.1/../../../../arm-none-eabi/lib/thumb/v6-m/nofp/libg_nano.a(libc_a-readr.o)
[...]
Memory Configuration

Name             Origin             Length             Attributes
RAM              0x20000000         0x00004000         xrw
FLASH            0x08002800         0x0001d800         xr
*default*        0x00000000         0xffffffff

Linker script and memory map

LOAD /opt/toolchain/bin/../lib/gcc/arm-none-eabi/13.3.1/thumb/v6-m/nofp/crti.o
LOAD /opt/toolchain/bin/../lib/gcc/arm-none-eabi/13.3.1/thumb/v6-m/nofp/crtbegin.o
LOAD /opt/toolchain/bin/../lib/gcc/arm-none-eabi/13.3.1/../../../../arm-none-eabi/lib/thumb/v6-m/nofp/crt0.o
LOAD CMakeFiles/n7six.ApeX-k1.v7.6.5br2.dir/Core/Src/main.c.obj
LOAD CMakeFiles/n7six.ApeX-k1.v7.6.5br2.dir/Core/Src/py32f071_it.c.obj
LOAD CMakeFiles/n7six.ApeX-k1.v7.6.5br2.dir/Core/Src/system_py32f071.c.obj
LOAD CMakeFiles/n7six.ApeX-k1.v7.6.5br2.dir/Core/startup_py32f071xx.s.obj
LOAD CMakeFiles/n7six.ApeX-k1.v7.6.5br2.dir/Drivers/PY32F071_HAL_Driver/Src/py32f071_ll_rcc.c.obj
LOAD CMakeFiles/n7six.ApeX-k1.v7.6.5br2.dir/Drivers/PY32F071_HAL_Driver/Src/py32f071_ll_pwr.c.obj
LOAD CMakeFiles/n7six.ApeX-k1.v7.6.5br2.dir/Drivers/PY32F071_HAL_Driver/Src/py32f071_ll_dma.c.obj
LOAD CMakeFiles/n7six.ApeX-k1.v7.6.5br2.dir/Drivers/PY32F071_HAL_Driver/Src/py32f071_ll_gpio.c.obj
LOAD CMakeFiles/n7six.ApeX-k1.v7.6.5br2.dir/Drivers/PY32F071_HAL_Driver/Src/py32f071_ll_utils.c.obj
LOAD CMakeFiles/n7six.ApeX-k1.v7.6.5br2.dir/Drivers/PY32F071_HAL_Driver/Src/py32f071_ll_adc.c.obj
LOAD CMakeFiles/n7six.ApeX-k1.v7.6.5br2.dir/Drivers/PY32F071_HAL_Driver/Src/py32f071_ll_comp.c.obj
LOAD CMakeFiles/n7six.ApeX-k1.v7.6.5br2.dir/Drivers/PY32F071_HAL_Driver/Src/py32f071_ll_crc.c.obj
LOAD CMakeFiles/n7six.ApeX-k1.v7.6.5br2.dir/Drivers/PY32F071_HAL_Driver/Src/py32f071_ll_dac.c.obj
LOAD CMakeFiles/n7six.ApeX-k1.v7.6.5br2.dir/Drivers/PY32F071_HAL_Driver/Src/py32f071_ll_exti.c.obj
LOAD CMakeFiles/n7six.ApeX-k1.v7.6.5br2.dir/Drivers/PY32F071_HAL_Driver/Src/py32f071_ll_i2c.c.obj
LOAD CMakeFiles/n7six.ApeX-k1.v7.6.5br2.dir/Drivers/PY32F071_HAL_Driver/Src/py32f071_ll_rtc.c.obj
LOAD CMakeFiles/n7six.ApeX-k1.v7.6.5br2.dir/Drivers/PY32F071_HAL_Driver/Src/py32f071_ll_spi.c.obj
LOAD CMakeFiles/n7six.ApeX-k1.v7.6.5br2.dir/Drivers/PY32F071_HAL_Driver/Src/py32f071_ll_tim.c.obj
LOAD CMakeFiles/n7six.ApeX-k1.v7.6.5br2.dir/Drivers/PY32F071_HAL_Driver/Src/py32f071_ll_lptim.c.obj
LOAD CMakeFiles/n7six.ApeX-k1.v7.6.5br2.dir/Drivers/PY32F071_HAL_Driver/Src/py32f071_ll_usart.c.obj
LOAD CMakeFiles/n7six.ApeX-k1.v7.6.5br2.dir/App/driver/backlight.c.obj
LOAD CMakeFiles/n7six.ApeX-k1.v7.6.5br2.dir/App/driver/bk4829.c.obj
LOAD CMakeFiles/n7six.ApeX-k1.v7.6.5br2.dir/App/driver/py25q16.c.obj
LOAD CMakeFiles/n7six.ApeX-k1.v7.6.5br2.dir/App/driver/gpio.c.obj
LOAD CMakeFiles/n7six.ApeX-k1.v7.6.5br2.dir/App/driver/i2c.c.obj
LOAD CMakeFiles/n7six.ApeX-k1.v7.6.5br2.dir/App/driver/keyboard.c.obj
LOAD CMakeFiles/n7six.ApeX-k1.v7.6.5br2.dir/App/driver/st7565.c.obj
LOAD CMakeFiles/n7six.ApeX-k1.v7.6.5br2.dir/App/driver/system.c.obj
LOAD CMakeFiles/n7six.ApeX-k1.v7.6.5br2.dir/App/driver/systick.c.obj
LOAD CMakeFiles/n7six.ApeX-k1.v7.6.5br2.dir/App/app/action.c.obj
LOAD CMakeFiles/n7six.ApeX-k1.v7.6.5br2.dir/App/app/app.c.obj
LOAD CMakeFiles/n7six.ApeX-k1.v7.6.5br2.dir/App/app/chFrScanner.c.obj
LOAD CMakeFiles/n7six.ApeX-k1.v7.6.5br2.dir/App/app/common.c.obj
LOAD CMakeFiles/n7six.ApeX-k1.v7.6.5br2.dir/App/app/dtmf.c.obj
LOAD CMakeFiles/n7six.ApeX-k1.v7.6.5br2.dir/App/app/events.c.obj
LOAD CMakeFiles/n7six.ApeX-k1.v7.6.5br2.dir/App/app/events_handlers.c.obj
LOAD CMakeFiles/n7six.ApeX-k1.v7.6.5br2.dir/App/app/generic.c.obj
LOAD CMakeFiles/n7six.ApeX-k1.v7.6.5br2.dir/App/app/main.c.obj
LOAD CMakeFiles/n7six.ApeX-k1.v7.6.5br2.dir/App/app/menu.c.obj
LOAD CMakeFiles/n7six.ApeX-k1.v7.6.5br2.dir/App/app/scanner.c.obj
LOAD CMakeFiles/n7six.ApeX-k1.v7.6.5br2.dir/App/audio.c.obj
LOAD CMakeFiles/n7six.ApeX-k1.v7.6.5br2.dir/App/bitmaps.c.obj
LOAD CMakeFiles/n7six.ApeX-k1.v7.6.5br2.dir/App/board.c.obj
LOAD CMakeFiles/n7six.ApeX-k1.v7.6.5br2.dir/App/dcs.c.obj
LOAD CMakeFiles/n7six.ApeX-k1.v7.6.5br2.dir/App/font.c.obj
LOAD CMakeFiles/n7six.ApeX-k1.v7.6.5br2.dir/App/frequencies.c.obj
LOAD CMakeFiles/n7six.ApeX-k1.v7.6.5br2.dir/App/functions.c.obj
LOAD CMakeFiles/n7six.ApeX-k1.v7.6.5br2.dir/App/helper/battery.c.obj
LOAD CMakeFiles/n7six.ApeX-k1.v7.6.5br2.dir/App/helper/boot.c.obj
LOAD CMakeFiles/n7six.ApeX-k1.v7.6.5br2.dir/App/misc.c.obj
LOAD CMakeFiles/n7six.ApeX-k1.v7.6.5br2.dir/App/radio.c.obj
LOAD CMakeFiles/n7six.ApeX-k1.v7.6.5br2.dir/App/scheduler.c.obj
LOAD CMakeFiles/n7six.ApeX-k1.v7.6.5br2.dir/App/settings.c.obj
LOAD CMakeFiles/n7six.ApeX-k1.v7.6.5br2.dir/App/ui/battery.c.obj
LOAD CMakeFiles/n7six.ApeX-k1.v7.6.5br2.dir/App/ui/helper.c.obj
LOAD CMakeFiles/n7six.ApeX-k1.v7.6.5br2.dir/App/ui/inputbox.c.obj
LOAD CMakeFiles/n7six.ApeX-k1.v7.6.5br2.dir/App/ui/main.c.obj
LOAD CMakeFiles/n7six.ApeX-k1.v7.6.5br2.dir/App/ui/menu.c.obj
LOAD CMakeFiles/n7six.ApeX-k1.v7.6.5br2.dir/App/ui/scanner.c.obj
LOAD CMakeFiles/n7six.ApeX-k1.v7.6.5br2.dir/App/ui/status.c.obj
LOAD CMakeFiles/n7six.ApeX-k1.v7.6.5br2.dir/App/ui/ui.c.obj
LOAD CMakeFiles/n7six.ApeX-k1.v7.6.5br2.dir/App/ui/welcome.c.obj
LOAD CMakeFiles/n7six.ApeX-k1.v7.6.5br2.dir/App/version.c.obj
LOAD CMakeFiles/n7six.ApeX-k1.v7.6.5br2.dir/App/main.c.obj
LOAD CMakeFiles/n7six.ApeX-k1.v7.6.5br2.dir/App/external/printf/printf.c.obj
LOAD CMakeFiles/n7six.ApeX-k1.v7.6.5br2.dir/App/driver/crc.c.obj
LOAD CMakeFiles/n7six.ApeX-k1.v7.6.5br2.dir/App/driver/eeprom_compat.c.obj
LOAD CMakeFiles/n7six.ApeX-k1.v7.6.5br2.dir/App/driver/uart.c.obj
LOAD CMakeFiles/n7six.ApeX-k1.v7.6.5br2.dir/App/app/uart.c.obj
LOAD CMakeFiles/n7six.ApeX-k1.v7.6.5br2.dir/App/driver/vcp.c.obj
LOAD CMakeFiles/n7six.ApeX-k1.v7.6.5br2.dir/App/usb/usbd_cdc_if.c.obj
LOAD CMakeFiles/n7six.ApeX-k1.v7.6.5br2.dir/App/driver/bk1080.c.obj
LOAD CMakeFiles/n7six.ApeX-k1.v7.6.5br2.dir/App/app/fm.c.obj
LOAD CMakeFiles/n7six.ApeX-k1.v7.6.5br2.dir/App/ui/fmradio.c.obj
LOAD CMakeFiles/n7six.ApeX-k1.v7.6.5br2.dir/App/app/aircopy.c.obj
LOAD CMakeFiles/n7six.ApeX-k1.v7.6.5br2.dir/App/ui/aircopy.c.obj
LOAD CMakeFiles/n7six.ApeX-k1.v7.6.5br2.dir/App/app/flashlight.c.obj
LOAD CMakeFiles/n7six.ApeX-k1.v7.6.5br2.dir/App/app/spectrum.c.obj
LOAD CMakeFiles/n7six.ApeX-k1.v7.6.5br2.dir/App/screenshot.c.obj
LOAD CMakeFiles/n7six.ApeX-k1.v7.6.5br2.dir/Middlewares/CherryUSB/core/usbd_core.c.obj
LOAD CMakeFiles/n7six.ApeX-k1.v7.6.5br2.dir/Middlewares/CherryUSB/port/usb_dc_py32.c.obj
LOAD CMakeFiles/n7six.ApeX-k1.v7.6.5br2.dir/Middlewares/CherryUSB/class/cdc/usbd_cdc.c.obj
LOAD /opt/toolchain/bin/../lib/gcc/arm-none-eabi/13.3.1/../../../../arm-none-eabi/lib/thumb/v6-m/nofp/libm.a
START GROUP
LOAD /opt/toolchain/bin/../lib/gcc/arm-none-eabi/13.3.1/thumb/v6-m/nofp/libgcc.a
LOAD /opt/toolchain/bin/../lib/gcc/arm-none-eabi/13.3.1/../../../../arm-none-eabi/lib/thumb/v6-m/nofp/libg_nano.a
LOAD /opt/toolchain/bin/../lib/gcc/arm-none-eabi/13.3.1/../../../../arm-none-eabi/lib/thumb/v6-m/nofp/libc_nano.a
END GROUP
START GROUP
LOAD /opt/toolchain/bin/../lib/gcc/arm-none-eabi/13.3.1/thumb/v6-m/nofp/libgcc.a
LOAD /opt/toolchain/bin/../lib/gcc/arm-none-eabi/13.3.1/../../../../arm-none-eabi/lib/thumb/v6-m/nofp/libc_nano.a
END GROUP
LOAD /opt/toolchain/bin/../lib/gcc/arm-none-eabi/13.3.1/thumb/v6-m/nofp/crtend.o
LOAD /opt/toolchain/bin/../lib/gcc/arm-none-eabi/13.3.1/thumb/v6-m/nofp/crtn.o
                0x20004000                        _estack = (ORIGIN (RAM) + LENGTH (RAM))
                0x00000200                        _Min_Heap_Size = 0x200
                0x00000400                        _Min_Stack_Size = 0x400

.isr_vector     0x08002800       0xc0
                0x08002800                        . = ALIGN (0x4)
 *(.isr_vector)
 .isr_vector    0x08002800       0xc0 CMakeFiles/n7six.ApeX-k1.v7.6.5br2.dir/Core/startup_py32f071xx.s.obj
                0x08002800                g_pfnVectors
                0x080028c0                        . = ALIGN (0x4)

.text           0x080028c0    0x12bec
                0x080028c0                        . = ALIGN (0x4)
 *(.text)
 .text          0x080028c0       0x14 /opt/toolchain/bin/../lib/gcc/arm-none-eabi/13.3.1/thumb/v6-m/nofp/libgcc.a(_thumb1_case_sqi.o)
                0x080028c0                __gnu_thumb1_case_sqi
 .text          0x080028d4       0x14 /opt/toolchain/bin/../lib/gcc/arm-none-eabi/13.3.1/thumb/v6-m/nofp/libgcc.a(_thumb1_case_uqi.o)
                0x080028d4                __gnu_thumb1_case_uqi
 .text          0x080028e8       0x14 /opt/toolchain/bin/../lib/gcc/arm-none-eabi/13.3.1/thumb/v6-m/nofp/libgcc.a(_thumb1_case_shi.o)
                0x080028e8                __gnu_thumb1_case_shi
 .text          0x080028fc       0x14 /opt/toolchain/bin/../lib/gcc/arm-none-eabi/13.3.1/thumb/v6-m/nofp/libgcc.a(_thumb1_case_uhi.o)
                0x080028fc                __gnu_thumb1_case_uhi
 .text          0x08002910      0x114 /opt/toolchain/bin/../lib/gcc/arm-none-eabi/13.3.1/thumb/v6-m/nofp/libgcc.a(_udivsi3.o)
                0x08002910                __udivsi3
                0x08002910                __aeabi_uidiv
                0x08002a1c                __aeabi_uidivmod
 .text          0x08002a24      0x1d4 /opt/toolchain/bin/../lib/gcc/arm-none-eabi/13.3.1/thumb/v6-m/nofp/libgcc.a(_divsi3.o)
                0x08002a24                __aeabi_idiv
                0x08002a24                __divsi3
                0x08002bf0                __aeabi_idivmod
 .text          0x08002bf8        0x4 /opt/toolchain/bin/../lib/gcc/arm-none-eabi/13.3.1/thumb/v6-m/nofp/libgcc.a(_dvmd_tls.o)
                0x08002bf8                __aeabi_ldiv0
                0x08002bf8                __aeabi_idiv0
 .text          0x08002bfc       0x3c /opt/toolchain/bin/../lib/gcc/arm-none-eabi/13.3.1/thumb/v6-m/nofp/libgcc.a(_clzsi2.o)
                0x08002bfc                __clzsi2
 .text          0x08002c38        0xe /opt/toolchain/bin/../lib/gcc/arm-none-eabi/13.3.1/../../../../arm-none-eabi/lib/thumb/v6-m/nofp/libg_nano.a(libc_a-strlen.o)
                0x08002c38                strlen
 *(.text*)
 *fill*         0x08002c46        0x2 
 .text.deregister_tm_clones
                0x08002c48       0x20 /opt/toolchain/bin/../lib/gcc/arm-none-eabi/13.3.1/thumb/v6-m/nofp/crtbegin.o
 .text.register_tm_clones
                0x08002c68       0x28 /opt/toolchain/bin/../lib/gcc/arm-none-eabi/13.3.1/thumb/v6-m/nofp/crtbegin.o
 .text.__do_global_dtors_aux
                0x08002c90       0x2c /opt/toolchain/bin/../lib/gcc/arm-none-eabi/13.3.1/thumb/v6-m/nofp/crtbegin.o
 .text.frame_dummy
                0x08002cbc       0x24 /opt/toolchain/bin/../lib/gcc/arm-none-eabi/13.3.1/thumb/v6-m/nofp/crtbegin.o
 .text.startup.main
                0x08002ce0       0x3c CMakeFiles/n7six.ApeX-k1.v7.6.5br2.dir/Core/Src/main.c.obj
                0x08002ce0                main
 .text.NMI_Handler
                0x08002d1c        0x2 CMakeFiles/n7six.ApeX-k1.v7.6.5br2.dir/Core/Src/py32f071_it.c.obj
                0x08002d1c                NMI_Handler
 .text.HardFault_Handler
                0x08002d1e        0x2 CMakeFiles/n7six.ApeX-k1.v7.6.5br2.dir/Core/Src/py32f071_it.c.obj
                0x08002d1e                HardFault_Handler
 .text.SVC_Handler
                0x08002d20        0x2 CMakeFiles/n7six.ApeX-k1.v7.6.5br2.dir/Core/Src/py32f071_it.c.obj
                0x08002d20                SVC_Handler
 .text.PendSV_Handler
                0x08002d22        0x2 CMakeFiles/n7six.ApeX-k1.v7.6.5br2.dir/Core/Src/py32f071_it.c.obj
                0x08002d22                PendSV_Handler
 .text.SystemInit
                0x08002d24       0x10 CMakeFiles/n7six.ApeX-k1.v7.6.5br2.dir/Core/Src/system_py32f071.c.obj
                0x08002d24                SystemInit
 .text.Reset_Handler
                0x08002d34       0x50 CMakeFiles/n7six.ApeX-k1.v7.6.5br2.dir/Core/startup_py32f071xx.s.obj
                0x08002d34                Reset_Handler
 .text.Default_Handler
                0x08002d84        0x2 CMakeFiles/n7six.ApeX-k1.v7.6.5br2.dir/Core/startup_py32f071xx.s.obj
                0x08002d84                TIM1_CC_IRQHandler
                0x08002d84                PVD_IRQHandler
                0x08002d84                I2C1_IRQHandler
                0x08002d84                SPI1_IRQHandler
                0x08002d84                EXTI2_3_IRQHandler
                0x08002d84                I2C2_IRQHandler
                0x08002d84                TIM17_IRQHandler
                0x08002d84                USART3_IRQHandler
                0x08002d84                RTC_IRQHandler
                0x08002d84                LCD_IRQHandler
                0x08002d84                TIM16_IRQHandler
                0x08002d84                TIM3_IRQHandler
                0x08002d84                EXTI4_15_IRQHandler
                0x08002d84                RCC_IRQHandler
                0x08002d84                DMA1_Channel1_IRQHandler
                0x08002d84                Default_Handler
                0x08002d84                TIM14_IRQHandler
                0x08002d84                TIM7_IRQHandler
                0x08002d84                TIM15_IRQHandler
                0x08002d84                EXTI0_1_IRQHandler
                0x08002d84                SPI2_IRQHandler
                0x08002d84                WWDG_IRQHandler
                0x08002d84                TIM2_IRQHandler
                0x08002d84                DMA1_Channel2_3_IRQHandler
                0x08002d84                ADC_COMP_IRQHandler
                0x08002d84                USART2_IRQHandler
                0x08002d84                TIM6_LPTIM1_DAC_IRQHandler
                0x08002d84                FLASH_IRQHandler
                0x08002d84                USART1_IRQHandler
                0x08002d84                TIM1_BRK_UP_TRG_COM_IRQHandler
 *fill*         0x08002d86        0x2 
 .text.RCC_GetHCLKClockFreq
                0x08002d88       0x20 CMakeFiles/n7six.ApeX-k1.v7.6.5br2.dir/Drivers/PY32F071_HAL_Driver/Src/py32f071_ll_rcc.c.obj
                0x08002d88                RCC_GetHCLKClockFreq
 .text.RCC_GetPCLK1ClockFreq
                0x08002da8       0x20 CMakeFiles/n7six.ApeX-k1.v7.6.5br2.dir/Drivers/PY32F071_HAL_Driver/Src/py32f071_ll_rcc.c.obj
                0x08002da8                RCC_GetPCLK1ClockFreq
 .text.RCC_PLL_GetFreqDomain_SYS
                0x08002dc8       0x38 CMakeFiles/n7six.ApeX-k1.v7.6.5br2.dir/Drivers/PY32F071_HAL_Driver/Src/py32f071_ll_rcc.c.obj
                0x08002dc8                RCC_PLL_GetFreqDomain_SYS
 .text.RCC_GetSystemClockFreq
                0x08002e00       0x50 CMakeFiles/n7six.ApeX-k1.v7.6.5br2.dir/Drivers/PY32F071_HAL_Driver/Src/py32f071_ll_rcc.c.obj
                0x08002e00                RCC_GetSystemClockFreq
 .text.LL_RCC_GetSystemClocksFreq
                0x08002e50       0x18 CMakeFiles/n7six.ApeX-k1.v7.6.5br2.dir/Drivers/PY32F071_HAL_Driver/Src/py32f071_ll_rcc.c.obj
                0x08002e50                LL_RCC_GetSystemClocksFreq
 .text.LL_DMA_Init
                0x08002e68       0x4c CMakeFiles/n7six.ApeX-k1.v7.6.5br2.dir/Drivers/PY32F071_HAL_Driver/Src/py32f071_ll_dma.c.obj
                0x08002e68                LL_DMA_Init
 .text.LL_DMA_StructInit
                0x08002eb4       0x18 CMakeFiles/n7six.ApeX-k1.v7.6.5br2.dir/Drivers/PY32F071_HAL_Driver/Src/py32f071_ll_dma.c.obj
                0x08002eb4                LL_DMA_StructInit
 .text.LL_GPIO_Init
                0x08002ecc       0xa4 CMakeFiles/n7six.ApeX-k1.v7.6.5br2.dir/Drivers/PY32F071_HAL_Driver/Src/py32f071_ll_gpio.c.obj
                0x08002ecc                LL_GPIO_Init
 .text.LL_GPIO_StructInit
                0x08002f70       0x18 CMakeFiles/n7six.ApeX-k1.v7.6.5br2.dir/Drivers/PY32F071_HAL_Driver/Src/py32f071_ll_gpio.c.obj
                0x08002f70                LL_GPIO_StructInit
 .text.LL_SetSystemCoreClock
                0x08002f88        0xc CMakeFiles/n7six.ApeX-k1.v7.6.5br2.dir/Drivers/PY32F071_HAL_Driver/Src/py32f071_ll_utils.c.obj
                0x08002f88                LL_SetSystemCoreClock
 .text.LL_SPI_Init
                0x08002f94       0x68 CMakeFiles/n7six.ApeX-k1.v7.6.5br2.dir/Drivers/PY32F071_HAL_Driver/Src/py32f071_ll_spi.c.obj
                0x08002f94                LL_SPI_Init
 .text.LL_SPI_StructInit
                0x08002ffc       0x1a CMakeFiles/n7six.ApeX-k1.v7.6.5br2.dir/Drivers/PY32F071_HAL_Driver/Src/py32f071_ll_spi.c.obj
                0x08002ffc                LL_SPI_StructInit
 *fill*         0x08003016        0x2 
 .text.LL_USART_Init
                0x08003018       0xe4 CMakeFiles/n7six.ApeX-k1.v7.6.5br2.dir/Drivers/PY32F071_HAL_Driver/Src/py32f071_ll_usart.c.obj
                0x08003018                LL_USART_Init
 .text.LL_USART_StructInit
                0x080030fc       0x18 CMakeFiles/n7six.ApeX-k1.v7.6.5br2.dir/Drivers/PY32F071_HAL_Driver/Src/py32f071_ll_usart.c.obj
                0x080030fc                LL_USART_StructInit
 .text.BACKLIGHT_Sound
                0x08003114       0x28 CMakeFiles/n7six.ApeX-k1.v7.6.5br2.dir/App/driver/backlight.c.obj
 .text.BACKLIGHT_InitHardware
                0x0800313c       0xc4 CMakeFiles/n7six.ApeX-k1.v7.6.5br2.dir/App/driver/backlight.c.obj
                0x0800313c                BACKLIGHT_InitHardware
 .text.BACKLIGHT_IsOn
                0x08003200        0xc CMakeFiles/n7six.ApeX-k1.v7.6.5br2.dir/App/driver/backlight.c.obj
                0x08003200                BACKLIGHT_IsOn
 .text.BACKLIGHT_SetBrightness
                0x0800320c       0xbc CMakeFiles/n7six.ApeX-k1.v7.6.5br2.dir/App/driver/backlight.c.obj
                0x0800320c                BACKLIGHT_SetBrightness
 .text.BACKLIGHT_TurnOff
                0x080032c8       0x24 CMakeFiles/n7six.ApeX-k1.v7.6.5br2.dir/App/driver/backlight.c.obj
                0x080032c8                BACKLIGHT_TurnOff
 .text.BACKLIGHT_TurnOn
                0x080032ec       0x8c CMakeFiles/n7six.ApeX-k1.v7.6.5br2.dir/App/driver/backlight.c.obj
                0x080032ec                BACKLIGHT_TurnOn
 .text.BK4819_WriteU8
                0x08003378       0x54 CMakeFiles/n7six.ApeX-k1.v7.6.5br2.dir/App/driver/bk4829.c.obj
                0x08003378                BK4819_WriteU8
 .text.BK4819_ReadRegister
                0x080033cc       0x98 CMakeFiles/n7six.ApeX-k1.v7.6.5br2.dir/App/driver/bk4829.c.obj
                0x080033cc                BK4819_ReadRegister
 .text.BK4819_WriteU16
                0x08003464       0x54 CMakeFiles/n7six.ApeX-k1.v7.6.5br2.dir/App/driver/bk4829.c.obj
                0x08003464                BK4819_WriteU16
 .text.BK4819_WriteRegister
                0x080034b8       0x4c CMakeFiles/n7six.ApeX-k1.v7.6.5br2.dir/App/driver/bk4829.c.obj
                0x080034b8                BK4819_WriteRegister
 .text.BK4819_Init
                0x08003504      0x1d0 CMakeFiles/n7six.ApeX-k1.v7.6.5br2.dir/App/driver/bk4829.c.obj
                0x08003504                BK4819_Init
 .text.BK4819_SetAGC
                0x080036d4       0x30 CMakeFiles/n7six.ApeX-k1.v7.6.5br2.dir/App/driver/bk4829.c.obj
                0x080036d4                BK4819_SetAGC
 .text.BK4819_InitAGC
                0x08003704       0x64 CMakeFiles/n7six.ApeX-k1.v7.6.5br2.dir/App/driver/bk4829.c.obj
                0x08003704                BK4819_InitAGC
 .text.BK4819_ToggleGpioOut
                0x08003768       0x2c CMakeFiles/n7six.ApeX-k1.v7.6.5br2.dir/App/driver/bk4829.c.obj
                0x08003768                BK4819_ToggleGpioOut
 .text.BK4819_SetCDCSSCodeWord
                0x08003794       0x38 CMakeFiles/n7six.ApeX-k1.v7.6.5br2.dir/App/driver/bk4829.c.obj
                0x08003794                BK4819_SetCDCSSCodeWord
 .text.BK4819_SetCTCSSFrequency
                0x080037cc       0x48 CMakeFiles/n7six.ApeX-k1.v7.6.5br2.dir/App/driver/bk4829.c.obj
                0x080037cc                BK4819_SetCTCSSFrequency
 .text.BK4819_SetTailDetection
                0x08003814       0x24 CMakeFiles/n7six.ApeX-k1.v7.6.5br2.dir/App/driver/bk4829.c.obj
                0x08003814                BK4819_SetTailDetection
 .text.BK4819_EnableVox
                0x08003838       0x48 CMakeFiles/n7six.ApeX-k1.v7.6.5br2.dir/App/driver/bk4829.c.obj
                0x08003838                BK4819_EnableVox
 .text.BK4819_SetFilterBandwidth
                0x08003880       0x1c CMakeFiles/n7six.ApeX-k1.v7.6.5br2.dir/App/driver/bk4829.c.obj
                0x08003880                BK4819_SetFilterBandwidth
 .text.BK4819_SetupPowerAmplifier
                0x0800389c       0x20 CMakeFiles/n7six.ApeX-k1.v7.6.5br2.dir/App/driver/bk4829.c.obj
                0x0800389c                BK4819_SetupPowerAmplifier
 .text.BK4819_SetFrequency
                0x080038bc       0x16 CMakeFiles/n7six.ApeX-k1.v7.6.5br2.dir/App/driver/bk4829.c.obj
                0x080038bc                BK4819_SetFrequency
 *fill*         0x080038d2        0x2 
 .text.BK4819_SetAF
                0x080038d4       0x14 CMakeFiles/n7six.ApeX-k1.v7.6.5br2.dir/App/driver/bk4829.c.obj
                0x080038d4                BK4819_SetAF
 .text.BK4819_SetRegValue
                0x080038e8       0x2e CMakeFiles/n7six.ApeX-k1.v7.6.5br2.dir/App/driver/bk4829.c.obj
                0x080038e8                BK4819_SetRegValue
 *fill*         0x08003916        0x2 
 .text.BK4819_RX_TurnOn
                0x08003918       0x24 CMakeFiles/n7six.ApeX-k1.v7.6.5br2.dir/App/driver/bk4829.c.obj
                0x08003918                BK4819_RX_TurnOn
 .text.BK4819_SetupSquelch
                0x0800393c       0x56 CMakeFiles/n7six.ApeX-k1.v7.6.5br2.dir/App/driver/bk4829.c.obj
                0x0800393c                BK4819_SetupSquelch
 *fill*         0x08003992        0x2 
 .text.BK4819_PickRXFilterPathBasedOnFrequency
                0x08003994       0x30 CMakeFiles/n7six.ApeX-k1.v7.6.5br2.dir/App/driver/bk4829.c.obj
                0x08003994                BK4819_PickRXFilterPathBasedOnFrequency
 .text.BK4819_DisableScramble
                0x080039c4       0x1e CMakeFiles/n7six.ApeX-k1.v7.6.5br2.dir/App/driver/bk4829.c.obj
                0x080039c4                BK4819_DisableScramble
 *fill*         0x080039e2        0x2 
 .text.BK4819_SetCompander
                0x080039e4       0x54 CMakeFiles/n7six.ApeX-k1.v7.6.5br2.dir/App/driver/bk4829.c.obj
                0x080039e4                BK4819_SetCompander
 .text.BK4819_DisableVox
                0x08003a38       0x16 CMakeFiles/n7six.ApeX-k1.v7.6.5br2.dir/App/driver/bk4829.c.obj
                0x08003a38                BK4819_DisableVox
 .text.BK4819_DisableDTMF
                0x08003a4e        0xc CMakeFiles/n7six.ApeX-k1.v7.6.5br2.dir/App/driver/bk4829.c.obj
                0x08003a4e                BK4819_DisableDTMF
 *fill*         0x08003a5a        0x2 
 .text.BK4819_EnableDTMF
                0x08003a5c       0x1c CMakeFiles/n7six.ApeX-k1.v7.6.5br2.dir/App/driver/bk4829.c.obj
                0x08003a5c                BK4819_EnableDTMF
 .text.BK4819_EnterTxMute
                0x08003a78       0x10 CMakeFiles/n7six.ApeX-k1.v7.6.5br2.dir/App/driver/bk4829.c.obj
                0x08003a78                BK4819_EnterTxMute
 .text.BK4819_PlayTone
                0x08003a88       0x58 CMakeFiles/n7six.ApeX-k1.v7.6.5br2.dir/App/driver/bk4829.c.obj
                0x08003a88                BK4819_PlayTone
 .text.BK4819_ExitTxMute
                0x08003ae0       0x10 CMakeFiles/n7six.ApeX-k1.v7.6.5br2.dir/App/driver/bk4829.c.obj
                0x08003ae0                BK4819_ExitTxMute
 .text.BK4819_Sleep
                0x08003af0       0x16 CMakeFiles/n7six.ApeX-k1.v7.6.5br2.dir/App/driver/bk4829.c.obj
                0x08003af0                BK4819_Sleep
 *fill*         0x08003b06        0x2 
 .text.BK4819_TurnsOffTones_TurnsOnRX
                0x08003b08       0x2c CMakeFiles/n7six.ApeX-k1.v7.6.5br2.dir/App/driver/bk4829.c.obj
                0x08003b08                BK4819_TurnsOffTones_TurnsOnRX
 .text.BK4819_SetupAircopy
                0x08003b34       0x44 CMakeFiles/n7six.ApeX-k1.v7.6.5br2.dir/App/driver/bk4829.c.obj
                0x08003b34                BK4819_SetupAircopy
 .text.BK4819_Idle
                0x08003b78        0xc CMakeFiles/n7six.ApeX-k1.v7.6.5br2.dir/App/driver/bk4829.c.obj
                0x08003b78                BK4819_Idle
 .text.BK4819_ResetFSK
                0x08003b84       0x1e CMakeFiles/n7six.ApeX-k1.v7.6.5br2.dir/App/driver/bk4829.c.obj
                0x08003b84                BK4819_ResetFSK
 .text.BK4819_ExitBypass
                0x08003ba2       0x20 CMakeFiles/n7six.ApeX-k1.v7.6.5br2.dir/App/driver/bk4829.c.obj
                0x08003ba2                BK4819_ExitBypass
 *fill*         0x08003bc2        0x2 
 .text.BK4819_TxOn_Beep
                0x08003bc4       0x38 CMakeFiles/n7six.ApeX-k1.v7.6.5br2.dir/App/driver/bk4829.c.obj
                0x08003bc4                BK4819_TxOn_Beep
 .text.BK4819_PrepareTransmit
                0x08003bfc       0x10 CMakeFiles/n7six.ApeX-k1.v7.6.5br2.dir/App/driver/bk4829.c.obj
                0x08003bfc                BK4819_PrepareTransmit
 .text.BK4819_ExitSubAu
                0x08003c0c        0xc CMakeFiles/n7six.ApeX-k1.v7.6.5br2.dir/App/driver/bk4829.c.obj
                0x08003c0c                BK4819_ExitSubAu
 .text.BK4819_Conditional_RX_TurnOn_and_GPIO6_Enable
                0x08003c18       0x1c CMakeFiles/n7six.ApeX-k1.v7.6.5br2.dir/App/driver/bk4829.c.obj
                0x08003c18                BK4819_Conditional_RX_TurnOn_and_GPIO6_Enable
 .text.BK4819_ExitDTMF_TX
                0x08003c34       0x30 CMakeFiles/n7six.ApeX-k1.v7.6.5br2.dir/App/driver/bk4829.c.obj
                0x08003c34                BK4819_ExitDTMF_TX
 .text.BK4819_EnableTXLink
                0x08003c64       0x10 CMakeFiles/n7six.ApeX-k1.v7.6.5br2.dir/App/driver/bk4829.c.obj
                0x08003c64                BK4819_EnableTXLink
 .text.BK4819_PlaySingleTone
                0x08003c74       0x94 CMakeFiles/n7six.ApeX-k1.v7.6.5br2.dir/App/driver/bk4829.c.obj
                0x08003c74                BK4819_PlaySingleTone
 .text.BK4819_EnterDTMF_TX
                0x08003d08       0x2c CMakeFiles/n7six.ApeX-k1.v7.6.5br2.dir/App/driver/bk4829.c.obj
                0x08003d08                BK4819_EnterDTMF_TX
 .text.BK4819_PlayDTMF
                0x08003d34       0x7c CMakeFiles/n7six.ApeX-k1.v7.6.5br2.dir/App/driver/bk4829.c.obj
                0x08003d34                BK4819_PlayDTMF
 .text.BK4819_PlayDTMFString
                0x08003db0       0x5a CMakeFiles/n7six.ApeX-k1.v7.6.5br2.dir/App/driver/bk4829.c.obj
                0x08003db0                BK4819_PlayDTMFString
 *fill*         0x08003e0a        0x2 
 .text.BK4819_TransmitTone
                0x08003e0c       0x48 CMakeFiles/n7six.ApeX-k1.v7.6.5br2.dir/App/driver/bk4829.c.obj
                0x08003e0c                BK4819_TransmitTone
 .text.BK4819_GenTail
                0x08003e54       0x40 CMakeFiles/n7six.ApeX-k1.v7.6.5br2.dir/App/driver/bk4829.c.obj
                0x08003e54                BK4819_GenTail
 .text.BK4819_PlayCDCSSTail
                0x08003e94       0x18 CMakeFiles/n7six.ApeX-k1.v7.6.5br2.dir/App/driver/bk4829.c.obj
                0x08003e94                BK4819_PlayCDCSSTail
 .text.BK4819_PlayCTCSSTail
                0x08003eac       0x18 CMakeFiles/n7six.ApeX-k1.v7.6.5br2.dir/App/driver/bk4829.c.obj
                0x08003eac                BK4819_PlayCTCSSTail
 .text.BK4819_GetRSSI
                0x08003ec4        0xe CMakeFiles/n7six.ApeX-k1.v7.6.5br2.dir/App/driver/bk4829.c.obj
                0x08003ec4                BK4819_GetRSSI
 .text.BK4819_GetRSSI_dBm
                0x08003ed2        0xe CMakeFiles/n7six.ApeX-k1.v7.6.5br2.dir/App/driver/bk4829.c.obj
                0x08003ed2                BK4819_GetRSSI_dBm
 .text.BK4819_GetVoiceAmplitudeOut
                0x08003ee0        0xa CMakeFiles/n7six.ApeX-k1.v7.6.5br2.dir/App/driver/bk4829.c.obj
                0x08003ee0                BK4819_GetVoiceAmplitudeOut
 *fill*         0x08003eea        0x2 
 .text.BK4819_GetFrequencyScanResult
                0x08003eec       0x30 CMakeFiles/n7six.ApeX-k1.v7.6.5br2.dir/App/driver/bk4829.c.obj
                0x08003eec                BK4819_GetFrequencyScanResult
 .text.BK4819_GetCxCSSScanResult
                0x08003f1c       0x58 CMakeFiles/n7six.ApeX-k1.v7.6.5br2.dir/App/driver/bk4829.c.obj
                0x08003f1c                BK4819_GetCxCSSScanResult
 .text.BK4819_DisableFrequencyScan
                0x08003f74        0xe CMakeFiles/n7six.ApeX-k1.v7.6.5br2.dir/App/driver/bk4829.c.obj
                0x08003f74                BK4819_DisableFrequencyScan
 *fill*         0x08003f82        0x2 
 .text.BK4819_EnableFrequencyScan
                0x08003f84       0x10 CMakeFiles/n7six.ApeX-k1.v7.6.5br2.dir/App/driver/bk4829.c.obj
                0x08003f84                BK4819_EnableFrequencyScan
 .text.BK4819_SetScanFrequency
                0x08003f94       0x16 CMakeFiles/n7six.ApeX-k1.v7.6.5br2.dir/App/driver/bk4829.c.obj
                0x08003f94                BK4819_SetScanFrequency
 .text.BK4819_Disable
                0x08003faa        0x8 CMakeFiles/n7six.ApeX-k1.v7.6.5br2.dir/App/driver/bk4829.c.obj
                0x08003faa                BK4819_Disable
 .text.BK4819_StopScan
                0x08003fb2        0xc CMakeFiles/n7six.ApeX-k1.v7.6.5br2.dir/App/driver/bk4829.c.obj
                0x08003fb2                BK4819_StopScan
 .text.BK4819_GetDTMF_5TONE_Code
                0x08003fbe        0xe CMakeFiles/n7six.ApeX-k1.v7.6.5br2.dir/App/driver/bk4829.c.obj
                0x08003fbe                BK4819_GetDTMF_5TONE_Code
 .text.BK4819_GetCDCSSCodeType
                0x08003fcc        0xe CMakeFiles/n7six.ApeX-k1.v7.6.5br2.dir/App/driver/bk4829.c.obj
                0x08003fcc                BK4819_GetCDCSSCodeType
 .text.BK4819_GetCTCType
                0x08003fda        0xe CMakeFiles/n7six.ApeX-k1.v7.6.5br2.dir/App/driver/bk4829.c.obj
                0x08003fda                BK4819_GetCTCType
 .text.BK4819_SendFSKData
                0x08003fe8       0x7c CMakeFiles/n7six.ApeX-k1.v7.6.5br2.dir/App/driver/bk4829.c.obj
                0x08003fe8                BK4819_SendFSKData
 .text.BK4819_PrepareFSKReceive
                0x08004064       0x40 CMakeFiles/n7six.ApeX-k1.v7.6.5br2.dir/App/driver/bk4829.c.obj
                0x08004064                BK4819_PrepareFSKReceive
 .text.BK4819_PlayRogerMDC
                0x080040a4       0x78 CMakeFiles/n7six.ApeX-k1.v7.6.5br2.dir/App/driver/bk4829.c.obj
                0x080040a4                BK4819_PlayRogerMDC
 .text.BK4819_PlayRoger
                0x0800411c       0x80 CMakeFiles/n7six.ApeX-k1.v7.6.5br2.dir/App/driver/bk4829.c.obj
                0x0800411c                BK4819_PlayRoger
 .text.BK4819_PlayDTMFEx
                0x0800419c       0x3c CMakeFiles/n7six.ApeX-k1.v7.6.5br2.dir/App/driver/bk4829.c.obj
                0x0800419c                BK4819_PlayDTMFEx
 .text.SPI_WriteByte
                0x080041d8       0x20 CMakeFiles/n7six.ApeX-k1.v7.6.5br2.dir/App/driver/py25q16.c.obj
 .text.WriteAddr
                0x080041f8       0x1c CMakeFiles/n7six.ApeX-k1.v7.6.5br2.dir/App/driver/py25q16.c.obj
 .text.WaitWIP  0x08004214       0x30 CMakeFiles/n7six.ApeX-k1.v7.6.5br2.dir/App/driver/py25q16.c.obj
 .text.SectorErase
                0x08004244       0x2e CMakeFiles/n7six.ApeX-k1.v7.6.5br2.dir/App/driver/py25q16.c.obj
 *fill*         0x08004272        0x2 
 .text.SectorProgram
                0x08004274      0x12c CMakeFiles/n7six.ApeX-k1.v7.6.5br2.dir/App/driver/py25q16.c.obj
 .text.PY25Q16_Init
                0x080043a0       0xf0 CMakeFiles/n7six.ApeX-k1.v7.6.5br2.dir/App/driver/py25q16.c.obj
                0x080043a0                PY25Q16_Init
 .text.PY25Q16_ReadBuffer
                0x08004490       0xf4 CMakeFiles/n7six.ApeX-k1.v7.6.5br2.dir/App/driver/py25q16.c.obj
                0x08004490                PY25Q16_ReadBuffer
 .text.PY25Q16_WriteBuffer
                0x08004584       0xdc CMakeFiles/n7six.ApeX-k1.v7.6.5br2.dir/App/driver/py25q16.c.obj
                0x08004584                PY25Q16_WriteBuffer
 .text.PY25Q16_SectorErase
                0x08004660       0x2c CMakeFiles/n7six.ApeX-k1.v7.6.5br2.dir/App/driver/py25q16.c.obj
                0x08004660                PY25Q16_SectorErase
 .text.DMA1_Channel4_5_6_7_IRQHandler
                0x0800468c       0x64 CMakeFiles/n7six.ApeX-k1.v7.6.5br2.dir/App/driver/py25q16.c.obj
                0x0800468c                DMA1_Channel4_5_6_7_IRQHandler
 .text.I2C_Start
                0x080046f0       0x30 CMakeFiles/n7six.ApeX-k1.v7.6.5br2.dir/App/driver/i2c.c.obj
                0x080046f0                I2C_Start
 .text.I2C_Stop
                0x08004720       0x30 CMakeFiles/n7six.ApeX-k1.v7.6.5br2.dir/App/driver/i2c.c.obj
                0x08004720                I2C_Stop
 .text.I2C_Read
                0x08004750       0x98 CMakeFiles/n7six.ApeX-k1.v7.6.5br2.dir/App/driver/i2c.c.obj
                0x08004750                I2C_Read
 .text.I2C_Write
                0x080047e8       0xa4 CMakeFiles/n7six.ApeX-k1.v7.6.5br2.dir/App/driver/i2c.c.obj
                0x080047e8                I2C_Write
 .text.I2C_ReadBuffer
                0x0800488c       0x3e CMakeFiles/n7six.ApeX-k1.v7.6.5br2.dir/App/driver/i2c.c.obj
                0x0800488c                I2C_ReadBuffer
 .text.I2C_WriteBuffer
                0x080048ca       0x20 CMakeFiles/n7six.ApeX-k1.v7.6.5br2.dir/App/driver/i2c.c.obj
                0x080048ca                I2C_WriteBuffer
 *fill*         0x080048ea        0x2 
 .text.KEYBOARD_Poll
                0x080048ec       0x8c CMakeFiles/n7six.ApeX-k1.v7.6.5br2.dir/App/driver/keyboard.c.obj
                0x080048ec                KEYBOARD_Poll
 .text.SPI_WriteByte.isra.0
                0x08004978       0x1c CMakeFiles/n7six.ApeX-k1.v7.6.5br2.dir/App/driver/st7565.c.obj
 .text.map      0x08004994       0x1c CMakeFiles/n7six.ApeX-k1.v7.6.5br2.dir/App/driver/st7565.c.obj
                0x08004994                map
 .text.ST7565_Gauge
                0x080049b0       0x50 CMakeFiles/n7six.ApeX-k1.v7.6.5br2.dir/App/driver/st7565.c.obj
                0x080049b0                ST7565_Gauge
 .text.ST7565_HardwareReset
                0x08004a00        0x2 CMakeFiles/n7six.ApeX-k1.v7.6.5br2.dir/App/driver/st7565.c.obj
                0x08004a00                ST7565_HardwareReset
 .text.ST7565_SelectColumnAndLine
                0x08004a02       0x28 CMakeFiles/n7six.ApeX-k1.v7.6.5br2.dir/App/driver/st7565.c.obj
                0x08004a02                ST7565_SelectColumnAndLine
 .text.DrawLine
                0x08004a2a       0x30 CMakeFiles/n7six.ApeX-k1.v7.6.5br2.dir/App/driver/st7565.c.obj
 *fill*         0x08004a5a        0x2 
 .text.ST7565_DrawLine
                0x08004a5c       0x18 CMakeFiles/n7six.ApeX-k1.v7.6.5br2.dir/App/driver/st7565.c.obj
                0x08004a5c                ST7565_DrawLine
 .text.ST7565_WriteByte
                0x08004a74       0x10 CMakeFiles/n7six.ApeX-k1.v7.6.5br2.dir/App/driver/st7565.c.obj
                0x08004a74                ST7565_WriteByte
 .text.ST7565_BlitScreen
                0x08004a84       0x5c CMakeFiles/n7six.ApeX-k1.v7.6.5br2.dir/App/driver/st7565.c.obj
 .text.ST7565_BlitFullScreen
                0x08004ae0        0xa CMakeFiles/n7six.ApeX-k1.v7.6.5br2.dir/App/driver/st7565.c.obj
                0x08004ae0                ST7565_BlitFullScreen
 .text.ST7565_BlitLine
                0x08004aea        0xc CMakeFiles/n7six.ApeX-k1.v7.6.5br2.dir/App/driver/st7565.c.obj
                0x08004aea                ST7565_BlitLine
 .text.ST7565_BlitStatusLine
                0x08004af6        0xa CMakeFiles/n7six.ApeX-k1.v7.6.5br2.dir/App/driver/st7565.c.obj
                0x08004af6                ST7565_BlitStatusLine
 .text.ST7565_FillScreen
                0x08004b00       0x5c CMakeFiles/n7six.ApeX-k1.v7.6.5br2.dir/App/driver/st7565.c.obj
                0x08004b00                ST7565_FillScreen
 .text.ST7565_Cmd
                0x08004b5c       0x34 CMakeFiles/n7six.ApeX-k1.v7.6.5br2.dir/App/driver/st7565.c.obj
 .text.ST7565_FixInterfGlitch
                0x08004b90       0x24 CMakeFiles/n7six.ApeX-k1.v7.6.5br2.dir/App/driver/st7565.c.obj
                0x08004b90                ST7565_FixInterfGlitch
 .text.ST7565_ContrastAndInv
                0x08004bb4       0x28 CMakeFiles/n7six.ApeX-k1.v7.6.5br2.dir/App/driver/st7565.c.obj
                0x08004bb4                ST7565_ContrastAndInv
 .text.ST7565_Init
                0x08004bdc      0x10c CMakeFiles/n7six.ApeX-k1.v7.6.5br2.dir/App/driver/st7565.c.obj
                0x08004bdc                ST7565_Init
 .text.ST7565_ShutDown
                0x08004ce8       0x24 CMakeFiles/n7six.ApeX-k1.v7.6.5br2.dir/App/driver/st7565.c.obj
                0x08004ce8                ST7565_ShutDown
 .text.SYSTEM_DelayMs
                0x08004d0c        0xe CMakeFiles/n7six.ApeX-k1.v7.6.5br2.dir/App/driver/system.c.obj
                0x08004d0c                SYSTEM_DelayMs
 *fill*         0x08004d1a        0x2 
 .text.SYSTICK_Init
                0x08004d1c       0x40 CMakeFiles/n7six.ApeX-k1.v7.6.5br2.dir/App/driver/systick.c.obj
                0x08004d1c                SYSTICK_Init
 .text.SYSTICK_DelayUs
                0x08004d5c       0x34 CMakeFiles/n7six.ApeX-k1.v7.6.5br2.dir/App/driver/systick.c.obj
                0x08004d5c                SYSTICK_DelayUs
 .text.ACTION_Power
                0x08004d90       0x34 CMakeFiles/n7six.ApeX-k1.v7.6.5br2.dir/App/app/action.c.obj
                0x08004d90                ACTION_Power
 .text.ACTION_SwitchDemodul
                0x08004dc4       0x24 CMakeFiles/n7six.ApeX-k1.v7.6.5br2.dir/App/app/action.c.obj
                0x08004dc4                ACTION_SwitchDemodul
 .text.ACTION_Vox
                0x08004de8       0x28 CMakeFiles/n7six.ApeX-k1.v7.6.5br2.dir/App/app/action.c.obj
                0x08004de8                ACTION_Vox
 .text.ACTION_Ptt
                0x08004e10       0x10 CMakeFiles/n7six.ApeX-k1.v7.6.5br2.dir/App/app/action.c.obj
                0x08004e10                ACTION_Ptt
 .text.ACTION_Power_High
                0x08004e20       0x1c CMakeFiles/n7six.ApeX-k1.v7.6.5br2.dir/App/app/action.c.obj
                0x08004e20                ACTION_Power_High
 .text.ACTION_Remove_Offset
                0x08004e3c       0x1c CMakeFiles/n7six.ApeX-k1.v7.6.5br2.dir/App/app/action.c.obj
                0x08004e3c                ACTION_Remove_Offset
 .text.ACTION_BackLight
                0x08004e58       0x28 CMakeFiles/n7six.ApeX-k1.v7.6.5br2.dir/App/app/action.c.obj
                0x08004e58                ACTION_BackLight
 .text.ACTION_Mute
                0x08004e80       0x60 CMakeFiles/n7six.ApeX-k1.v7.6.5br2.dir/App/app/action.c.obj
                0x08004e80                ACTION_Mute
 .text.ACTION_Monitor
                0x08004ee0       0xd8 CMakeFiles/n7six.ApeX-k1.v7.6.5br2.dir/App/app/action.c.obj
                0x08004ee0                ACTION_Monitor
 .text.ACTION_FM
                0x08004fb8       0x64 CMakeFiles/n7six.ApeX-k1.v7.6.5br2.dir/App/app/action.c.obj
                0x08004fb8                ACTION_FM
 .text.ACTION_Wn
                0x0800501c       0x5c CMakeFiles/n7six.ApeX-k1.v7.6.5br2.dir/App/app/action.c.obj
                0x0800501c                ACTION_Wn
 .text.ACTION_1750
                0x08005078       0x48 CMakeFiles/n7six.ApeX-k1.v7.6.5br2.dir/App/app/action.c.obj
 .text.ACTION_Scan
                0x080050c0      0x15c CMakeFiles/n7six.ApeX-k1.v7.6.5br2.dir/App/app/action.c.obj
                0x080050c0                ACTION_Scan
 .text.ACTION_ScanRestart
                0x0800521c        0xa CMakeFiles/n7six.ApeX-k1.v7.6.5br2.dir/App/app/action.c.obj
 *fill*         0x08005226        0x2 
 .text.ACTION_Handle
                0x08005228       0xd0 CMakeFiles/n7six.ApeX-k1.v7.6.5br2.dir/App/app/action.c.obj
                0x08005228                ACTION_Handle
 .text.ACTION_Update
                0x080052f8       0x20 CMakeFiles/n7six.ApeX-k1.v7.6.5br2.dir/App/app/action.c.obj
                0x080052f8                ACTION_Update
 .text.ACTION_RxMode
                0x08005318       0x34 CMakeFiles/n7six.ApeX-k1.v7.6.5br2.dir/App/app/action.c.obj
                0x08005318                ACTION_RxMode
 .text.ACTION_MainOnly
                0x0800534c       0x44 CMakeFiles/n7six.ApeX-k1.v7.6.5br2.dir/App/app/action.c.obj
                0x0800534c                ACTION_MainOnly
 .text.ACTION_BackLightOnDemand
                0x08005390       0x4c CMakeFiles/n7six.ApeX-k1.v7.6.5br2.dir/App/app/action.c.obj
                0x08005390                ACTION_BackLightOnDemand
 .text.NOAA_IncreaseChannel
                0x080053dc       0x18 CMakeFiles/n7six.ApeX-k1.v7.6.5br2.dir/App/app/app.c.obj
 .text.DualwatchAlternate
                0x080053f4       0xac CMakeFiles/n7six.ApeX-k1.v7.6.5br2.dir/App/app/app.c.obj
 .text.HandleReceive
                0x080054a0      0x228 CMakeFiles/n7six.ApeX-k1.v7.6.5br2.dir/App/app/app.c.obj
 .text.CheckForIncoming
                0x080056c8       0xc0 CMakeFiles/n7six.ApeX-k1.v7.6.5br2.dir/App/app/app.c.obj
 .text.HandlePowerSave
                0x08005788       0x14 CMakeFiles/n7six.ApeX-k1.v7.6.5br2.dir/App/app/app.c.obj
 .text.APP_StartListening
                0x0800579c      0x16c CMakeFiles/n7six.ApeX-k1.v7.6.5br2.dir/App/app/app.c.obj
                0x0800579c                APP_StartListening
 .text.HandleIncoming
                0x08005908       0xc8 CMakeFiles/n7six.ApeX-k1.v7.6.5br2.dir/App/app/app.c.obj
 .text.APP_SetFreqByStepAndLimits
                0x080059d0       0x2c CMakeFiles/n7six.ApeX-k1.v7.6.5br2.dir/App/app/app.c.obj
                0x080059d0                APP_SetFreqByStepAndLimits
 .text.APP_SetFrequencyByStep
                0x080059fc       0x1c CMakeFiles/n7six.ApeX-k1.v7.6.5br2.dir/App/app/app.c.obj
                0x080059fc                APP_SetFrequencyByStep
 .text.APP_EndTransmission
                0x08005a18       0x28 CMakeFiles/n7six.ApeX-k1.v7.6.5br2.dir/App/app/app.c.obj
                0x08005a18                APP_EndTransmission
 .text.cancelUserInputModes
                0x08005a40       0x7c CMakeFiles/n7six.ApeX-k1.v7.6.5br2.dir/App/app/app.c.obj
                0x08005a40                cancelUserInputModes
 .text.ProcessKey
                0x08005abc      0x67c CMakeFiles/n7six.ApeX-k1.v7.6.5br2.dir/App/app/app.c.obj
 .text.APP_Update
                0x08006138      0x568 CMakeFiles/n7six.ApeX-k1.v7.6.5br2.dir/App/app/app.c.obj
                0x08006138                APP_Update
 .text.APP_TimeSlice10ms
                0x080066a0      0x614 CMakeFiles/n7six.ApeX-k1.v7.6.5br2.dir/App/app/app.c.obj
                0x080066a0                APP_TimeSlice10ms
 .text.APP_TimeSlice500ms
                0x08006cb4      0x494 CMakeFiles/n7six.ApeX-k1.v7.6.5br2.dir/App/app/app.c.obj
                0x08006cb4                APP_TimeSlice500ms
 .text.NextMemChannel
                0x08007148      0x118 CMakeFiles/n7six.ApeX-k1.v7.6.5br2.dir/App/app/chFrScanner.c.obj
 .text.NextFreqChannel
                0x08007260       0x60 CMakeFiles/n7six.ApeX-k1.v7.6.5br2.dir/App/app/chFrScanner.c.obj
 .text.CHFRSCANNER_Start
                0x080072c0       0xb4 CMakeFiles/n7six.ApeX-k1.v7.6.5br2.dir/App/app/chFrScanner.c.obj
                0x080072c0                CHFRSCANNER_Start
 .text.CHFRSCANNER_ContinueScanning
                0x08007374       0x6c CMakeFiles/n7six.ApeX-k1.v7.6.5br2.dir/App/app/chFrScanner.c.obj
                0x08007374                CHFRSCANNER_ContinueScanning
 .text.CHFRSCANNER_Found
                0x080073e0       0x78 CMakeFiles/n7six.ApeX-k1.v7.6.5br2.dir/App/app/chFrScanner.c.obj
                0x080073e0                CHFRSCANNER_Found
 .text.CHFRSCANNER_Stop
                0x08007458       0xb4 CMakeFiles/n7six.ApeX-k1.v7.6.5br2.dir/App/app/chFrScanner.c.obj
                0x08007458                CHFRSCANNER_Stop
 .text.COMMON_KeypadLockToggle
                0x0800750c       0x30 CMakeFiles/n7six.ApeX-k1.v7.6.5br2.dir/App/app/common.c.obj
                0x0800750c                COMMON_KeypadLockToggle
 .text.COMMON_SwitchVFOs
                0x0800753c       0x54 CMakeFiles/n7six.ApeX-k1.v7.6.5br2.dir/App/app/common.c.obj
                0x0800753c                COMMON_SwitchVFOs
 .text.COMMON_SwitchVFOMode
                0x08007590       0x5c CMakeFiles/n7six.ApeX-k1.v7.6.5br2.dir/App/app/common.c.obj
                0x08007590                COMMON_SwitchVFOMode
 .text.DTMF_BufferShiftAppend
                0x080075ec       0x3c CMakeFiles/n7six.ApeX-k1.v7.6.5br2.dir/App/app/dtmf.c.obj
                0x080075ec                DTMF_BufferShiftAppend
 .text.DTMF_SendEndOfTransmission
                0x08007628       0xa4 CMakeFiles/n7six.ApeX-k1.v7.6.5br2.dir/App/app/dtmf.c.obj
                0x08007628                DTMF_SendEndOfTransmission
 .text.DTMF_IsValidChar
                0x080076cc       0x20 CMakeFiles/n7six.ApeX-k1.v7.6.5br2.dir/App/app/dtmf.c.obj
                0x080076cc                DTMF_IsValidChar
 .text.DTMF_ValidateCodes
                0x080076ec       0x34 CMakeFiles/n7six.ApeX-k1.v7.6.5br2.dir/App/app/dtmf.c.obj
                0x080076ec                DTMF_ValidateCodes
 .text.DTMF_GetCharacter
                0x08007720       0x20 CMakeFiles/n7six.ApeX-k1.v7.6.5br2.dir/App/app/dtmf.c.obj
                0x08007720                DTMF_GetCharacter
 .text.DTMF_clear_input_box
                0x08007740       0x24 CMakeFiles/n7six.ApeX-k1.v7.6.5br2.dir/App/app/dtmf.c.obj
                0x08007740                DTMF_clear_input_box
 .text.DTMF_Append
                0x08007764       0x34 CMakeFiles/n7six.ApeX-k1.v7.6.5br2.dir/App/app/dtmf.c.obj
                0x08007764                DTMF_Append
 .text.DTMF_Reply
                0x08007798       0xb8 CMakeFiles/n7six.ApeX-k1.v7.6.5br2.dir/App/app/dtmf.c.obj
                0x08007798                DTMF_Reply
 .text.APP_SubscribeEvent
                0x08007850       0x48 CMakeFiles/n7six.ApeX-k1.v7.6.5br2.dir/App/app/events.c.obj
                0x08007850                APP_SubscribeEvent
 .text.APP_EventSystem_Init
                0x08007898       0x20 CMakeFiles/n7six.ApeX-k1.v7.6.5br2.dir/App/app/events.c.obj
                0x08007898                APP_EventSystem_Init
 .text.APP_InitializeEventHandlers
                0x080078b8       0x28 CMakeFiles/n7six.ApeX-k1.v7.6.5br2.dir/App/app/events_handlers.c.obj
                0x080078b8                APP_InitializeEventHandlers
 .text.GENERIC_Key_F
                0x080078e0       0x9c CMakeFiles/n7six.ApeX-k1.v7.6.5br2.dir/App/app/generic.c.obj
                0x080078e0                GENERIC_Key_F
 .text.GENERIC_Key_PTT
                0x0800797c      0x18c CMakeFiles/n7six.ApeX-k1.v7.6.5br2.dir/App/app/generic.c.obj
                0x0800797c                GENERIC_Key_PTT
 .text.processFKeyFunction
                0x08007b08      0x3bc CMakeFiles/n7six.ApeX-k1.v7.6.5br2.dir/App/app/main.c.obj
 .text.MAIN_Key_UP_DOWN.part.0
                0x08007ec4      0x108 CMakeFiles/n7six.ApeX-k1.v7.6.5br2.dir/App/app/main.c.obj
 .text.channelMove
                0x08007fcc       0x60 CMakeFiles/n7six.ApeX-k1.v7.6.5br2.dir/App/app/main.c.obj
                0x08007fcc                channelMove
 .text.channelMoveSwitch
                0x0800802c       0x68 CMakeFiles/n7six.ApeX-k1.v7.6.5br2.dir/App/app/main.c.obj
                0x0800802c                channelMoveSwitch
 .text.MAIN_ProcessKeys
                0x08008094      0x628 CMakeFiles/n7six.ApeX-k1.v7.6.5br2.dir/App/app/main.c.obj
                0x08008094                MAIN_ProcessKeys
 .text.MENU_StartCssScan
                0x080086bc       0x24 CMakeFiles/n7six.ApeX-k1.v7.6.5br2.dir/App/app/menu.c.obj
                0x080086bc                MENU_StartCssScan
 .text.MENU_StopCssScan
                0x080086e0       0x20 CMakeFiles/n7six.ApeX-k1.v7.6.5br2.dir/App/app/menu.c.obj
                0x080086e0                MENU_StopCssScan
 .text.MENU_GetLimits
                0x08008700       0xe8 CMakeFiles/n7six.ApeX-k1.v7.6.5br2.dir/App/app/menu.c.obj
                0x08008700                MENU_GetLimits
 .text.MENU_Key_UP_DOWN
                0x080087e8      0x1c8 CMakeFiles/n7six.ApeX-k1.v7.6.5br2.dir/App/app/menu.c.obj
 .text.MENU_AcceptSetting
                0x080089b0      0x5d8 CMakeFiles/n7six.ApeX-k1.v7.6.5br2.dir/App/app/menu.c.obj
                0x080089b0                MENU_AcceptSetting
 .text.MENU_ShowCurrentSetting
                0x08008f88      0x420 CMakeFiles/n7six.ApeX-k1.v7.6.5br2.dir/App/app/menu.c.obj
                0x08008f88                MENU_ShowCurrentSetting
 .text.MENU_CssScanFound
                0x080093a8       0x3c CMakeFiles/n7six.ApeX-k1.v7.6.5br2.dir/App/app/menu.c.obj
                0x080093a8                MENU_CssScanFound
 .text.MENU_ProcessKeys
                0x080093e4      0x55c CMakeFiles/n7six.ApeX-k1.v7.6.5br2.dir/App/app/menu.c.obj
                0x080093e4                MENU_ProcessKeys
 .text.SCANNER_Key_UP_DOWN
                0x08009940       0x68 CMakeFiles/n7six.ApeX-k1.v7.6.5br2.dir/App/app/scanner.c.obj
 .text.SCANNER_Start
                0x080099a8      0x120 CMakeFiles/n7six.ApeX-k1.v7.6.5br2.dir/App/app/scanner.c.obj
                0x080099a8                SCANNER_Start
 .text.SCANNER_IsScanning
                0x08009ac8       0x20 CMakeFiles/n7six.ApeX-k1.v7.6.5br2.dir/App/app/scanner.c.obj
                0x08009ac8                SCANNER_IsScanning
 .text.SCANNER_Stop
                0x08009ae8       0x50 CMakeFiles/n7six.ApeX-k1.v7.6.5br2.dir/App/app/scanner.c.obj
                0x08009ae8                SCANNER_Stop
 .text.SCANNER_ProcessKeys
                0x08009b38      0x2bc CMakeFiles/n7six.ApeX-k1.v7.6.5br2.dir/App/app/scanner.c.obj
                0x08009b38                SCANNER_ProcessKeys
 .text.SCANNER_TimeSlice10ms
                0x08009df4      0x184 CMakeFiles/n7six.ApeX-k1.v7.6.5br2.dir/App/app/scanner.c.obj
                0x08009df4                SCANNER_TimeSlice10ms
 .text.SCANNER_TimeSlice500ms
                0x08009f78       0x48 CMakeFiles/n7six.ApeX-k1.v7.6.5br2.dir/App/app/scanner.c.obj
                0x08009f78                SCANNER_TimeSlice500ms
 .text.AUDIO_PlayBeep
                0x08009fc0      0x178 CMakeFiles/n7six.ApeX-k1.v7.6.5br2.dir/App/audio.c.obj
                0x08009fc0                AUDIO_PlayBeep
 .text.BOARD_GPIO_Init
                0x0800a138       0xbc CMakeFiles/n7six.ApeX-k1.v7.6.5br2.dir/App/board.c.obj
                0x0800a138                BOARD_GPIO_Init
 .text.BOARD_ADC_Init
                0x0800a1f4      0x1bc CMakeFiles/n7six.ApeX-k1.v7.6.5br2.dir/App/board.c.obj
                0x0800a1f4                BOARD_ADC_Init
 .text.BOARD_ADC_GetBatteryInfo
                0x0800a3b0       0x2c CMakeFiles/n7six.ApeX-k1.v7.6.5br2.dir/App/board.c.obj
                0x0800a3b0                BOARD_ADC_GetBatteryInfo
 .text.BOARD_Init
                0x0800a3dc       0x20 CMakeFiles/n7six.ApeX-k1.v7.6.5br2.dir/App/board.c.obj
                0x0800a3dc                BOARD_Init
 .text.DCS_GetGolayCodeWord
                0x0800a3fc       0x4c CMakeFiles/n7six.ApeX-k1.v7.6.5br2.dir/App/dcs.c.obj
                0x0800a3fc                DCS_GetGolayCodeWord
 .text.DCS_GetCdcssCode
                0x0800a448       0x5c CMakeFiles/n7six.ApeX-k1.v7.6.5br2.dir/App/dcs.c.obj
                0x0800a448                DCS_GetCdcssCode
 .text.DCS_GetCtcssCode
                0x0800a4a4       0x2c CMakeFiles/n7six.ApeX-k1.v7.6.5br2.dir/App/dcs.c.obj
                0x0800a4a4                DCS_GetCtcssCode
 .text.FREQUENCY_GetStepIdxFromSortedIdx
                0x0800a4d0        0xc CMakeFiles/n7six.ApeX-k1.v7.6.5br2.dir/App/frequencies.c.obj
                0x0800a4d0                FREQUENCY_GetStepIdxFromSortedIdx
 .text.FREQUENCY_GetSortedIdxFromStepIdx
                0x0800a4dc       0x1c CMakeFiles/n7six.ApeX-k1.v7.6.5br2.dir/App/frequencies.c.obj
                0x0800a4dc                FREQUENCY_GetSortedIdxFromStepIdx
 .text.FREQUENCY_GetBand
                0x0800a4f8       0x1c CMakeFiles/n7six.ApeX-k1.v7.6.5br2.dir/App/frequencies.c.obj
                0x0800a4f8                FREQUENCY_GetBand
 .text.FREQUENCY_CalculateOutputPower
                0x0800a514       0x36 CMakeFiles/n7six.ApeX-k1.v7.6.5br2.dir/App/frequencies.c.obj
                0x0800a514                FREQUENCY_CalculateOutputPower
 *fill*         0x0800a54a        0x2 
 .text.FREQUENCY_RoundToStep
                0x0800a54c       0x64 CMakeFiles/n7six.ApeX-k1.v7.6.5br2.dir/App/frequencies.c.obj
                0x0800a54c                FREQUENCY_RoundToStep
 .text.TX_freq_check
                0x0800a5b0      0x1a4 CMakeFiles/n7six.ApeX-k1.v7.6.5br2.dir/App/frequencies.c.obj
                0x0800a5b0                TX_freq_check
 .text.RX_freq_check
                0x0800a754       0x34 CMakeFiles/n7six.ApeX-k1.v7.6.5br2.dir/App/frequencies.c.obj
                0x0800a754                RX_freq_check
 .text.FUNCTION_IsRx
                0x0800a788       0x18 CMakeFiles/n7six.ApeX-k1.v7.6.5br2.dir/App/functions.c.obj
                0x0800a788                FUNCTION_IsRx
 .text.FUNCTION_Init
                0x0800a7a0       0xa4 CMakeFiles/n7six.ApeX-k1.v7.6.5br2.dir/App/functions.c.obj
                0x0800a7a0                FUNCTION_Init
 .text.FUNCTION_Foreground
                0x0800a844       0x44 CMakeFiles/n7six.ApeX-k1.v7.6.5br2.dir/App/functions.c.obj
                0x0800a844                FUNCTION_Foreground
 .text.FUNCTION_PowerSave
                0x0800a888       0x80 CMakeFiles/n7six.ApeX-k1.v7.6.5br2.dir/App/functions.c.obj
                0x0800a888                FUNCTION_PowerSave
 .text.FUNCTION_Transmit
                0x0800a908       0xd0 CMakeFiles/n7six.ApeX-k1.v7.6.5br2.dir/App/functions.c.obj
                0x0800a908                FUNCTION_Transmit
 .text.FUNCTION_Select
                0x0800a9d8       0xd0 CMakeFiles/n7six.ApeX-k1.v7.6.5br2.dir/App/functions.c.obj
                0x0800a9d8                FUNCTION_Select
 .text.BATTERY_VoltsToPercent
                0x0800aaa8       0x7c CMakeFiles/n7six.ApeX-k1.v7.6.5br2.dir/App/helper/battery.c.obj
                0x0800aaa8                BATTERY_VoltsToPercent
 .text.BATTERY_GetReadings
                0x0800ab24      0x16c CMakeFiles/n7six.ApeX-k1.v7.6.5br2.dir/App/helper/battery.c.obj
                0x0800ab24                BATTERY_GetReadings
 .text.BATTERY_TimeSlice500ms
                0x0800ac90       0xb4 CMakeFiles/n7six.ApeX-k1.v7.6.5br2.dir/App/helper/battery.c.obj
                0x0800ac90                BATTERY_TimeSlice500ms
 .text.BOOT_GetMode
                0x0800ad44       0x74 CMakeFiles/n7six.ApeX-k1.v7.6.5br2.dir/App/helper/boot.c.obj
                0x0800ad44                BOOT_GetMode
 .text.BOOT_ProcessMode
                0x0800adb8       0x9c CMakeFiles/n7six.ApeX-k1.v7.6.5br2.dir/App/helper/boot.c.obj
                0x0800adb8                BOOT_ProcessMode
 .text.FUNCTION_NOP
                0x0800ae54        0x2 CMakeFiles/n7six.ApeX-k1.v7.6.5br2.dir/App/misc.c.obj
                0x0800ae54                FUNCTION_NOP
 *fill*         0x0800ae56        0x2 
 .text.NUMBER_AddWithWraparound
                0x0800ae58       0x20 CMakeFiles/n7six.ApeX-k1.v7.6.5br2.dir/App/misc.c.obj
                0x0800ae58                NUMBER_AddWithWraparound
 .text.StrToUL  0x0800ae78       0x2a CMakeFiles/n7six.ApeX-k1.v7.6.5br2.dir/App/misc.c.obj
                0x0800ae78                StrToUL
 *fill*         0x0800aea2        0x2 
 .text.RADIO_SelectCurrentVfo
                0x0800aea4       0x34 CMakeFiles/n7six.ApeX-k1.v7.6.5br2.dir/App/radio.c.obj
 .text.RADIO_CheckValidChannel
                0x0800aed8       0x88 CMakeFiles/n7six.ApeX-k1.v7.6.5br2.dir/App/radio.c.obj
                0x0800aed8                RADIO_CheckValidChannel
 .text.RADIO_FindNextChannel
                0x0800af60       0x3c CMakeFiles/n7six.ApeX-k1.v7.6.5br2.dir/App/radio.c.obj
                0x0800af60                RADIO_FindNextChannel
 .text.RADIO_ConfigureSquelchAndOutputPower
                0x0800af9c      0x1d4 CMakeFiles/n7six.ApeX-k1.v7.6.5br2.dir/App/radio.c.obj
                0x0800af9c                RADIO_ConfigureSquelchAndOutputPower
 .text.RADIO_InitInfo
                0x0800b170       0x6c CMakeFiles/n7six.ApeX-k1.v7.6.5br2.dir/App/radio.c.obj
                0x0800b170                RADIO_InitInfo
 .text.RADIO_ApplyOffset
                0x0800b1dc       0x1c CMakeFiles/n7six.ApeX-k1.v7.6.5br2.dir/App/radio.c.obj
                0x0800b1dc                RADIO_ApplyOffset
 .text.RADIO_ConfigureChannel
                0x0800b1f8      0x400 CMakeFiles/n7six.ApeX-k1.v7.6.5br2.dir/App/radio.c.obj
                0x0800b1f8                RADIO_ConfigureChannel
 .text.RADIO_SelectVfos
                0x0800b5f8       0x48 CMakeFiles/n7six.ApeX-k1.v7.6.5br2.dir/App/radio.c.obj
                0x0800b5f8                RADIO_SelectVfos
 .text.RADIO_ConfigureNOAA
                0x0800b640       0x98 CMakeFiles/n7six.ApeX-k1.v7.6.5br2.dir/App/radio.c.obj
                0x0800b640                RADIO_ConfigureNOAA
 .text.RADIO_SetTxParameters
                0x0800b6d8       0xe4 CMakeFiles/n7six.ApeX-k1.v7.6.5br2.dir/App/radio.c.obj
                0x0800b6d8                RADIO_SetTxParameters
 .text.RADIO_SetupAGC
                0x0800b7bc       0x38 CMakeFiles/n7six.ApeX-k1.v7.6.5br2.dir/App/radio.c.obj
                0x0800b7bc                RADIO_SetupAGC
 .text.RADIO_SetupRegisters
                0x0800b7f4      0x250 CMakeFiles/n7six.ApeX-k1.v7.6.5br2.dir/App/radio.c.obj
                0x0800b7f4                RADIO_SetupRegisters
 .text.RADIO_SetModulation
                0x0800ba44      0x110 CMakeFiles/n7six.ApeX-k1.v7.6.5br2.dir/App/radio.c.obj
                0x0800ba44                RADIO_SetModulation
 .text.RADIO_SetVfoState
                0x0800bb54       0x54 CMakeFiles/n7six.ApeX-k1.v7.6.5br2.dir/App/radio.c.obj
                0x0800bb54                RADIO_SetVfoState
 .text.RADIO_PrepareTX
                0x0800bba8      0x140 CMakeFiles/n7six.ApeX-k1.v7.6.5br2.dir/App/radio.c.obj
                0x0800bba8                RADIO_PrepareTX
 .text.RADIO_SendCssTail
                0x0800bce8       0x28 CMakeFiles/n7six.ApeX-k1.v7.6.5br2.dir/App/radio.c.obj
                0x0800bce8                RADIO_SendCssTail
 .text.RADIO_SendEndOfTransmission
                0x0800bd10       0x24 CMakeFiles/n7six.ApeX-k1.v7.6.5br2.dir/App/radio.c.obj
                0x0800bd10                RADIO_SendEndOfTransmission
 .text.RADIO_OnSaveChannel
                0x0800bd34        0xa CMakeFiles/n7six.ApeX-k1.v7.6.5br2.dir/App/radio.c.obj
                0x0800bd34                RADIO_OnSaveChannel
 *fill*         0x0800bd3e        0x2 
 .text.SysTick_Handler
                0x0800bd40      0x27c CMakeFiles/n7six.ApeX-k1.v7.6.5br2.dir/App/scheduler.c.obj
                0x0800bd40                SysTick_Handler
 .text.SETTINGS_InitEEPROM
                0x0800bfbc      0x640 CMakeFiles/n7six.ApeX-k1.v7.6.5br2.dir/App/settings.c.obj
                0x0800bfbc                SETTINGS_InitEEPROM
 .text.SETTINGS_FetchChannelFrequency
                0x0800c5fc       0x10 CMakeFiles/n7six.ApeX-k1.v7.6.5br2.dir/App/settings.c.obj
                0x0800c5fc                SETTINGS_FetchChannelFrequency
 .text.SETTINGS_FetchChannelName
                0x0800c60c       0x52 CMakeFiles/n7six.ApeX-k1.v7.6.5br2.dir/App/settings.c.obj
                0x0800c60c                SETTINGS_FetchChannelName
 *fill*         0x0800c65e        0x2 
 .text.SETTINGS_FactoryReset
                0x0800c660       0xdc CMakeFiles/n7six.ApeX-k1.v7.6.5br2.dir/App/settings.c.obj
                0x0800c660                SETTINGS_FactoryReset
 .text.SETTINGS_SaveFM
                0x0800c73c       0x58 CMakeFiles/n7six.ApeX-k1.v7.6.5br2.dir/App/settings.c.obj
                0x0800c73c                SETTINGS_SaveFM
 .text.SETTINGS_SaveVfoIndices
                0x0800c794       0x34 CMakeFiles/n7six.ApeX-k1.v7.6.5br2.dir/App/settings.c.obj
                0x0800c794                SETTINGS_SaveVfoIndices
 .text.SETTINGS_SaveSettings
                0x0800c7c8      0x370 CMakeFiles/n7six.ApeX-k1.v7.6.5br2.dir/App/settings.c.obj
                0x0800c7c8                SETTINGS_SaveSettings
 .text.SETTINGS_SaveBatteryCalibration
                0x0800cb38       0x14 CMakeFiles/n7six.ApeX-k1.v7.6.5br2.dir/App/settings.c.obj
                0x0800cb38                SETTINGS_SaveBatteryCalibration
 .text.SETTINGS_LoadCalibration
                0x0800cb4c      0x1ac CMakeFiles/n7six.ApeX-k1.v7.6.5br2.dir/App/settings.c.obj
                0x0800cb4c                SETTINGS_LoadCalibration
 .text.SETTINGS_SaveChannelName
                0x0800ccf8       0x44 CMakeFiles/n7six.ApeX-k1.v7.6.5br2.dir/App/settings.c.obj
                0x0800ccf8                SETTINGS_SaveChannelName
 .text.SETTINGS_UpdateChannel
                0x0800cd3c       0xcc CMakeFiles/n7six.ApeX-k1.v7.6.5br2.dir/App/settings.c.obj
                0x0800cd3c                SETTINGS_UpdateChannel
 .text.SETTINGS_SaveChannel
                0x0800ce08       0xda CMakeFiles/n7six.ApeX-k1.v7.6.5br2.dir/App/settings.c.obj
                0x0800ce08                SETTINGS_SaveChannel
 *fill*         0x0800cee2        0x2 
 .text.SETTINGS_WriteBuildOptions
                0x0800cee4       0x28 CMakeFiles/n7six.ApeX-k1.v7.6.5br2.dir/App/settings.c.obj
                0x0800cee4                SETTINGS_WriteBuildOptions
 .text.SETTINGS_WriteCurrentState
                0x0800cf0c       0x48 CMakeFiles/n7six.ApeX-k1.v7.6.5br2.dir/App/settings.c.obj
                0x0800cf0c                SETTINGS_WriteCurrentState
 .text.SETTINGS_ResetTxLock
                0x0800cf54       0x46 CMakeFiles/n7six.ApeX-k1.v7.6.5br2.dir/App/settings.c.obj
                0x0800cf54                SETTINGS_ResetTxLock
 .text.SETTINGS_OnSaveChannel
                0x0800cf9a        0x8 CMakeFiles/n7six.ApeX-k1.v7.6.5br2.dir/App/settings.c.obj
                0x0800cf9a                SETTINGS_OnSaveChannel
 *fill*         0x0800cfa2        0x2 
 .text.UI_DrawBattery
                0x0800cfa4       0x50 CMakeFiles/n7six.ApeX-k1.v7.6.5br2.dir/App/ui/battery.c.obj
                0x0800cfa4                UI_DrawBattery
 .text.UI_DisplayBattery
                0x0800cff4       0x1c CMakeFiles/n7six.ApeX-k1.v7.6.5br2.dir/App/ui/battery.c.obj
                0x0800cff4                UI_DisplayBattery
 .text.UI_GenerateChannelString
                0x0800d010       0x4c CMakeFiles/n7six.ApeX-k1.v7.6.5br2.dir/App/ui/helper.c.obj
                0x0800d010                UI_GenerateChannelString
 .text.UI_GenerateChannelStringEx
                0x0800d05c       0x68 CMakeFiles/n7six.ApeX-k1.v7.6.5br2.dir/App/ui/helper.c.obj
                0x0800d05c                UI_GenerateChannelStringEx
 .text.UI_PrintStringBuffer
                0x0800d0c4       0x4c CMakeFiles/n7six.ApeX-k1.v7.6.5br2.dir/App/ui/helper.c.obj
                0x0800d0c4                UI_PrintStringBuffer
 .text.UI_PrintString
                0x0800d110       0x90 CMakeFiles/n7six.ApeX-k1.v7.6.5br2.dir/App/ui/helper.c.obj
                0x0800d110                UI_PrintString
 .text.UI_PrintStringSmall
                0x0800d1a0       0x40 CMakeFiles/n7six.ApeX-k1.v7.6.5br2.dir/App/ui/helper.c.obj
                0x0800d1a0                UI_PrintStringSmall
 .text.UI_PrintStringSmallNormal
                0x0800d1e0       0x14 CMakeFiles/n7six.ApeX-k1.v7.6.5br2.dir/App/ui/helper.c.obj
                0x0800d1e0                UI_PrintStringSmallNormal
 .text.UI_PrintStringSmallBold
                0x0800d1f4       0x14 CMakeFiles/n7six.ApeX-k1.v7.6.5br2.dir/App/ui/helper.c.obj
                0x0800d1f4                UI_PrintStringSmallBold
 .text.UI_PrintStringSmallBufferNormal
                0x0800d208       0x10 CMakeFiles/n7six.ApeX-k1.v7.6.5br2.dir/App/ui/helper.c.obj
                0x0800d208                UI_PrintStringSmallBufferNormal
 .text.UI_DisplayFrequency
                0x0800d218       0xcc CMakeFiles/n7six.ApeX-k1.v7.6.5br2.dir/App/ui/helper.c.obj
                0x0800d218                UI_DisplayFrequency
 .text.UI_DrawPixelBuffer
                0x0800d2e4       0x2e CMakeFiles/n7six.ApeX-k1.v7.6.5br2.dir/App/ui/helper.c.obj
                0x0800d2e4                UI_DrawPixelBuffer
 *fill*         0x0800d312        0x2 
 .text.PutPixel
                0x0800d314       0x18 CMakeFiles/n7six.ApeX-k1.v7.6.5br2.dir/App/ui/helper.c.obj
                0x0800d314                PutPixel
 .text.PutPixelStatus
                0x0800d32c       0x18 CMakeFiles/n7six.ApeX-k1.v7.6.5br2.dir/App/ui/helper.c.obj
                0x0800d32c                PutPixelStatus
 .text.GUI_DisplaySmallest
                0x0800d344       0x7c CMakeFiles/n7six.ApeX-k1.v7.6.5br2.dir/App/ui/helper.c.obj
                0x0800d344                GUI_DisplaySmallest
 .text.UI_Draw5x5Char
                0x0800d3c0       0xb0 CMakeFiles/n7six.ApeX-k1.v7.6.5br2.dir/App/ui/helper.c.obj
                0x0800d3c0                UI_Draw5x5Char
 .text.UI_Draw5x5String
                0x0800d470       0x24 CMakeFiles/n7six.ApeX-k1.v7.6.5br2.dir/App/ui/helper.c.obj
                0x0800d470                UI_Draw5x5String
 .text.UI_DrawLineBuffer
                0x0800d494       0x94 CMakeFiles/n7six.ApeX-k1.v7.6.5br2.dir/App/ui/helper.c.obj
                0x0800d494                UI_DrawLineBuffer
 .text.UI_FillRectangleBuffer
                0x0800d528       0x56 CMakeFiles/n7six.ApeX-k1.v7.6.5br2.dir/App/ui/helper.c.obj
                0x0800d528                UI_FillRectangleBuffer
 *fill*         0x0800d57e        0x2 
 .text.UI_DisplayClear
                0x0800d580       0x14 CMakeFiles/n7six.ApeX-k1.v7.6.5br2.dir/App/ui/helper.c.obj
                0x0800d580                UI_DisplayClear
 .text.UI_DisplayPopup
                0x0800d594       0x2c CMakeFiles/n7six.ApeX-k1.v7.6.5br2.dir/App/ui/helper.c.obj
                0x0800d594                UI_DisplayPopup
 .text.INPUTBOX_Append
                0x0800d5c0       0x30 CMakeFiles/n7six.ApeX-k1.v7.6.5br2.dir/App/ui/inputbox.c.obj
                0x0800d5c0                INPUTBOX_Append
 .text.INPUTBOX_GetAscii
                0x0800d5f0       0x28 CMakeFiles/n7six.ApeX-k1.v7.6.5br2.dir/App/ui/inputbox.c.obj
                0x0800d5f0                INPUTBOX_GetAscii
 .text.isMainOnly
                0x0800d618       0x1c CMakeFiles/n7six.ApeX-k1.v7.6.5br2.dir/App/ui/main.c.obj
 .text.DrawLevelBar
                0x0800d634       0x88 CMakeFiles/n7six.ApeX-k1.v7.6.5br2.dir/App/ui/main.c.obj
 .text.log2_approx
                0x0800d6bc       0x10 CMakeFiles/n7six.ApeX-k1.v7.6.5br2.dir/App/ui/main.c.obj
                0x0800d6bc                log2_approx
 .text.UI_DisplayAudioBar
                0x0800d6cc      0x130 CMakeFiles/n7six.ApeX-k1.v7.6.5br2.dir/App/ui/main.c.obj
                0x0800d6cc                UI_DisplayAudioBar
 .text.DisplayRSSIBar
                0x0800d7fc      0x1e4 CMakeFiles/n7six.ApeX-k1.v7.6.5br2.dir/App/ui/main.c.obj
                0x0800d7fc                DisplayRSSIBar
 .text.UI_MAIN_TimeSlice500ms
                0x0800d9e0       0xa4 CMakeFiles/n7six.ApeX-k1.v7.6.5br2.dir/App/ui/main.c.obj
                0x0800d9e0                UI_MAIN_TimeSlice500ms
 .text.UI_DisplayMain
                0x0800da84      0xd44 CMakeFiles/n7six.ApeX-k1.v7.6.5br2.dir/App/ui/main.c.obj
                0x0800da84                UI_DisplayMain
 .text.UI_MENU_GetCurrentMenuId
                0x0800e7c8       0x1c CMakeFiles/n7six.ApeX-k1.v7.6.5br2.dir/App/ui/menu.c.obj
                0x0800e7c8                UI_MENU_GetCurrentMenuId
 .text.UI_MENU_GetMenuIdx
                0x0800e7e4       0x20 CMakeFiles/n7six.ApeX-k1.v7.6.5br2.dir/App/ui/menu.c.obj
                0x0800e7e4                UI_MENU_GetMenuIdx
 .text.UI_DisplayMenu
                0x0800e804      0xb78 CMakeFiles/n7six.ApeX-k1.v7.6.5br2.dir/App/ui/menu.c.obj
                0x0800e804                UI_DisplayMenu
 .text.UI_DisplayScanner
                0x0800f37c      0x198 CMakeFiles/n7six.ApeX-k1.v7.6.5br2.dir/App/ui/scanner.c.obj
                0x0800f37c                UI_DisplayScanner
 .text.convertTime.constprop.0
                0x0800f514       0x64 CMakeFiles/n7six.ApeX-k1.v7.6.5br2.dir/App/ui/status.c.obj
 .text.UI_DisplayStatus
                0x0800f578      0x2dc CMakeFiles/n7six.ApeX-k1.v7.6.5br2.dir/App/ui/status.c.obj
                0x0800f578                UI_DisplayStatus
 .text.GUI_DisplayScreen
                0x0800f854       0x1c CMakeFiles/n7six.ApeX-k1.v7.6.5br2.dir/App/ui/ui.c.obj
                0x0800f854                GUI_DisplayScreen
 .text.GUI_SelectNextDisplay
                0x0800f870       0x7c CMakeFiles/n7six.ApeX-k1.v7.6.5br2.dir/App/ui/ui.c.obj
                0x0800f870                GUI_SelectNextDisplay
 .text.UI_OnChannelChange
                0x0800f8ec        0xc CMakeFiles/n7six.ApeX-k1.v7.6.5br2.dir/App/ui/ui.c.obj
                0x0800f8ec                UI_OnChannelChange
 .text.UI_DisplayReleaseKeys
                0x0800f8f8       0x48 CMakeFiles/n7six.ApeX-k1.v7.6.5br2.dir/App/ui/welcome.c.obj
                0x0800f8f8                UI_DisplayReleaseKeys
 .text.UI_DisplayWelcome
                0x0800f940      0x1a8 CMakeFiles/n7six.ApeX-k1.v7.6.5br2.dir/App/ui/welcome.c.obj
                0x0800f940                UI_DisplayWelcome
 .text.Main     0x0800fae8      0x358 CMakeFiles/n7six.ApeX-k1.v7.6.5br2.dir/App/main.c.obj
                0x0800fae8                Main
 .text._out_buffer
                0x0800fe40        0x8 CMakeFiles/n7six.ApeX-k1.v7.6.5br2.dir/App/external/printf/printf.c.obj
 .text._out_null
                0x0800fe48        0x2 CMakeFiles/n7six.ApeX-k1.v7.6.5br2.dir/App/external/printf/printf.c.obj
 .text._ntoa_long
                0x0800fe4a      0x1c2 CMakeFiles/n7six.ApeX-k1.v7.6.5br2.dir/App/external/printf/printf.c.obj
 .text._vsnprintf
                0x0801000c      0x42c CMakeFiles/n7six.ApeX-k1.v7.6.5br2.dir/App/external/printf/printf.c.obj
 .text.sprintf_
                0x08010438       0x28 CMakeFiles/n7six.ApeX-k1.v7.6.5br2.dir/App/external/printf/printf.c.obj
                0x08010438                sprintf_
 .text.CRC_Init
                0x08010460        0x2 CMakeFiles/n7six.ApeX-k1.v7.6.5br2.dir/App/driver/crc.c.obj
                0x08010460                CRC_Init
 *fill*         0x08010462        0x2 
 .text.CRC_Calculate
                0x08010464       0x3c CMakeFiles/n7six.ApeX-k1.v7.6.5br2.dir/App/driver/crc.c.obj
                0x08010464                CRC_Calculate
 .text.AddrTranslate
                0x080104a0       0x70 CMakeFiles/n7six.ApeX-k1.v7.6.5br2.dir/App/driver/eeprom_compat.c.obj
 .text.EEPROM_ReadBuffer
                0x08010510       0x52 CMakeFiles/n7six.ApeX-k1.v7.6.5br2.dir/App/driver/eeprom_compat.c.obj
                0x08010510                EEPROM_ReadBuffer
 .text.EEPROM_WriteBuffer
                0x08010562       0x4a CMakeFiles/n7six.ApeX-k1.v7.6.5br2.dir/App/driver/eeprom_compat.c.obj
                0x08010562                EEPROM_WriteBuffer
 .text.UART_Init
                0x080105ac      0x130 CMakeFiles/n7six.ApeX-k1.v7.6.5br2.dir/App/driver/uart.c.obj
                0x080105ac                UART_Init
 .text.UART_Send
                0x080106dc       0x20 CMakeFiles/n7six.ApeX-k1.v7.6.5br2.dir/App/driver/uart.c.obj
                0x080106dc                UART_Send
 .text.UART_IsCableConnected
                0x080106fc       0x24 CMakeFiles/n7six.ApeX-k1.v7.6.5br2.dir/App/driver/uart.c.obj
                0x080106fc                UART_IsCableConnected
 .text.SendReply
                0x08010720       0xd0 CMakeFiles/n7six.ApeX-k1.v7.6.5br2.dir/App/app/uart.c.obj
 .text.UART_IsCommandAvailable
                0x080107f0      0x184 CMakeFiles/n7six.ApeX-k1.v7.6.5br2.dir/App/app/uart.c.obj
                0x080107f0                UART_IsCommandAvailable
 .text.UART_HandleCommand
                0x08010974      0x210 CMakeFiles/n7six.ApeX-k1.v7.6.5br2.dir/App/app/uart.c.obj
                0x08010974                UART_HandleCommand
 .text.VCP_Init
                0x08010b84       0x74 CMakeFiles/n7six.ApeX-k1.v7.6.5br2.dir/App/driver/vcp.c.obj
                0x08010b84                VCP_Init
 .text.usbd_cdc_acm_bulk_out
                0x08010bf8       0x74 CMakeFiles/n7six.ApeX-k1.v7.6.5br2.dir/App/usb/usbd_cdc_if.c.obj
                0x08010bf8                usbd_cdc_acm_bulk_out
 .text.usbd_cdc_acm_bulk_in
                0x08010c6c       0x28 CMakeFiles/n7six.ApeX-k1.v7.6.5br2.dir/App/usb/usbd_cdc_if.c.obj
                0x08010c6c                usbd_cdc_acm_bulk_in
 .text.usbd_configure_done_callback
                0x08010c94       0x14 CMakeFiles/n7six.ApeX-k1.v7.6.5br2.dir/App/usb/usbd_cdc_if.c.obj
                0x08010c94                usbd_configure_done_callback
 .text.cdc_acm_init
                0x08010ca8       0x60 CMakeFiles/n7six.ApeX-k1.v7.6.5br2.dir/App/usb/usbd_cdc_if.c.obj
                0x08010ca8                cdc_acm_init
 .text.usbd_cdc_acm_set_dtr
                0x08010d08       0x14 CMakeFiles/n7six.ApeX-k1.v7.6.5br2.dir/App/usb/usbd_cdc_if.c.obj
                0x08010d08                usbd_cdc_acm_set_dtr
 .text.cdc_acm_data_send_with_dtr_async
                0x08010d1c       0x12 CMakeFiles/n7six.ApeX-k1.v7.6.5br2.dir/App/usb/usbd_cdc_if.c.obj
                0x08010d1c                cdc_acm_data_send_with_dtr_async
 .text.BK1080_ReadRegister
                0x08010d2e       0x30 CMakeFiles/n7six.ApeX-k1.v7.6.5br2.dir/App/driver/bk1080.c.obj
                0x08010d2e                BK1080_ReadRegister
 .text.BK1080_WriteRegister
                0x08010d5e       0x30 CMakeFiles/n7six.ApeX-k1.v7.6.5br2.dir/App/driver/bk1080.c.obj
                0x08010d5e                BK1080_WriteRegister
 *fill*         0x08010d8e        0x2 
 .text.BK1080_Init0
                0x08010d90       0x10 CMakeFiles/n7six.ApeX-k1.v7.6.5br2.dir/App/driver/bk1080.c.obj
                0x08010d90                BK1080_Init0
 .text.BK1080_Mute
                0x08010da0       0x1c CMakeFiles/n7six.ApeX-k1.v7.6.5br2.dir/App/driver/bk1080.c.obj
                0x08010da0                BK1080_Mute
 .text.BK1080_SetFrequency
                0x08010dbc       0x50 CMakeFiles/n7six.ApeX-k1.v7.6.5br2.dir/App/driver/bk1080.c.obj
                0x08010dbc                BK1080_SetFrequency
 .text.BK1080_Init
                0x08010e0c       0x98 CMakeFiles/n7six.ApeX-k1.v7.6.5br2.dir/App/driver/bk1080.c.obj
                0x08010e0c                BK1080_Init
 .text.BK1080_GetFrequencyDeviation
                0x08010ea4       0x1c CMakeFiles/n7six.ApeX-k1.v7.6.5br2.dir/App/driver/bk1080.c.obj
                0x08010ea4                BK1080_GetFrequencyDeviation
 .text.BK1080_GetFreqLoLimit
                0x08010ec0       0x10 CMakeFiles/n7six.ApeX-k1.v7.6.5br2.dir/App/driver/bk1080.c.obj
                0x08010ec0                BK1080_GetFreqLoLimit
 .text.BK1080_GetFreqHiLimit
                0x08010ed0       0x10 CMakeFiles/n7six.ApeX-k1.v7.6.5br2.dir/App/driver/bk1080.c.obj
                0x08010ed0                BK1080_GetFreqHiLimit
 .text.FM_CheckValidChannel
                0x08010ee0       0x3c CMakeFiles/n7six.ApeX-k1.v7.6.5br2.dir/App/app/fm.c.obj
                0x08010ee0                FM_CheckValidChannel
 .text.FM_FindNextChannel
                0x08010f1c       0x34 CMakeFiles/n7six.ApeX-k1.v7.6.5br2.dir/App/app/fm.c.obj
                0x08010f1c                FM_FindNextChannel
 .text.FM_ConfigureChannelState
                0x08010f50       0x3c CMakeFiles/n7six.ApeX-k1.v7.6.5br2.dir/App/app/fm.c.obj
                0x08010f50                FM_ConfigureChannelState
 .text.Key_FUNC
                0x08010f8c       0xa8 CMakeFiles/n7six.ApeX-k1.v7.6.5br2.dir/App/app/fm.c.obj
 .text.FM_TurnOff
                0x08011034       0x58 CMakeFiles/n7six.ApeX-k1.v7.6.5br2.dir/App/app/fm.c.obj
                0x08011034                FM_TurnOff
 .text.FM_EraseChannels
                0x0801108c       0x1c CMakeFiles/n7six.ApeX-k1.v7.6.5br2.dir/App/app/fm.c.obj
                0x0801108c                FM_EraseChannels
 .text.FM_Tune  0x080110a8       0xb4 CMakeFiles/n7six.ApeX-k1.v7.6.5br2.dir/App/app/fm.c.obj
                0x080110a8                FM_Tune
 .text.Key_UP_DOWN
                0x0801115c      0x104 CMakeFiles/n7six.ApeX-k1.v7.6.5br2.dir/App/app/fm.c.obj
 .text.FM_PlayAndUpdate
                0x08011260       0x68 CMakeFiles/n7six.ApeX-k1.v7.6.5br2.dir/App/app/fm.c.obj
                0x08011260                FM_PlayAndUpdate
 .text.FM_CheckFrequencyLock
                0x080112c8       0x94 CMakeFiles/n7six.ApeX-k1.v7.6.5br2.dir/App/app/fm.c.obj
                0x080112c8                FM_CheckFrequencyLock
 .text.FM_ProcessKeys
                0x0801135c      0x2ac CMakeFiles/n7six.ApeX-k1.v7.6.5br2.dir/App/app/fm.c.obj
                0x0801135c                FM_ProcessKeys
 .text.FM_Play  0x08011608       0xb4 CMakeFiles/n7six.ApeX-k1.v7.6.5br2.dir/App/app/fm.c.obj
                0x08011608                FM_Play
 .text.FM_Start
                0x080116bc       0x68 CMakeFiles/n7six.ApeX-k1.v7.6.5br2.dir/App/app/fm.c.obj
                0x080116bc                FM_Start
 .text.UI_DisplayFM
                0x08011724      0x1d0 CMakeFiles/n7six.ApeX-k1.v7.6.5br2.dir/App/ui/fmradio.c.obj
                0x08011724                UI_DisplayFM
 .text.AIRCOPY_clear
                0x080118f4       0x18 CMakeFiles/n7six.ApeX-k1.v7.6.5br2.dir/App/app/aircopy.c.obj
 .text.AIRCOPY_SendMessage
                0x0801190c       0xb4 CMakeFiles/n7six.ApeX-k1.v7.6.5br2.dir/App/app/aircopy.c.obj
                0x0801190c                AIRCOPY_SendMessage
 .text.AIRCOPY_StorePacket
                0x080119c0       0xe0 CMakeFiles/n7six.ApeX-k1.v7.6.5br2.dir/App/app/aircopy.c.obj
                0x080119c0                AIRCOPY_StorePacket
 .text.AIRCOPY_ProcessKeys
                0x08011aa0      0x158 CMakeFiles/n7six.ApeX-k1.v7.6.5br2.dir/App/app/aircopy.c.obj
                0x08011aa0                AIRCOPY_ProcessKeys
 .text.UI_DisplayAircopy
                0x08011bf8      0x1f8 CMakeFiles/n7six.ApeX-k1.v7.6.5br2.dir/App/ui/aircopy.c.obj
                0x08011bf8                UI_DisplayAircopy
 .text.FlashlightTimeSlice
                0x08011df0       0xa4 CMakeFiles/n7six.ApeX-k1.v7.6.5br2.dir/App/app/flashlight.c.obj
                0x08011df0                FlashlightTimeSlice
 .text.ACTION_FlashLight
                0x08011e94       0x38 CMakeFiles/n7six.ApeX-k1.v7.6.5br2.dir/App/app/flashlight.c.obj
                0x08011e94                ACTION_FlashLight
 .text.Rssi2DBm
                0x08011ecc       0x20 CMakeFiles/n7six.ApeX-k1.v7.6.5br2.dir/App/app/spectrum.c.obj
 .text.ResetScanStats
                0x08011eec       0x14 CMakeFiles/n7six.ApeX-k1.v7.6.5br2.dir/App/app/spectrum.c.obj
 .text.MarkSpectrumSettingsDirty
                0x08011f00       0x18 CMakeFiles/n7six.ApeX-k1.v7.6.5br2.dir/App/app/spectrum.c.obj
 .text.UpdatePeakInfo
                0x08011f18       0x90 CMakeFiles/n7six.ApeX-k1.v7.6.5br2.dir/App/app/spectrum.c.obj
 .text.MapMeasurementToDisplay
                0x08011fa8       0x20 CMakeFiles/n7six.ApeX-k1.v7.6.5br2.dir/App/app/spectrum.c.obj
 .text.SetRssiHistory
                0x08011fc8       0x1c CMakeFiles/n7six.ApeX-k1.v7.6.5br2.dir/App/app/spectrum.c.obj
 .text.GetRegMenuValue
                0x08011fe4       0x20 CMakeFiles/n7six.ApeX-k1.v7.6.5br2.dir/App/app/spectrum.c.obj
 .text.RestoreRegisters
                0x08012004       0x2c CMakeFiles/n7six.ApeX-k1.v7.6.5br2.dir/App/app/spectrum.c.obj
 .text.SetF     0x08012030       0x38 CMakeFiles/n7six.ApeX-k1.v7.6.5br2.dir/App/app/spectrum.c.obj
 .text.ResetBlacklist
                0x08012068       0x3c CMakeFiles/n7six.ApeX-k1.v7.6.5br2.dir/App/app/spectrum.c.obj
 .text.ToggleListeningBW
                0x080120a4       0x4c CMakeFiles/n7six.ApeX-k1.v7.6.5br2.dir/App/app/spectrum.c.obj
 .text.ToggleBacklight
                0x080120f0       0x24 CMakeFiles/n7six.ApeX-k1.v7.6.5br2.dir/App/app/spectrum.c.obj
 .text.SaveSettings
                0x08012114       0x44 CMakeFiles/n7six.ApeX-k1.v7.6.5br2.dir/App/app/spectrum.c.obj
 .text.SPECTRUM_SaveSettings
                0x08012158       0x94 CMakeFiles/n7six.ApeX-k1.v7.6.5br2.dir/App/app/spectrum.c.obj
 .text.DrawF    0x080121ec       0x90 CMakeFiles/n7six.ApeX-k1.v7.6.5br2.dir/App/app/spectrum.c.obj
 .text.RecomputeSmoothedTrace
                0x0801227c       0x64 CMakeFiles/n7six.ApeX-k1.v7.6.5br2.dir/App/app/spectrum.c.obj
 .text.UpdateDisplayTrace.part.0
                0x080122e0       0x48 CMakeFiles/n7six.ApeX-k1.v7.6.5br2.dir/App/app/spectrum.c.obj
 .text.SetBandLed.part.0.constprop.0
                0x08012328       0x3c CMakeFiles/n7six.ApeX-k1.v7.6.5br2.dir/App/app/spectrum.c.obj
 .text.ToggleRX
                0x08012364      0x118 CMakeFiles/n7six.ApeX-k1.v7.6.5br2.dir/App/app/spectrum.c.obj
 .text.UpdateDBMax
                0x0801247c       0x78 CMakeFiles/n7six.ApeX-k1.v7.6.5br2.dir/App/app/spectrum.c.obj
 .text.SYSTEM_DelayUs
                0x080124f4       0x12 CMakeFiles/n7six.ApeX-k1.v7.6.5br2.dir/App/app/spectrum.c.obj
                0x080124f4                SYSTEM_DelayUs
 .text.DrawLine
                0x08012506       0x8c CMakeFiles/n7six.ApeX-k1.v7.6.5br2.dir/App/app/spectrum.c.obj
                0x08012506                DrawLine
 *fill*         0x08012592        0x2 
 .text.LockAGC  0x08012594       0x24 CMakeFiles/n7six.ApeX-k1.v7.6.5br2.dir/App/app/spectrum.c.obj
                0x08012594                LockAGC
 .text.SetRegMenuValue
                0x080125b8       0x78 CMakeFiles/n7six.ApeX-k1.v7.6.5br2.dir/App/app/spectrum.c.obj
 .text.IsPeakOverLevel
                0x08012630       0x1c CMakeFiles/n7six.ApeX-k1.v7.6.5br2.dir/App/app/spectrum.c.obj
                0x08012630                IsPeakOverLevel
 .text.GetScanStep
                0x0801264c       0x14 CMakeFiles/n7six.ApeX-k1.v7.6.5br2.dir/App/app/spectrum.c.obj
                0x0801264c                GetScanStep
 .text.GetStepsCount
                0x08012660       0x38 CMakeFiles/n7six.ApeX-k1.v7.6.5br2.dir/App/app/spectrum.c.obj
                0x08012660                GetStepsCount
 .text.GetDisplayWidth
                0x08012698       0x38 CMakeFiles/n7six.ApeX-k1.v7.6.5br2.dir/App/app/spectrum.c.obj
 .text.UpdateWaterfall
                0x080126d0       0xf8 CMakeFiles/n7six.ApeX-k1.v7.6.5br2.dir/App/app/spectrum.c.obj
 .text.SpecIdxToX
                0x080127c8       0x1e CMakeFiles/n7six.ApeX-k1.v7.6.5br2.dir/App/app/spectrum.c.obj
 .text.GetBW    0x080127e6       0x10 CMakeFiles/n7six.ApeX-k1.v7.6.5br2.dir/App/app/spectrum.c.obj
                0x080127e6                GetBW
 *fill*         0x080127f6        0x2 
 .text.GetFStart
                0x080127f8       0x38 CMakeFiles/n7six.ApeX-k1.v7.6.5br2.dir/App/app/spectrum.c.obj
                0x080127f8                GetFStart
 .text.InitScan
                0x08012830       0x34 CMakeFiles/n7six.ApeX-k1.v7.6.5br2.dir/App/app/spectrum.c.obj
 .text.GetCentroidFrequency
                0x08012864       0x94 CMakeFiles/n7six.ApeX-k1.v7.6.5br2.dir/App/app/spectrum.c.obj
 .text.TuneToPeak
                0x080128f8       0x28 CMakeFiles/n7six.ApeX-k1.v7.6.5br2.dir/App/app/spectrum.c.obj
 .text.GetFEnd  0x08012920       0x3c CMakeFiles/n7six.ApeX-k1.v7.6.5br2.dir/App/app/spectrum.c.obj
                0x08012920                GetFEnd
 .text.GetRssi  0x0801295c       0x28 CMakeFiles/n7six.ApeX-k1.v7.6.5br2.dir/App/app/spectrum.c.obj
                0x0801295c                GetRssi
 .text.Measure  0x08012984       0x30 CMakeFiles/n7six.ApeX-k1.v7.6.5br2.dir/App/app/spectrum.c.obj
 .text.RelaunchScan
                0x080129b4       0x60 CMakeFiles/n7six.ApeX-k1.v7.6.5br2.dir/App/app/spectrum.c.obj
 .text.ToggleModulation
                0x08012a14       0x30 CMakeFiles/n7six.ApeX-k1.v7.6.5br2.dir/App/app/spectrum.c.obj
 .text.UpdateFreqChangeStep
                0x08012a44       0x88 CMakeFiles/n7six.ApeX-k1.v7.6.5br2.dir/App/app/spectrum.c.obj
 .text.UpdateCurrentFreq
                0x08012acc       0x6c CMakeFiles/n7six.ApeX-k1.v7.6.5br2.dir/App/app/spectrum.c.obj
 .text.SetState
                0x08012b38       0x3c CMakeFiles/n7six.ApeX-k1.v7.6.5br2.dir/App/app/spectrum.c.obj
                0x08012b38                SetState
 .text.FreqInput
                0x08012b74       0x3c CMakeFiles/n7six.ApeX-k1.v7.6.5br2.dir/App/app/spectrum.c.obj
 .text.UpdateFreqInput
                0x08012bb0      0x19c CMakeFiles/n7six.ApeX-k1.v7.6.5br2.dir/App/app/spectrum.c.obj
 .text.Rssi2PX  0x08012d4c       0x64 CMakeFiles/n7six.ApeX-k1.v7.6.5br2.dir/App/app/spectrum.c.obj
                0x08012d4c                Rssi2PX
 .text.Rssi2Y   0x08012db0       0x20 CMakeFiles/n7six.ApeX-k1.v7.6.5br2.dir/App/app/spectrum.c.obj
                0x08012db0                Rssi2Y
 .text.RenderSpectrum
                0x08012dd0      0x604 CMakeFiles/n7six.ApeX-k1.v7.6.5br2.dir/App/app/spectrum.c.obj
 .text.UpdateRssiTriggerLevel
                0x080133d4       0xd4 CMakeFiles/n7six.ApeX-k1.v7.6.5br2.dir/App/app/spectrum.c.obj
                0x080133d4                UpdateRssiTriggerLevel
 .text.OnKeyDownStill
                0x080134a8      0x114 CMakeFiles/n7six.ApeX-k1.v7.6.5br2.dir/App/app/spectrum.c.obj
                0x080134a8                OnKeyDownStill
 .text.APP_RunSpectrum
                0x080135bc      0xeb8 CMakeFiles/n7six.ApeX-k1.v7.6.5br2.dir/App/app/spectrum.c.obj
                0x080135bc                APP_RunSpectrum
 .text.getScreenShot
                0x08014474      0x1a4 CMakeFiles/n7six.ApeX-k1.v7.6.5br2.dir/App/screenshot.c.obj
                0x08014474                getScreenShot
 .text.usbd_class_event_notify_handler
                0x08014618       0x24 CMakeFiles/n7six.ApeX-k1.v7.6.5br2.dir/Middlewares/CherryUSB/core/usbd_core.c.obj
 .text.usbd_set_endpoint
                0x0801463c       0x2c CMakeFiles/n7six.ApeX-k1.v7.6.5br2.dir/Middlewares/CherryUSB/core/usbd_core.c.obj
 .text.usbd_setup_request_handler.constprop.0
                0x08014668      0x380 CMakeFiles/n7six.ApeX-k1.v7.6.5br2.dir/Middlewares/CherryUSB/core/usbd_core.c.obj
 .text.usbd_event_resume_handler
                0x080149e8        0xc CMakeFiles/n7six.ApeX-k1.v7.6.5br2.dir/Middlewares/CherryUSB/core/usbd_core.c.obj
                0x080149e8                usbd_event_resume_handler
 .text.usbd_event_suspend_handler
                0x080149f4        0xc CMakeFiles/n7six.ApeX-k1.v7.6.5br2.dir/Middlewares/CherryUSB/core/usbd_core.c.obj
                0x080149f4                usbd_event_suspend_handler
 .text.usbd_event_reset_handler
                0x08014a00       0x38 CMakeFiles/n7six.ApeX-k1.v7.6.5br2.dir/Middlewares/CherryUSB/core/usbd_core.c.obj
                0x08014a00                usbd_event_reset_handler
 .text.usbd_event_ep0_setup_complete_handler
                0x08014a38       0x94 CMakeFiles/n7six.ApeX-k1.v7.6.5br2.dir/Middlewares/CherryUSB/core/usbd_core.c.obj
                0x08014a38                usbd_event_ep0_setup_complete_handler
 .text.usbd_event_ep_in_complete_handler
                0x08014acc       0x58 CMakeFiles/n7six.ApeX-k1.v7.6.5br2.dir/Middlewares/CherryUSB/core/usbd_core.c.obj
                0x08014acc                usbd_event_ep_in_complete_handler
 .text.usbd_event_ep_out_complete_handler
                0x08014b24       0x64 CMakeFiles/n7six.ApeX-k1.v7.6.5br2.dir/Middlewares/CherryUSB/core/usbd_core.c.obj
                0x08014b24                usbd_event_ep_out_complete_handler
 .text.usbd_desc_register
                0x08014b88       0x14 CMakeFiles/n7six.ApeX-k1.v7.6.5br2.dir/Middlewares/CherryUSB/core/usbd_core.c.obj
                0x08014b88                usbd_desc_register
 .text.usbd_add_interface
                0x08014b9c       0x2c CMakeFiles/n7six.ApeX-k1.v7.6.5br2.dir/Middlewares/CherryUSB/core/usbd_core.c.obj
                0x08014b9c                usbd_add_interface
 .text.usbd_add_endpoint
                0x08014bc8       0x2c CMakeFiles/n7six.ApeX-k1.v7.6.5br2.dir/Middlewares/CherryUSB/core/usbd_core.c.obj
                0x08014bc8                usbd_add_endpoint
 .text.usbd_initialize
                0x08014bf4        0x8 CMakeFiles/n7six.ApeX-k1.v7.6.5br2.dir/Middlewares/CherryUSB/core/usbd_core.c.obj
                0x08014bf4                usbd_initialize
 .text.pyusb_write_packet
                0x08014bfc       0x20 CMakeFiles/n7six.ApeX-k1.v7.6.5br2.dir/Middlewares/CherryUSB/port/usb_dc_py32.c.obj
 .text.usbd_ep0_set_zlp_flag
                0x08014c1c        0xc CMakeFiles/n7six.ApeX-k1.v7.6.5br2.dir/Middlewares/CherryUSB/port/usb_dc_py32.c.obj
                0x08014c1c                usbd_ep0_set_zlp_flag
 .text.usb_dc_low_level_init
                0x08014c28        0x2 CMakeFiles/n7six.ApeX-k1.v7.6.5br2.dir/Middlewares/CherryUSB/port/usb_dc_py32.c.obj
                0x08014c28                usb_dc_low_level_init
 *fill*         0x08014c2a        0x2 
 .text.usb_dc_init
                0x08014c2c       0x20 CMakeFiles/n7six.ApeX-k1.v7.6.5br2.dir/Middlewares/CherryUSB/port/usb_dc_py32.c.obj
                0x08014c2c                usb_dc_init
 .text.usbd_set_address
                0x08014c4c       0x18 CMakeFiles/n7six.ApeX-k1.v7.6.5br2.dir/Middlewares/CherryUSB/port/usb_dc_py32.c.obj
                0x08014c4c                usbd_set_address
 .text.usbd_ep_open
                0x08014c64      0x124 CMakeFiles/n7six.ApeX-k1.v7.6.5br2.dir/Middlewares/CherryUSB/port/usb_dc_py32.c.obj
                0x08014c64                usbd_ep_open
 .text.usbd_ep_close
                0x08014d88        0x4 CMakeFiles/n7six.ApeX-k1.v7.6.5br2.dir/Middlewares/CherryUSB/port/usb_dc_py32.c.obj
                0x08014d88                usbd_ep_close
 .text.usbd_ep_set_stall
                0x08014d8c       0x4c CMakeFiles/n7six.ApeX-k1.v7.6.5br2.dir/Middlewares/CherryUSB/port/usb_dc_py32.c.obj
                0x08014d8c                usbd_ep_set_stall
 .text.usbd_ep_clear_stall
                0x08014dd8       0x50 CMakeFiles/n7six.ApeX-k1.v7.6.5br2.dir/Middlewares/CherryUSB/port/usb_dc_py32.c.obj
                0x08014dd8                usbd_ep_clear_stall
 .text.usbd_ep_is_stalled
                0x08014e28       0x34 CMakeFiles/n7six.ApeX-k1.v7.6.5br2.dir/Middlewares/CherryUSB/port/usb_dc_py32.c.obj
                0x08014e28                usbd_ep_is_stalled
 .text.usbd_ep_start_write
                0x08014e5c      0x10c CMakeFiles/n7six.ApeX-k1.v7.6.5br2.dir/Middlewares/CherryUSB/port/usb_dc_py32.c.obj
                0x08014e5c                usbd_ep_start_write
 .text.usbd_ep_start_read
                0x08014f68       0x94 CMakeFiles/n7six.ApeX-k1.v7.6.5br2.dir/Middlewares/CherryUSB/port/usb_dc_py32.c.obj
                0x08014f68                usbd_ep_start_read
 .text.USB_IRQHandler
                0x08014ffc      0x2a8 CMakeFiles/n7six.ApeX-k1.v7.6.5br2.dir/Middlewares/CherryUSB/port/usb_dc_py32.c.obj
                0x08014ffc                USB_IRQHandler
 .text.cdc_notify_handler
                0x080152a4        0x2 CMakeFiles/n7six.ApeX-k1.v7.6.5br2.dir/Middlewares/CherryUSB/class/cdc/usbd_cdc.c.obj
 *fill*         0x080152a6        0x2 
 .text.usbd_cdc_acm_init_intf
                0x080152a8       0x18 CMakeFiles/n7six.ApeX-k1.v7.6.5br2.dir/Middlewares/CherryUSB/class/cdc/usbd_cdc.c.obj
                0x080152a8                usbd_cdc_acm_init_intf
 .text.usbd_cdc_acm_set_line_coding
                0x080152c0        0x2 CMakeFiles/n7six.ApeX-k1.v7.6.5br2.dir/Middlewares/CherryUSB/class/cdc/usbd_cdc.c.obj
                0x080152c0                usbd_cdc_acm_set_line_coding
 .text.usbd_cdc_acm_get_line_coding
                0x080152c2       0x1c CMakeFiles/n7six.ApeX-k1.v7.6.5br2.dir/Middlewares/CherryUSB/class/cdc/usbd_cdc.c.obj
                0x080152c2                usbd_cdc_acm_get_line_coding
 .text.usbd_cdc_acm_set_rts
                0x080152de        0x2 CMakeFiles/n7six.ApeX-k1.v7.6.5br2.dir/Middlewares/CherryUSB/class/cdc/usbd_cdc.c.obj
                0x080152de                usbd_cdc_acm_set_rts
 .text.cdc_acm_class_interface_request_handler
                0x080152e0       0x70 CMakeFiles/n7six.ApeX-k1.v7.6.5br2.dir/Middlewares/CherryUSB/class/cdc/usbd_cdc.c.obj
 .text.__muldi3
                0x08015350       0x5c /opt/toolchain/bin/../lib/gcc/arm-none-eabi/13.3.1/thumb/v6-m/nofp/libgcc.a(_muldi3.o)
                0x08015350                __aeabi_lmul
                0x08015350                __muldi3
 .text.__libc_init_array
                0x080153ac       0x48 /opt/toolchain/bin/../lib/gcc/arm-none-eabi/13.3.1/../../../../arm-none-eabi/lib/thumb/v6-m/nofp/libg_nano.a(libc_a-init.o)
                0x080153ac                __libc_init_array
 .text.memmove  0x080153f4       0x24 /opt/toolchain/bin/../lib/gcc/arm-none-eabi/13.3.1/../../../../arm-none-eabi/lib/thumb/v6-m/nofp/libg_nano.a(libc_a-memmove.o)
                0x080153f4                memmove
 .text.memset   0x08015418       0x10 /opt/toolchain/bin/../lib/gcc/arm-none-eabi/13.3.1/../../../../arm-none-eabi/lib/thumb/v6-m/nofp/libg_nano.a(libc_a-memset.o)
                0x08015418                memset
 .text.memcpy   0x08015428       0x12 /opt/toolchain/bin/../lib/gcc/arm-none-eabi/13.3.1/../../../../arm-none-eabi/lib/thumb/v6-m/nofp/libg_nano.a(libc_a-memcpy-stub.o)
                0x08015428                memcpy
 .text.strncpy  0x0801543a       0x28 /opt/toolchain/bin/../lib/gcc/arm-none-eabi/13.3.1/../../../../arm-none-eabi/lib/thumb/v6-m/nofp/libg_nano.a(libc_a-strncpy.o)
                0x0801543a                strncpy
 .text.strnlen  0x08015462       0x16 /opt/toolchain/bin/../lib/gcc/arm-none-eabi/13.3.1/../../../../arm-none-eabi/lib/thumb/v6-m/nofp/libg_nano.a(libc_a-strnlen.o)
                0x08015462                strnlen
 .text.memcmp   0x08015478       0x1c /opt/toolchain/bin/../lib/gcc/arm-none-eabi/13.3.1/../../../../arm-none-eabi/lib/thumb/v6-m/nofp/libg_nano.a(libc_a-memcmp.o)
                0x08015478                memcmp
 *(.glue_7)