Archive member included to satisfy reference by file (symbol)

/opt/toolchain/bin/../lib/gcc/arm-none-eabi/13.3.1/thumb/v6-m/nofp/libgcc.a(_thumb1_case_sqi.o)
                              CMakeFiles/n7six.ApeX-k1.v7.6.5.dir/App/app/menu.c.obj (__gnu_thumb1_case_sqi)
/opt/toolchain/bin/../lib/gcc/arm-none-eabi/13.3.1/thumb/v6-m/nofp/libgcc.a(_thumb1_case_uqi.o)
                              CMakeFiles/n7six.ApeX-k1.v7.6.5.dir/Drivers/PY32F071_HAL_Driver/Src/py32f071_ll_dma.c.obj (__gnu_thumb1_case_uqi)
/opt/toolchain/bin/../lib/gcc/arm-none-eabi/13.3.1/thumb/v6-m/nofp/libgcc.a(_thumb1_case_shi.o)
                              CMakeFiles/n7six.ApeX-k1.v7.6.5.dir/App/app/main.c.obj (__gnu_thumb1_case_shi)
/opt/toolchain/bin/../lib/gcc/arm-none-eabi/13.3.1/thumb/v6-m/nofp/libgcc.a(_thumb1_case_uhi.o)
                              CMakeFiles/n7six.ApeX-k1.v7.6.5.dir/App/app/main.c.obj (__gnu_thumb1_case_uhi)
/opt/toolchain/bin/../lib/gcc/arm-none-eabi/13.3.1/thumb/v6-m/nofp/libgcc.a(_udivsi3.o)
                              CMakeFiles/n7six.ApeX-k1.v7.6.5.dir/Drivers/PY32F071_HAL_Driver/Src/py32f071_ll_rcc.c.obj (__aeabi_uidiv)
/opt/toolchain/bin/../lib/gcc/arm-none-eabi/13.3.1/thumb/v6-m/nofp/libgcc.a(_divsi3.o)
                              CMakeFiles/n7six.ApeX-k1.v7.6.5.dir/Drivers/PY32F071_HAL_Driver/Src/py32f071_ll_i2c.c.obj (__aeabi_idiv)
/opt/toolchain/bin/../lib/gcc/arm-none-eabi/13.3.1/thumb/v6-m/nofp/libgcc.a(_dvmd_tls.o)
                              /opt/toolchain/bin/../lib/gcc/arm-none-eabi/13.3.1/thumb/v6-m/nofp/libgcc.a(_udivsi3.o) (__aeabi_idiv0)
/opt/toolchain/bin/../lib/gcc/arm-none-eabi/13.3.1/thumb/v6-m/nofp/libgcc.a(_clzsi2.o)
                              CMakeFiles/n7six.ApeX-k1.v7.6.5.dir/App/board.c.obj (__clzsi2)
/opt/toolchain/bin/../lib/gcc/arm-none-eabi/13.3.1/thumb/v6-m/nofp/libgcc.a(_muldi3.o)
                              CMakeFiles/n7six.ApeX-k1.v7.6.5.dir/App/app/spectrum.c.obj (__aeabi_lmul)
/opt/toolchain/bin/../lib/gcc/arm-none-eabi/13.3.1/../../../../arm-none-eabi/lib/thumb/v6-m/nofp/libg_nano.a(libc_a-exit.o)
                              /opt/toolchain/bin/../lib/gcc/arm-none-eabi/13.3.1/../../../../arm-none-eabi/lib/thumb/v6-m/nofp/crt0.o (exit)
/opt/toolchain/bin/../lib/gcc/arm-none-eabi/13.3.1/../../../../arm-none-eabi/lib/thumb/v6-m/nofp/libg_nano.a(libc_a-init.o)
                              /opt/toolchain/bin/../lib/gcc/arm-none-eabi/13.3.1/../../../../arm-none-eabi/lib/thumb/v6-m/nofp/crt0.o (__libc_init_array)
/opt/toolchain/bin/../lib/gcc/arm-none-eabi/13.3.1/../../../../arm-none-eabi/lib/thumb/v6-m/nofp/libg_nano.a(libc_a-memmove.o)
                              CMakeFiles/n7six.ApeX-k1.v7.6.5.dir/App/app/app.c.obj (memmove)
/opt/toolchain/bin/../lib/gcc/arm-none-eabi/13.3.1/../../../../arm-none-eabi/lib/thumb/v6-m/nofp/libg_nano.a(libc_a-memset.o)
                              /opt/toolchain/bin/../lib/gcc/arm-none-eabi/13.3.1/../../../../arm-none-eabi/lib/thumb/v6-m/nofp/crt0.o (memset)
/opt/toolchain/bin/../lib/gcc/arm-none-eabi/13.3.1/../../../../arm-none-eabi/lib/thumb/v6-m/nofp/libg_nano.a(libc_a-strcpy.o)
                              CMakeFiles/n7six.ApeX-k1.v7.6.5.dir/App/settings.c.obj (strcpy)
/opt/toolchain/bin/../lib/gcc/arm-none-eabi/13.3.1/../../../../arm-none-eabi/lib/thumb/v6-m/nofp/libg_nano.a(libc_a-memcpy-stub.o)
                              CMakeFiles/n7six.ApeX-k1.v7.6.5.dir/App/driver/bk4829.c.obj (memcpy)
/opt/toolchain/bin/../lib/gcc/arm-none-eabi/13.3.1/../../../../arm-none-eabi/lib/thumb/v6-m/nofp/libg_nano.a(libc_a-strlen.o)
                              CMakeFiles/n7six.ApeX-k1.v7.6.5.dir/App/app/app.c.obj (strlen)
/opt/toolchain/bin/../lib/gcc/arm-none-eabi/13.3.1/../../../../arm-none-eabi/lib/thumb/v6-m/nofp/libg_nano.a(libc_a-findfp.o)
                              /opt/toolchain/bin/../lib/gcc/arm-none-eabi/13.3.1/../../../../arm-none-eabi/lib/thumb/v6-m/nofp/libg_nano.a(libc_a-exit.o) (__stdio_exit_handler)
/opt/toolchain/bin/../lib/gcc/arm-none-eabi/13.3.1/../../../../arm-none-eabi/lib/thumb/v6-m/nofp/libg_nano.a(libc_a-strncpy.o)
                              CMakeFiles/n7six.ApeX-k1.v7.6.5.dir/App/app/generic.c.obj (strncpy)
/opt/toolchain/bin/../lib/gcc/arm-none-eabi/13.3.1/../../../../arm-none-eabi/lib/thumb/v6-m/nofp/libg_nano.a(libc_a-stdio.o)
                              /opt/toolchain/bin/../lib/gcc/arm-none-eabi/13.3.1/../../../../arm-none-eabi/lib/thumb/v6-m/nofp/libg_nano.a(libc_a-findfp.o) (__sread)
/opt/toolchain/bin/../lib/gcc/arm-none-eabi/13.3.1/../../../../arm-none-eabi/lib/thumb/v6-m/nofp/libg_nano.a(libc_a-lseekr.o)
                              /opt/toolchain/bin/../lib/gcc/arm-none-eabi/13.3.1/../../../../arm-none-eabi/lib/thumb/v6-m/nofp/libg_nano.a(libc_a-stdio.o) (_lseek_r)
/opt/toolchain/bin/../lib/gcc/arm-none-eabi/13.3.1/../../../../arm-none-eabi/lib/thumb/v6-m/nofp/libg_nano.a(libc_a-readr.o)
[...]
Memory Configuration

Name             Origin             Length             Attributes
RAM              0x20000000         0x00004000         xrw
FLASH            0x08002800         0x0001d800         xr
*default*        0x00000000         0xffffffff

Linker script and memory map

LOAD /opt/toolchain/bin/../lib/gcc/arm-none-eabi/13.3.1/thumb/v6-m/nofp/crti.o
LOAD /opt/toolchain/bin/../lib/gcc/arm-none-eabi/13.3.1/thumb/v6-m/nofp/crtbegin.o
LOAD /opt/toolchain/bin/../lib/gcc/arm-none-eabi/13.3.1/../../../../arm-none-eabi/lib/thumb/v6-m/nofp/crt0.o
LOAD CMakeFiles/n7six.ApeX-k1.v7.6.5.dir/Core/Src/main.c.obj
LOAD CMakeFiles/n7six.ApeX-k1.v7.6.5.dir/Core/Src/py32f071_it.c.obj
LOAD CMakeFiles/n7six.ApeX-k1.v7.6.5.dir/Core/Src/system_py32f071.c.obj
LOAD CMakeFiles/n7six.ApeX-k1.v7.6.5.dir/Core/startup_py32f071xx.s.obj
LOAD CMakeFiles/n7six.ApeX-k1.v7.6.5.dir/Drivers/PY32F071_HAL_Driver/Src/py32f071_ll_rcc.c.obj
LOAD CMakeFiles/n7six.ApeX-k1.v7.6.5.dir/Drivers/PY32F071_HAL_Driver/Src/py32f071_ll_pwr.c.obj
LOAD CMakeFiles/n7six.ApeX-k1.v7.6.5.dir/Drivers/PY32F071_HAL_Driver/Src/py32f071_ll_dma.c.obj
LOAD CMakeFiles/n7six.ApeX-k1.v7.6.5.dir/Drivers/PY32F071_HAL_Driver/Src/py32f071_ll_gpio.c.obj
LOAD CMakeFiles/n7six.ApeX-k1.v7.6.5.dir/Drivers/PY32F071_HAL_Driver/Src/py32f071_ll_utils.c.obj
LOAD CMakeFiles/n7six.ApeX-k1.v7.6.5.dir/Drivers/PY32F071_HAL_Driver/Src/py32f071_ll_adc.c.obj
LOAD CMakeFiles/n7six.ApeX-k1.v7.6.5.dir/Drivers/PY32F071_HAL_Driver/Src/py32f071_ll_comp.c.obj
LOAD CMakeFiles/n7six.ApeX-k1.v7.6.5.dir/Drivers/PY32F071_HAL_Driver/Src/py32f071_ll_crc.c.obj
LOAD CMakeFiles/n7six.ApeX-k1.v7.6.5.dir/Drivers/PY32F071_HAL_Driver/Src/py32f071_ll_dac.c.obj
LOAD CMakeFiles/n7six.ApeX-k1.v7.6.5.dir/Drivers/PY32F071_HAL_Driver/Src/py32f071_ll_exti.c.obj
LOAD CMakeFiles/n7six.ApeX-k1.v7.6.5.dir/Drivers/PY32F071_HAL_Driver/Src/py32f071_ll_i2c.c.obj
LOAD CMakeFiles/n7six.ApeX-k1.v7.6.5.dir/Drivers/PY32F071_HAL_Driver/Src/py32f071_ll_rtc.c.obj
LOAD CMakeFiles/n7six.ApeX-k1.v7.6.5.dir/Drivers/PY32F071_HAL_Driver/Src/py32f071_ll_spi.c.obj
LOAD CMakeFiles/n7six.ApeX-k1.v7.6.5.dir/Drivers/PY32F071_HAL_Driver/Src/py32f071_ll_tim.c.obj
LOAD CMakeFiles/n7six.ApeX-k1.v7.6.5.dir/Drivers/PY32F071_HAL_Driver/Src/py32f071_ll_lptim.c.obj
LOAD CMakeFiles/n7six.ApeX-k1.v7.6.5.dir/Drivers/PY32F071_HAL_Driver/Src/py32f071_ll_usart.c.obj
LOAD CMakeFiles/n7six.ApeX-k1.v7.6.5.dir/App/driver/backlight.c.obj
LOAD CMakeFiles/n7six.ApeX-k1.v7.6.5.dir/App/driver/bk4829.c.obj
LOAD CMakeFiles/n7six.ApeX-k1.v7.6.5.dir/App/driver/py25q16.c.obj
LOAD CMakeFiles/n7six.ApeX-k1.v7.6.5.dir/App/driver/gpio.c.obj
LOAD CMakeFiles/n7six.ApeX-k1.v7.6.5.dir/App/driver/i2c.c.obj
LOAD CMakeFiles/n7six.ApeX-k1.v7.6.5.dir/App/driver/keyboard.c.obj
LOAD CMakeFiles/n7six.ApeX-k1.v7.6.5.dir/App/driver/st7565.c.obj
LOAD CMakeFiles/n7six.ApeX-k1.v7.6.5.dir/App/driver/system.c.obj
LOAD CMakeFiles/n7six.ApeX-k1.v7.6.5.dir/App/driver/systick.c.obj
LOAD CMakeFiles/n7six.ApeX-k1.v7.6.5.dir/App/app/action.c.obj
LOAD CMakeFiles/n7six.ApeX-k1.v7.6.5.dir/App/app/app.c.obj
LOAD CMakeFiles/n7six.ApeX-k1.v7.6.5.dir/App/app/chFrScanner.c.obj
LOAD CMakeFiles/n7six.ApeX-k1.v7.6.5.dir/App/app/common.c.obj
LOAD CMakeFiles/n7six.ApeX-k1.v7.6.5.dir/App/app/dtmf.c.obj
LOAD CMakeFiles/n7six.ApeX-k1.v7.6.5.dir/App/app/generic.c.obj
LOAD CMakeFiles/n7six.ApeX-k1.v7.6.5.dir/App/app/main.c.obj
LOAD CMakeFiles/n7six.ApeX-k1.v7.6.5.dir/App/app/menu.c.obj
LOAD CMakeFiles/n7six.ApeX-k1.v7.6.5.dir/App/app/scanner.c.obj
LOAD CMakeFiles/n7six.ApeX-k1.v7.6.5.dir/App/audio.c.obj
LOAD CMakeFiles/n7six.ApeX-k1.v7.6.5.dir/App/bitmaps.c.obj
LOAD CMakeFiles/n7six.ApeX-k1.v7.6.5.dir/App/board.c.obj
LOAD CMakeFiles/n7six.ApeX-k1.v7.6.5.dir/App/dcs.c.obj
LOAD CMakeFiles/n7six.ApeX-k1.v7.6.5.dir/App/font.c.obj
LOAD CMakeFiles/n7six.ApeX-k1.v7.6.5.dir/App/frequencies.c.obj
LOAD CMakeFiles/n7six.ApeX-k1.v7.6.5.dir/App/functions.c.obj
LOAD CMakeFiles/n7six.ApeX-k1.v7.6.5.dir/App/helper/battery.c.obj
LOAD CMakeFiles/n7six.ApeX-k1.v7.6.5.dir/App/helper/boot.c.obj
LOAD CMakeFiles/n7six.ApeX-k1.v7.6.5.dir/App/misc.c.obj
LOAD CMakeFiles/n7six.ApeX-k1.v7.6.5.dir/App/radio.c.obj
LOAD CMakeFiles/n7six.ApeX-k1.v7.6.5.dir/App/scheduler.c.obj
LOAD CMakeFiles/n7six.ApeX-k1.v7.6.5.dir/App/settings.c.obj
LOAD CMakeFiles/n7six.ApeX-k1.v7.6.5.dir/App/ui/battery.c.obj
LOAD CMakeFiles/n7six.ApeX-k1.v7.6.5.dir/App/ui/helper.c.obj
LOAD CMakeFiles/n7six.ApeX-k1.v7.6.5.dir/App/ui/inputbox.c.obj
LOAD CMakeFiles/n7six.ApeX-k1.v7.6.5.dir/App/ui/main.c.obj
LOAD CMakeFiles/n7six.ApeX-k1.v7.6.5.dir/App/ui/menu.c.obj
LOAD CMakeFiles/n7six.ApeX-k1.v7.6.5.dir/App/ui/scanner.c.obj
LOAD CMakeFiles/n7six.ApeX-k1.v7.6.5.dir/App/ui/status.c.obj
LOAD CMakeFiles/n7six.ApeX-k1.v7.6.5.dir/App/ui/ui.c.obj
LOAD CMakeFiles/n7six.ApeX-k1.v7.6.5.dir/App/ui/welcome.c.obj
LOAD CMakeFiles/n7six.ApeX-k1.v7.6.5.dir/App/version.c.obj
LOAD CMakeFiles/n7six.ApeX-k1.v7.6.5.dir/App/main.c.obj
LOAD CMakeFiles/n7six.ApeX-k1.v7.6.5.dir/App/external/printf/printf.c.obj
LOAD CMakeFiles/n7six.ApeX-k1.v7.6.5.dir/App/driver/crc.c.obj
LOAD CMakeFiles/n7six.ApeX-k1.v7.6.5.dir/App/driver/eeprom_compat.c.obj
LOAD CMakeFiles/n7six.ApeX-k1.v7.6.5.dir/App/driver/uart.c.obj
LOAD CMakeFiles/n7six.ApeX-k1.v7.6.5.dir/App/app/uart.c.obj
LOAD CMakeFiles/n7six.ApeX-k1.v7.6.5.dir/App/driver/vcp.c.obj
LOAD CMakeFiles/n7six.ApeX-k1.v7.6.5.dir/App/usb/usbd_cdc_if.c.obj
LOAD CMakeFiles/n7six.ApeX-k1.v7.6.5.dir/App/driver/bk1080.c.obj
LOAD CMakeFiles/n7six.ApeX-k1.v7.6.5.dir/App/app/fm.c.obj
LOAD CMakeFiles/n7six.ApeX-k1.v7.6.5.dir/App/ui/fmradio.c.obj
LOAD CMakeFiles/n7six.ApeX-k1.v7.6.5.dir/App/app/aircopy.c.obj
LOAD CMakeFiles/n7six.ApeX-k1.v7.6.5.dir/App/ui/aircopy.c.obj
LOAD CMakeFiles/n7six.ApeX-k1.v7.6.5.dir/App/app/flashlight.c.obj
LOAD CMakeFiles/n7six.ApeX-k1.v7.6.5.dir/App/app/spectrum.c.obj
LOAD CMakeFiles/n7six.ApeX-k1.v7.6.5.dir/App/app/breakout.c.obj
LOAD CMakeFiles/n7six.ApeX-k1.v7.6.5.dir/App/screenshot.c.obj
LOAD CMakeFiles/n7six.ApeX-k1.v7.6.5.dir/Middlewares/CherryUSB/core/usbd_core.c.obj
LOAD CMakeFiles/n7six.ApeX-k1.v7.6.5.dir/Middlewares/CherryUSB/port/usb_dc_py32.c.obj
LOAD CMakeFiles/n7six.ApeX-k1.v7.6.5.dir/Middlewares/CherryUSB/class/cdc/usbd_cdc.c.obj
LOAD /opt/toolchain/bin/../lib/gcc/arm-none-eabi/13.3.1/../../../../arm-none-eabi/lib/thumb/v6-m/nofp/libm.a
START GROUP
LOAD /opt/toolchain/bin/../lib/gcc/arm-none-eabi/13.3.1/thumb/v6-m/nofp/libgcc.a
LOAD /opt/toolchain/bin/../lib/gcc/arm-none-eabi/13.3.1/../../../../arm-none-eabi/lib/thumb/v6-m/nofp/libg_nano.a
LOAD /opt/toolchain/bin/../lib/gcc/arm-none-eabi/13.3.1/../../../../arm-none-eabi/lib/thumb/v6-m/nofp/libc_nano.a
END GROUP
START GROUP
LOAD /opt/toolchain/bin/../lib/gcc/arm-none-eabi/13.3.1/thumb/v6-m/nofp/libgcc.a
LOAD /opt/toolchain/bin/../lib/gcc/arm-none-eabi/13.3.1/../../../../arm-none-eabi/lib/thumb/v6-m/nofp/libc_nano.a
END GROUP
LOAD /opt/toolchain/bin/../lib/gcc/arm-none-eabi/13.3.1/thumb/v6-m/nofp/crtend.o
LOAD /opt/toolchain/bin/../lib/gcc/arm-none-eabi/13.3.1/thumb/v6-m/nofp/crtn.o
                0x20004000                        _estack = (ORIGIN (RAM) + LENGTH (RAM))
                0x00000200                        _Min_Heap_Size = 0x200
                0x00000400                        _Min_Stack_Size = 0x400

.isr_vector     0x08002800       0xc0
                0x08002800                        . = ALIGN (0x4)
 *(.isr_vector)
 .isr_vector    0x08002800       0xc0 CMakeFiles/n7six.ApeX-k1.v7.6.5.dir/Core/startup_py32f071xx.s.obj
                0x08002800                g_pfnVectors
                0x080028c0                        . = ALIGN (0x4)

.text           0x080028c0    0x12718
                0x080028c0                        . = ALIGN (0x4)
 *(.text)
 .text          0x080028c0       0x14 /opt/toolchain/bin/../lib/gcc/arm-none-eabi/13.3.1/thumb/v6-m/nofp/libgcc.a(_thumb1_case_sqi.o)
                0x080028c0                __gnu_thumb1_case_sqi
 .text          0x080028d4       0x14 /opt/toolchain/bin/../lib/gcc/arm-none-eabi/13.3.1/thumb/v6-m/nofp/libgcc.a(_thumb1_case_uqi.o)
                0x080028d4                __gnu_thumb1_case_uqi
 .text          0x080028e8       0x14 /opt/toolchain/bin/../lib/gcc/arm-none-eabi/13.3.1/thumb/v6-m/nofp/libgcc.a(_thumb1_case_shi.o)
                0x080028e8                __gnu_thumb1_case_shi
 .text          0x080028fc       0x14 /opt/toolchain/bin/../lib/gcc/arm-none-eabi/13.3.1/thumb/v6-m/nofp/libgcc.a(_thumb1_case_uhi.o)
                0x080028fc                __gnu_thumb1_case_uhi
 .text          0x08002910      0x114 /opt/toolchain/bin/../lib/gcc/arm-none-eabi/13.3.1/thumb/v6-m/nofp/libgcc.a(_udivsi3.o)
                0x08002910                __udivsi3
                0x08002910                __aeabi_uidiv
                0x08002a1c                __aeabi_uidivmod
 .text          0x08002a24      0x1d4 /opt/toolchain/bin/../lib/gcc/arm-none-eabi/13.3.1/thumb/v6-m/nofp/libgcc.a(_divsi3.o)
                0x08002a24                __aeabi_idiv
                0x08002a24                __divsi3
                0x08002bf0                __aeabi_idivmod
 .text          0x08002bf8        0x4 /opt/toolchain/bin/../lib/gcc/arm-none-eabi/13.3.1/thumb/v6-m/nofp/libgcc.a(_dvmd_tls.o)
                0x08002bf8                __aeabi_ldiv0
                0x08002bf8                __aeabi_idiv0
 .text          0x08002bfc       0x3c /opt/toolchain/bin/../lib/gcc/arm-none-eabi/13.3.1/thumb/v6-m/nofp/libgcc.a(_clzsi2.o)
                0x08002bfc                __clzsi2
 .text          0x08002c38        0xe /opt/toolchain/bin/../lib/gcc/arm-none-eabi/13.3.1/../../../../arm-none-eabi/lib/thumb/v6-m/nofp/libg_nano.a(libc_a-strlen.o)
                0x08002c38                strlen
 *(.text*)
 *fill*         0x08002c46        0x2 
 .text.deregister_tm_clones
                0x08002c48       0x20 /opt/toolchain/bin/../lib/gcc/arm-none-eabi/13.3.1/thumb/v6-m/nofp/crtbegin.o
 .text.register_tm_clones
                0x08002c68       0x28 /opt/toolchain/bin/../lib/gcc/arm-none-eabi/13.3.1/thumb/v6-m/nofp/crtbegin.o
 .text.__do_global_dtors_aux
                0x08002c90       0x2c /opt/toolchain/bin/../lib/gcc/arm-none-eabi/13.3.1/thumb/v6-m/nofp/crtbegin.o
 .text.frame_dummy
                0x08002cbc       0x24 /opt/toolchain/bin/../lib/gcc/arm-none-eabi/13.3.1/thumb/v6-m/nofp/crtbegin.o
 .text.startup.main
                0x08002ce0       0x3c CMakeFiles/n7six.ApeX-k1.v7.6.5.dir/Core/Src/main.c.obj
                0x08002ce0                main
 .text.NMI_Handler
                0x08002d1c        0x2 CMakeFiles/n7six.ApeX-k1.v7.6.5.dir/Core/Src/py32f071_it.c.obj
                0x08002d1c                NMI_Handler
 .text.HardFault_Handler
                0x08002d1e        0x2 CMakeFiles/n7six.ApeX-k1.v7.6.5.dir/Core/Src/py32f071_it.c.obj
                0x08002d1e                HardFault_Handler
 .text.SVC_Handler
                0x08002d20        0x2 CMakeFiles/n7six.ApeX-k1.v7.6.5.dir/Core/Src/py32f071_it.c.obj
                0x08002d20                SVC_Handler
 .text.PendSV_Handler
                0x08002d22        0x2 CMakeFiles/n7six.ApeX-k1.v7.6.5.dir/Core/Src/py32f071_it.c.obj
                0x08002d22                PendSV_Handler
 .text.SystemInit
                0x08002d24       0x10 CMakeFiles/n7six.ApeX-k1.v7.6.5.dir/Core/Src/system_py32f071.c.obj
                0x08002d24                SystemInit
 .text.Reset_Handler
                0x08002d34       0x50 CMakeFiles/n7six.ApeX-k1.v7.6.5.dir/Core/startup_py32f071xx.s.obj
                0x08002d34                Reset_Handler
 .text.Default_Handler
                0x08002d84        0x2 CMakeFiles/n7six.ApeX-k1.v7.6.5.dir/Core/startup_py32f071xx.s.obj
                0x08002d84                TIM1_CC_IRQHandler
                0x08002d84                PVD_IRQHandler
                0x08002d84                I2C1_IRQHandler
                0x08002d84                SPI1_IRQHandler
                0x08002d84                EXTI2_3_IRQHandler
                0x08002d84                I2C2_IRQHandler
                0x08002d84                TIM17_IRQHandler
                0x08002d84                USART3_IRQHandler
                0x08002d84                RTC_IRQHandler
                0x08002d84                LCD_IRQHandler
                0x08002d84                TIM16_IRQHandler
                0x08002d84                TIM3_IRQHandler
                0x08002d84                EXTI4_15_IRQHandler
                0x08002d84                RCC_IRQHandler
                0x08002d84                DMA1_Channel1_IRQHandler
                0x08002d84                Default_Handler
                0x08002d84                TIM14_IRQHandler
                0x08002d84                TIM7_IRQHandler
                0x08002d84                TIM15_IRQHandler
                0x08002d84                EXTI0_1_IRQHandler
                0x08002d84                SPI2_IRQHandler
                0x08002d84                WWDG_IRQHandler
                0x08002d84                TIM2_IRQHandler
                0x08002d84                DMA1_Channel2_3_IRQHandler
                0x08002d84                ADC_COMP_IRQHandler
                0x08002d84                USART2_IRQHandler
                0x08002d84                TIM6_LPTIM1_DAC_IRQHandler
                0x08002d84                FLASH_IRQHandler
                0x08002d84                USART1_IRQHandler
                0x08002d84                TIM1_BRK_UP_TRG_COM_IRQHandler
 *fill*         0x08002d86        0x2 
 .text.RCC_GetHCLKClockFreq
                0x08002d88       0x20 CMakeFiles/n7six.ApeX-k1.v7.6.5.dir/Drivers/PY32F071_HAL_Driver/Src/py32f071_ll_rcc.c.obj
                0x08002d88                RCC_GetHCLKClockFreq
 .text.RCC_GetPCLK1ClockFreq
                0x08002da8       0x20 CMakeFiles/n7six.ApeX-k1.v7.6.5.dir/Drivers/PY32F071_HAL_Driver/Src/py32f071_ll_rcc.c.obj
                0x08002da8                RCC_GetPCLK1ClockFreq
 .text.RCC_PLL_GetFreqDomain_SYS
                0x08002dc8       0x38 CMakeFiles/n7six.ApeX-k1.v7.6.5.dir/Drivers/PY32F071_HAL_Driver/Src/py32f071_ll_rcc.c.obj
                0x08002dc8                RCC_PLL_GetFreqDomain_SYS
 .text.RCC_GetSystemClockFreq
                0x08002e00       0x50 CMakeFiles/n7six.ApeX-k1.v7.6.5.dir/Drivers/PY32F071_HAL_Driver/Src/py32f071_ll_rcc.c.obj
                0x08002e00                RCC_GetSystemClockFreq
 .text.LL_RCC_GetSystemClocksFreq
                0x08002e50       0x18 CMakeFiles/n7six.ApeX-k1.v7.6.5.dir/Drivers/PY32F071_HAL_Driver/Src/py32f071_ll_rcc.c.obj
                0x08002e50                LL_RCC_GetSystemClocksFreq
 .text.LL_DMA_Init
                0x08002e68       0x4c CMakeFiles/n7six.ApeX-k1.v7.6.5.dir/Drivers/PY32F071_HAL_Driver/Src/py32f071_ll_dma.c.obj
                0x08002e68                LL_DMA_Init
 .text.LL_DMA_StructInit
                0x08002eb4       0x18 CMakeFiles/n7six.ApeX-k1.v7.6.5.dir/Drivers/PY32F071_HAL_Driver/Src/py32f071_ll_dma.c.obj
                0x08002eb4                LL_DMA_StructInit
 .text.LL_GPIO_Init
                0x08002ecc       0xa4 CMakeFiles/n7six.ApeX-k1.v7.6.5.dir/Drivers/PY32F071_HAL_Driver/Src/py32f071_ll_gpio.c.obj
                0x08002ecc                LL_GPIO_Init
 .text.LL_GPIO_StructInit
                0x08002f70       0x18 CMakeFiles/n7six.ApeX-k1.v7.6.5.dir/Drivers/PY32F071_HAL_Driver/Src/py32f071_ll_gpio.c.obj
                0x08002f70                LL_GPIO_StructInit
 .text.LL_SetSystemCoreClock
                0x08002f88        0xc CMakeFiles/n7six.ApeX-k1.v7.6.5.dir/Drivers/PY32F071_HAL_Driver/Src/py32f071_ll_utils.c.obj
                0x08002f88                LL_SetSystemCoreClock
 .text.LL_SPI_Init
                0x08002f94       0x68 CMakeFiles/n7six.ApeX-k1.v7.6.5.dir/Drivers/PY32F071_HAL_Driver/Src/py32f071_ll_spi.c.obj
                0x08002f94                LL_SPI_Init
 .text.LL_SPI_StructInit
                0x08002ffc       0x1a CMakeFiles/n7six.ApeX-k1.v7.6.5.dir/Drivers/PY32F071_HAL_Driver/Src/py32f071_ll_spi.c.obj
                0x08002ffc                LL_SPI_StructInit
 *fill*         0x08003016        0x2 
 .text.LL_USART_Init
                0x08003018       0xe4 CMakeFiles/n7six.ApeX-k1.v7.6.5.dir/Drivers/PY32F071_HAL_Driver/Src/py32f071_ll_usart.c.obj
                0x08003018                LL_USART_Init
 .text.LL_USART_StructInit
                0x080030fc       0x18 CMakeFiles/n7six.ApeX-k1.v7.6.5.dir/Drivers/PY32F071_HAL_Driver/Src/py32f071_ll_usart.c.obj
                0x080030fc                LL_USART_StructInit
 .text.BACKLIGHT_Sound
                0x08003114       0x28 CMakeFiles/n7six.ApeX-k1.v7.6.5.dir/App/driver/backlight.c.obj
 .text.BACKLIGHT_InitHardware
                0x0800313c       0xc4 CMakeFiles/n7six.ApeX-k1.v7.6.5.dir/App/driver/backlight.c.obj
                0x0800313c                BACKLIGHT_InitHardware
 .text.BACKLIGHT_IsOn
                0x08003200        0xc CMakeFiles/n7six.ApeX-k1.v7.6.5.dir/App/driver/backlight.c.obj
                0x08003200                BACKLIGHT_IsOn
 .text.BACKLIGHT_SetBrightness
                0x0800320c       0xbc CMakeFiles/n7six.ApeX-k1.v7.6.5.dir/App/driver/backlight.c.obj
                0x0800320c                BACKLIGHT_SetBrightness
 .text.BACKLIGHT_TurnOff
                0x080032c8       0x24 CMakeFiles/n7six.ApeX-k1.v7.6.5.dir/App/driver/backlight.c.obj
                0x080032c8                BACKLIGHT_TurnOff
 .text.BACKLIGHT_TurnOn
                0x080032ec       0x8c CMakeFiles/n7six.ApeX-k1.v7.6.5.dir/App/driver/backlight.c.obj
                0x080032ec                BACKLIGHT_TurnOn
 .text.BK4819_WriteU8
                0x08003378       0x54 CMakeFiles/n7six.ApeX-k1.v7.6.5.dir/App/driver/bk4829.c.obj
                0x08003378                BK4819_WriteU8
 .text.BK4819_ReadRegister
                0x080033cc       0x98 CMakeFiles/n7six.ApeX-k1.v7.6.5.dir/App/driver/bk4829.c.obj
                0x080033cc                BK4819_ReadRegister
 .text.BK4819_WriteU16
                0x08003464       0x54 CMakeFiles/n7six.ApeX-k1.v7.6.5.dir/App/driver/bk4829.c.obj
                0x08003464                BK4819_WriteU16
 .text.BK4819_WriteRegister
                0x080034b8       0x4c CMakeFiles/n7six.ApeX-k1.v7.6.5.dir/App/driver/bk4829.c.obj
                0x080034b8                BK4819_WriteRegister
 .text.BK4819_Init
                0x08003504      0x1d0 CMakeFiles/n7six.ApeX-k1.v7.6.5.dir/App/driver/bk4829.c.obj
                0x08003504                BK4819_Init
 .text.BK4819_SetAGC
                0x080036d4       0x30 CMakeFiles/n7six.ApeX-k1.v7.6.5.dir/App/driver/bk4829.c.obj
                0x080036d4                BK4819_SetAGC
 .text.BK4819_InitAGC
                0x08003704       0x64 CMakeFiles/n7six.ApeX-k1.v7.6.5.dir/App/driver/bk4829.c.obj
                0x08003704                BK4819_InitAGC
 .text.BK4819_ToggleGpioOut
                0x08003768       0x2c CMakeFiles/n7six.ApeX-k1.v7.6.5.dir/App/driver/bk4829.c.obj
                0x08003768                BK4819_ToggleGpioOut
 .text.BK4819_SetCDCSSCodeWord
                0x08003794       0x38 CMakeFiles/n7six.ApeX-k1.v7.6.5.dir/App/driver/bk4829.c.obj
                0x08003794                BK4819_SetCDCSSCodeWord
 .text.BK4819_SetCTCSSFrequency
                0x080037cc       0x48 CMakeFiles/n7six.ApeX-k1.v7.6.5.dir/App/driver/bk4829.c.obj
                0x080037cc                BK4819_SetCTCSSFrequency
 .text.BK4819_SetTailDetection
                0x08003814       0x24 CMakeFiles/n7six.ApeX-k1.v7.6.5.dir/App/driver/bk4829.c.obj
                0x08003814                BK4819_SetTailDetection
 .text.BK4819_EnableVox
                0x08003838       0x48 CMakeFiles/n7six.ApeX-k1.v7.6.5.dir/App/driver/bk4829.c.obj
                0x08003838                BK4819_EnableVox
 .text.BK4819_SetFilterBandwidth
                0x08003880       0x1c CMakeFiles/n7six.ApeX-k1.v7.6.5.dir/App/driver/bk4829.c.obj
                0x08003880                BK4819_SetFilterBandwidth
 .text.BK4819_SetupPowerAmplifier
                0x0800389c       0x20 CMakeFiles/n7six.ApeX-k1.v7.6.5.dir/App/driver/bk4829.c.obj
                0x0800389c                BK4819_SetupPowerAmplifier
 .text.BK4819_SetFrequency
                0x080038bc       0x16 CMakeFiles/n7six.ApeX-k1.v7.6.5.dir/App/driver/bk4829.c.obj
                0x080038bc                BK4819_SetFrequency
 *fill*         0x080038d2        0x2 
 .text.BK4819_SetAF
                0x080038d4       0x14 CMakeFiles/n7six.ApeX-k1.v7.6.5.dir/App/driver/bk4829.c.obj
                0x080038d4                BK4819_SetAF
 .text.BK4819_SetRegValue
                0x080038e8       0x2e CMakeFiles/n7six.ApeX-k1.v7.6.5.dir/App/driver/bk4829.c.obj
                0x080038e8                BK4819_SetRegValue
 *fill*         0x08003916        0x2 
 .text.BK4819_RX_TurnOn
                0x08003918       0x24 CMakeFiles/n7six.ApeX-k1.v7.6.5.dir/App/driver/bk4829.c.obj
                0x08003918                BK4819_RX_TurnOn
 .text.BK4819_SetupSquelch
                0x0800393c       0x56 CMakeFiles/n7six.ApeX-k1.v7.6.5.dir/App/driver/bk4829.c.obj
                0x0800393c                BK4819_SetupSquelch
 *fill*         0x08003992        0x2 
 .text.BK4819_PickRXFilterPathBasedOnFrequency
                0x08003994       0x30 CMakeFiles/n7six.ApeX-k1.v7.6.5.dir/App/driver/bk4829.c.obj
                0x08003994                BK4819_PickRXFilterPathBasedOnFrequency
 .text.BK4819_DisableScramble
                0x080039c4       0x1e CMakeFiles/n7six.ApeX-k1.v7.6.5.dir/App/driver/bk4829.c.obj
                0x080039c4                BK4819_DisableScramble
 *fill*         0x080039e2        0x2 
 .text.BK4819_SetCompander
                0x080039e4       0x54 CMakeFiles/n7six.ApeX-k1.v7.6.5.dir/App/driver/bk4829.c.obj
                0x080039e4                BK4819_SetCompander
 .text.BK4819_DisableVox
                0x08003a38       0x16 CMakeFiles/n7six.ApeX-k1.v7.6.5.dir/App/driver/bk4829.c.obj
                0x08003a38                BK4819_DisableVox
 .text.BK4819_DisableDTMF
                0x08003a4e        0xc CMakeFiles/n7six.ApeX-k1.v7.6.5.dir/App/driver/bk4829.c.obj
                0x08003a4e                BK4819_DisableDTMF
 *fill*         0x08003a5a        0x2 
 .text.BK4819_EnableDTMF
                0x08003a5c       0x1c CMakeFiles/n7six.ApeX-k1.v7.6.5.dir/App/driver/bk4829.c.obj
                0x08003a5c                BK4819_EnableDTMF
 .text.BK4819_EnterTxMute
                0x08003a78       0x10 CMakeFiles/n7six.ApeX-k1.v7.6.5.dir/App/driver/bk4829.c.obj
                0x08003a78                BK4819_EnterTxMute
 .text.BK4819_PlayTone
                0x08003a88       0x58 CMakeFiles/n7six.ApeX-k1.v7.6.5.dir/App/driver/bk4829.c.obj
                0x08003a88                BK4819_PlayTone
 .text.BK4819_ExitTxMute
                0x08003ae0       0x10 CMakeFiles/n7six.ApeX-k1.v7.6.5.dir/App/driver/bk4829.c.obj
                0x08003ae0                BK4819_ExitTxMute
 .text.BK4819_Sleep
                0x08003af0       0x16 CMakeFiles/n7six.ApeX-k1.v7.6.5.dir/App/driver/bk4829.c.obj
                0x08003af0                BK4819_Sleep
 *fill*         0x08003b06        0x2 
 .text.BK4819_TurnsOffTones_TurnsOnRX
                0x08003b08       0x2c CMakeFiles/n7six.ApeX-k1.v7.6.5.dir/App/driver/bk4829.c.obj
                0x08003b08                BK4819_TurnsOffTones_TurnsOnRX
 .text.BK4819_SetupAircopy
                0x08003b34       0x44 CMakeFiles/n7six.ApeX-k1.v7.6.5.dir/App/driver/bk4829.c.obj
                0x08003b34                BK4819_SetupAircopy
 .text.BK4819_Idle
                0x08003b78        0xc CMakeFiles/n7six.ApeX-k1.v7.6.5.dir/App/driver/bk4829.c.obj
                0x08003b78                BK4819_Idle
 .text.BK4819_ResetFSK
                0x08003b84       0x1e CMakeFiles/n7six.ApeX-k1.v7.6.5.dir/App/driver/bk4829.c.obj
                0x08003b84                BK4819_ResetFSK
 .text.BK4819_ExitBypass
                0x08003ba2       0x20 CMakeFiles/n7six.ApeX-k1.v7.6.5.dir/App/driver/bk4829.c.obj
                0x08003ba2                BK4819_ExitBypass
 *fill*         0x08003bc2        0x2 
 .text.BK4819_TxOn_Beep
                0x08003bc4       0x38 CMakeFiles/n7six.ApeX-k1.v7.6.5.dir/App/driver/bk4829.c.obj
                0x08003bc4                BK4819_TxOn_Beep
 .text.BK4819_PrepareTransmit
                0x08003bfc       0x10 CMakeFiles/n7six.ApeX-k1.v7.6.5.dir/App/driver/bk4829.c.obj
                0x08003bfc                BK4819_PrepareTransmit
 .text.BK4819_ExitSubAu
                0x08003c0c        0xc CMakeFiles/n7six.ApeX-k1.v7.6.5.dir/App/driver/bk4829.c.obj
                0x08003c0c                BK4819_ExitSubAu
 .text.BK4819_Conditional_RX_TurnOn_and_GPIO6_Enable
                0x08003c18       0x1c CMakeFiles/n7six.ApeX-k1.v7.6.5.dir/App/driver/bk4829.c.obj
                0x08003c18                BK4819_Conditional_RX_TurnOn_and_GPIO6_Enable
 .text.BK4819_ExitDTMF_TX
                0x08003c34       0x30 CMakeFiles/n7six.ApeX-k1.v7.6.5.dir/App/driver/bk4829.c.obj
                0x08003c34                BK4819_ExitDTMF_TX
 .text.BK4819_EnableTXLink
                0x08003c64       0x10 CMakeFiles/n7six.ApeX-k1.v7.6.5.dir/App/driver/bk4829.c.obj
                0x08003c64                BK4819_EnableTXLink
 .text.BK4819_PlaySingleTone
                0x08003c74       0x94 CMakeFiles/n7six.ApeX-k1.v7.6.5.dir/App/driver/bk4829.c.obj
                0x08003c74                BK4819_PlaySingleTone
 .text.BK4819_EnterDTMF_TX
                0x08003d08       0x2c CMakeFiles/n7six.ApeX-k1.v7.6.5.dir/App/driver/bk4829.c.obj
                0x08003d08                BK4819_EnterDTMF_TX
 .text.BK4819_PlayDTMF
                0x08003d34       0x7c CMakeFiles/n7six.ApeX-k1.v7.6.5.dir/App/driver/bk4829.c.obj
                0x08003d34                BK4819_PlayDTMF
 .text.BK4819_PlayDTMFString
                0x08003db0       0x5a CMakeFiles/n7six.ApeX-k1.v7.6.5.dir/App/driver/bk4829.c.obj
                0x08003db0                BK4819_PlayDTMFString
 *fill*         0x08003e0a        0x2 
 .text.BK4819_TransmitTone
                0x08003e0c       0x48 CMakeFiles/n7six.ApeX-k1.v7.6.5.dir/App/driver/bk4829.c.obj
                0x08003e0c                BK4819_TransmitTone
 .text.BK4819_GenTail
                0x08003e54       0x40 CMakeFiles/n7six.ApeX-k1.v7.6.5.dir/App/driver/bk4829.c.obj
                0x08003e54                BK4819_GenTail
 .text.BK4819_PlayCDCSSTail
                0x08003e94       0x18 CMakeFiles/n7six.ApeX-k1.v7.6.5.dir/App/driver/bk4829.c.obj
                0x08003e94                BK4819_PlayCDCSSTail
 .text.BK4819_PlayCTCSSTail
                0x08003eac       0x18 CMakeFiles/n7six.ApeX-k1.v7.6.5.dir/App/driver/bk4829.c.obj
                0x08003eac                BK4819_PlayCTCSSTail
 .text.BK4819_GetRSSI
                0x08003ec4        0xe CMakeFiles/n7six.ApeX-k1.v7.6.5.dir/App/driver/bk4829.c.obj
                0x08003ec4                BK4819_GetRSSI
 .text.BK4819_GetRSSI_dBm
                0x08003ed2        0xe CMakeFiles/n7six.ApeX-k1.v7.6.5.dir/App/driver/bk4829.c.obj
                0x08003ed2                BK4819_GetRSSI_dBm
 .text.BK4819_GetVoiceAmplitudeOut
                0x08003ee0        0xa CMakeFiles/n7six.ApeX-k1.v7.6.5.dir/App/driver/bk4829.c.obj
                0x08003ee0                BK4819_GetVoiceAmplitudeOut
 *fill*         0x08003eea        0x2 
 .text.BK4819_GetFrequencyScanResult
                0x08003eec       0x30 CMakeFiles/n7six.ApeX-k1.v7.6.5.dir/App/driver/bk4829.c.obj
                0x08003eec                BK4819_GetFrequencyScanResult
 .text.BK4819_GetCxCSSScanResult
                0x08003f1c       0x58 CMakeFiles/n7six.ApeX-k1.v7.6.5.dir/App/driver/bk4829.c.obj
                0x08003f1c                BK4819_GetCxCSSScanResult
 .text.BK4819_DisableFrequencyScan
                0x08003f74        0xe CMakeFiles/n7six.ApeX-k1.v7.6.5.dir/App/driver/bk4829.c.obj
                0x08003f74                BK4819_DisableFrequencyScan
 *fill*         0x08003f82        0x2 
 .text.BK4819_EnableFrequencyScan
                0x08003f84       0x10 CMakeFiles/n7six.ApeX-k1.v7.6.5.dir/App/driver/bk4829.c.obj
                0x08003f84                BK4819_EnableFrequencyScan
 .text.BK4819_SetScanFrequency
                0x08003f94       0x16 CMakeFiles/n7six.ApeX-k1.v7.6.5.dir/App/driver/bk4829.c.obj
                0x08003f94                BK4819_SetScanFrequency
 .text.BK4819_Disable
                0x08003faa        0x8 CMakeFiles/n7six.ApeX-k1.v7.6.5.dir/App/driver/bk4829.c.obj
                0x08003faa                BK4819_Disable
 .text.BK4819_StopScan
                0x08003fb2        0xc CMakeFiles/n7six.ApeX-k1.v7.6.5.dir/App/driver/bk4829.c.obj
                0x08003fb2                BK4819_StopScan
 .text.BK4819_GetDTMF_5TONE_Code
                0x08003fbe        0xe CMakeFiles/n7six.ApeX-k1.v7.6.5.dir/App/driver/bk4829.c.obj
                0x08003fbe                BK4819_GetDTMF_5TONE_Code
 .text.BK4819_GetCDCSSCodeType
                0x08003fcc        0xe CMakeFiles/n7six.ApeX-k1.v7.6.5.dir/App/driver/bk4829.c.obj
                0x08003fcc                BK4819_GetCDCSSCodeType
 .text.BK4819_GetCTCType
                0x08003fda        0xe CMakeFiles/n7six.ApeX-k1.v7.6.5.dir/App/driver/bk4829.c.obj
                0x08003fda                BK4819_GetCTCType
 .text.BK4819_SendFSKData
                0x08003fe8       0x7c CMakeFiles/n7six.ApeX-k1.v7.6.5.dir/App/driver/bk4829.c.obj
                0x08003fe8                BK4819_SendFSKData
 .text.BK4819_PrepareFSKReceive
                0x08004064       0x40 CMakeFiles/n7six.ApeX-k1.v7.6.5.dir/App/driver/bk4829.c.obj
                0x08004064                BK4819_PrepareFSKReceive
 .text.BK4819_PlayRogerMDC
                0x080040a4       0x78 CMakeFiles/n7six.ApeX-k1.v7.6.5.dir/App/driver/bk4829.c.obj
                0x080040a4                BK4819_PlayRogerMDC
 .text.BK4819_PlayRoger
                0x0800411c       0x80 CMakeFiles/n7six.ApeX-k1.v7.6.5.dir/App/driver/bk4829.c.obj
                0x0800411c                BK4819_PlayRoger
 .text.BK4819_PlayDTMFEx
                0x0800419c       0x3c CMakeFiles/n7six.ApeX-k1.v7.6.5.dir/App/driver/bk4829.c.obj
                0x0800419c                BK4819_PlayDTMFEx
 .text.SPI_WriteByte
                0x080041d8       0x20 CMakeFiles/n7six.ApeX-k1.v7.6.5.dir/App/driver/py25q16.c.obj
 .text.WriteAddr
                0x080041f8       0x1c CMakeFiles/n7six.ApeX-k1.v7.6.5.dir/App/driver/py25q16.c.obj
 .text.WaitWIP  0x08004214       0x30 CMakeFiles/n7six.ApeX-k1.v7.6.5.dir/App/driver/py25q16.c.obj
 .text.SectorErase
                0x08004244       0x2e CMakeFiles/n7six.ApeX-k1.v7.6.5.dir/App/driver/py25q16.c.obj
 *fill*         0x08004272        0x2 
 .text.SectorProgram
                0x08004274      0x12c CMakeFiles/n7six.ApeX-k1.v7.6.5.dir/App/driver/py25q16.c.obj
 .text.PY25Q16_Init
                0x080043a0       0xf0 CMakeFiles/n7six.ApeX-k1.v7.6.5.dir/App/driver/py25q16.c.obj
                0x080043a0                PY25Q16_Init
 .text.PY25Q16_ReadBuffer
                0x08004490       0xf4 CMakeFiles/n7six.ApeX-k1.v7.6.5.dir/App/driver/py25q16.c.obj
                0x08004490                PY25Q16_ReadBuffer
 .text.PY25Q16_WriteBuffer
                0x08004584       0xdc CMakeFiles/n7six.ApeX-k1.v7.6.5.dir/App/driver/py25q16.c.obj
                0x08004584                PY25Q16_WriteBuffer
 .text.PY25Q16_SectorErase
                0x08004660       0x2c CMakeFiles/n7six.ApeX-k1.v7.6.5.dir/App/driver/py25q16.c.obj
                0x08004660                PY25Q16_SectorErase
 .text.DMA1_Channel4_5_6_7_IRQHandler
                0x0800468c       0x64 CMakeFiles/n7six.ApeX-k1.v7.6.5.dir/App/driver/py25q16.c.obj
                0x0800468c                DMA1_Channel4_5_6_7_IRQHandler
 .text.I2C_Start
                0x080046f0       0x30 CMakeFiles/n7six.ApeX-k1.v7.6.5.dir/App/driver/i2c.c.obj
                0x080046f0                I2C_Start
 .text.I2C_Stop
                0x08004720       0x30 CMakeFiles/n7six.ApeX-k1.v7.6.5.dir/App/driver/i2c.c.obj
                0x08004720                I2C_Stop
 .text.I2C_Read
                0x08004750       0x98 CMakeFiles/n7six.ApeX-k1.v7.6.5.dir/App/driver/i2c.c.obj
                0x08004750                I2C_Read
 .text.I2C_Write
                0x080047e8       0xa4 CMakeFiles/n7six.ApeX-k1.v7.6.5.dir/App/driver/i2c.c.obj
                0x080047e8                I2C_Write
 .text.I2C_ReadBuffer
                0x0800488c       0x3e CMakeFiles/n7six.ApeX-k1.v7.6.5.dir/App/driver/i2c.c.obj
                0x0800488c                I2C_ReadBuffer
 .text.I2C_WriteBuffer
                0x080048ca       0x20 CMakeFiles/n7six.ApeX-k1.v7.6.5.dir/App/driver/i2c.c.obj
                0x080048ca                I2C_WriteBuffer
 *fill*         0x080048ea        0x2 
 .text.KEYBOARD_Poll
                0x080048ec       0x8c CMakeFiles/n7six.ApeX-k1.v7.6.5.dir/App/driver/keyboard.c.obj
                0x080048ec                KEYBOARD_Poll
 .text.SPI_WriteByte.isra.0
                0x08004978       0x1c CMakeFiles/n7six.ApeX-k1.v7.6.5.dir/App/driver/st7565.c.obj
 .text.map      0x08004994       0x1c CMakeFiles/n7six.ApeX-k1.v7.6.5.dir/App/driver/st7565.c.obj
                0x08004994                map
 .text.ST7565_Gauge
                0x080049b0       0x50 CMakeFiles/n7six.ApeX-k1.v7.6.5.dir/App/driver/st7565.c.obj
                0x080049b0                ST7565_Gauge
 .text.ST7565_HardwareReset
                0x08004a00        0x2 CMakeFiles/n7six.ApeX-k1.v7.6.5.dir/App/driver/st7565.c.obj
                0x08004a00                ST7565_HardwareReset
 .text.ST7565_SelectColumnAndLine
                0x08004a02       0x28 CMakeFiles/n7six.ApeX-k1.v7.6.5.dir/App/driver/st7565.c.obj
                0x08004a02                ST7565_SelectColumnAndLine
 .text.DrawLine
                0x08004a2a       0x30 CMakeFiles/n7six.ApeX-k1.v7.6.5.dir/App/driver/st7565.c.obj
 *fill*         0x08004a5a        0x2 
 .text.ST7565_DrawLine
                0x08004a5c       0x18 CMakeFiles/n7six.ApeX-k1.v7.6.5.dir/App/driver/st7565.c.obj
                0x08004a5c                ST7565_DrawLine
 .text.ST7565_WriteByte
                0x08004a74       0x10 CMakeFiles/n7six.ApeX-k1.v7.6.5.dir/App/driver/st7565.c.obj
                0x08004a74                ST7565_WriteByte
 .text.ST7565_BlitScreen
                0x08004a84       0x5c CMakeFiles/n7six.ApeX-k1.v7.6.5.dir/App/driver/st7565.c.obj
 .text.ST7565_BlitFullScreen
                0x08004ae0        0xa CMakeFiles/n7six.ApeX-k1.v7.6.5.dir/App/driver/st7565.c.obj
                0x08004ae0                ST7565_BlitFullScreen
 .text.ST7565_BlitLine
                0x08004aea        0xc CMakeFiles/n7six.ApeX-k1.v7.6.5.dir/App/driver/st7565.c.obj
                0x08004aea                ST7565_BlitLine
 .text.ST7565_BlitStatusLine
                0x08004af6        0xa CMakeFiles/n7six.ApeX-k1.v7.6.5.dir/App/driver/st7565.c.obj
                0x08004af6                ST7565_BlitStatusLine
 .text.ST7565_FillScreen
                0x08004b00       0x54 CMakeFiles/n7six.ApeX-k1.v7.6.5.dir/App/driver/st7565.c.obj
                0x08004b00                ST7565_FillScreen
 .text.ST7565_Cmd
                0x08004b54       0x34 CMakeFiles/n7six.ApeX-k1.v7.6.5.dir/App/driver/st7565.c.obj
 .text.ST7565_FixInterfGlitch
                0x08004b88       0x24 CMakeFiles/n7six.ApeX-k1.v7.6.5.dir/App/driver/st7565.c.obj
                0x08004b88                ST7565_FixInterfGlitch
 .text.ST7565_ContrastAndInv
                0x08004bac       0x28 CMakeFiles/n7six.ApeX-k1.v7.6.5.dir/App/driver/st7565.c.obj
                0x08004bac                ST7565_ContrastAndInv
 .text.ST7565_Init
                0x08004bd4      0x10c CMakeFiles/n7six.ApeX-k1.v7.6.5.dir/App/driver/st7565.c.obj
                0x08004bd4                ST7565_Init
 .text.ST7565_ShutDown
                0x08004ce0       0x24 CMakeFiles/n7six.ApeX-k1.v7.6.5.dir/App/driver/st7565.c.obj
                0x08004ce0                ST7565_ShutDown
 .text.SYSTEM_DelayMs
                0x08004d04        0xe CMakeFiles/n7six.ApeX-k1.v7.6.5.dir/App/driver/system.c.obj
                0x08004d04                SYSTEM_DelayMs
 *fill*         0x08004d12        0x2 
 .text.SYSTICK_Init
                0x08004d14       0x40 CMakeFiles/n7six.ApeX-k1.v7.6.5.dir/App/driver/systick.c.obj
                0x08004d14                SYSTICK_Init
 .text.SYSTICK_DelayUs
                0x08004d54       0x34 CMakeFiles/n7six.ApeX-k1.v7.6.5.dir/App/driver/systick.c.obj
                0x08004d54                SYSTICK_DelayUs
 .text.ACTION_Power
                0x08004d88       0x34 CMakeFiles/n7six.ApeX-k1.v7.6.5.dir/App/app/action.c.obj
                0x08004d88                ACTION_Power
 .text.ACTION_SwitchDemodul
                0x08004dbc       0x24 CMakeFiles/n7six.ApeX-k1.v7.6.5.dir/App/app/action.c.obj
                0x08004dbc                ACTION_SwitchDemodul
 .text.ACTION_Vox
                0x08004de0       0x28 CMakeFiles/n7six.ApeX-k1.v7.6.5.dir/App/app/action.c.obj
                0x08004de0                ACTION_Vox
 .text.ACTION_Ptt
                0x08004e08       0x10 CMakeFiles/n7six.ApeX-k1.v7.6.5.dir/App/app/action.c.obj
                0x08004e08                ACTION_Ptt
 .text.ACTION_Power_High
                0x08004e18       0x1c CMakeFiles/n7six.ApeX-k1.v7.6.5.dir/App/app/action.c.obj
                0x08004e18                ACTION_Power_High
 .text.ACTION_Remove_Offset
                0x08004e34       0x1c CMakeFiles/n7six.ApeX-k1.v7.6.5.dir/App/app/action.c.obj
                0x08004e34                ACTION_Remove_Offset
 .text.ACTION_BackLight
                0x08004e50       0x28 CMakeFiles/n7six.ApeX-k1.v7.6.5.dir/App/app/action.c.obj
                0x08004e50                ACTION_BackLight
 .text.ACTION_Mute
                0x08004e78       0x60 CMakeFiles/n7six.ApeX-k1.v7.6.5.dir/App/app/action.c.obj
                0x08004e78                ACTION_Mute
 .text.ACTION_Monitor
                0x08004ed8       0x88 CMakeFiles/n7six.ApeX-k1.v7.6.5.dir/App/app/action.c.obj
                0x08004ed8                ACTION_Monitor
 .text.ACTION_FM
                0x08004f60       0x64 CMakeFiles/n7six.ApeX-k1.v7.6.5.dir/App/app/action.c.obj
                0x08004f60                ACTION_FM
 .text.ACTION_Wn
                0x08004fc4       0x5c CMakeFiles/n7six.ApeX-k1.v7.6.5.dir/App/app/action.c.obj
                0x08004fc4                ACTION_Wn
 .text.ACTION_1750
                0x08005020       0x48 CMakeFiles/n7six.ApeX-k1.v7.6.5.dir/App/app/action.c.obj
 .text.ACTION_Scan
                0x08005068      0x148 CMakeFiles/n7six.ApeX-k1.v7.6.5.dir/App/app/action.c.obj
                0x08005068                ACTION_Scan
 .text.ACTION_ScanRestart
                0x080051b0        0xa CMakeFiles/n7six.ApeX-k1.v7.6.5.dir/App/app/action.c.obj
 *fill*         0x080051ba        0x2 
 .text.ACTION_Handle
                0x080051bc       0xd0 CMakeFiles/n7six.ApeX-k1.v7.6.5.dir/App/app/action.c.obj
                0x080051bc                ACTION_Handle
 .text.ACTION_Update
                0x0800528c       0x20 CMakeFiles/n7six.ApeX-k1.v7.6.5.dir/App/app/action.c.obj
                0x0800528c                ACTION_Update
 .text.ACTION_RxMode
                0x080052ac       0x34 CMakeFiles/n7six.ApeX-k1.v7.6.5.dir/App/app/action.c.obj
                0x080052ac                ACTION_RxMode
 .text.ACTION_MainOnly
                0x080052e0       0x40 CMakeFiles/n7six.ApeX-k1.v7.6.5.dir/App/app/action.c.obj
                0x080052e0                ACTION_MainOnly
 .text.ACTION_BackLightOnDemand
                0x08005320       0x4c CMakeFiles/n7six.ApeX-k1.v7.6.5.dir/App/app/action.c.obj
                0x08005320                ACTION_BackLightOnDemand
 .text.DualwatchAlternate
                0x0800536c       0x58 CMakeFiles/n7six.ApeX-k1.v7.6.5.dir/App/app/app.c.obj
 .text.HandleReceive
                0x080053c4      0x1f4 CMakeFiles/n7six.ApeX-k1.v7.6.5.dir/App/app/app.c.obj
 .text.CheckForIncoming
                0x080055b8       0x9c CMakeFiles/n7six.ApeX-k1.v7.6.5.dir/App/app/app.c.obj
 .text.HandlePowerSave
                0x08005654       0x14 CMakeFiles/n7six.ApeX-k1.v7.6.5.dir/App/app/app.c.obj
 .text.APP_StartListening
                0x08005668      0x11c CMakeFiles/n7six.ApeX-k1.v7.6.5.dir/App/app/app.c.obj
                0x08005668                APP_StartListening
 .text.HandleIncoming
                0x08005784       0xa4 CMakeFiles/n7six.ApeX-k1.v7.6.5.dir/App/app/app.c.obj
 .text.APP_SetFreqByStepAndLimits
                0x08005828       0x2c CMakeFiles/n7six.ApeX-k1.v7.6.5.dir/App/app/app.c.obj
                0x08005828                APP_SetFreqByStepAndLimits
 .text.APP_SetFrequencyByStep
                0x08005854       0x1c CMakeFiles/n7six.ApeX-k1.v7.6.5.dir/App/app/app.c.obj
                0x08005854                APP_SetFrequencyByStep
 .text.APP_EndTransmission
                0x08005870       0x28 CMakeFiles/n7six.ApeX-k1.v7.6.5.dir/App/app/app.c.obj
                0x08005870                APP_EndTransmission
 .text.cancelUserInputModes
                0x08005898       0x7c CMakeFiles/n7six.ApeX-k1.v7.6.5.dir/App/app/app.c.obj
                0x08005898                cancelUserInputModes
 .text.ProcessKey
                0x08005914      0x678 CMakeFiles/n7six.ApeX-k1.v7.6.5.dir/App/app/app.c.obj
 .text.APP_Update
                0x08005f8c      0x508 CMakeFiles/n7six.ApeX-k1.v7.6.5.dir/App/app/app.c.obj
                0x08005f8c                APP_Update
 .text.APP_TimeSlice10ms
                0x08006494      0x624 CMakeFiles/n7six.ApeX-k1.v7.6.5.dir/App/app/app.c.obj
                0x08006494                APP_TimeSlice10ms
 .text.APP_TimeSlice500ms
                0x08006ab8      0x478 CMakeFiles/n7six.ApeX-k1.v7.6.5.dir/App/app/app.c.obj
                0x08006ab8                APP_TimeSlice500ms
 .text.NextMemChannel
                0x08006f30      0x118 CMakeFiles/n7six.ApeX-k1.v7.6.5.dir/App/app/chFrScanner.c.obj
 .text.NextFreqChannel
                0x08007048       0x60 CMakeFiles/n7six.ApeX-k1.v7.6.5.dir/App/app/chFrScanner.c.obj
 .text.CHFRSCANNER_Start
                0x080070a8       0xb4 CMakeFiles/n7six.ApeX-k1.v7.6.5.dir/App/app/chFrScanner.c.obj
                0x080070a8                CHFRSCANNER_Start
 .text.CHFRSCANNER_ContinueScanning
                0x0800715c       0x6c CMakeFiles/n7six.ApeX-k1.v7.6.5.dir/App/app/chFrScanner.c.obj
                0x0800715c                CHFRSCANNER_ContinueScanning
 .text.CHFRSCANNER_Found
                0x080071c8       0x78 CMakeFiles/n7six.ApeX-k1.v7.6.5.dir/App/app/chFrScanner.c.obj
                0x080071c8                CHFRSCANNER_Found
 .text.CHFRSCANNER_Stop
                0x08007240       0xb4 CMakeFiles/n7six.ApeX-k1.v7.6.5.dir/App/app/chFrScanner.c.obj
                0x08007240                CHFRSCANNER_Stop
 .text.COMMON_KeypadLockToggle
                0x080072f4       0x30 CMakeFiles/n7six.ApeX-k1.v7.6.5.dir/App/app/common.c.obj
                0x080072f4                COMMON_KeypadLockToggle
 .text.COMMON_SwitchVFOs
                0x08007324       0x54 CMakeFiles/n7six.ApeX-k1.v7.6.5.dir/App/app/common.c.obj
                0x08007324                COMMON_SwitchVFOs
 .text.COMMON_SwitchVFOMode
                0x08007378       0x50 CMakeFiles/n7six.ApeX-k1.v7.6.5.dir/App/app/common.c.obj
                0x08007378                COMMON_SwitchVFOMode
 .text.DTMF_SendEndOfTransmission
                0x080073c8       0xa4 CMakeFiles/n7six.ApeX-k1.v7.6.5.dir/App/app/dtmf.c.obj
                0x080073c8                DTMF_SendEndOfTransmission
 .text.DTMF_ValidateCodes
                0x0800746c       0x50 CMakeFiles/n7six.ApeX-k1.v7.6.5.dir/App/app/dtmf.c.obj
                0x0800746c                DTMF_ValidateCodes
 .text.DTMF_GetCharacter
                0x080074bc       0x20 CMakeFiles/n7six.ApeX-k1.v7.6.5.dir/App/app/dtmf.c.obj
                0x080074bc                DTMF_GetCharacter
 .text.DTMF_clear_input_box
                0x080074dc       0x24 CMakeFiles/n7six.ApeX-k1.v7.6.5.dir/App/app/dtmf.c.obj
                0x080074dc                DTMF_clear_input_box
 .text.DTMF_Append
                0x08007500       0x34 CMakeFiles/n7six.ApeX-k1.v7.6.5.dir/App/app/dtmf.c.obj
                0x08007500                DTMF_Append
 .text.DTMF_Reply
                0x08007534       0xb8 CMakeFiles/n7six.ApeX-k1.v7.6.5.dir/App/app/dtmf.c.obj
                0x08007534                DTMF_Reply
 .text.GENERIC_Key_F
                0x080075ec       0x9c CMakeFiles/n7six.ApeX-k1.v7.6.5.dir/App/app/generic.c.obj
                0x080075ec                GENERIC_Key_F
 .text.GENERIC_Key_PTT
                0x08007688      0x18c CMakeFiles/n7six.ApeX-k1.v7.6.5.dir/App/app/generic.c.obj
                0x08007688                GENERIC_Key_PTT
 .text.processFKeyFunction
                0x08007814      0x378 CMakeFiles/n7six.ApeX-k1.v7.6.5.dir/App/app/main.c.obj
 .text.MAIN_Key_UP_DOWN.part.0
                0x08007b8c       0xe8 CMakeFiles/n7six.ApeX-k1.v7.6.5.dir/App/app/main.c.obj
 .text.channelMove
                0x08007c74       0x60 CMakeFiles/n7six.ApeX-k1.v7.6.5.dir/App/app/main.c.obj
                0x08007c74                channelMove
 .text.channelMoveSwitch
                0x08007cd4       0x68 CMakeFiles/n7six.ApeX-k1.v7.6.5.dir/App/app/main.c.obj
                0x08007cd4                channelMoveSwitch
 .text.MAIN_ProcessKeys
                0x08007d3c      0x5c0 CMakeFiles/n7six.ApeX-k1.v7.6.5.dir/App/app/main.c.obj
                0x08007d3c                MAIN_ProcessKeys
 .text.MENU_StartCssScan
                0x080082fc       0x24 CMakeFiles/n7six.ApeX-k1.v7.6.5.dir/App/app/menu.c.obj
                0x080082fc                MENU_StartCssScan
 .text.MENU_StopCssScan
                0x08008320       0x20 CMakeFiles/n7six.ApeX-k1.v7.6.5.dir/App/app/menu.c.obj
                0x08008320                MENU_StopCssScan
 .text.MENU_GetLimits
                0x08008340       0xe4 CMakeFiles/n7six.ApeX-k1.v7.6.5.dir/App/app/menu.c.obj
                0x08008340                MENU_GetLimits
 .text.MENU_Key_UP_DOWN
                0x08008424      0x1c8 CMakeFiles/n7six.ApeX-k1.v7.6.5.dir/App/app/menu.c.obj
 .text.MENU_AcceptSetting
                0x080085ec      0x5bc CMakeFiles/n7six.ApeX-k1.v7.6.5.dir/App/app/menu.c.obj
                0x080085ec                MENU_AcceptSetting
 .text.MENU_ShowCurrentSetting
                0x08008ba8      0x408 CMakeFiles/n7six.ApeX-k1.v7.6.5.dir/App/app/menu.c.obj
                0x08008ba8                MENU_ShowCurrentSetting
 .text.MENU_CssScanFound
                0x08008fb0       0x3c CMakeFiles/n7six.ApeX-k1.v7.6.5.dir/App/app/menu.c.obj
                0x08008fb0                MENU_CssScanFound
 .text.MENU_ProcessKeys
                0x08008fec      0x550 CMakeFiles/n7six.ApeX-k1.v7.6.5.dir/App/app/menu.c.obj
                0x08008fec                MENU_ProcessKeys
 .text.SCANNER_Key_UP_DOWN
                0x0800953c       0x68 CMakeFiles/n7six.ApeX-k1.v7.6.5.dir/App/app/scanner.c.obj
 .text.SCANNER_Start
                0x080095a4      0x108 CMakeFiles/n7six.ApeX-k1.v7.6.5.dir/App/app/scanner.c.obj
                0x080095a4                SCANNER_Start
 .text.SCANNER_IsScanning
                0x080096ac       0x20 CMakeFiles/n7six.ApeX-k1.v7.6.5.dir/App/app/scanner.c.obj
                0x080096ac                SCANNER_IsScanning
 .text.SCANNER_Stop
                0x080096cc       0x50 CMakeFiles/n7six.ApeX-k1.v7.6.5.dir/App/app/scanner.c.obj
                0x080096cc                SCANNER_Stop
 .text.SCANNER_ProcessKeys
                0x0800971c      0x2bc CMakeFiles/n7six.ApeX-k1.v7.6.5.dir/App/app/scanner.c.obj
                0x0800971c                SCANNER_ProcessKeys
 .text.SCANNER_TimeSlice10ms
                0x080099d8      0x184 CMakeFiles/n7six.ApeX-k1.v7.6.5.dir/App/app/scanner.c.obj
                0x080099d8                SCANNER_TimeSlice10ms
 .text.SCANNER_TimeSlice500ms
                0x08009b5c       0x48 CMakeFiles/n7six.ApeX-k1.v7.6.5.dir/App/app/scanner.c.obj
                0x08009b5c                SCANNER_TimeSlice500ms
 .text.AUDIO_PlayBeep
                0x08009ba4      0x178 CMakeFiles/n7six.ApeX-k1.v7.6.5.dir/App/audio.c.obj
                0x08009ba4                AUDIO_PlayBeep
 .text.BOARD_GPIO_Init
                0x08009d1c       0xbc CMakeFiles/n7six.ApeX-k1.v7.6.5.dir/App/board.c.obj
                0x08009d1c                BOARD_GPIO_Init
 .text.BOARD_ADC_Init
                0x08009dd8      0x1bc CMakeFiles/n7six.ApeX-k1.v7.6.5.dir/App/board.c.obj
                0x08009dd8                BOARD_ADC_Init
 .text.BOARD_ADC_GetBatteryInfo
                0x08009f94       0x2c CMakeFiles/n7six.ApeX-k1.v7.6.5.dir/App/board.c.obj
                0x08009f94                BOARD_ADC_GetBatteryInfo
 .text.BOARD_Init
                0x08009fc0       0x20 CMakeFiles/n7six.ApeX-k1.v7.6.5.dir/App/board.c.obj
                0x08009fc0                BOARD_Init
 .text.DCS_GetGolayCodeWord
                0x08009fe0       0x4c CMakeFiles/n7six.ApeX-k1.v7.6.5.dir/App/dcs.c.obj
                0x08009fe0                DCS_GetGolayCodeWord
 .text.DCS_GetCdcssCode
                0x0800a02c       0x5c CMakeFiles/n7six.ApeX-k1.v7.6.5.dir/App/dcs.c.obj
                0x0800a02c                DCS_GetCdcssCode
 .text.DCS_GetCtcssCode
                0x0800a088       0x2c CMakeFiles/n7six.ApeX-k1.v7.6.5.dir/App/dcs.c.obj
                0x0800a088                DCS_GetCtcssCode
 .text.FREQUENCY_GetStepIdxFromSortedIdx
                0x0800a0b4        0xc CMakeFiles/n7six.ApeX-k1.v7.6.5.dir/App/frequencies.c.obj
                0x0800a0b4                FREQUENCY_GetStepIdxFromSortedIdx
 .text.FREQUENCY_GetSortedIdxFromStepIdx
                0x0800a0c0       0x1c CMakeFiles/n7six.ApeX-k1.v7.6.5.dir/App/frequencies.c.obj
                0x0800a0c0                FREQUENCY_GetSortedIdxFromStepIdx
 .text.FREQUENCY_GetBand
                0x0800a0dc       0x1c CMakeFiles/n7six.ApeX-k1.v7.6.5.dir/App/frequencies.c.obj
                0x0800a0dc                FREQUENCY_GetBand
 .text.FREQUENCY_CalculateOutputPower
                0x0800a0f8       0x36 CMakeFiles/n7six.ApeX-k1.v7.6.5.dir/App/frequencies.c.obj
                0x0800a0f8                FREQUENCY_CalculateOutputPower
 *fill*         0x0800a12e        0x2 
 .text.FREQUENCY_RoundToStep
                0x0800a130       0x64 CMakeFiles/n7six.ApeX-k1.v7.6.5.dir/App/frequencies.c.obj
                0x0800a130                FREQUENCY_RoundToStep
 .text.TX_freq_check
                0x0800a194      0x1a4 CMakeFiles/n7six.ApeX-k1.v7.6.5.dir/App/frequencies.c.obj
                0x0800a194                TX_freq_check
 .text.RX_freq_check
                0x0800a338       0x34 CMakeFiles/n7six.ApeX-k1.v7.6.5.dir/App/frequencies.c.obj
                0x0800a338                RX_freq_check
 .text.FUNCTION_IsRx
                0x0800a36c       0x18 CMakeFiles/n7six.ApeX-k1.v7.6.5.dir/App/functions.c.obj
                0x0800a36c                FUNCTION_IsRx
 .text.FUNCTION_Init
                0x0800a384       0x90 CMakeFiles/n7six.ApeX-k1.v7.6.5.dir/App/functions.c.obj
                0x0800a384                FUNCTION_Init
 .text.FUNCTION_Foreground
                0x0800a414       0x44 CMakeFiles/n7six.ApeX-k1.v7.6.5.dir/App/functions.c.obj
                0x0800a414                FUNCTION_Foreground
 .text.FUNCTION_PowerSave
                0x0800a458       0x80 CMakeFiles/n7six.ApeX-k1.v7.6.5.dir/App/functions.c.obj
                0x0800a458                FUNCTION_PowerSave
 .text.FUNCTION_Transmit
                0x0800a4d8       0xd0 CMakeFiles/n7six.ApeX-k1.v7.6.5.dir/App/functions.c.obj
                0x0800a4d8                FUNCTION_Transmit
 .text.FUNCTION_Select
                0x0800a5a8       0xd0 CMakeFiles/n7six.ApeX-k1.v7.6.5.dir/App/functions.c.obj
                0x0800a5a8                FUNCTION_Select
 .text.BATTERY_VoltsToPercent
                0x0800a678       0x7c CMakeFiles/n7six.ApeX-k1.v7.6.5.dir/App/helper/battery.c.obj
                0x0800a678                BATTERY_VoltsToPercent
 .text.BATTERY_GetReadings
                0x0800a6f4      0x154 CMakeFiles/n7six.ApeX-k1.v7.6.5.dir/App/helper/battery.c.obj
                0x0800a6f4                BATTERY_GetReadings
 .text.BATTERY_TimeSlice500ms
                0x0800a848       0xb4 CMakeFiles/n7six.ApeX-k1.v7.6.5.dir/App/helper/battery.c.obj
                0x0800a848                BATTERY_TimeSlice500ms
 .text.BOOT_GetMode
                0x0800a8fc       0x74 CMakeFiles/n7six.ApeX-k1.v7.6.5.dir/App/helper/boot.c.obj
                0x0800a8fc                BOOT_GetMode
 .text.BOOT_ProcessMode
                0x0800a970       0x9c CMakeFiles/n7six.ApeX-k1.v7.6.5.dir/App/helper/boot.c.obj
                0x0800a970                BOOT_ProcessMode
 .text.FUNCTION_NOP
                0x0800aa0c        0x2 CMakeFiles/n7six.ApeX-k1.v7.6.5.dir/App/misc.c.obj
                0x0800aa0c                FUNCTION_NOP
 *fill*         0x0800aa0e        0x2 
 .text.NUMBER_AddWithWraparound
                0x0800aa10       0x20 CMakeFiles/n7six.ApeX-k1.v7.6.5.dir/App/misc.c.obj
                0x0800aa10                NUMBER_AddWithWraparound
 .text.StrToUL  0x0800aa30       0x2a CMakeFiles/n7six.ApeX-k1.v7.6.5.dir/App/misc.c.obj
                0x0800aa30                StrToUL
 *fill*         0x0800aa5a        0x2 
 .text.RADIO_SelectCurrentVfo
                0x0800aa5c       0x2c CMakeFiles/n7six.ApeX-k1.v7.6.5.dir/App/radio.c.obj
 .text.RADIO_CheckValidChannel
                0x0800aa88       0x88 CMakeFiles/n7six.ApeX-k1.v7.6.5.dir/App/radio.c.obj
                0x0800aa88                RADIO_CheckValidChannel
 .text.RADIO_FindNextChannel
                0x0800ab10       0x3c CMakeFiles/n7six.ApeX-k1.v7.6.5.dir/App/radio.c.obj
                0x0800ab10                RADIO_FindNextChannel
 .text.RADIO_ConfigureSquelchAndOutputPower
                0x0800ab4c      0x1d4 CMakeFiles/n7six.ApeX-k1.v7.6.5.dir/App/radio.c.obj
                0x0800ab4c                RADIO_ConfigureSquelchAndOutputPower
 .text.RADIO_InitInfo
                0x0800ad20       0x6c CMakeFiles/n7six.ApeX-k1.v7.6.5.dir/App/radio.c.obj
                0x0800ad20                RADIO_InitInfo
 .text.RADIO_ApplyOffset
                0x0800ad8c       0x1c CMakeFiles/n7six.ApeX-k1.v7.6.5.dir/App/radio.c.obj
                0x0800ad8c                RADIO_ApplyOffset
 .text.RADIO_ConfigureChannel
                0x0800ada8      0x3c8 CMakeFiles/n7six.ApeX-k1.v7.6.5.dir/App/radio.c.obj
                0x0800ada8                RADIO_ConfigureChannel
 .text.RADIO_SelectVfos
                0x0800b170       0x44 CMakeFiles/n7six.ApeX-k1.v7.6.5.dir/App/radio.c.obj
                0x0800b170                RADIO_SelectVfos
 .text.RADIO_SetTxParameters
                0x0800b1b4       0xe4 CMakeFiles/n7six.ApeX-k1.v7.6.5.dir/App/radio.c.obj
                0x0800b1b4                RADIO_SetTxParameters
 .text.RADIO_SetupAGC
                0x0800b298       0x38 CMakeFiles/n7six.ApeX-k1.v7.6.5.dir/App/radio.c.obj
                0x0800b298                RADIO_SetupAGC
 .text.RADIO_SetupRegisters
                0x0800b2d0      0x204 CMakeFiles/n7six.ApeX-k1.v7.6.5.dir/App/radio.c.obj
                0x0800b2d0                RADIO_SetupRegisters
 .text.RADIO_SetModulation
                0x0800b4d4      0x110 CMakeFiles/n7six.ApeX-k1.v7.6.5.dir/App/radio.c.obj
                0x0800b4d4                RADIO_SetModulation
 .text.RADIO_SetVfoState
                0x0800b5e4       0x4c CMakeFiles/n7six.ApeX-k1.v7.6.5.dir/App/radio.c.obj
                0x0800b5e4                RADIO_SetVfoState
 .text.RADIO_PrepareTX
                0x0800b630      0x140 CMakeFiles/n7six.ApeX-k1.v7.6.5.dir/App/radio.c.obj
                0x0800b630                RADIO_PrepareTX
 .text.RADIO_SendCssTail
                0x0800b770       0x28 CMakeFiles/n7six.ApeX-k1.v7.6.5.dir/App/radio.c.obj
                0x0800b770                RADIO_SendCssTail
 .text.RADIO_SendEndOfTransmission
                0x0800b798       0x24 CMakeFiles/n7six.ApeX-k1.v7.6.5.dir/App/radio.c.obj
                0x0800b798                RADIO_SendEndOfTransmission
 .text.SysTick_Handler
                0x0800b7bc      0x228 CMakeFiles/n7six.ApeX-k1.v7.6.5.dir/App/scheduler.c.obj
                0x0800b7bc                SysTick_Handler
 .text.SETTINGS_InitEEPROM
                0x0800b9e4      0x5e0 CMakeFiles/n7six.ApeX-k1.v7.6.5.dir/App/settings.c.obj
                0x0800b9e4                SETTINGS_InitEEPROM
 .text.SETTINGS_LoadCalibration
                0x0800bfc4      0x168 CMakeFiles/n7six.ApeX-k1.v7.6.5.dir/App/settings.c.obj
                0x0800bfc4                SETTINGS_LoadCalibration
 .text.SETTINGS_FetchChannelFrequency
                0x0800c12c       0x10 CMakeFiles/n7six.ApeX-k1.v7.6.5.dir/App/settings.c.obj
                0x0800c12c                SETTINGS_FetchChannelFrequency
 .text.SETTINGS_FetchChannelName
                0x0800c13c       0x52 CMakeFiles/n7six.ApeX-k1.v7.6.5.dir/App/settings.c.obj
                0x0800c13c                SETTINGS_FetchChannelName
 *fill*         0x0800c18e        0x2 
 .text.SETTINGS_FactoryReset
                0x0800c190       0xdc CMakeFiles/n7six.ApeX-k1.v7.6.5.dir/App/settings.c.obj
                0x0800c190                SETTINGS_FactoryReset
 .text.SETTINGS_SaveFM
                0x0800c26c       0x58 CMakeFiles/n7six.ApeX-k1.v7.6.5.dir/App/settings.c.obj
                0x0800c26c                SETTINGS_SaveFM
 .text.SETTINGS_SaveVfoIndices
                0x0800c2c4       0x3c CMakeFiles/n7six.ApeX-k1.v7.6.5.dir/App/settings.c.obj
                0x0800c2c4                SETTINGS_SaveVfoIndices
 .text.SETTINGS_SaveSettings
                0x0800c300      0x368 CMakeFiles/n7six.ApeX-k1.v7.6.5.dir/App/settings.c.obj
                0x0800c300                SETTINGS_SaveSettings
 .text.SETTINGS_SaveBatteryCalibration
                0x0800c668       0x14 CMakeFiles/n7six.ApeX-k1.v7.6.5.dir/App/settings.c.obj
                0x0800c668                SETTINGS_SaveBatteryCalibration
 .text.SETTINGS_SaveChannelName
                0x0800c67c       0x44 CMakeFiles/n7six.ApeX-k1.v7.6.5.dir/App/settings.c.obj
                0x0800c67c                SETTINGS_SaveChannelName
 .text.SETTINGS_UpdateChannel
                0x0800c6c0       0xc4 CMakeFiles/n7six.ApeX-k1.v7.6.5.dir/App/settings.c.obj
                0x0800c6c0                SETTINGS_UpdateChannel
 .text.SETTINGS_SaveChannel
                0x0800c784       0xd0 CMakeFiles/n7six.ApeX-k1.v7.6.5.dir/App/settings.c.obj
                0x0800c784                SETTINGS_SaveChannel
 .text.SETTINGS_WriteBuildOptions
                0x0800c854       0x28 CMakeFiles/n7six.ApeX-k1.v7.6.5.dir/App/settings.c.obj
                0x0800c854                SETTINGS_WriteBuildOptions
 .text.SETTINGS_WriteCurrentState
                0x0800c87c       0x48 CMakeFiles/n7six.ApeX-k1.v7.6.5.dir/App/settings.c.obj
                0x0800c87c                SETTINGS_WriteCurrentState
 .text.SETTINGS_ResetTxLock
                0x0800c8c4       0x46 CMakeFiles/n7six.ApeX-k1.v7.6.5.dir/App/settings.c.obj
                0x0800c8c4                SETTINGS_ResetTxLock
 *fill*         0x0800c90a        0x2 
 .text.UI_DrawBattery
                0x0800c90c       0x50 CMakeFiles/n7six.ApeX-k1.v7.6.5.dir/App/ui/battery.c.obj
                0x0800c90c                UI_DrawBattery
 .text.UI_DisplayBattery
                0x0800c95c       0x1c CMakeFiles/n7six.ApeX-k1.v7.6.5.dir/App/ui/battery.c.obj
                0x0800c95c                UI_DisplayBattery
 .text.UI_GenerateChannelString
                0x0800c978       0x4c CMakeFiles/n7six.ApeX-k1.v7.6.5.dir/App/ui/helper.c.obj
                0x0800c978                UI_GenerateChannelString
 .text.UI_GenerateChannelStringEx
                0x0800c9c4       0x60 CMakeFiles/n7six.ApeX-k1.v7.6.5.dir/App/ui/helper.c.obj
                0x0800c9c4                UI_GenerateChannelStringEx
 .text.UI_PrintStringBuffer
                0x0800ca24       0x4c CMakeFiles/n7six.ApeX-k1.v7.6.5.dir/App/ui/helper.c.obj
                0x0800ca24                UI_PrintStringBuffer
 .text.UI_PrintString
                0x0800ca70       0x90 CMakeFiles/n7six.ApeX-k1.v7.6.5.dir/App/ui/helper.c.obj
                0x0800ca70                UI_PrintString
 .text.UI_PrintStringSmall
                0x0800cb00       0x40 CMakeFiles/n7six.ApeX-k1.v7.6.5.dir/App/ui/helper.c.obj
                0x0800cb00                UI_PrintStringSmall
 .text.UI_PrintStringSmallNormal
                0x0800cb40       0x14 CMakeFiles/n7six.ApeX-k1.v7.6.5.dir/App/ui/helper.c.obj
                0x0800cb40                UI_PrintStringSmallNormal
 .text.UI_PrintStringSmallBold
                0x0800cb54       0x14 CMakeFiles/n7six.ApeX-k1.v7.6.5.dir/App/ui/helper.c.obj
                0x0800cb54                UI_PrintStringSmallBold
 .text.UI_PrintStringSmallBufferNormal
                0x0800cb68       0x10 CMakeFiles/n7six.ApeX-k1.v7.6.5.dir/App/ui/helper.c.obj
                0x0800cb68                UI_PrintStringSmallBufferNormal
 .text.UI_DisplayFrequency
                0x0800cb78       0xcc CMakeFiles/n7six.ApeX-k1.v7.6.5.dir/App/ui/helper.c.obj
                0x0800cb78                UI_DisplayFrequency
 .text.UI_DrawPixelBuffer
                0x0800cc44       0x2e CMakeFiles/n7six.ApeX-k1.v7.6.5.dir/App/ui/helper.c.obj
                0x0800cc44                UI_DrawPixelBuffer
 *fill*         0x0800cc72        0x2 
 .text.PutPixel
                0x0800cc74       0x18 CMakeFiles/n7six.ApeX-k1.v7.6.5.dir/App/ui/helper.c.obj
                0x0800cc74                PutPixel
 .text.PutPixelStatus
                0x0800cc8c       0x18 CMakeFiles/n7six.ApeX-k1.v7.6.5.dir/App/ui/helper.c.obj
                0x0800cc8c                PutPixelStatus
 .text.GUI_DisplaySmallest
                0x0800cca4       0x7c CMakeFiles/n7six.ApeX-k1.v7.6.5.dir/App/ui/helper.c.obj
                0x0800cca4                GUI_DisplaySmallest
 .text.UI_DrawLineBuffer
                0x0800cd20       0x94 CMakeFiles/n7six.ApeX-k1.v7.6.5.dir/App/ui/helper.c.obj
                0x0800cd20                UI_DrawLineBuffer
 .text.UI_DrawRectangleBuffer
                0x0800cdb4       0x54 CMakeFiles/n7six.ApeX-k1.v7.6.5.dir/App/ui/helper.c.obj
                0x0800cdb4                UI_DrawRectangleBuffer
 .text.UI_DisplayClear
                0x0800ce08       0x14 CMakeFiles/n7six.ApeX-k1.v7.6.5.dir/App/ui/helper.c.obj
                0x0800ce08                UI_DisplayClear
 .text.UI_DisplayPopup
                0x0800ce1c       0x2c CMakeFiles/n7six.ApeX-k1.v7.6.5.dir/App/ui/helper.c.obj
                0x0800ce1c                UI_DisplayPopup
 .text.INPUTBOX_Append
                0x0800ce48       0x30 CMakeFiles/n7six.ApeX-k1.v7.6.5.dir/App/ui/inputbox.c.obj
                0x0800ce48                INPUTBOX_Append
 .text.INPUTBOX_GetAscii
                0x0800ce78       0x28 CMakeFiles/n7six.ApeX-k1.v7.6.5.dir/App/ui/inputbox.c.obj
                0x0800ce78                INPUTBOX_GetAscii
 .text.isMainOnly
                0x0800cea0       0x18 CMakeFiles/n7six.ApeX-k1.v7.6.5.dir/App/ui/main.c.obj
 .text.DrawLevelBar
                0x0800ceb8       0x88 CMakeFiles/n7six.ApeX-k1.v7.6.5.dir/App/ui/main.c.obj
 .text.log2_approx
                0x0800cf40       0x10 CMakeFiles/n7six.ApeX-k1.v7.6.5.dir/App/ui/main.c.obj
                0x0800cf40                log2_approx
 .text.UI_DisplayAudioBar
                0x0800cf50       0xd8 CMakeFiles/n7six.ApeX-k1.v7.6.5.dir/App/ui/main.c.obj
                0x0800cf50                UI_DisplayAudioBar
 .text.DisplayRSSIBar
                0x0800d028      0x1e4 CMakeFiles/n7six.ApeX-k1.v7.6.5.dir/App/ui/main.c.obj
                0x0800d028                DisplayRSSIBar
 .text.UI_MAIN_TimeSlice500ms
                0x0800d20c       0xa4 CMakeFiles/n7six.ApeX-k1.v7.6.5.dir/App/ui/main.c.obj
                0x0800d20c                UI_MAIN_TimeSlice500ms
 .text.UI_DisplayMain
                0x0800d2b0      0xcec CMakeFiles/n7six.ApeX-k1.v7.6.5.dir/App/ui/main.c.obj
                0x0800d2b0                UI_DisplayMain
 .text.UI_MENU_GetCurrentMenuId
                0x0800df9c       0x1c CMakeFiles/n7six.ApeX-k1.v7.6.5.dir/App/ui/menu.c.obj
                0x0800df9c                UI_MENU_GetCurrentMenuId
 .text.UI_MENU_GetMenuIdx
                0x0800dfb8       0x20 CMakeFiles/n7six.ApeX-k1.v7.6.5.dir/App/ui/menu.c.obj
                0x0800dfb8                UI_MENU_GetMenuIdx
 .text.UI_DisplayMenu
                0x0800dfd8      0xb04 CMakeFiles/n7six.ApeX-k1.v7.6.5.dir/App/ui/menu.c.obj
                0x0800dfd8                UI_DisplayMenu
 .text.UI_DisplayScanner
                0x0800eadc      0x194 CMakeFiles/n7six.ApeX-k1.v7.6.5.dir/App/ui/scanner.c.obj
                0x0800eadc                UI_DisplayScanner
 .text.convertTime.constprop.0
                0x0800ec70       0x64 CMakeFiles/n7six.ApeX-k1.v7.6.5.dir/App/ui/status.c.obj
 .text.UI_DisplayStatus
                0x0800ecd4      0x2b4 CMakeFiles/n7six.ApeX-k1.v7.6.5.dir/App/ui/status.c.obj
                0x0800ecd4                UI_DisplayStatus
 .text.GUI_DisplayScreen
                0x0800ef88       0x1c CMakeFiles/n7six.ApeX-k1.v7.6.5.dir/App/ui/ui.c.obj
                0x0800ef88                GUI_DisplayScreen
 .text.GUI_SelectNextDisplay
                0x0800efa4       0x7c CMakeFiles/n7six.ApeX-k1.v7.6.5.dir/App/ui/ui.c.obj
                0x0800efa4                GUI_SelectNextDisplay
 .text.UI_DisplayReleaseKeys
                0x0800f020       0x48 CMakeFiles/n7six.ApeX-k1.v7.6.5.dir/App/ui/welcome.c.obj
                0x0800f020                UI_DisplayReleaseKeys
 .text.UI_DisplayWelcome
                0x0800f068      0x190 CMakeFiles/n7six.ApeX-k1.v7.6.5.dir/App/ui/welcome.c.obj
                0x0800f068                UI_DisplayWelcome
 .text.Main     0x0800f1f8      0x344 CMakeFiles/n7six.ApeX-k1.v7.6.5.dir/App/main.c.obj
                0x0800f1f8                Main
 .text._out_buffer
                0x0800f53c        0x8 CMakeFiles/n7six.ApeX-k1.v7.6.5.dir/App/external/printf/printf.c.obj
 .text._out_null
                0x0800f544        0x2 CMakeFiles/n7six.ApeX-k1.v7.6.5.dir/App/external/printf/printf.c.obj
 .text._ntoa_long
                0x0800f546      0x1c2 CMakeFiles/n7six.ApeX-k1.v7.6.5.dir/App/external/printf/printf.c.obj
 .text._vsnprintf
                0x0800f708      0x42c CMakeFiles/n7six.ApeX-k1.v7.6.5.dir/App/external/printf/printf.c.obj
 .text.sprintf_
                0x0800fb34       0x28 CMakeFiles/n7six.ApeX-k1.v7.6.5.dir/App/external/printf/printf.c.obj
                0x0800fb34                sprintf_
 .text.CRC_Init
                0x0800fb5c        0x2 CMakeFiles/n7six.ApeX-k1.v7.6.5.dir/App/driver/crc.c.obj
                0x0800fb5c                CRC_Init
 *fill*         0x0800fb5e        0x2 
 .text.CRC_Calculate
                0x0800fb60       0x3c CMakeFiles/n7six.ApeX-k1.v7.6.5.dir/App/driver/crc.c.obj
                0x0800fb60                CRC_Calculate
 .text.AddrTranslate
                0x0800fb9c       0x70 CMakeFiles/n7six.ApeX-k1.v7.6.5.dir/App/driver/eeprom_compat.c.obj
 .text.EEPROM_ReadBuffer
                0x0800fc0c       0x52 CMakeFiles/n7six.ApeX-k1.v7.6.5.dir/App/driver/eeprom_compat.c.obj
                0x0800fc0c                EEPROM_ReadBuffer
 .text.EEPROM_WriteBuffer
                0x0800fc5e       0x4a CMakeFiles/n7six.ApeX-k1.v7.6.5.dir/App/driver/eeprom_compat.c.obj
                0x0800fc5e                EEPROM_WriteBuffer
 .text.UART_Init
                0x0800fca8      0x130 CMakeFiles/n7six.ApeX-k1.v7.6.5.dir/App/driver/uart.c.obj
                0x0800fca8                UART_Init
 .text.UART_Send
                0x0800fdd8       0x20 CMakeFiles/n7six.ApeX-k1.v7.6.5.dir/App/driver/uart.c.obj
                0x0800fdd8                UART_Send
 .text.UART_IsCableConnected
                0x0800fdf8       0x24 CMakeFiles/n7six.ApeX-k1.v7.6.5.dir/App/driver/uart.c.obj
                0x0800fdf8                UART_IsCableConnected
 .text.SendReply
                0x0800fe1c       0xd0 CMakeFiles/n7six.ApeX-k1.v7.6.5.dir/App/app/uart.c.obj
 .text.UART_IsCommandAvailable
                0x0800feec      0x184 CMakeFiles/n7six.ApeX-k1.v7.6.5.dir/App/app/uart.c.obj
                0x0800feec                UART_IsCommandAvailable
 .text.UART_HandleCommand
                0x08010070      0x1fc CMakeFiles/n7six.ApeX-k1.v7.6.5.dir/App/app/uart.c.obj
                0x08010070                UART_HandleCommand
 .text.VCP_Init
                0x0801026c       0x74 CMakeFiles/n7six.ApeX-k1.v7.6.5.dir/App/driver/vcp.c.obj
                0x0801026c                VCP_Init
 .text.usbd_cdc_acm_bulk_out
                0x080102e0       0x68 CMakeFiles/n7six.ApeX-k1.v7.6.5.dir/App/usb/usbd_cdc_if.c.obj
                0x080102e0                usbd_cdc_acm_bulk_out
 .text.usbd_cdc_acm_bulk_in
                0x08010348       0x28 CMakeFiles/n7six.ApeX-k1.v7.6.5.dir/App/usb/usbd_cdc_if.c.obj
                0x08010348                usbd_cdc_acm_bulk_in
 .text.usbd_configure_done_callback
                0x08010370       0x14 CMakeFiles/n7six.ApeX-k1.v7.6.5.dir/App/usb/usbd_cdc_if.c.obj
                0x08010370                usbd_configure_done_callback
 .text.cdc_acm_init
                0x08010384       0x60 CMakeFiles/n7six.ApeX-k1.v7.6.5.dir/App/usb/usbd_cdc_if.c.obj
                0x08010384                cdc_acm_init
 .text.usbd_cdc_acm_set_dtr
                0x080103e4       0x14 CMakeFiles/n7six.ApeX-k1.v7.6.5.dir/App/usb/usbd_cdc_if.c.obj
                0x080103e4                usbd_cdc_acm_set_dtr
 .text.cdc_acm_data_send_with_dtr_async
                0x080103f8       0x12 CMakeFiles/n7six.ApeX-k1.v7.6.5.dir/App/usb/usbd_cdc_if.c.obj
                0x080103f8                cdc_acm_data_send_with_dtr_async
 .text.BK1080_ReadRegister
                0x0801040a       0x30 CMakeFiles/n7six.ApeX-k1.v7.6.5.dir/App/driver/bk1080.c.obj
                0x0801040a                BK1080_ReadRegister
 .text.BK1080_WriteRegister
                0x0801043a       0x30 CMakeFiles/n7six.ApeX-k1.v7.6.5.dir/App/driver/bk1080.c.obj
                0x0801043a                BK1080_WriteRegister
 *fill*         0x0801046a        0x2 
 .text.BK1080_Init0
                0x0801046c       0x10 CMakeFiles/n7six.ApeX-k1.v7.6.5.dir/App/driver/bk1080.c.obj
                0x0801046c                BK1080_Init0
 .text.BK1080_Mute
                0x0801047c       0x1c CMakeFiles/n7six.ApeX-k1.v7.6.5.dir/App/driver/bk1080.c.obj
                0x0801047c                BK1080_Mute
 .text.BK1080_SetFrequency
                0x08010498       0x50 CMakeFiles/n7six.ApeX-k1.v7.6.5.dir/App/driver/bk1080.c.obj
                0x08010498                BK1080_SetFrequency
 .text.BK1080_Init
                0x080104e8       0x98 CMakeFiles/n7six.ApeX-k1.v7.6.5.dir/App/driver/bk1080.c.obj
                0x080104e8                BK1080_Init
 .text.BK1080_GetFrequencyDeviation
                0x08010580       0x1c CMakeFiles/n7six.ApeX-k1.v7.6.5.dir/App/driver/bk1080.c.obj
                0x08010580                BK1080_GetFrequencyDeviation
 .text.BK1080_GetFreqLoLimit
                0x0801059c       0x10 CMakeFiles/n7six.ApeX-k1.v7.6.5.dir/App/driver/bk1080.c.obj
                0x0801059c                BK1080_GetFreqLoLimit
 .text.BK1080_GetFreqHiLimit
                0x080105ac       0x10 CMakeFiles/n7six.ApeX-k1.v7.6.5.dir/App/driver/bk1080.c.obj
                0x080105ac                BK1080_GetFreqHiLimit
 .text.FM_CheckValidChannel
                0x080105bc       0x3c CMakeFiles/n7six.ApeX-k1.v7.6.5.dir/App/app/fm.c.obj
                0x080105bc                FM_CheckValidChannel
 .text.FM_FindNextChannel
                0x080105f8       0x34 CMakeFiles/n7six.ApeX-k1.v7.6.5.dir/App/app/fm.c.obj
                0x080105f8                FM_FindNextChannel
 .text.FM_ConfigureChannelState
                0x0801062c       0x3c CMakeFiles/n7six.ApeX-k1.v7.6.5.dir/App/app/fm.c.obj
                0x0801062c                FM_ConfigureChannelState
 .text.Key_FUNC
                0x08010668       0xa8 CMakeFiles/n7six.ApeX-k1.v7.6.5.dir/App/app/fm.c.obj
 .text.FM_TurnOff
                0x08010710       0x58 CMakeFiles/n7six.ApeX-k1.v7.6.5.dir/App/app/fm.c.obj
                0x08010710                FM_TurnOff
 .text.FM_EraseChannels
                0x08010768       0x1c CMakeFiles/n7six.ApeX-k1.v7.6.5.dir/App/app/fm.c.obj
                0x08010768                FM_EraseChannels
 .text.FM_Tune  0x08010784       0xb4 CMakeFiles/n7six.ApeX-k1.v7.6.5.dir/App/app/fm.c.obj
                0x08010784                FM_Tune
 .text.Key_UP_DOWN
                0x08010838      0x104 CMakeFiles/n7six.ApeX-k1.v7.6.5.dir/App/app/fm.c.obj
 .text.FM_PlayAndUpdate
                0x0801093c       0x68 CMakeFiles/n7six.ApeX-k1.v7.6.5.dir/App/app/fm.c.obj
                0x0801093c                FM_PlayAndUpdate
 .text.FM_CheckFrequencyLock
                0x080109a4       0x94 CMakeFiles/n7six.ApeX-k1.v7.6.5.dir/App/app/fm.c.obj
                0x080109a4                FM_CheckFrequencyLock
 .text.FM_ProcessKeys
                0x08010a38      0x2ac CMakeFiles/n7six.ApeX-k1.v7.6.5.dir/App/app/fm.c.obj
                0x08010a38                FM_ProcessKeys
 .text.FM_Play  0x08010ce4       0xb4 CMakeFiles/n7six.ApeX-k1.v7.6.5.dir/App/app/fm.c.obj
                0x08010ce4                FM_Play
 .text.FM_Start
                0x08010d98       0x68 CMakeFiles/n7six.ApeX-k1.v7.6.5.dir/App/app/fm.c.obj
                0x08010d98                FM_Start
 .text.UI_DisplayFM
                0x08010e00      0x1d0 CMakeFiles/n7six.ApeX-k1.v7.6.5.dir/App/ui/fmradio.c.obj
                0x08010e00                UI_DisplayFM
 .text.AIRCOPY_clear
                0x08010fd0       0x18 CMakeFiles/n7six.ApeX-k1.v7.6.5.dir/App/app/aircopy.c.obj
 .text.AIRCOPY_SendMessage
                0x08010fe8       0xb4 CMakeFiles/n7six.ApeX-k1.v7.6.5.dir/App/app/aircopy.c.obj
                0x08010fe8                AIRCOPY_SendMessage
 .text.AIRCOPY_StorePacket
                0x0801109c       0xe0 CMakeFiles/n7six.ApeX-k1.v7.6.5.dir/App/app/aircopy.c.obj
                0x0801109c                AIRCOPY_StorePacket
 .text.AIRCOPY_ProcessKeys
                0x0801117c      0x158 CMakeFiles/n7six.ApeX-k1.v7.6.5.dir/App/app/aircopy.c.obj
                0x0801117c                AIRCOPY_ProcessKeys
 .text.UI_DisplayAircopy
                0x080112d4      0x1f8 CMakeFiles/n7six.ApeX-k1.v7.6.5.dir/App/ui/aircopy.c.obj
                0x080112d4                UI_DisplayAircopy
 .text.FlashlightTimeSlice
                0x080114cc       0xa4 CMakeFiles/n7six.ApeX-k1.v7.6.5.dir/App/app/flashlight.c.obj
                0x080114cc                FlashlightTimeSlice
 .text.ACTION_FlashLight
                0x08011570       0x38 CMakeFiles/n7six.ApeX-k1.v7.6.5.dir/App/app/flashlight.c.obj
                0x08011570                ACTION_FlashLight
 .text.FastRandom
                0x080115a8       0x20 CMakeFiles/n7six.ApeX-k1.v7.6.5.dir/App/app/spectrum.c.obj
 .text.Rssi2DBm
                0x080115c8       0x1c CMakeFiles/n7six.ApeX-k1.v7.6.5.dir/App/app/spectrum.c.obj
 .text.ResetScanStats
                0x080115e4       0x14 CMakeFiles/n7six.ApeX-k1.v7.6.5.dir/App/app/spectrum.c.obj
 .text.UpdatePeakInfo
                0x080115f8       0x90 CMakeFiles/n7six.ApeX-k1.v7.6.5.dir/App/app/spectrum.c.obj
 .text.MapMeasurementToDisplay
                0x08011688       0x20 CMakeFiles/n7six.ApeX-k1.v7.6.5.dir/App/app/spectrum.c.obj
 .text.GetCentroidFrequency
                0x080116a8       0x94 CMakeFiles/n7six.ApeX-k1.v7.6.5.dir/App/app/spectrum.c.obj
 .text.SetRssiHistory
                0x0801173c       0x28 CMakeFiles/n7six.ApeX-k1.v7.6.5.dir/App/app/spectrum.c.obj
 .text.ToggleListeningBW
                0x08011764       0x20 CMakeFiles/n7six.ApeX-k1.v7.6.5.dir/App/app/spectrum.c.obj
 .text.GetRegMenuValue
                0x08011784       0x20 CMakeFiles/n7six.ApeX-k1.v7.6.5.dir/App/app/spectrum.c.obj
 .text.RestoreRegisters
                0x080117a4       0x2c CMakeFiles/n7six.ApeX-k1.v7.6.5.dir/App/app/spectrum.c.obj
 .text.SetF     0x080117d0       0x30 CMakeFiles/n7six.ApeX-k1.v7.6.5.dir/App/app/spectrum.c.obj
 .text.TuneToPeak
                0x08011800       0x28 CMakeFiles/n7six.ApeX-k1.v7.6.5.dir/App/app/spectrum.c.obj
 .text.ResetBlacklist
                0x08011828       0x3c CMakeFiles/n7six.ApeX-k1.v7.6.5.dir/App/app/spectrum.c.obj
 .text.ToggleBacklight
                0x08011864       0x20 CMakeFiles/n7six.ApeX-k1.v7.6.5.dir/App/app/spectrum.c.obj
 .text.DrawF    0x08011884       0xfc CMakeFiles/n7six.ApeX-k1.v7.6.5.dir/App/app/spectrum.c.obj
 .text.SetBandLed.part.0.constprop.0
                0x08011980       0x3c CMakeFiles/n7six.ApeX-k1.v7.6.5.dir/App/app/spectrum.c.obj
 .text.UpdateDBMax
                0x080119bc       0x70 CMakeFiles/n7six.ApeX-k1.v7.6.5.dir/App/app/spectrum.c.obj
 .text.SYSTEM_DelayUs
                0x08011a2c       0x12 CMakeFiles/n7six.ApeX-k1.v7.6.5.dir/App/app/spectrum.c.obj
                0x08011a2c                SYSTEM_DelayUs
 .text.DrawLine
                0x08011a3e       0x8c CMakeFiles/n7six.ApeX-k1.v7.6.5.dir/App/app/spectrum.c.obj
                0x08011a3e                DrawLine
 *fill*         0x08011aca        0x2 
 .text.LockAGC  0x08011acc       0x24 CMakeFiles/n7six.ApeX-k1.v7.6.5.dir/App/app/spectrum.c.obj
                0x08011acc                LockAGC
 .text.SetRegMenuValue
                0x08011af0       0x78 CMakeFiles/n7six.ApeX-k1.v7.6.5.dir/App/app/spectrum.c.obj
 .text.IsPeakOverLevel
                0x08011b68       0x1c CMakeFiles/n7six.ApeX-k1.v7.6.5.dir/App/app/spectrum.c.obj
                0x08011b68                IsPeakOverLevel
 .text.GetScanStep
                0x08011b84       0x14 CMakeFiles/n7six.ApeX-k1.v7.6.5.dir/App/app/spectrum.c.obj
                0x08011b84                GetScanStep
 .text.GetStepsCount
                0x08011b98       0x38 CMakeFiles/n7six.ApeX-k1.v7.6.5.dir/App/app/spectrum.c.obj
                0x08011b98                GetStepsCount
 .text.GetDisplayWidth
                0x08011bd0       0x38 CMakeFiles/n7six.ApeX-k1.v7.6.5.dir/App/app/spectrum.c.obj
 .text.UpdateWaterfall
                0x08011c08       0xf4 CMakeFiles/n7six.ApeX-k1.v7.6.5.dir/App/app/spectrum.c.obj
 .text.SpecIdxToX
                0x08011cfc       0x1e CMakeFiles/n7six.ApeX-k1.v7.6.5.dir/App/app/spectrum.c.obj
 .text.GetBW    0x08011d1a       0x10 CMakeFiles/n7six.ApeX-k1.v7.6.5.dir/App/app/spectrum.c.obj
                0x08011d1a                GetBW
 *fill*         0x08011d2a        0x2 
 .text.GetFStart
                0x08011d2c       0x38 CMakeFiles/n7six.ApeX-k1.v7.6.5.dir/App/app/spectrum.c.obj
                0x08011d2c                GetFStart
 .text.InitScan
                0x08011d64       0x24 CMakeFiles/n7six.ApeX-k1.v7.6.5.dir/App/app/spectrum.c.obj
 .text.GetFEnd  0x08011d88       0x3c CMakeFiles/n7six.ApeX-k1.v7.6.5.dir/App/app/spectrum.c.obj
                0x08011d88                GetFEnd
 .text.GetBWRegValueForScan
                0x08011dc4       0x14 CMakeFiles/n7six.ApeX-k1.v7.6.5.dir/App/app/spectrum.c.obj
                0x08011dc4                GetBWRegValueForScan
 .text.ToggleRX
                0x08011dd8      0x128 CMakeFiles/n7six.ApeX-k1.v7.6.5.dir/App/app/spectrum.c.obj
 .text.GetRssi  0x08011f00       0x1e CMakeFiles/n7six.ApeX-k1.v7.6.5.dir/App/app/spectrum.c.obj
                0x08011f00                GetRssi
 *fill*         0x08011f1e        0x2 
 .text.Measure  0x08011f20       0x20 CMakeFiles/n7six.ApeX-k1.v7.6.5.dir/App/app/spectrum.c.obj
 .text.RelaunchScan
                0x08011f40       0x30 CMakeFiles/n7six.ApeX-k1.v7.6.5.dir/App/app/spectrum.c.obj
 .text.ToggleModulation
                0x08011f70       0x2c CMakeFiles/n7six.ApeX-k1.v7.6.5.dir/App/app/spectrum.c.obj
 .text.UpdateFreqChangeStep
                0x08011f9c       0x80 CMakeFiles/n7six.ApeX-k1.v7.6.5.dir/App/app/spectrum.c.obj
 .text.UpdateCurrentFreq
                0x0801201c       0x6c CMakeFiles/n7six.ApeX-k1.v7.6.5.dir/App/app/spectrum.c.obj
 .text.SetState
                0x08012088       0x3c CMakeFiles/n7six.ApeX-k1.v7.6.5.dir/App/app/spectrum.c.obj
                0x08012088                SetState
 .text.FreqInput
                0x080120c4       0x3c CMakeFiles/n7six.ApeX-k1.v7.6.5.dir/App/app/spectrum.c.obj
 .text.UpdateFreqInput
                0x08012100      0x19c CMakeFiles/n7six.ApeX-k1.v7.6.5.dir/App/app/spectrum.c.obj
 .text.Rssi2PX  0x0801229c       0x74 CMakeFiles/n7six.ApeX-k1.v7.6.5.dir/App/app/spectrum.c.obj
                0x0801229c                Rssi2PX
 .text.Rssi2Y   0x08012310       0x12 CMakeFiles/n7six.ApeX-k1.v7.6.5.dir/App/app/spectrum.c.obj
                0x08012310                Rssi2Y
 *fill*         0x08012322        0x2 
 .text.RenderSpectrum
                0x08012324      0x5d0 CMakeFiles/n7six.ApeX-k1.v7.6.5.dir/App/app/spectrum.c.obj
 .text.UpdateRssiTriggerLevel
                0x080128f4       0x30 CMakeFiles/n7six.ApeX-k1.v7.6.5.dir/App/app/spectrum.c.obj
                0x080128f4                UpdateRssiTriggerLevel
 .text.OnKeyDownStill
                0x08012924      0x114 CMakeFiles/n7six.ApeX-k1.v7.6.5.dir/App/app/spectrum.c.obj
                0x08012924                OnKeyDownStill
 .text.APP_RunSpectrum
                0x08012a38      0xe00 CMakeFiles/n7six.ApeX-k1.v7.6.5.dir/App/app/spectrum.c.obj
                0x08012a38                APP_RunSpectrum
 .text.HandleUserInput.isra.0
                0x08013838       0xec CMakeFiles/n7six.ApeX-k1.v7.6.5.dir/App/app/breakout.c.obj
 .text.rand_custom
                0x08013924       0x20 CMakeFiles/n7six.ApeX-k1.v7.6.5.dir/App/app/breakout.c.obj
                0x08013924                rand_custom
 .text.reset    0x08013944       0x20 CMakeFiles/n7six.ApeX-k1.v7.6.5.dir/App/app/breakout.c.obj
                0x08013944                reset
 .text.playBeep
                0x08013964       0x24 CMakeFiles/n7six.ApeX-k1.v7.6.5.dir/App/app/breakout.c.obj
                0x08013964                playBeep
 .text.drawScore
                0x08013988       0x8c CMakeFiles/n7six.ApeX-k1.v7.6.5.dir/App/app/breakout.c.obj
                0x08013988                drawScore
 .text.initBall
                0x08013a14       0x54 CMakeFiles/n7six.ApeX-k1.v7.6.5.dir/App/app/breakout.c.obj
                0x08013a14                initBall
 .text.initWall
                0x08013a68       0x68 CMakeFiles/n7six.ApeX-k1.v7.6.5.dir/App/app/breakout.c.obj
                0x08013a68                initWall
 .text.drawWall
                0x08013ad0      0x144 CMakeFiles/n7six.ApeX-k1.v7.6.5.dir/App/app/breakout.c.obj
                0x08013ad0                drawWall
 .text.initRacket
                0x08013c14       0x4c CMakeFiles/n7six.ApeX-k1.v7.6.5.dir/App/app/breakout.c.obj
                0x08013c14                initRacket
 .text.drawBall
                0x08013c60      0x1bc CMakeFiles/n7six.ApeX-k1.v7.6.5.dir/App/app/breakout.c.obj
                0x08013c60                drawBall
 .text.drawRacket
                0x08013e1c       0x94 CMakeFiles/n7six.ApeX-k1.v7.6.5.dir/App/app/breakout.c.obj
                0x08013e1c                drawRacket
 .text.APP_RunBreakout
                0x08013eb0       0xf4 CMakeFiles/n7six.ApeX-k1.v7.6.5.dir/App/app/breakout.c.obj
                0x08013eb0                APP_RunBreakout
 .text.getScreenShot
                0x08013fa4      0x1a4 CMakeFiles/n7six.ApeX-k1.v7.6.5.dir/App/screenshot.c.obj
                0x08013fa4                getScreenShot
 .text.usbd_class_event_notify_handler
                0x08014148       0x24 CMakeFiles/n7six.ApeX-k1.v7.6.5.dir/Middlewares/CherryUSB/core/usbd_core.c.obj
 .text.usbd_set_endpoint
                0x0801416c       0x2c CMakeFiles/n7six.ApeX-k1.v7.6.5.dir/Middlewares/CherryUSB/core/usbd_core.c.obj
 .text.usbd_setup_request_handler.constprop.0
                0x08014198      0x380 CMakeFiles/n7six.ApeX-k1.v7.6.5.dir/Middlewares/CherryUSB/core/usbd_core.c.obj
 .text.usbd_event_resume_handler
                0x08014518        0xc CMakeFiles/n7six.ApeX-k1.v7.6.5.dir/Middlewares/CherryUSB/core/usbd_core.c.obj
                0x08014518                usbd_event_resume_handler
 .text.usbd_event_suspend_handler
                0x08014524        0xc CMakeFiles/n7six.ApeX-k1.v7.6.5.dir/Middlewares/CherryUSB/core/usbd_core.c.obj
                0x08014524                usbd_event_suspend_handler
 .text.usbd_event_reset_handler
                0x08014530       0x38 CMakeFiles/n7six.ApeX-k1.v7.6.5.dir/Middlewares/CherryUSB/core/usbd_core.c.obj
                0x08014530                usbd_event_reset_handler
 .text.usbd_event_ep0_setup_complete_handler
                0x08014568       0x94 CMakeFiles/n7six.ApeX-k1.v7.6.5.dir/Middlewares/CherryUSB/core/usbd_core.c.obj
                0x08014568                usbd_event_ep0_setup_complete_handler
 .text.usbd_event_ep_in_complete_handler
                0x080145fc       0x58 CMakeFiles/n7six.ApeX-k1.v7.6.5.dir/Middlewares/CherryUSB/core/usbd_core.c.obj
                0x080145fc                usbd_event_ep_in_complete_handler
 .text.usbd_event_ep_out_complete_handler
                0x08014654       0x64 CMakeFiles/n7six.ApeX-k1.v7.6.5.dir/Middlewares/CherryUSB/core/usbd_core.c.obj
                0x08014654                usbd_event_ep_out_complete_handler
 .text.usbd_desc_register
                0x080146b8       0x14 CMakeFiles/n7six.ApeX-k1.v7.6.5.dir/Middlewares/CherryUSB/core/usbd_core.c.obj
                0x080146b8                usbd_desc_register
 .text.usbd_add_interface
                0x080146cc       0x2c CMakeFiles/n7six.ApeX-k1.v7.6.5.dir/Middlewares/CherryUSB/core/usbd_core.c.obj
                0x080146cc                usbd_add_interface
 .text.usbd_add_endpoint
                0x080146f8       0x2c CMakeFiles/n7six.ApeX-k1.v7.6.5.dir/Middlewares/CherryUSB/core/usbd_core.c.obj
                0x080146f8                usbd_add_endpoint
 .text.usbd_initialize
                0x08014724        0x8 CMakeFiles/n7six.ApeX-k1.v7.6.5.dir/Middlewares/CherryUSB/core/usbd_core.c.obj
                0x08014724                usbd_initialize
 .text.pyusb_write_packet
                0x0801472c       0x20 CMakeFiles/n7six.ApeX-k1.v7.6.5.dir/Middlewares/CherryUSB/port/usb_dc_py32.c.obj
 .text.usbd_ep0_set_zlp_flag
                0x0801474c        0xc CMakeFiles/n7six.ApeX-k1.v7.6.5.dir/Middlewares/CherryUSB/port/usb_dc_py32.c.obj
                0x0801474c                usbd_ep0_set_zlp_flag
 .text.usb_dc_low_level_init
                0x08014758        0x2 CMakeFiles/n7six.ApeX-k1.v7.6.5.dir/Middlewares/CherryUSB/port/usb_dc_py32.c.obj
                0x08014758                usb_dc_low_level_init
 *fill*         0x0801475a        0x2 
 .text.usb_dc_init
                0x0801475c       0x20 CMakeFiles/n7six.ApeX-k1.v7.6.5.dir/Middlewares/CherryUSB/port/usb_dc_py32.c.obj
                0x0801475c                usb_dc_init
 .text.usbd_set_address
                0x0801477c       0x18 CMakeFiles/n7six.ApeX-k1.v7.6.5.dir/Middlewares/CherryUSB/port/usb_dc_py32.c.obj
                0x0801477c                usbd_set_address
 .text.usbd_ep_open
                0x08014794      0x124 CMakeFiles/n7six.ApeX-k1.v7.6.5.dir/Middlewares/CherryUSB/port/usb_dc_py32.c.obj
                0x08014794                usbd_ep_open
 .text.usbd_ep_close
                0x080148b8        0x4 CMakeFiles/n7six.ApeX-k1.v7.6.5.dir/Middlewares/CherryUSB/port/usb_dc_py32.c.obj
                0x080148b8                usbd_ep_close
 .text.usbd_ep_set_stall
                0x080148bc       0x4c CMakeFiles/n7six.ApeX-k1.v7.6.5.dir/Middlewares/CherryUSB/port/usb_dc_py32.c.obj
                0x080148bc                usbd_ep_set_stall
 .text.usbd_ep_clear_stall
                0x08014908       0x50 CMakeFiles/n7six.ApeX-k1.v7.6.5.dir/Middlewares/CherryUSB/port/usb_dc_py32.c.obj
                0x08014908                usbd_ep_clear_stall
 .text.usbd_ep_is_stalled
                0x08014958       0x34 CMakeFiles/n7six.ApeX-k1.v7.6.5.dir/Middlewares/CherryUSB/port/usb_dc_py32.c.obj
                0x08014958                usbd_ep_is_stalled
 .text.usbd_ep_start_write
                0x0801498c      0x10c CMakeFiles/n7six.ApeX-k1.v7.6.5.dir/Middlewares/CherryUSB/port/usb_dc_py32.c.obj
                0x0801498c                usbd_ep_start_write
 .text.usbd_ep_start_read
                0x08014a98       0x94 CMakeFiles/n7six.ApeX-k1.v7.6.5.dir/Middlewares/CherryUSB/port/usb_dc_py32.c.obj
                0x08014a98                usbd_ep_start_read
 .text.USB_IRQHandler
                0x08014b2c      0x2a8 CMakeFiles/n7six.ApeX-k1.v7.6.5.dir/Middlewares/CherryUSB/port/usb_dc_py32.c.obj
                0x08014b2c                USB_IRQHandler
 .text.cdc_notify_handler
                0x08014dd4        0x2 CMakeFiles/n7six.ApeX-k1.v7.6.5.dir/Middlewares/CherryUSB/class/cdc/usbd_cdc.c.obj
 *fill*         0x08014dd6        0x2 
 .text.usbd_cdc_acm_init_intf
                0x08014dd8       0x18 CMakeFiles/n7six.ApeX-k1.v7.6.5.dir/Middlewares/CherryUSB/class/cdc/usbd_cdc.c.obj
                0x08014dd8                usbd_cdc_acm_init_intf
 .text.usbd_cdc_acm_set_line_coding
                0x08014df0        0x2 CMakeFiles/n7six.ApeX-k1.v7.6.5.dir/Middlewares/CherryUSB/class/cdc/usbd_cdc.c.obj
                0x08014df0                usbd_cdc_acm_set_line_coding
 .text.usbd_cdc_acm_get_line_coding
                0x08014df2       0x1c CMakeFiles/n7six.ApeX-k1.v7.6.5.dir/Middlewares/CherryUSB/class/cdc/usbd_cdc.c.obj
                0x08014df2                usbd_cdc_acm_get_line_coding
 .text.usbd_cdc_acm_set_rts
                0x08014e0e        0x2 CMakeFiles/n7six.ApeX-k1.v7.6.5.dir/Middlewares/CherryUSB/class/cdc/usbd_cdc.c.obj
                0x08014e0e                usbd_cdc_acm_set_rts
 .text.cdc_acm_class_interface_request_handler
                0x08014e10       0x70 CMakeFiles/n7six.ApeX-k1.v7.6.5.dir/Middlewares/CherryUSB/class/cdc/usbd_cdc.c.obj
 .text.__muldi3
                0x08014e80       0x5c /opt/toolchain/bin/../lib/gcc/arm-none-eabi/13.3.1/thumb/v6-m/nofp/libgcc.a(_muldi3.o)
                0x08014e80                __aeabi_lmul
                0x08014e80                __muldi3
 .text.__libc_init_array
                0x08014edc       0x48 /opt/toolchain/bin/../lib/gcc/arm-none-eabi/13.3.1/../../../../arm-none-eabi/lib/thumb/v6-m/nofp/libg_nano.a(libc_a-init.o)
                0x08014edc                __libc_init_array
 .text.memmove  0x08014f24       0x24 /opt/toolchain/bin/../lib/gcc/arm-none-eabi/13.3.1/../../../../arm-none-eabi/lib/thumb/v6-m/nofp/libg_nano.a(libc_a-memmove.o)
                0x08014f24                memmove
 .text.memset   0x08014f48       0x10 /opt/toolchain/bin/../lib/gcc/arm-none-eabi/13.3.1/../../../../arm-none-eabi/lib/thumb/v6-m/nofp/libg_nano.a(libc_a-memset.o)
                0x08014f48                memset
 .text.strcpy   0x08014f58       0x10 /opt/toolchain/bin/../lib/gcc/arm-none-eabi/13.3.1/../../../../arm-none-eabi/lib/thumb/v6-m/nofp/libg_nano.a(libc_a-strcpy.o)
                0x08014f58                strcpy
 .text.memcpy   0x08014f68       0x12 /opt/toolchain/bin/../lib/gcc/arm-none-eabi/13.3.1/../../../../arm-none-eabi/lib/thumb/v6-m/nofp/libg_nano.a(libc_a-memcpy-stub.o)
                0x08014f68                memcpy
 .text.strncpy  0x08014f7a       0x28 /opt/toolchain/bin/../lib/gcc/arm-none-eabi/13.3.1/../../../../arm-none-eabi/lib/thumb/v6-m/nofp/libg_nano.a(libc_a-strncpy.o)
                0x08014f7a                strncpy
 .text.memcmp   0x08014fa2       0x1c /opt/toolchain/bin/../lib/gcc/arm-none-eabi/13.3.1/../../../../arm-none-eabi/lib/thumb/v6-m/nofp/libg_nano.a(libc_a-memcmp.o)
                0x08014fa2                memcmp
 *(.glue_7)
 .glue_7        0x08014fbe        0x0 linker stubs
 *(.glue_7t)
 .glue_7t       0x08014fbe        0x0 linker stubs
 *(.eh_frame)
 *fill*         0x08014fbe        0x2 
 .eh_frame      0x08014fc0        0x0 /opt/toolchain/bin/../lib/gcc/arm-none-eabi/13.3.1/thumb/v6-m/nofp/crtbegin.o
 *(.init)
 .init          0x08014fc0        0x4 /opt/toolchain/bin/../lib/gcc/arm-none-eabi/13.3.1/thumb/v6-m/nofp/crti.o
                0x08014fc0                _init
 .init          0x08014fc4        0x8 /opt/toolchain/bin/../lib/gcc/arm-none-eabi/13.3.1/thumb/v6-m/nofp/crtn.o
 *(.fini)
 .fini          0x08014fcc        0x4 /opt/toolchain/bin/../lib/gcc/arm-none-eabi/13.3.1/thumb/v6-m/nofp/crti.o
                0x08014fcc                _fini
 .fini          0x08014fd0        0x8 /opt/toolchain/bin/../lib/gcc/arm-none-eabi/13.3.1/thumb/v6-m/nofp/crtn.o
                0x08014fd8                        . = ALIGN (0x4)
                0x08014fd8                        _etext = .

.vfp11_veneer   0x08014fd8        0x0
 .vfp11_veneer  0x08014fd8        0x0 linker stubs

.v4_bx          0x08014fd8        0x0
 .v4_bx         0x08014fd8        0x0 linker stubs

.iplt           0x08014fd8        0x0
 .iplt          0x08014fd8        0x0 /opt/toolchain/bin/../lib/gcc/arm-none-eabi/13.3.1/thumb/v6-m/nofp/crtbegin.o

.rodata         0x08014fd8     0x1fb0
                0x08014fd8                        . = ALIGN (0x4)
 *(.rodata)
 .rodata        0x08014fd8       0x64 CMakeFiles/n7six.ApeX-k1.v7.6.5.dir/App/driver/bk4829.c.obj
 .rodata        0x0801503c       0x14 CMakeFiles/n7six.ApeX-k1.v7.6.5.dir/App/app/menu.c.obj
 .rodata        0x08015050       0x70 CMakeFiles/n7six.ApeX-k1.v7.6.5.dir/App/ui/main.c.obj
 .rodata        0x080150c0        0xc CMakeFiles/n7six.ApeX-k1.v7.6.5.dir/App/driver/vcp.c.obj
 *(.rodata*)
 .rodata.HSIFreqTable
                0x080150cc       0x20 CMakeFiles/n7six.ApeX-k1.v7.6.5.dir/Core/Src/system_py32f071.c.obj
                0x080150cc                HSIFreqTable
 .rodata.APBPrescTable
                0x080150ec       0x20 CMakeFiles/n7six.ApeX-k1.v7.6.5.dir/Core/Src/system_py32f071.c.obj
                0x080150ec                APBPrescTable
 .rodata.AHBPrescTable