Archive member included to satisfy reference by file (symbol)

/opt/toolchain/bin/../lib/gcc/arm-none-eabi/13.3.1/thumb/v6-m/nofp/libgcc.a(_thumb1_case_sqi.o)
                              CMakeFiles/n7six.ApeX-k1.v7.6.5br2.dir/App/app/menu.c.obj (__gnu_thumb1_case_sqi)
/opt/toolchain/bin/../lib/gcc/arm-none-eabi/13.3.1/thumb/v6-m/nofp/libgcc.a(_thumb1_case_uqi.o)
                              CMakeFiles/n7six.ApeX-k1.v7.6.5br2.dir/Drivers/PY32F071_HAL_Driver/Src/py32f071_ll_dma.c.obj (__gnu_thumb1_case_uqi)
/opt/toolchain/bin/../lib/gcc/arm-none-eabi/13.3.1/thumb/v6-m/nofp/libgcc.a(_thumb1_case_shi.o)
                              CMakeFiles/n7six.ApeX-k1.v7.6.5br2.dir/App/app/main.c.obj (__gnu_thumb1_case_shi)
/opt/toolchain/bin/../lib/gcc/arm-none-eabi/13.3.1/thumb/v6-m/nofp/libgcc.a(_thumb1_case_uhi.o)
                              CMakeFiles/n7six.ApeX-k1.v7.6.5br2.dir/App/app/main.c.obj (__gnu_thumb1_case_uhi)
/opt/toolchain/bin/../lib/gcc/arm-none-eabi/13.3.1/thumb/v6-m/nofp/libgcc.a(_udivsi3.o)
                              CMakeFiles/n7six.ApeX-k1.v7.6.5br2.dir/Drivers/PY32F071_HAL_Driver/Src/py32f071_ll_rcc.c.obj (__aeabi_uidiv)
/opt/toolchain/bin/../lib/gcc/arm-none-eabi/13.3.1/thumb/v6-m/nofp/libgcc.a(_divsi3.o)
                              CMakeFiles/n7six.ApeX-k1.v7.6.5br2.dir/Drivers/PY32F071_HAL_Driver/Src/py32f071_ll_i2c.c.obj (__aeabi_idiv)
/opt/toolchain/bin/../lib/gcc/arm-none-eabi/13.3.1/thumb/v6-m/nofp/libgcc.a(_dvmd_tls.o)
                              /opt/toolchain/bin/../lib/gcc/arm-none-eabi/13.3.1/thumb/v6-m/nofp/libgcc.a(_udivsi3.o) (__aeabi_idiv0)
/opt/toolchain/bin/../lib/gcc/arm-none-eabi/13.3.1/thumb/v6-m/nofp/libgcc.a(_clzsi2.o)
                              CMakeFiles/n7six.ApeX-k1.v7.6.5br2.dir/App/board.c.obj (__clzsi2)
/opt/toolchain/bin/../lib/gcc/arm-none-eabi/13.3.1/thumb/v6-m/nofp/libgcc.a(_muldi3.o)
                              CMakeFiles/n7six.ApeX-k1.v7.6.5br2.dir/App/app/spectrum.c.obj (__aeabi_lmul)
/opt/toolchain/bin/../lib/gcc/arm-none-eabi/13.3.1/../../../../arm-none-eabi/lib/thumb/v6-m/nofp/libg_nano.a(libc_a-exit.o)
                              /opt/toolchain/bin/../lib/gcc/arm-none-eabi/13.3.1/../../../../arm-none-eabi/lib/thumb/v6-m/nofp/crt0.o (exit)
/opt/toolchain/bin/../lib/gcc/arm-none-eabi/13.3.1/../../../../arm-none-eabi/lib/thumb/v6-m/nofp/libg_nano.a(libc_a-init.o)
                              /opt/toolchain/bin/../lib/gcc/arm-none-eabi/13.3.1/../../../../arm-none-eabi/lib/thumb/v6-m/nofp/crt0.o (__libc_init_array)
/opt/toolchain/bin/../lib/gcc/arm-none-eabi/13.3.1/../../../../arm-none-eabi/lib/thumb/v6-m/nofp/libg_nano.a(libc_a-memmove.o)
                              CMakeFiles/n7six.ApeX-k1.v7.6.5br2.dir/App/app/dtmf.c.obj (memmove)
/opt/toolchain/bin/../lib/gcc/arm-none-eabi/13.3.1/../../../../arm-none-eabi/lib/thumb/v6-m/nofp/libg_nano.a(libc_a-memset.o)
                              /opt/toolchain/bin/../lib/gcc/arm-none-eabi/13.3.1/../../../../arm-none-eabi/lib/thumb/v6-m/nofp/crt0.o (memset)
/opt/toolchain/bin/../lib/gcc/arm-none-eabi/13.3.1/../../../../arm-none-eabi/lib/thumb/v6-m/nofp/libg_nano.a(libc_a-memcpy-stub.o)
                              CMakeFiles/n7six.ApeX-k1.v7.6.5br2.dir/App/driver/bk4829.c.obj (memcpy)
/opt/toolchain/bin/../lib/gcc/arm-none-eabi/13.3.1/../../../../arm-none-eabi/lib/thumb/v6-m/nofp/libg_nano.a(libc_a-strlen.o)
                              CMakeFiles/n7six.ApeX-k1.v7.6.5br2.dir/App/app/app.c.obj (strlen)
/opt/toolchain/bin/../lib/gcc/arm-none-eabi/13.3.1/../../../../arm-none-eabi/lib/thumb/v6-m/nofp/libg_nano.a(libc_a-findfp.o)
                              /opt/toolchain/bin/../lib/gcc/arm-none-eabi/13.3.1/../../../../arm-none-eabi/lib/thumb/v6-m/nofp/libg_nano.a(libc_a-exit.o) (__stdio_exit_handler)
/opt/toolchain/bin/../lib/gcc/arm-none-eabi/13.3.1/../../../../arm-none-eabi/lib/thumb/v6-m/nofp/libg_nano.a(libc_a-strncpy.o)
                              CMakeFiles/n7six.ApeX-k1.v7.6.5br2.dir/App/app/generic.c.obj (strncpy)
/opt/toolchain/bin/../lib/gcc/arm-none-eabi/13.3.1/../../../../arm-none-eabi/lib/thumb/v6-m/nofp/libg_nano.a(libc_a-strnlen.o)
                              CMakeFiles/n7six.ApeX-k1.v7.6.5br2.dir/App/app/uart.c.obj (strnlen)
/opt/toolchain/bin/../lib/gcc/arm-none-eabi/13.3.1/../../../../arm-none-eabi/lib/thumb/v6-m/nofp/libg_nano.a(libc_a-stdio.o)
                              /opt/toolchain/bin/../lib/gcc/arm-none-eabi/13.3.1/../../../../arm-none-eabi/lib/thumb/v6-m/nofp/libg_nano.a(libc_a-findfp.o) (__sread)
/opt/toolchain/bin/../lib/gcc/arm-none-eabi/13.3.1/../../../../arm-none-eabi/lib/thumb/v6-m/nofp/libg_nano.a(libc_a-lseekr.o)
                              /opt/toolchain/bin/../lib/gcc/arm-none-eabi/13.3.1/../../../../arm-none-eabi/lib/thumb/v6-m/nofp/libg_nano.a(libc_a-stdio.o) (_lseek_r)
/opt/toolchain/bin/../lib/gcc/arm-none-eabi/13.3.1/../../../../arm-none-eabi/lib/thumb/v6-m/nofp/libg_nano.a(libc_a-readr.o)
[...]
Memory Configuration

Name             Origin             Length             Attributes
RAM              0x20000000         0x00004000         xrw
FLASH            0x08002800         0x0001d800         xr
*default*        0x00000000         0xffffffff

Linker script and memory map

LOAD /opt/toolchain/bin/../lib/gcc/arm-none-eabi/13.3.1/thumb/v6-m/nofp/crti.o
LOAD /opt/toolchain/bin/../lib/gcc/arm-none-eabi/13.3.1/thumb/v6-m/nofp/crtbegin.o
LOAD /opt/toolchain/bin/../lib/gcc/arm-none-eabi/13.3.1/../../../../arm-none-eabi/lib/thumb/v6-m/nofp/crt0.o
LOAD CMakeFiles/n7six.ApeX-k1.v7.6.5br2.dir/Core/Src/main.c.obj
LOAD CMakeFiles/n7six.ApeX-k1.v7.6.5br2.dir/Core/Src/py32f071_it.c.obj
LOAD CMakeFiles/n7six.ApeX-k1.v7.6.5br2.dir/Core/Src/system_py32f071.c.obj
LOAD CMakeFiles/n7six.ApeX-k1.v7.6.5br2.dir/Core/startup_py32f071xx.s.obj
LOAD CMakeFiles/n7six.ApeX-k1.v7.6.5br2.dir/Drivers/PY32F071_HAL_Driver/Src/py32f071_ll_rcc.c.obj
LOAD CMakeFiles/n7six.ApeX-k1.v7.6.5br2.dir/Drivers/PY32F071_HAL_Driver/Src/py32f071_ll_pwr.c.obj
LOAD CMakeFiles/n7six.ApeX-k1.v7.6.5br2.dir/Drivers/PY32F071_HAL_Driver/Src/py32f071_ll_dma.c.obj
LOAD CMakeFiles/n7six.ApeX-k1.v7.6.5br2.dir/Drivers/PY32F071_HAL_Driver/Src/py32f071_ll_gpio.c.obj
LOAD CMakeFiles/n7six.ApeX-k1.v7.6.5br2.dir/Drivers/PY32F071_HAL_Driver/Src/py32f071_ll_utils.c.obj
LOAD CMakeFiles/n7six.ApeX-k1.v7.6.5br2.dir/Drivers/PY32F071_HAL_Driver/Src/py32f071_ll_adc.c.obj
LOAD CMakeFiles/n7six.ApeX-k1.v7.6.5br2.dir/Drivers/PY32F071_HAL_Driver/Src/py32f071_ll_comp.c.obj
LOAD CMakeFiles/n7six.ApeX-k1.v7.6.5br2.dir/Drivers/PY32F071_HAL_Driver/Src/py32f071_ll_crc.c.obj
LOAD CMakeFiles/n7six.ApeX-k1.v7.6.5br2.dir/Drivers/PY32F071_HAL_Driver/Src/py32f071_ll_dac.c.obj
LOAD CMakeFiles/n7six.ApeX-k1.v7.6.5br2.dir/Drivers/PY32F071_HAL_Driver/Src/py32f071_ll_exti.c.obj
LOAD CMakeFiles/n7six.ApeX-k1.v7.6.5br2.dir/Drivers/PY32F071_HAL_Driver/Src/py32f071_ll_i2c.c.obj
LOAD CMakeFiles/n7six.ApeX-k1.v7.6.5br2.dir/Drivers/PY32F071_HAL_Driver/Src/py32f071_ll_rtc.c.obj
LOAD CMakeFiles/n7six.ApeX-k1.v7.6.5br2.dir/Drivers/PY32F071_HAL_Driver/Src/py32f071_ll_spi.c.obj
LOAD CMakeFiles/n7six.ApeX-k1.v7.6.5br2.dir/Drivers/PY32F071_HAL_Driver/Src/py32f071_ll_tim.c.obj
LOAD CMakeFiles/n7six.ApeX-k1.v7.6.5br2.dir/Drivers/PY32F071_HAL_Driver/Src/py32f071_ll_lptim.c.obj
LOAD CMakeFiles/n7six.ApeX-k1.v7.6.5br2.dir/Drivers/PY32F071_HAL_Driver/Src/py32f071_ll_usart.c.obj
LOAD CMakeFiles/n7six.ApeX-k1.v7.6.5br2.dir/App/driver/backlight.c.obj
LOAD CMakeFiles/n7six.ApeX-k1.v7.6.5br2.dir/App/driver/bk4829.c.obj
LOAD CMakeFiles/n7six.ApeX-k1.v7.6.5br2.dir/App/driver/py25q16.c.obj
LOAD CMakeFiles/n7six.ApeX-k1.v7.6.5br2.dir/App/driver/gpio.c.obj
LOAD CMakeFiles/n7six.ApeX-k1.v7.6.5br2.dir/App/driver/i2c.c.obj
LOAD CMakeFiles/n7six.ApeX-k1.v7.6.5br2.dir/App/driver/keyboard.c.obj
LOAD CMakeFiles/n7six.ApeX-k1.v7.6.5br2.dir/App/driver/st7565.c.obj
LOAD CMakeFiles/n7six.ApeX-k1.v7.6.5br2.dir/App/driver/system.c.obj
LOAD CMakeFiles/n7six.ApeX-k1.v7.6.5br2.dir/App/driver/systick.c.obj
LOAD CMakeFiles/n7six.ApeX-k1.v7.6.5br2.dir/App/app/action.c.obj
LOAD CMakeFiles/n7six.ApeX-k1.v7.6.5br2.dir/App/app/app.c.obj
LOAD CMakeFiles/n7six.ApeX-k1.v7.6.5br2.dir/App/app/chFrScanner.c.obj
LOAD CMakeFiles/n7six.ApeX-k1.v7.6.5br2.dir/App/app/common.c.obj
LOAD CMakeFiles/n7six.ApeX-k1.v7.6.5br2.dir/App/app/dtmf.c.obj
LOAD CMakeFiles/n7six.ApeX-k1.v7.6.5br2.dir/App/app/events.c.obj
LOAD CMakeFiles/n7six.ApeX-k1.v7.6.5br2.dir/App/app/events_handlers.c.obj
LOAD CMakeFiles/n7six.ApeX-k1.v7.6.5br2.dir/App/app/generic.c.obj
LOAD CMakeFiles/n7six.ApeX-k1.v7.6.5br2.dir/App/app/main.c.obj
LOAD CMakeFiles/n7six.ApeX-k1.v7.6.5br2.dir/App/app/menu.c.obj
LOAD CMakeFiles/n7six.ApeX-k1.v7.6.5br2.dir/App/app/scanner.c.obj
LOAD CMakeFiles/n7six.ApeX-k1.v7.6.5br2.dir/App/audio.c.obj
LOAD CMakeFiles/n7six.ApeX-k1.v7.6.5br2.dir/App/bitmaps.c.obj
LOAD CMakeFiles/n7six.ApeX-k1.v7.6.5br2.dir/App/board.c.obj
LOAD CMakeFiles/n7six.ApeX-k1.v7.6.5br2.dir/App/dcs.c.obj
LOAD CMakeFiles/n7six.ApeX-k1.v7.6.5br2.dir/App/font.c.obj
LOAD CMakeFiles/n7six.ApeX-k1.v7.6.5br2.dir/App/frequencies.c.obj
LOAD CMakeFiles/n7six.ApeX-k1.v7.6.5br2.dir/App/functions.c.obj
LOAD CMakeFiles/n7six.ApeX-k1.v7.6.5br2.dir/App/helper/battery.c.obj
LOAD CMakeFiles/n7six.ApeX-k1.v7.6.5br2.dir/App/helper/boot.c.obj
LOAD CMakeFiles/n7six.ApeX-k1.v7.6.5br2.dir/App/misc.c.obj
LOAD CMakeFiles/n7six.ApeX-k1.v7.6.5br2.dir/App/radio.c.obj
LOAD CMakeFiles/n7six.ApeX-k1.v7.6.5br2.dir/App/scheduler.c.obj
LOAD CMakeFiles/n7six.ApeX-k1.v7.6.5br2.dir/App/settings.c.obj
LOAD CMakeFiles/n7six.ApeX-k1.v7.6.5br2.dir/App/ui/battery.c.obj
LOAD CMakeFiles/n7six.ApeX-k1.v7.6.5br2.dir/App/ui/helper.c.obj
LOAD CMakeFiles/n7six.ApeX-k1.v7.6.5br2.dir/App/ui/inputbox.c.obj
LOAD CMakeFiles/n7six.ApeX-k1.v7.6.5br2.dir/App/ui/main.c.obj
LOAD CMakeFiles/n7six.ApeX-k1.v7.6.5br2.dir/App/ui/menu.c.obj
LOAD CMakeFiles/n7six.ApeX-k1.v7.6.5br2.dir/App/ui/scanner.c.obj
LOAD CMakeFiles/n7six.ApeX-k1.v7.6.5br2.dir/App/ui/status.c.obj
LOAD CMakeFiles/n7six.ApeX-k1.v7.6.5br2.dir/App/ui/ui.c.obj
LOAD CMakeFiles/n7six.ApeX-k1.v7.6.5br2.dir/App/ui/welcome.c.obj
LOAD CMakeFiles/n7six.ApeX-k1.v7.6.5br2.dir/App/version.c.obj
LOAD CMakeFiles/n7six.ApeX-k1.v7.6.5br2.dir/App/main.c.obj
LOAD CMakeFiles/n7six.ApeX-k1.v7.6.5br2.dir/App/external/printf/printf.c.obj
LOAD CMakeFiles/n7six.ApeX-k1.v7.6.5br2.dir/App/driver/crc.c.obj
LOAD CMakeFiles/n7six.ApeX-k1.v7.6.5br2.dir/App/driver/eeprom_compat.c.obj
LOAD CMakeFiles/n7six.ApeX-k1.v7.6.5br2.dir/App/driver/uart.c.obj
LOAD CMakeFiles/n7six.ApeX-k1.v7.6.5br2.dir/App/app/uart.c.obj
LOAD CMakeFiles/n7six.ApeX-k1.v7.6.5br2.dir/App/driver/vcp.c.obj
LOAD CMakeFiles/n7six.ApeX-k1.v7.6.5br2.dir/App/usb/usbd_cdc_if.c.obj
LOAD CMakeFiles/n7six.ApeX-k1.v7.6.5br2.dir/App/driver/bk1080.c.obj
LOAD CMakeFiles/n7six.ApeX-k1.v7.6.5br2.dir/App/app/fm.c.obj
LOAD CMakeFiles/n7six.ApeX-k1.v7.6.5br2.dir/App/ui/fmradio.c.obj
LOAD CMakeFiles/n7six.ApeX-k1.v7.6.5br2.dir/App/app/aircopy.c.obj
LOAD CMakeFiles/n7six.ApeX-k1.v7.6.5br2.dir/App/ui/aircopy.c.obj
LOAD CMakeFiles/n7six.ApeX-k1.v7.6.5br2.dir/App/app/flashlight.c.obj
LOAD CMakeFiles/n7six.ApeX-k1.v7.6.5br2.dir/App/app/spectrum.c.obj
LOAD CMakeFiles/n7six.ApeX-k1.v7.6.5br2.dir/App/app/breakout.c.obj
LOAD CMakeFiles/n7six.ApeX-k1.v7.6.5br2.dir/App/screenshot.c.obj
LOAD CMakeFiles/n7six.ApeX-k1.v7.6.5br2.dir/Middlewares/CherryUSB/core/usbd_core.c.obj
LOAD CMakeFiles/n7six.ApeX-k1.v7.6.5br2.dir/Middlewares/CherryUSB/port/usb_dc_py32.c.obj
LOAD CMakeFiles/n7six.ApeX-k1.v7.6.5br2.dir/Middlewares/CherryUSB/class/cdc/usbd_cdc.c.obj
LOAD /opt/toolchain/bin/../lib/gcc/arm-none-eabi/13.3.1/../../../../arm-none-eabi/lib/thumb/v6-m/nofp/libm.a
START GROUP
LOAD /opt/toolchain/bin/../lib/gcc/arm-none-eabi/13.3.1/thumb/v6-m/nofp/libgcc.a
LOAD /opt/toolchain/bin/../lib/gcc/arm-none-eabi/13.3.1/../../../../arm-none-eabi/lib/thumb/v6-m/nofp/libg_nano.a
LOAD /opt/toolchain/bin/../lib/gcc/arm-none-eabi/13.3.1/../../../../arm-none-eabi/lib/thumb/v6-m/nofp/libc_nano.a
END GROUP
START GROUP
LOAD /opt/toolchain/bin/../lib/gcc/arm-none-eabi/13.3.1/thumb/v6-m/nofp/libgcc.a
LOAD /opt/toolchain/bin/../lib/gcc/arm-none-eabi/13.3.1/../../../../arm-none-eabi/lib/thumb/v6-m/nofp/libc_nano.a
END GROUP
LOAD /opt/toolchain/bin/../lib/gcc/arm-none-eabi/13.3.1/thumb/v6-m/nofp/crtend.o
LOAD /opt/toolchain/bin/../lib/gcc/arm-none-eabi/13.3.1/thumb/v6-m/nofp/crtn.o
                0x20004000                        _estack = (ORIGIN (RAM) + LENGTH (RAM))
                0x00000200                        _Min_Heap_Size = 0x200
                0x00000400                        _Min_Stack_Size = 0x400

.isr_vector     0x08002800       0xc0
                0x08002800                        . = ALIGN (0x4)
 *(.isr_vector)
 .isr_vector    0x08002800       0xc0 CMakeFiles/n7six.ApeX-k1.v7.6.5br2.dir/Core/startup_py32f071xx.s.obj
                0x08002800                g_pfnVectors
                0x080028c0                        . = ALIGN (0x4)

.text           0x080028c0    0x12c44
                0x080028c0                        . = ALIGN (0x4)
 *(.text)
 .text          0x080028c0       0x14 /opt/toolchain/bin/../lib/gcc/arm-none-eabi/13.3.1/thumb/v6-m/nofp/libgcc.a(_thumb1_case_sqi.o)
                0x080028c0                __gnu_thumb1_case_sqi
 .text          0x080028d4       0x14 /opt/toolchain/bin/../lib/gcc/arm-none-eabi/13.3.1/thumb/v6-m/nofp/libgcc.a(_thumb1_case_uqi.o)
                0x080028d4                __gnu_thumb1_case_uqi
 .text          0x080028e8       0x14 /opt/toolchain/bin/../lib/gcc/arm-none-eabi/13.3.1/thumb/v6-m/nofp/libgcc.a(_thumb1_case_shi.o)
                0x080028e8                __gnu_thumb1_case_shi
 .text          0x080028fc       0x14 /opt/toolchain/bin/../lib/gcc/arm-none-eabi/13.3.1/thumb/v6-m/nofp/libgcc.a(_thumb1_case_uhi.o)
                0x080028fc                __gnu_thumb1_case_uhi
 .text          0x08002910      0x114 /opt/toolchain/bin/../lib/gcc/arm-none-eabi/13.3.1/thumb/v6-m/nofp/libgcc.a(_udivsi3.o)
                0x08002910                __udivsi3
                0x08002910                __aeabi_uidiv
                0x08002a1c                __aeabi_uidivmod
 .text          0x08002a24      0x1d4 /opt/toolchain/bin/../lib/gcc/arm-none-eabi/13.3.1/thumb/v6-m/nofp/libgcc.a(_divsi3.o)
                0x08002a24                __aeabi_idiv
                0x08002a24                __divsi3
                0x08002bf0                __aeabi_idivmod
 .text          0x08002bf8        0x4 /opt/toolchain/bin/../lib/gcc/arm-none-eabi/13.3.1/thumb/v6-m/nofp/libgcc.a(_dvmd_tls.o)
                0x08002bf8                __aeabi_ldiv0
                0x08002bf8                __aeabi_idiv0
 .text          0x08002bfc       0x3c /opt/toolchain/bin/../lib/gcc/arm-none-eabi/13.3.1/thumb/v6-m/nofp/libgcc.a(_clzsi2.o)
                0x08002bfc                __clzsi2
 .text          0x08002c38        0xe /opt/toolchain/bin/../lib/gcc/arm-none-eabi/13.3.1/../../../../arm-none-eabi/lib/thumb/v6-m/nofp/libg_nano.a(libc_a-strlen.o)
                0x08002c38                strlen
 *(.text*)
 *fill*         0x08002c46        0x2 
 .text.deregister_tm_clones
                0x08002c48       0x20 /opt/toolchain/bin/../lib/gcc/arm-none-eabi/13.3.1/thumb/v6-m/nofp/crtbegin.o
 .text.register_tm_clones
                0x08002c68       0x28 /opt/toolchain/bin/../lib/gcc/arm-none-eabi/13.3.1/thumb/v6-m/nofp/crtbegin.o
 .text.__do_global_dtors_aux
                0x08002c90       0x2c /opt/toolchain/bin/../lib/gcc/arm-none-eabi/13.3.1/thumb/v6-m/nofp/crtbegin.o
 .text.frame_dummy
                0x08002cbc       0x24 /opt/toolchain/bin/../lib/gcc/arm-none-eabi/13.3.1/thumb/v6-m/nofp/crtbegin.o
 .text.startup.main
                0x08002ce0       0x3c CMakeFiles/n7six.ApeX-k1.v7.6.5br2.dir/Core/Src/main.c.obj
                0x08002ce0                main
 .text.NMI_Handler
                0x08002d1c        0x2 CMakeFiles/n7six.ApeX-k1.v7.6.5br2.dir/Core/Src/py32f071_it.c.obj
                0x08002d1c                NMI_Handler
 .text.HardFault_Handler
                0x08002d1e        0x2 CMakeFiles/n7six.ApeX-k1.v7.6.5br2.dir/Core/Src/py32f071_it.c.obj
                0x08002d1e                HardFault_Handler
 .text.SVC_Handler
                0x08002d20        0x2 CMakeFiles/n7six.ApeX-k1.v7.6.5br2.dir/Core/Src/py32f071_it.c.obj
                0x08002d20                SVC_Handler
 .text.PendSV_Handler
                0x08002d22        0x2 CMakeFiles/n7six.ApeX-k1.v7.6.5br2.dir/Core/Src/py32f071_it.c.obj
                0x08002d22                PendSV_Handler
 .text.SystemInit
                0x08002d24       0x10 CMakeFiles/n7six.ApeX-k1.v7.6.5br2.dir/Core/Src/system_py32f071.c.obj
                0x08002d24                SystemInit
 .text.Reset_Handler
                0x08002d34       0x50 CMakeFiles/n7six.ApeX-k1.v7.6.5br2.dir/Core/startup_py32f071xx.s.obj
                0x08002d34                Reset_Handler
 .text.Default_Handler
                0x08002d84        0x2 CMakeFiles/n7six.ApeX-k1.v7.6.5br2.dir/Core/startup_py32f071xx.s.obj
                0x08002d84                TIM1_CC_IRQHandler
                0x08002d84                PVD_IRQHandler
                0x08002d84                I2C1_IRQHandler
                0x08002d84                SPI1_IRQHandler
                0x08002d84                EXTI2_3_IRQHandler
                0x08002d84                I2C2_IRQHandler
                0x08002d84                TIM17_IRQHandler
                0x08002d84                USART3_IRQHandler
                0x08002d84                RTC_IRQHandler
                0x08002d84                LCD_IRQHandler
                0x08002d84                TIM16_IRQHandler
                0x08002d84                TIM3_IRQHandler
                0x08002d84                EXTI4_15_IRQHandler
                0x08002d84                RCC_IRQHandler
                0x08002d84                DMA1_Channel1_IRQHandler
                0x08002d84                Default_Handler
                0x08002d84                TIM14_IRQHandler
                0x08002d84                TIM7_IRQHandler
                0x08002d84                TIM15_IRQHandler
                0x08002d84                EXTI0_1_IRQHandler
                0x08002d84                SPI2_IRQHandler
                0x08002d84                WWDG_IRQHandler
                0x08002d84                TIM2_IRQHandler
                0x08002d84                DMA1_Channel2_3_IRQHandler
                0x08002d84                ADC_COMP_IRQHandler
                0x08002d84                USART2_IRQHandler
                0x08002d84                TIM6_LPTIM1_DAC_IRQHandler
                0x08002d84                FLASH_IRQHandler
                0x08002d84                USART1_IRQHandler
                0x08002d84                TIM1_BRK_UP_TRG_COM_IRQHandler
 *fill*         0x08002d86        0x2 
 .text.RCC_GetHCLKClockFreq
                0x08002d88       0x20 CMakeFiles/n7six.ApeX-k1.v7.6.5br2.dir/Drivers/PY32F071_HAL_Driver/Src/py32f071_ll_rcc.c.obj
                0x08002d88                RCC_GetHCLKClockFreq
 .text.RCC_GetPCLK1ClockFreq
                0x08002da8       0x20 CMakeFiles/n7six.ApeX-k1.v7.6.5br2.dir/Drivers/PY32F071_HAL_Driver/Src/py32f071_ll_rcc.c.obj
                0x08002da8                RCC_GetPCLK1ClockFreq
 .text.RCC_PLL_GetFreqDomain_SYS
                0x08002dc8       0x38 CMakeFiles/n7six.ApeX-k1.v7.6.5br2.dir/Drivers/PY32F071_HAL_Driver/Src/py32f071_ll_rcc.c.obj
                0x08002dc8                RCC_PLL_GetFreqDomain_SYS
 .text.RCC_GetSystemClockFreq
                0x08002e00       0x50 CMakeFiles/n7six.ApeX-k1.v7.6.5br2.dir/Drivers/PY32F071_HAL_Driver/Src/py32f071_ll_rcc.c.obj
                0x08002e00                RCC_GetSystemClockFreq
 .text.LL_RCC_GetSystemClocksFreq
                0x08002e50       0x18 CMakeFiles/n7six.ApeX-k1.v7.6.5br2.dir/Drivers/PY32F071_HAL_Driver/Src/py32f071_ll_rcc.c.obj
                0x08002e50                LL_RCC_GetSystemClocksFreq
 .text.LL_DMA_Init
                0x08002e68       0x4c CMakeFiles/n7six.ApeX-k1.v7.6.5br2.dir/Drivers/PY32F071_HAL_Driver/Src/py32f071_ll_dma.c.obj
                0x08002e68                LL_DMA_Init
 .text.LL_DMA_StructInit
                0x08002eb4       0x18 CMakeFiles/n7six.ApeX-k1.v7.6.5br2.dir/Drivers/PY32F071_HAL_Driver/Src/py32f071_ll_dma.c.obj
                0x08002eb4                LL_DMA_StructInit
 .text.LL_GPIO_Init
                0x08002ecc       0xa4 CMakeFiles/n7six.ApeX-k1.v7.6.5br2.dir/Drivers/PY32F071_HAL_Driver/Src/py32f071_ll_gpio.c.obj
                0x08002ecc                LL_GPIO_Init
 .text.LL_GPIO_StructInit
                0x08002f70       0x18 CMakeFiles/n7six.ApeX-k1.v7.6.5br2.dir/Drivers/PY32F071_HAL_Driver/Src/py32f071_ll_gpio.c.obj
                0x08002f70                LL_GPIO_StructInit
 .text.LL_SetSystemCoreClock
                0x08002f88        0xc CMakeFiles/n7six.ApeX-k1.v7.6.5br2.dir/Drivers/PY32F071_HAL_Driver/Src/py32f071_ll_utils.c.obj
                0x08002f88                LL_SetSystemCoreClock
 .text.LL_SPI_Init
                0x08002f94       0x68 CMakeFiles/n7six.ApeX-k1.v7.6.5br2.dir/Drivers/PY32F071_HAL_Driver/Src/py32f071_ll_spi.c.obj
                0x08002f94                LL_SPI_Init
 .text.LL_SPI_StructInit
                0x08002ffc       0x1a CMakeFiles/n7six.ApeX-k1.v7.6.5br2.dir/Drivers/PY32F071_HAL_Driver/Src/py32f071_ll_spi.c.obj
                0x08002ffc                LL_SPI_StructInit
 *fill*         0x08003016        0x2 
 .text.LL_USART_Init
                0x08003018       0xe4 CMakeFiles/n7six.ApeX-k1.v7.6.5br2.dir/Drivers/PY32F071_HAL_Driver/Src/py32f071_ll_usart.c.obj
                0x08003018                LL_USART_Init
 .text.LL_USART_StructInit
                0x080030fc       0x18 CMakeFiles/n7six.ApeX-k1.v7.6.5br2.dir/Drivers/PY32F071_HAL_Driver/Src/py32f071_ll_usart.c.obj
                0x080030fc                LL_USART_StructInit
 .text.BACKLIGHT_Sound
                0x08003114       0x28 CMakeFiles/n7six.ApeX-k1.v7.6.5br2.dir/App/driver/backlight.c.obj
 .text.BACKLIGHT_InitHardware
                0x0800313c       0xc4 CMakeFiles/n7six.ApeX-k1.v7.6.5br2.dir/App/driver/backlight.c.obj
                0x0800313c                BACKLIGHT_InitHardware
 .text.BACKLIGHT_IsOn
                0x08003200        0xc CMakeFiles/n7six.ApeX-k1.v7.6.5br2.dir/App/driver/backlight.c.obj
                0x08003200                BACKLIGHT_IsOn
 .text.BACKLIGHT_SetBrightness
                0x0800320c       0xbc CMakeFiles/n7six.ApeX-k1.v7.6.5br2.dir/App/driver/backlight.c.obj
                0x0800320c                BACKLIGHT_SetBrightness
 .text.BACKLIGHT_TurnOff
                0x080032c8       0x24 CMakeFiles/n7six.ApeX-k1.v7.6.5br2.dir/App/driver/backlight.c.obj
                0x080032c8                BACKLIGHT_TurnOff
 .text.BACKLIGHT_TurnOn
                0x080032ec       0x8c CMakeFiles/n7six.ApeX-k1.v7.6.5br2.dir/App/driver/backlight.c.obj
                0x080032ec                BACKLIGHT_TurnOn
 .text.BK4819_WriteU8
                0x08003378       0x54 CMakeFiles/n7six.ApeX-k1.v7.6.5br2.dir/App/driver/bk4829.c.obj
                0x08003378                BK4819_WriteU8
 .text.BK4819_ReadRegister
                0x080033cc       0x98 CMakeFiles/n7six.ApeX-k1.v7.6.5br2.dir/App/driver/bk4829.c.obj
                0x080033cc                BK4819_ReadRegister
 .text.BK4819_WriteU16
                0x08003464       0x54 CMakeFiles/n7six.ApeX-k1.v7.6.5br2.dir/App/driver/bk4829.c.obj
                0x08003464                BK4819_WriteU16
 .text.BK4819_WriteRegister
                0x080034b8       0x4c CMakeFiles/n7six.ApeX-k1.v7.6.5br2.dir/App/driver/bk4829.c.obj
                0x080034b8                BK4819_WriteRegister
 .text.BK4819_Init
                0x08003504      0x1d0 CMakeFiles/n7six.ApeX-k1.v7.6.5br2.dir/App/driver/bk4829.c.obj
                0x08003504                BK4819_Init
 .text.BK4819_SetAGC
                0x080036d4       0x30 CMakeFiles/n7six.ApeX-k1.v7.6.5br2.dir/App/driver/bk4829.c.obj
                0x080036d4                BK4819_SetAGC
 .text.BK4819_InitAGC
                0x08003704       0x64 CMakeFiles/n7six.ApeX-k1.v7.6.5br2.dir/App/driver/bk4829.c.obj
                0x08003704                BK4819_InitAGC
 .text.BK4819_ToggleGpioOut
                0x08003768       0x2c CMakeFiles/n7six.ApeX-k1.v7.6.5br2.dir/App/driver/bk4829.c.obj
                0x08003768                BK4819_ToggleGpioOut
 .text.BK4819_SetCDCSSCodeWord
                0x08003794       0x38 CMakeFiles/n7six.ApeX-k1.v7.6.5br2.dir/App/driver/bk4829.c.obj
                0x08003794                BK4819_SetCDCSSCodeWord
 .text.BK4819_SetCTCSSFrequency
                0x080037cc       0x48 CMakeFiles/n7six.ApeX-k1.v7.6.5br2.dir/App/driver/bk4829.c.obj
                0x080037cc                BK4819_SetCTCSSFrequency
 .text.BK4819_SetTailDetection
                0x08003814       0x24 CMakeFiles/n7six.ApeX-k1.v7.6.5br2.dir/App/driver/bk4829.c.obj
                0x08003814                BK4819_SetTailDetection
 .text.BK4819_EnableVox
                0x08003838       0x48 CMakeFiles/n7six.ApeX-k1.v7.6.5br2.dir/App/driver/bk4829.c.obj
                0x08003838                BK4819_EnableVox
 .text.BK4819_SetFilterBandwidth
                0x08003880       0x1c CMakeFiles/n7six.ApeX-k1.v7.6.5br2.dir/App/driver/bk4829.c.obj
                0x08003880                BK4819_SetFilterBandwidth
 .text.BK4819_SetupPowerAmplifier
                0x0800389c       0x20 CMakeFiles/n7six.ApeX-k1.v7.6.5br2.dir/App/driver/bk4829.c.obj
                0x0800389c                BK4819_SetupPowerAmplifier
 .text.BK4819_SetFrequency
                0x080038bc       0x16 CMakeFiles/n7six.ApeX-k1.v7.6.5br2.dir/App/driver/bk4829.c.obj
                0x080038bc                BK4819_SetFrequency
 *fill*         0x080038d2        0x2 
 .text.BK4819_SetAF
                0x080038d4       0x14 CMakeFiles/n7six.ApeX-k1.v7.6.5br2.dir/App/driver/bk4829.c.obj
                0x080038d4                BK4819_SetAF
 .text.BK4819_SetRegValue
                0x080038e8       0x2e CMakeFiles/n7six.ApeX-k1.v7.6.5br2.dir/App/driver/bk4829.c.obj
                0x080038e8                BK4819_SetRegValue
 *fill*         0x08003916        0x2 
 .text.BK4819_RX_TurnOn
                0x08003918       0x24 CMakeFiles/n7six.ApeX-k1.v7.6.5br2.dir/App/driver/bk4829.c.obj
                0x08003918                BK4819_RX_TurnOn
 .text.BK4819_SetupSquelch
                0x0800393c       0x56 CMakeFiles/n7six.ApeX-k1.v7.6.5br2.dir/App/driver/bk4829.c.obj
                0x0800393c                BK4819_SetupSquelch
 *fill*         0x08003992        0x2 
 .text.BK4819_PickRXFilterPathBasedOnFrequency
                0x08003994       0x30 CMakeFiles/n7six.ApeX-k1.v7.6.5br2.dir/App/driver/bk4829.c.obj
                0x08003994                BK4819_PickRXFilterPathBasedOnFrequency
 .text.BK4819_DisableScramble
                0x080039c4       0x1e CMakeFiles/n7six.ApeX-k1.v7.6.5br2.dir/App/driver/bk4829.c.obj
                0x080039c4                BK4819_DisableScramble
 *fill*         0x080039e2        0x2 
 .text.BK4819_SetCompander
                0x080039e4       0x54 CMakeFiles/n7six.ApeX-k1.v7.6.5br2.dir/App/driver/bk4829.c.obj
                0x080039e4                BK4819_SetCompander
 .text.BK4819_DisableVox
                0x08003a38       0x16 CMakeFiles/n7six.ApeX-k1.v7.6.5br2.dir/App/driver/bk4829.c.obj
                0x08003a38                BK4819_DisableVox
 .text.BK4819_DisableDTMF
                0x08003a4e        0xc CMakeFiles/n7six.ApeX-k1.v7.6.5br2.dir/App/driver/bk4829.c.obj
                0x08003a4e                BK4819_DisableDTMF
 *fill*         0x08003a5a        0x2 
 .text.BK4819_EnableDTMF
                0x08003a5c       0x1c CMakeFiles/n7six.ApeX-k1.v7.6.5br2.dir/App/driver/bk4829.c.obj
                0x08003a5c                BK4819_EnableDTMF
 .text.BK4819_EnterTxMute
                0x08003a78       0x10 CMakeFiles/n7six.ApeX-k1.v7.6.5br2.dir/App/driver/bk4829.c.obj
                0x08003a78                BK4819_EnterTxMute
 .text.BK4819_PlayTone
                0x08003a88       0x58 CMakeFiles/n7six.ApeX-k1.v7.6.5br2.dir/App/driver/bk4829.c.obj
                0x08003a88                BK4819_PlayTone
 .text.BK4819_ExitTxMute
                0x08003ae0       0x10 CMakeFiles/n7six.ApeX-k1.v7.6.5br2.dir/App/driver/bk4829.c.obj
                0x08003ae0                BK4819_ExitTxMute
 .text.BK4819_Sleep
                0x08003af0       0x16 CMakeFiles/n7six.ApeX-k1.v7.6.5br2.dir/App/driver/bk4829.c.obj
                0x08003af0                BK4819_Sleep
 *fill*         0x08003b06        0x2 
 .text.BK4819_TurnsOffTones_TurnsOnRX
                0x08003b08       0x2c CMakeFiles/n7six.ApeX-k1.v7.6.5br2.dir/App/driver/bk4829.c.obj
                0x08003b08                BK4819_TurnsOffTones_TurnsOnRX
 .text.BK4819_SetupAircopy
                0x08003b34       0x44 CMakeFiles/n7six.ApeX-k1.v7.6.5br2.dir/App/driver/bk4829.c.obj
                0x08003b34                BK4819_SetupAircopy
 .text.BK4819_Idle
                0x08003b78        0xc CMakeFiles/n7six.ApeX-k1.v7.6.5br2.dir/App/driver/bk4829.c.obj
                0x08003b78                BK4819_Idle
 .text.BK4819_ResetFSK
                0x08003b84       0x1e CMakeFiles/n7six.ApeX-k1.v7.6.5br2.dir/App/driver/bk4829.c.obj
                0x08003b84                BK4819_ResetFSK
 .text.BK4819_ExitBypass
                0x08003ba2       0x20 CMakeFiles/n7six.ApeX-k1.v7.6.5br2.dir/App/driver/bk4829.c.obj
                0x08003ba2                BK4819_ExitBypass
 *fill*         0x08003bc2        0x2 
 .text.BK4819_TxOn_Beep
                0x08003bc4       0x38 CMakeFiles/n7six.ApeX-k1.v7.6.5br2.dir/App/driver/bk4829.c.obj
                0x08003bc4                BK4819_TxOn_Beep
 .text.BK4819_PrepareTransmit
                0x08003bfc       0x10 CMakeFiles/n7six.ApeX-k1.v7.6.5br2.dir/App/driver/bk4829.c.obj
                0x08003bfc                BK4819_PrepareTransmit
 .text.BK4819_ExitSubAu
                0x08003c0c        0xc CMakeFiles/n7six.ApeX-k1.v7.6.5br2.dir/App/driver/bk4829.c.obj
                0x08003c0c                BK4819_ExitSubAu
 .text.BK4819_Conditional_RX_TurnOn_and_GPIO6_Enable
                0x08003c18       0x1c CMakeFiles/n7six.ApeX-k1.v7.6.5br2.dir/App/driver/bk4829.c.obj
                0x08003c18                BK4819_Conditional_RX_TurnOn_and_GPIO6_Enable
 .text.BK4819_ExitDTMF_TX
                0x08003c34       0x30 CMakeFiles/n7six.ApeX-k1.v7.6.5br2.dir/App/driver/bk4829.c.obj
                0x08003c34                BK4819_ExitDTMF_TX
 .text.BK4819_EnableTXLink
                0x08003c64       0x10 CMakeFiles/n7six.ApeX-k1.v7.6.5br2.dir/App/driver/bk4829.c.obj
                0x08003c64                BK4819_EnableTXLink
 .text.BK4819_PlaySingleTone
                0x08003c74       0x94 CMakeFiles/n7six.ApeX-k1.v7.6.5br2.dir/App/driver/bk4829.c.obj
                0x08003c74                BK4819_PlaySingleTone
 .text.BK4819_EnterDTMF_TX
                0x08003d08       0x2c CMakeFiles/n7six.ApeX-k1.v7.6.5br2.dir/App/driver/bk4829.c.obj
                0x08003d08                BK4819_EnterDTMF_TX
 .text.BK4819_PlayDTMF
                0x08003d34       0x7c CMakeFiles/n7six.ApeX-k1.v7.6.5br2.dir/App/driver/bk4829.c.obj
                0x08003d34                BK4819_PlayDTMF
 .text.BK4819_PlayDTMFString
                0x08003db0       0x5a CMakeFiles/n7six.ApeX-k1.v7.6.5br2.dir/App/driver/bk4829.c.obj
                0x08003db0                BK4819_PlayDTMFString
 *fill*         0x08003e0a        0x2 
 .text.BK4819_TransmitTone
                0x08003e0c       0x48 CMakeFiles/n7six.ApeX-k1.v7.6.5br2.dir/App/driver/bk4829.c.obj
                0x08003e0c                BK4819_TransmitTone
 .text.BK4819_GenTail
                0x08003e54       0x40 CMakeFiles/n7six.ApeX-k1.v7.6.5br2.dir/App/driver/bk4829.c.obj
                0x08003e54                BK4819_GenTail
 .text.BK4819_PlayCDCSSTail
                0x08003e94       0x18 CMakeFiles/n7six.ApeX-k1.v7.6.5br2.dir/App/driver/bk4829.c.obj
                0x08003e94                BK4819_PlayCDCSSTail
 .text.BK4819_PlayCTCSSTail
                0x08003eac       0x18 CMakeFiles/n7six.ApeX-k1.v7.6.5br2.dir/App/driver/bk4829.c.obj
                0x08003eac                BK4819_PlayCTCSSTail
 .text.BK4819_GetRSSI
                0x08003ec4        0xe CMakeFiles/n7six.ApeX-k1.v7.6.5br2.dir/App/driver/bk4829.c.obj
                0x08003ec4                BK4819_GetRSSI
 .text.BK4819_GetRSSI_dBm
                0x08003ed2        0xe CMakeFiles/n7six.ApeX-k1.v7.6.5br2.dir/App/driver/bk4829.c.obj
                0x08003ed2                BK4819_GetRSSI_dBm
 .text.BK4819_GetVoiceAmplitudeOut
                0x08003ee0        0xa CMakeFiles/n7six.ApeX-k1.v7.6.5br2.dir/App/driver/bk4829.c.obj
                0x08003ee0                BK4819_GetVoiceAmplitudeOut
 .text.BK4819_GetAfTxRx
                0x08003eea        0xe CMakeFiles/n7six.ApeX-k1.v7.6.5br2.dir/App/driver/bk4829.c.obj
                0x08003eea                BK4819_GetAfTxRx
 .text.BK4819_GetFrequencyScanResult
                0x08003ef8       0x30 CMakeFiles/n7six.ApeX-k1.v7.6.5br2.dir/App/driver/bk4829.c.obj
                0x08003ef8                BK4819_GetFrequencyScanResult
 .text.BK4819_GetCxCSSScanResult
                0x08003f28       0x58 CMakeFiles/n7six.ApeX-k1.v7.6.5br2.dir/App/driver/bk4829.c.obj
                0x08003f28                BK4819_GetCxCSSScanResult
 .text.BK4819_DisableFrequencyScan
                0x08003f80        0xe CMakeFiles/n7six.ApeX-k1.v7.6.5br2.dir/App/driver/bk4829.c.obj
                0x08003f80                BK4819_DisableFrequencyScan
 *fill*         0x08003f8e        0x2 
 .text.BK4819_EnableFrequencyScan
                0x08003f90       0x10 CMakeFiles/n7six.ApeX-k1.v7.6.5br2.dir/App/driver/bk4829.c.obj
                0x08003f90                BK4819_EnableFrequencyScan
 .text.BK4819_SetScanFrequency
                0x08003fa0       0x16 CMakeFiles/n7six.ApeX-k1.v7.6.5br2.dir/App/driver/bk4829.c.obj
                0x08003fa0                BK4819_SetScanFrequency
 .text.BK4819_Disable
                0x08003fb6        0x8 CMakeFiles/n7six.ApeX-k1.v7.6.5br2.dir/App/driver/bk4829.c.obj
                0x08003fb6                BK4819_Disable
 .text.BK4819_StopScan
                0x08003fbe        0xc CMakeFiles/n7six.ApeX-k1.v7.6.5br2.dir/App/driver/bk4829.c.obj
                0x08003fbe                BK4819_StopScan
 .text.BK4819_GetDTMF_5TONE_Code
                0x08003fca        0xe CMakeFiles/n7six.ApeX-k1.v7.6.5br2.dir/App/driver/bk4829.c.obj
                0x08003fca                BK4819_GetDTMF_5TONE_Code
 .text.BK4819_GetCDCSSCodeType
                0x08003fd8        0xe CMakeFiles/n7six.ApeX-k1.v7.6.5br2.dir/App/driver/bk4829.c.obj
                0x08003fd8                BK4819_GetCDCSSCodeType
 .text.BK4819_GetCTCType
                0x08003fe6        0xe CMakeFiles/n7six.ApeX-k1.v7.6.5br2.dir/App/driver/bk4829.c.obj
                0x08003fe6                BK4819_GetCTCType
 .text.BK4819_SendFSKData
                0x08003ff4       0x7c CMakeFiles/n7six.ApeX-k1.v7.6.5br2.dir/App/driver/bk4829.c.obj
                0x08003ff4                BK4819_SendFSKData
 .text.BK4819_PrepareFSKReceive
                0x08004070       0x40 CMakeFiles/n7six.ApeX-k1.v7.6.5br2.dir/App/driver/bk4829.c.obj
                0x08004070                BK4819_PrepareFSKReceive
 .text.BK4819_PlayRogerMDC
                0x080040b0       0x78 CMakeFiles/n7six.ApeX-k1.v7.6.5br2.dir/App/driver/bk4829.c.obj
                0x080040b0                BK4819_PlayRogerMDC
 .text.BK4819_PlayRoger
                0x08004128       0x80 CMakeFiles/n7six.ApeX-k1.v7.6.5br2.dir/App/driver/bk4829.c.obj
                0x08004128                BK4819_PlayRoger
 .text.BK4819_PlayDTMFEx
                0x080041a8       0x3c CMakeFiles/n7six.ApeX-k1.v7.6.5br2.dir/App/driver/bk4829.c.obj
                0x080041a8                BK4819_PlayDTMFEx
 .text.SPI_WriteByte
                0x080041e4       0x20 CMakeFiles/n7six.ApeX-k1.v7.6.5br2.dir/App/driver/py25q16.c.obj
 .text.WriteAddr
                0x08004204       0x1c CMakeFiles/n7six.ApeX-k1.v7.6.5br2.dir/App/driver/py25q16.c.obj
 .text.WaitWIP  0x08004220       0x30 CMakeFiles/n7six.ApeX-k1.v7.6.5br2.dir/App/driver/py25q16.c.obj
 .text.SectorErase
                0x08004250       0x2e CMakeFiles/n7six.ApeX-k1.v7.6.5br2.dir/App/driver/py25q16.c.obj
 *fill*         0x0800427e        0x2 
 .text.SectorProgram
                0x08004280      0x12c CMakeFiles/n7six.ApeX-k1.v7.6.5br2.dir/App/driver/py25q16.c.obj
 .text.PY25Q16_Init
                0x080043ac       0xf0 CMakeFiles/n7six.ApeX-k1.v7.6.5br2.dir/App/driver/py25q16.c.obj
                0x080043ac                PY25Q16_Init
 .text.PY25Q16_ReadBuffer
                0x0800449c       0xf4 CMakeFiles/n7six.ApeX-k1.v7.6.5br2.dir/App/driver/py25q16.c.obj
                0x0800449c                PY25Q16_ReadBuffer
 .text.PY25Q16_WriteBuffer
                0x08004590       0xdc CMakeFiles/n7six.ApeX-k1.v7.6.5br2.dir/App/driver/py25q16.c.obj
                0x08004590                PY25Q16_WriteBuffer
 .text.PY25Q16_SectorErase
                0x0800466c       0x2c CMakeFiles/n7six.ApeX-k1.v7.6.5br2.dir/App/driver/py25q16.c.obj
                0x0800466c                PY25Q16_SectorErase
 .text.DMA1_Channel4_5_6_7_IRQHandler
                0x08004698       0x64 CMakeFiles/n7six.ApeX-k1.v7.6.5br2.dir/App/driver/py25q16.c.obj
                0x08004698                DMA1_Channel4_5_6_7_IRQHandler
 .text.I2C_Start
                0x080046fc       0x30 CMakeFiles/n7six.ApeX-k1.v7.6.5br2.dir/App/driver/i2c.c.obj
                0x080046fc                I2C_Start
 .text.I2C_Stop
                0x0800472c       0x30 CMakeFiles/n7six.ApeX-k1.v7.6.5br2.dir/App/driver/i2c.c.obj
                0x0800472c                I2C_Stop
 .text.I2C_Read
                0x0800475c       0x98 CMakeFiles/n7six.ApeX-k1.v7.6.5br2.dir/App/driver/i2c.c.obj
                0x0800475c                I2C_Read
 .text.I2C_Write
                0x080047f4       0xa4 CMakeFiles/n7six.ApeX-k1.v7.6.5br2.dir/App/driver/i2c.c.obj
                0x080047f4                I2C_Write
 .text.I2C_ReadBuffer
                0x08004898       0x3e CMakeFiles/n7six.ApeX-k1.v7.6.5br2.dir/App/driver/i2c.c.obj
                0x08004898                I2C_ReadBuffer
 .text.I2C_WriteBuffer
                0x080048d6       0x20 CMakeFiles/n7six.ApeX-k1.v7.6.5br2.dir/App/driver/i2c.c.obj
                0x080048d6                I2C_WriteBuffer
 *fill*         0x080048f6        0x2 
 .text.KEYBOARD_Poll
                0x080048f8       0x8c CMakeFiles/n7six.ApeX-k1.v7.6.5br2.dir/App/driver/keyboard.c.obj
                0x080048f8                KEYBOARD_Poll
 .text.SPI_WriteByte.isra.0
                0x08004984       0x1c CMakeFiles/n7six.ApeX-k1.v7.6.5br2.dir/App/driver/st7565.c.obj
 .text.map      0x080049a0       0x1c CMakeFiles/n7six.ApeX-k1.v7.6.5br2.dir/App/driver/st7565.c.obj
                0x080049a0                map
 .text.ST7565_Gauge
                0x080049bc       0x50 CMakeFiles/n7six.ApeX-k1.v7.6.5br2.dir/App/driver/st7565.c.obj
                0x080049bc                ST7565_Gauge
 .text.ST7565_HardwareReset
                0x08004a0c        0x2 CMakeFiles/n7six.ApeX-k1.v7.6.5br2.dir/App/driver/st7565.c.obj
                0x08004a0c                ST7565_HardwareReset
 .text.ST7565_SelectColumnAndLine
                0x08004a0e       0x28 CMakeFiles/n7six.ApeX-k1.v7.6.5br2.dir/App/driver/st7565.c.obj
                0x08004a0e                ST7565_SelectColumnAndLine
 .text.DrawLine
                0x08004a36       0x30 CMakeFiles/n7six.ApeX-k1.v7.6.5br2.dir/App/driver/st7565.c.obj
 *fill*         0x08004a66        0x2 
 .text.ST7565_DrawLine
                0x08004a68       0x18 CMakeFiles/n7six.ApeX-k1.v7.6.5br2.dir/App/driver/st7565.c.obj
                0x08004a68                ST7565_DrawLine
 .text.ST7565_WriteByte
                0x08004a80       0x10 CMakeFiles/n7six.ApeX-k1.v7.6.5br2.dir/App/driver/st7565.c.obj
                0x08004a80                ST7565_WriteByte
 .text.ST7565_BlitScreen
                0x08004a90       0x5c CMakeFiles/n7six.ApeX-k1.v7.6.5br2.dir/App/driver/st7565.c.obj
 .text.ST7565_BlitFullScreen
                0x08004aec        0xa CMakeFiles/n7six.ApeX-k1.v7.6.5br2.dir/App/driver/st7565.c.obj
                0x08004aec                ST7565_BlitFullScreen
 .text.ST7565_BlitLine
                0x08004af6        0xc CMakeFiles/n7six.ApeX-k1.v7.6.5br2.dir/App/driver/st7565.c.obj
                0x08004af6                ST7565_BlitLine
 .text.ST7565_BlitStatusLine
                0x08004b02        0xa CMakeFiles/n7six.ApeX-k1.v7.6.5br2.dir/App/driver/st7565.c.obj
                0x08004b02                ST7565_BlitStatusLine
 .text.ST7565_FillScreen
                0x08004b0c       0x5c CMakeFiles/n7six.ApeX-k1.v7.6.5br2.dir/App/driver/st7565.c.obj
                0x08004b0c                ST7565_FillScreen
 .text.ST7565_Cmd
                0x08004b68       0x34 CMakeFiles/n7six.ApeX-k1.v7.6.5br2.dir/App/driver/st7565.c.obj
 .text.ST7565_FixInterfGlitch
                0x08004b9c       0x24 CMakeFiles/n7six.ApeX-k1.v7.6.5br2.dir/App/driver/st7565.c.obj
                0x08004b9c                ST7565_FixInterfGlitch
 .text.ST7565_ContrastAndInv
                0x08004bc0       0x28 CMakeFiles/n7six.ApeX-k1.v7.6.5br2.dir/App/driver/st7565.c.obj
                0x08004bc0                ST7565_ContrastAndInv
 .text.ST7565_Init
                0x08004be8      0x10c CMakeFiles/n7six.ApeX-k1.v7.6.5br2.dir/App/driver/st7565.c.obj
                0x08004be8                ST7565_Init
 .text.ST7565_ShutDown
                0x08004cf4       0x24 CMakeFiles/n7six.ApeX-k1.v7.6.5br2.dir/App/driver/st7565.c.obj
                0x08004cf4                ST7565_ShutDown
 .text.SYSTEM_DelayMs
                0x08004d18        0xe CMakeFiles/n7six.ApeX-k1.v7.6.5br2.dir/App/driver/system.c.obj
                0x08004d18                SYSTEM_DelayMs
 *fill*         0x08004d26        0x2 
 .text.SYSTICK_Init
                0x08004d28       0x40 CMakeFiles/n7six.ApeX-k1.v7.6.5br2.dir/App/driver/systick.c.obj
                0x08004d28                SYSTICK_Init
 .text.SYSTICK_DelayUs
                0x08004d68       0x34 CMakeFiles/n7six.ApeX-k1.v7.6.5br2.dir/App/driver/systick.c.obj
                0x08004d68                SYSTICK_DelayUs
 .text.ACTION_Power
                0x08004d9c       0x34 CMakeFiles/n7six.ApeX-k1.v7.6.5br2.dir/App/app/action.c.obj
                0x08004d9c                ACTION_Power
 .text.ACTION_SwitchDemodul
                0x08004dd0       0x24 CMakeFiles/n7six.ApeX-k1.v7.6.5br2.dir/App/app/action.c.obj
                0x08004dd0                ACTION_SwitchDemodul
 .text.ACTION_Vox
                0x08004df4       0x28 CMakeFiles/n7six.ApeX-k1.v7.6.5br2.dir/App/app/action.c.obj
                0x08004df4                ACTION_Vox
 .text.ACTION_Ptt
                0x08004e1c       0x10 CMakeFiles/n7six.ApeX-k1.v7.6.5br2.dir/App/app/action.c.obj
                0x08004e1c                ACTION_Ptt
 .text.ACTION_Power_High
                0x08004e2c       0x1c CMakeFiles/n7six.ApeX-k1.v7.6.5br2.dir/App/app/action.c.obj
                0x08004e2c                ACTION_Power_High
 .text.ACTION_Remove_Offset
                0x08004e48       0x1c CMakeFiles/n7six.ApeX-k1.v7.6.5br2.dir/App/app/action.c.obj
                0x08004e48                ACTION_Remove_Offset
 .text.ACTION_BackLight
                0x08004e64       0x28 CMakeFiles/n7six.ApeX-k1.v7.6.5br2.dir/App/app/action.c.obj
                0x08004e64                ACTION_BackLight
 .text.ACTION_Mute
                0x08004e8c       0x60 CMakeFiles/n7six.ApeX-k1.v7.6.5br2.dir/App/app/action.c.obj
                0x08004e8c                ACTION_Mute
 .text.ACTION_Monitor
                0x08004eec       0x88 CMakeFiles/n7six.ApeX-k1.v7.6.5br2.dir/App/app/action.c.obj
                0x08004eec                ACTION_Monitor
 .text.ACTION_FM
                0x08004f74       0x64 CMakeFiles/n7six.ApeX-k1.v7.6.5br2.dir/App/app/action.c.obj
                0x08004f74                ACTION_FM
 .text.ACTION_Wn
                0x08004fd8       0x5c CMakeFiles/n7six.ApeX-k1.v7.6.5br2.dir/App/app/action.c.obj
                0x08004fd8                ACTION_Wn
 .text.ACTION_1750
                0x08005034       0x48 CMakeFiles/n7six.ApeX-k1.v7.6.5br2.dir/App/app/action.c.obj
 .text.ACTION_Scan
                0x0800507c      0x148 CMakeFiles/n7six.ApeX-k1.v7.6.5br2.dir/App/app/action.c.obj
                0x0800507c                ACTION_Scan
 .text.ACTION_ScanRestart
                0x080051c4        0xa CMakeFiles/n7six.ApeX-k1.v7.6.5br2.dir/App/app/action.c.obj
 *fill*         0x080051ce        0x2 
 .text.ACTION_Handle
                0x080051d0       0xd0 CMakeFiles/n7six.ApeX-k1.v7.6.5br2.dir/App/app/action.c.obj
                0x080051d0                ACTION_Handle
 .text.ACTION_Update
                0x080052a0       0x20 CMakeFiles/n7six.ApeX-k1.v7.6.5br2.dir/App/app/action.c.obj
                0x080052a0                ACTION_Update
 .text.ACTION_RxMode
                0x080052c0       0x34 CMakeFiles/n7six.ApeX-k1.v7.6.5br2.dir/App/app/action.c.obj
                0x080052c0                ACTION_RxMode
 .text.ACTION_MainOnly
                0x080052f4       0x40 CMakeFiles/n7six.ApeX-k1.v7.6.5br2.dir/App/app/action.c.obj
                0x080052f4                ACTION_MainOnly
 .text.ACTION_BackLightOnDemand
                0x08005334       0x4c CMakeFiles/n7six.ApeX-k1.v7.6.5br2.dir/App/app/action.c.obj
                0x08005334                ACTION_BackLightOnDemand
 .text.DualwatchAlternate
                0x08005380       0x58 CMakeFiles/n7six.ApeX-k1.v7.6.5br2.dir/App/app/app.c.obj
 .text.HandleReceive
                0x080053d8      0x1f4 CMakeFiles/n7six.ApeX-k1.v7.6.5br2.dir/App/app/app.c.obj
 .text.CheckForIncoming
                0x080055cc       0x9c CMakeFiles/n7six.ApeX-k1.v7.6.5br2.dir/App/app/app.c.obj
 .text.HandlePowerSave
                0x08005668       0x14 CMakeFiles/n7six.ApeX-k1.v7.6.5br2.dir/App/app/app.c.obj
 .text.APP_StartListening
                0x0800567c      0x11c CMakeFiles/n7six.ApeX-k1.v7.6.5br2.dir/App/app/app.c.obj
                0x0800567c                APP_StartListening
 .text.HandleIncoming
                0x08005798       0xa4 CMakeFiles/n7six.ApeX-k1.v7.6.5br2.dir/App/app/app.c.obj
 .text.APP_SetFreqByStepAndLimits
                0x0800583c       0x2c CMakeFiles/n7six.ApeX-k1.v7.6.5br2.dir/App/app/app.c.obj
                0x0800583c                APP_SetFreqByStepAndLimits
 .text.APP_SetFrequencyByStep
                0x08005868       0x1c CMakeFiles/n7six.ApeX-k1.v7.6.5br2.dir/App/app/app.c.obj
                0x08005868                APP_SetFrequencyByStep
 .text.APP_EndTransmission
                0x08005884       0x28 CMakeFiles/n7six.ApeX-k1.v7.6.5br2.dir/App/app/app.c.obj
                0x08005884                APP_EndTransmission
 .text.cancelUserInputModes
                0x080058ac       0x7c CMakeFiles/n7six.ApeX-k1.v7.6.5br2.dir/App/app/app.c.obj
                0x080058ac                cancelUserInputModes
 .text.ProcessKey
                0x08005928      0x678 CMakeFiles/n7six.ApeX-k1.v7.6.5br2.dir/App/app/app.c.obj
 .text.APP_Update
                0x08005fa0      0x508 CMakeFiles/n7six.ApeX-k1.v7.6.5br2.dir/App/app/app.c.obj
                0x08005fa0                APP_Update
 .text.APP_TimeSlice10ms
                0x080064a8      0x614 CMakeFiles/n7six.ApeX-k1.v7.6.5br2.dir/App/app/app.c.obj
                0x080064a8                APP_TimeSlice10ms
 .text.APP_TimeSlice500ms
                0x08006abc      0x478 CMakeFiles/n7six.ApeX-k1.v7.6.5br2.dir/App/app/app.c.obj
                0x08006abc                APP_TimeSlice500ms
 .text.NextMemChannel
                0x08006f34      0x118 CMakeFiles/n7six.ApeX-k1.v7.6.5br2.dir/App/app/chFrScanner.c.obj
 .text.NextFreqChannel
                0x0800704c       0x60 CMakeFiles/n7six.ApeX-k1.v7.6.5br2.dir/App/app/chFrScanner.c.obj
 .text.CHFRSCANNER_Start
                0x080070ac       0xb4 CMakeFiles/n7six.ApeX-k1.v7.6.5br2.dir/App/app/chFrScanner.c.obj
                0x080070ac                CHFRSCANNER_Start
 .text.CHFRSCANNER_ContinueScanning
                0x08007160       0x6c CMakeFiles/n7six.ApeX-k1.v7.6.5br2.dir/App/app/chFrScanner.c.obj
                0x08007160                CHFRSCANNER_ContinueScanning
 .text.CHFRSCANNER_Found
                0x080071cc       0x78 CMakeFiles/n7six.ApeX-k1.v7.6.5br2.dir/App/app/chFrScanner.c.obj
                0x080071cc                CHFRSCANNER_Found
 .text.CHFRSCANNER_Stop
                0x08007244       0xb4 CMakeFiles/n7six.ApeX-k1.v7.6.5br2.dir/App/app/chFrScanner.c.obj
                0x08007244                CHFRSCANNER_Stop
 .text.COMMON_KeypadLockToggle
                0x080072f8       0x30 CMakeFiles/n7six.ApeX-k1.v7.6.5br2.dir/App/app/common.c.obj
                0x080072f8                COMMON_KeypadLockToggle
 .text.COMMON_SwitchVFOs
                0x08007328       0x54 CMakeFiles/n7six.ApeX-k1.v7.6.5br2.dir/App/app/common.c.obj
                0x08007328                COMMON_SwitchVFOs
 .text.COMMON_SwitchVFOMode
                0x0800737c       0x50 CMakeFiles/n7six.ApeX-k1.v7.6.5br2.dir/App/app/common.c.obj
                0x0800737c                COMMON_SwitchVFOMode
 .text.DTMF_BufferShiftAppend
                0x080073cc       0x3c CMakeFiles/n7six.ApeX-k1.v7.6.5br2.dir/App/app/dtmf.c.obj
                0x080073cc                DTMF_BufferShiftAppend
 .text.DTMF_SendEndOfTransmission
                0x08007408       0xa4 CMakeFiles/n7six.ApeX-k1.v7.6.5br2.dir/App/app/dtmf.c.obj
                0x08007408                DTMF_SendEndOfTransmission
 .text.DTMF_IsValidChar
                0x080074ac       0x20 CMakeFiles/n7six.ApeX-k1.v7.6.5br2.dir/App/app/dtmf.c.obj
                0x080074ac                DTMF_IsValidChar
 .text.DTMF_ValidateCodes
                0x080074cc       0x34 CMakeFiles/n7six.ApeX-k1.v7.6.5br2.dir/App/app/dtmf.c.obj
                0x080074cc                DTMF_ValidateCodes
 .text.DTMF_GetCharacter
                0x08007500       0x20 CMakeFiles/n7six.ApeX-k1.v7.6.5br2.dir/App/app/dtmf.c.obj
                0x08007500                DTMF_GetCharacter
 .text.DTMF_clear_input_box
                0x08007520       0x24 CMakeFiles/n7six.ApeX-k1.v7.6.5br2.dir/App/app/dtmf.c.obj
                0x08007520                DTMF_clear_input_box
 .text.DTMF_Append
                0x08007544       0x34 CMakeFiles/n7six.ApeX-k1.v7.6.5br2.dir/App/app/dtmf.c.obj
                0x08007544                DTMF_Append
 .text.DTMF_Reply
                0x08007578       0xb8 CMakeFiles/n7six.ApeX-k1.v7.6.5br2.dir/App/app/dtmf.c.obj
                0x08007578                DTMF_Reply
 .text.APP_SubscribeEvent
                0x08007630       0x48 CMakeFiles/n7six.ApeX-k1.v7.6.5br2.dir/App/app/events.c.obj
                0x08007630                APP_SubscribeEvent
 .text.APP_EventSystem_Init
                0x08007678       0x20 CMakeFiles/n7six.ApeX-k1.v7.6.5br2.dir/App/app/events.c.obj
                0x08007678                APP_EventSystem_Init
 .text.APP_InitializeEventHandlers
                0x08007698       0x28 CMakeFiles/n7six.ApeX-k1.v7.6.5br2.dir/App/app/events_handlers.c.obj
                0x08007698                APP_InitializeEventHandlers
 .text.GENERIC_Key_F
                0x080076c0       0x9c CMakeFiles/n7six.ApeX-k1.v7.6.5br2.dir/App/app/generic.c.obj
                0x080076c0                GENERIC_Key_F
 .text.GENERIC_Key_PTT
                0x0800775c      0x18c CMakeFiles/n7six.ApeX-k1.v7.6.5br2.dir/App/app/generic.c.obj
                0x0800775c                GENERIC_Key_PTT
 .text.processFKeyFunction
                0x080078e8      0x378 CMakeFiles/n7six.ApeX-k1.v7.6.5br2.dir/App/app/main.c.obj
 .text.MAIN_Key_UP_DOWN.part.0
                0x08007c60       0xe8 CMakeFiles/n7six.ApeX-k1.v7.6.5br2.dir/App/app/main.c.obj
 .text.channelMove
                0x08007d48       0x60 CMakeFiles/n7six.ApeX-k1.v7.6.5br2.dir/App/app/main.c.obj
                0x08007d48                channelMove
 .text.channelMoveSwitch
                0x08007da8       0x68 CMakeFiles/n7six.ApeX-k1.v7.6.5br2.dir/App/app/main.c.obj
                0x08007da8                channelMoveSwitch
 .text.MAIN_ProcessKeys
                0x08007e10      0x5b0 CMakeFiles/n7six.ApeX-k1.v7.6.5br2.dir/App/app/main.c.obj
                0x08007e10                MAIN_ProcessKeys
 .text.MENU_StartCssScan
                0x080083c0       0x24 CMakeFiles/n7six.ApeX-k1.v7.6.5br2.dir/App/app/menu.c.obj
                0x080083c0                MENU_StartCssScan
 .text.MENU_StopCssScan
                0x080083e4       0x20 CMakeFiles/n7six.ApeX-k1.v7.6.5br2.dir/App/app/menu.c.obj
                0x080083e4                MENU_StopCssScan
 .text.MENU_GetLimits
                0x08008404       0xe4 CMakeFiles/n7six.ApeX-k1.v7.6.5br2.dir/App/app/menu.c.obj
                0x08008404                MENU_GetLimits
 .text.MENU_Key_UP_DOWN
                0x080084e8      0x1c8 CMakeFiles/n7six.ApeX-k1.v7.6.5br2.dir/App/app/menu.c.obj
 .text.MENU_AcceptSetting
                0x080086b0      0x5bc CMakeFiles/n7six.ApeX-k1.v7.6.5br2.dir/App/app/menu.c.obj
                0x080086b0                MENU_AcceptSetting
 .text.MENU_ShowCurrentSetting
                0x08008c6c      0x408 CMakeFiles/n7six.ApeX-k1.v7.6.5br2.dir/App/app/menu.c.obj
                0x08008c6c                MENU_ShowCurrentSetting
 .text.MENU_CssScanFound
                0x08009074       0x3c CMakeFiles/n7six.ApeX-k1.v7.6.5br2.dir/App/app/menu.c.obj
                0x08009074                MENU_CssScanFound
 .text.MENU_ProcessKeys
                0x080090b0      0x550 CMakeFiles/n7six.ApeX-k1.v7.6.5br2.dir/App/app/menu.c.obj
                0x080090b0                MENU_ProcessKeys
 .text.SCANNER_Key_UP_DOWN
                0x08009600       0x68 CMakeFiles/n7six.ApeX-k1.v7.6.5br2.dir/App/app/scanner.c.obj
 .text.SCANNER_Start
                0x08009668      0x108 CMakeFiles/n7six.ApeX-k1.v7.6.5br2.dir/App/app/scanner.c.obj
                0x08009668                SCANNER_Start
 .text.SCANNER_IsScanning
                0x08009770       0x20 CMakeFiles/n7six.ApeX-k1.v7.6.5br2.dir/App/app/scanner.c.obj
                0x08009770                SCANNER_IsScanning
 .text.SCANNER_Stop
                0x08009790       0x50 CMakeFiles/n7six.ApeX-k1.v7.6.5br2.dir/App/app/scanner.c.obj
                0x08009790                SCANNER_Stop
 .text.SCANNER_ProcessKeys
                0x080097e0      0x2bc CMakeFiles/n7six.ApeX-k1.v7.6.5br2.dir/App/app/scanner.c.obj
                0x080097e0                SCANNER_ProcessKeys
 .text.SCANNER_TimeSlice10ms
                0x08009a9c      0x184 CMakeFiles/n7six.ApeX-k1.v7.6.5br2.dir/App/app/scanner.c.obj
                0x08009a9c                SCANNER_TimeSlice10ms
 .text.SCANNER_TimeSlice500ms
                0x08009c20       0x48 CMakeFiles/n7six.ApeX-k1.v7.6.5br2.dir/App/app/scanner.c.obj
                0x08009c20                SCANNER_TimeSlice500ms
 .text.AUDIO_PlayBeep
                0x08009c68      0x178 CMakeFiles/n7six.ApeX-k1.v7.6.5br2.dir/App/audio.c.obj
                0x08009c68                AUDIO_PlayBeep
 .text.BOARD_GPIO_Init
                0x08009de0       0xbc CMakeFiles/n7six.ApeX-k1.v7.6.5br2.dir/App/board.c.obj
                0x08009de0                BOARD_GPIO_Init
 .text.BOARD_ADC_Init
                0x08009e9c      0x1bc CMakeFiles/n7six.ApeX-k1.v7.6.5br2.dir/App/board.c.obj
                0x08009e9c                BOARD_ADC_Init
 .text.BOARD_ADC_GetBatteryInfo
                0x0800a058       0x2c CMakeFiles/n7six.ApeX-k1.v7.6.5br2.dir/App/board.c.obj
                0x0800a058                BOARD_ADC_GetBatteryInfo
 .text.BOARD_Init
                0x0800a084       0x20 CMakeFiles/n7six.ApeX-k1.v7.6.5br2.dir/App/board.c.obj
                0x0800a084                BOARD_Init
 .text.DCS_GetGolayCodeWord
                0x0800a0a4       0x4c CMakeFiles/n7six.ApeX-k1.v7.6.5br2.dir/App/dcs.c.obj
                0x0800a0a4                DCS_GetGolayCodeWord
 .text.DCS_GetCdcssCode
                0x0800a0f0       0x5c CMakeFiles/n7six.ApeX-k1.v7.6.5br2.dir/App/dcs.c.obj
                0x0800a0f0                DCS_GetCdcssCode
 .text.DCS_GetCtcssCode
                0x0800a14c       0x2c CMakeFiles/n7six.ApeX-k1.v7.6.5br2.dir/App/dcs.c.obj
                0x0800a14c                DCS_GetCtcssCode
 .text.FREQUENCY_GetStepIdxFromSortedIdx
                0x0800a178        0xc CMakeFiles/n7six.ApeX-k1.v7.6.5br2.dir/App/frequencies.c.obj
                0x0800a178                FREQUENCY_GetStepIdxFromSortedIdx
 .text.FREQUENCY_GetSortedIdxFromStepIdx
                0x0800a184       0x1c CMakeFiles/n7six.ApeX-k1.v7.6.5br2.dir/App/frequencies.c.obj
                0x0800a184                FREQUENCY_GetSortedIdxFromStepIdx
 .text.FREQUENCY_GetBand
                0x0800a1a0       0x1c CMakeFiles/n7six.ApeX-k1.v7.6.5br2.dir/App/frequencies.c.obj
                0x0800a1a0                FREQUENCY_GetBand
 .text.FREQUENCY_CalculateOutputPower
                0x0800a1bc       0x36 CMakeFiles/n7six.ApeX-k1.v7.6.5br2.dir/App/frequencies.c.obj
                0x0800a1bc                FREQUENCY_CalculateOutputPower
 *fill*         0x0800a1f2        0x2 
 .text.FREQUENCY_RoundToStep
                0x0800a1f4       0x64 CMakeFiles/n7six.ApeX-k1.v7.6.5br2.dir/App/frequencies.c.obj
                0x0800a1f4                FREQUENCY_RoundToStep
 .text.TX_freq_check
                0x0800a258      0x1a4 CMakeFiles/n7six.ApeX-k1.v7.6.5br2.dir/App/frequencies.c.obj
                0x0800a258                TX_freq_check
 .text.RX_freq_check
                0x0800a3fc       0x34 CMakeFiles/n7six.ApeX-k1.v7.6.5br2.dir/App/frequencies.c.obj
                0x0800a3fc                RX_freq_check
 .text.FUNCTION_IsRx
                0x0800a430       0x18 CMakeFiles/n7six.ApeX-k1.v7.6.5br2.dir/App/functions.c.obj
                0x0800a430                FUNCTION_IsRx
 .text.FUNCTION_Init
                0x0800a448       0x90 CMakeFiles/n7six.ApeX-k1.v7.6.5br2.dir/App/functions.c.obj
                0x0800a448                FUNCTION_Init
 .text.FUNCTION_Foreground
                0x0800a4d8       0x44 CMakeFiles/n7six.ApeX-k1.v7.6.5br2.dir/App/functions.c.obj
                0x0800a4d8                FUNCTION_Foreground
 .text.FUNCTION_PowerSave
                0x0800a51c       0x80 CMakeFiles/n7six.ApeX-k1.v7.6.5br2.dir/App/functions.c.obj
                0x0800a51c                FUNCTION_PowerSave
 .text.FUNCTION_Transmit
                0x0800a59c       0xd0 CMakeFiles/n7six.ApeX-k1.v7.6.5br2.dir/App/functions.c.obj
                0x0800a59c                FUNCTION_Transmit
 .text.FUNCTION_Select
                0x0800a66c       0xd0 CMakeFiles/n7six.ApeX-k1.v7.6.5br2.dir/App/functions.c.obj
                0x0800a66c                FUNCTION_Select
 .text.BATTERY_VoltsToPercent
                0x0800a73c       0x7c CMakeFiles/n7six.ApeX-k1.v7.6.5br2.dir/App/helper/battery.c.obj
                0x0800a73c                BATTERY_VoltsToPercent
 .text.BATTERY_GetReadings
                0x0800a7b8      0x154 CMakeFiles/n7six.ApeX-k1.v7.6.5br2.dir/App/helper/battery.c.obj
                0x0800a7b8                BATTERY_GetReadings
 .text.BATTERY_TimeSlice500ms
                0x0800a90c       0xb4 CMakeFiles/n7six.ApeX-k1.v7.6.5br2.dir/App/helper/battery.c.obj
                0x0800a90c                BATTERY_TimeSlice500ms
 .text.BOOT_GetMode
                0x0800a9c0       0x74 CMakeFiles/n7six.ApeX-k1.v7.6.5br2.dir/App/helper/boot.c.obj
                0x0800a9c0                BOOT_GetMode
 .text.BOOT_ProcessMode
                0x0800aa34       0x9c CMakeFiles/n7six.ApeX-k1.v7.6.5br2.dir/App/helper/boot.c.obj
                0x0800aa34                BOOT_ProcessMode
 .text.FUNCTION_NOP
                0x0800aad0        0x2 CMakeFiles/n7six.ApeX-k1.v7.6.5br2.dir/App/misc.c.obj
                0x0800aad0                FUNCTION_NOP
 *fill*         0x0800aad2        0x2 
 .text.NUMBER_AddWithWraparound
                0x0800aad4       0x20 CMakeFiles/n7six.ApeX-k1.v7.6.5br2.dir/App/misc.c.obj
                0x0800aad4                NUMBER_AddWithWraparound
 .text.StrToUL  0x0800aaf4       0x2a CMakeFiles/n7six.ApeX-k1.v7.6.5br2.dir/App/misc.c.obj
                0x0800aaf4                StrToUL
 *fill*         0x0800ab1e        0x2 
 .text.RADIO_SelectCurrentVfo
                0x0800ab20       0x2c CMakeFiles/n7six.ApeX-k1.v7.6.5br2.dir/App/radio.c.obj
 .text.RADIO_CheckValidChannel
                0x0800ab4c       0x88 CMakeFiles/n7six.ApeX-k1.v7.6.5br2.dir/App/radio.c.obj
                0x0800ab4c                RADIO_CheckValidChannel
 .text.RADIO_FindNextChannel
                0x0800abd4       0x3c CMakeFiles/n7six.ApeX-k1.v7.6.5br2.dir/App/radio.c.obj
                0x0800abd4                RADIO_FindNextChannel
 .text.RADIO_ConfigureSquelchAndOutputPower
                0x0800ac10      0x1d4 CMakeFiles/n7six.ApeX-k1.v7.6.5br2.dir/App/radio.c.obj
                0x0800ac10                RADIO_ConfigureSquelchAndOutputPower
 .text.RADIO_InitInfo
                0x0800ade4       0x6c CMakeFiles/n7six.ApeX-k1.v7.6.5br2.dir/App/radio.c.obj
                0x0800ade4                RADIO_InitInfo
 .text.RADIO_ApplyOffset
                0x0800ae50       0x1c CMakeFiles/n7six.ApeX-k1.v7.6.5br2.dir/App/radio.c.obj
                0x0800ae50                RADIO_ApplyOffset
 .text.RADIO_ConfigureChannel
                0x0800ae6c      0x3c8 CMakeFiles/n7six.ApeX-k1.v7.6.5br2.dir/App/radio.c.obj
                0x0800ae6c                RADIO_ConfigureChannel
 .text.RADIO_SelectVfos
                0x0800b234       0x44 CMakeFiles/n7six.ApeX-k1.v7.6.5br2.dir/App/radio.c.obj
                0x0800b234                RADIO_SelectVfos
 .text.RADIO_SetTxParameters
                0x0800b278       0xe4 CMakeFiles/n7six.ApeX-k1.v7.6.5br2.dir/App/radio.c.obj
                0x0800b278                RADIO_SetTxParameters
 .text.RADIO_SetupAGC
                0x0800b35c       0x38 CMakeFiles/n7six.ApeX-k1.v7.6.5br2.dir/App/radio.c.obj
                0x0800b35c                RADIO_SetupAGC
 .text.RADIO_SetupRegisters
                0x0800b394      0x204 CMakeFiles/n7six.ApeX-k1.v7.6.5br2.dir/App/radio.c.obj
                0x0800b394                RADIO_SetupRegisters
 .text.RADIO_SetModulation
                0x0800b598      0x110 CMakeFiles/n7six.ApeX-k1.v7.6.5br2.dir/App/radio.c.obj
                0x0800b598                RADIO_SetModulation
 .text.RADIO_SetVfoState
                0x0800b6a8       0x4c CMakeFiles/n7six.ApeX-k1.v7.6.5br2.dir/App/radio.c.obj
                0x0800b6a8                RADIO_SetVfoState
 .text.RADIO_PrepareTX
                0x0800b6f4      0x140 CMakeFiles/n7six.ApeX-k1.v7.6.5br2.dir/App/radio.c.obj
                0x0800b6f4                RADIO_PrepareTX
 .text.RADIO_SendCssTail
                0x0800b834       0x28 CMakeFiles/n7six.ApeX-k1.v7.6.5br2.dir/App/radio.c.obj
                0x0800b834                RADIO_SendCssTail
 .text.RADIO_SendEndOfTransmission
                0x0800b85c       0x24 CMakeFiles/n7six.ApeX-k1.v7.6.5br2.dir/App/radio.c.obj
                0x0800b85c                RADIO_SendEndOfTransmission
 .text.RADIO_OnSaveChannel
                0x0800b880        0xa CMakeFiles/n7six.ApeX-k1.v7.6.5br2.dir/App/radio.c.obj
                0x0800b880                RADIO_OnSaveChannel
 *fill*         0x0800b88a        0x2 
 .text.SysTick_Handler
                0x0800b88c      0x228 CMakeFiles/n7six.ApeX-k1.v7.6.5br2.dir/App/scheduler.c.obj
                0x0800b88c                SysTick_Handler
 .text.SETTINGS_InitEEPROM
                0x0800bab4      0x5ec CMakeFiles/n7six.ApeX-k1.v7.6.5br2.dir/App/settings.c.obj
                0x0800bab4                SETTINGS_InitEEPROM
 .text.SETTINGS_LoadCalibration
                0x0800c0a0      0x168 CMakeFiles/n7six.ApeX-k1.v7.6.5br2.dir/App/settings.c.obj
                0x0800c0a0                SETTINGS_LoadCalibration
 .text.SETTINGS_FetchChannelFrequency
                0x0800c208       0x10 CMakeFiles/n7six.ApeX-k1.v7.6.5br2.dir/App/settings.c.obj
                0x0800c208                SETTINGS_FetchChannelFrequency
 .text.SETTINGS_FetchChannelName
                0x0800c218       0x52 CMakeFiles/n7six.ApeX-k1.v7.6.5br2.dir/App/settings.c.obj
                0x0800c218                SETTINGS_FetchChannelName
 *fill*         0x0800c26a        0x2 
 .text.SETTINGS_FactoryReset
                0x0800c26c       0xdc CMakeFiles/n7six.ApeX-k1.v7.6.5br2.dir/App/settings.c.obj
                0x0800c26c                SETTINGS_FactoryReset
 .text.SETTINGS_SaveFM
                0x0800c348       0x58 CMakeFiles/n7six.ApeX-k1.v7.6.5br2.dir/App/settings.c.obj
                0x0800c348                SETTINGS_SaveFM
 .text.SETTINGS_SaveVfoIndices
                0x0800c3a0       0x3c CMakeFiles/n7six.ApeX-k1.v7.6.5br2.dir/App/settings.c.obj
                0x0800c3a0                SETTINGS_SaveVfoIndices
 .text.SETTINGS_SaveSettings
                0x0800c3dc      0x368 CMakeFiles/n7six.ApeX-k1.v7.6.5br2.dir/App/settings.c.obj
                0x0800c3dc                SETTINGS_SaveSettings
 .text.SETTINGS_SaveBatteryCalibration
                0x0800c744       0x14 CMakeFiles/n7six.ApeX-k1.v7.6.5br2.dir/App/settings.c.obj
                0x0800c744                SETTINGS_SaveBatteryCalibration
 .text.SETTINGS_SaveChannelName
                0x0800c758       0x44 CMakeFiles/n7six.ApeX-k1.v7.6.5br2.dir/App/settings.c.obj
                0x0800c758                SETTINGS_SaveChannelName
 .text.SETTINGS_UpdateChannel
                0x0800c79c       0xc4 CMakeFiles/n7six.ApeX-k1.v7.6.5br2.dir/App/settings.c.obj
                0x0800c79c                SETTINGS_UpdateChannel
 .text.SETTINGS_SaveChannel
                0x0800c860       0xd0 CMakeFiles/n7six.ApeX-k1.v7.6.5br2.dir/App/settings.c.obj
                0x0800c860                SETTINGS_SaveChannel
 .text.SETTINGS_WriteBuildOptions
                0x0800c930       0x28 CMakeFiles/n7six.ApeX-k1.v7.6.5br2.dir/App/settings.c.obj
                0x0800c930                SETTINGS_WriteBuildOptions
 .text.SETTINGS_WriteCurrentState
                0x0800c958       0x48 CMakeFiles/n7six.ApeX-k1.v7.6.5br2.dir/App/settings.c.obj
                0x0800c958                SETTINGS_WriteCurrentState
 .text.SETTINGS_ResetTxLock
                0x0800c9a0       0x46 CMakeFiles/n7six.ApeX-k1.v7.6.5br2.dir/App/settings.c.obj
                0x0800c9a0                SETTINGS_ResetTxLock
 .text.SETTINGS_OnSaveChannel
                0x0800c9e6        0x8 CMakeFiles/n7six.ApeX-k1.v7.6.5br2.dir/App/settings.c.obj
                0x0800c9e6                SETTINGS_OnSaveChannel
 *fill*         0x0800c9ee        0x2 
 .text.UI_DrawBattery
                0x0800c9f0       0x50 CMakeFiles/n7six.ApeX-k1.v7.6.5br2.dir/App/ui/battery.c.obj
                0x0800c9f0                UI_DrawBattery
 .text.UI_DisplayBattery
                0x0800ca40       0x1c CMakeFiles/n7six.ApeX-k1.v7.6.5br2.dir/App/ui/battery.c.obj
                0x0800ca40                UI_DisplayBattery
 .text.UI_GenerateChannelString
                0x0800ca5c       0x4c CMakeFiles/n7six.ApeX-k1.v7.6.5br2.dir/App/ui/helper.c.obj
                0x0800ca5c                UI_GenerateChannelString
 .text.UI_GenerateChannelStringEx
                0x0800caa8       0x68 CMakeFiles/n7six.ApeX-k1.v7.6.5br2.dir/App/ui/helper.c.obj
                0x0800caa8                UI_GenerateChannelStringEx
 .text.UI_PrintStringBuffer
                0x0800cb10       0x4c CMakeFiles/n7six.ApeX-k1.v7.6.5br2.dir/App/ui/helper.c.obj
                0x0800cb10                UI_PrintStringBuffer
 .text.UI_PrintString
                0x0800cb5c       0x90 CMakeFiles/n7six.ApeX-k1.v7.6.5br2.dir/App/ui/helper.c.obj
                0x0800cb5c                UI_PrintString
 .text.UI_PrintStringSmall
                0x0800cbec       0x40 CMakeFiles/n7six.ApeX-k1.v7.6.5br2.dir/App/ui/helper.c.obj
                0x0800cbec                UI_PrintStringSmall
 .text.UI_PrintStringSmallNormal
                0x0800cc2c       0x14 CMakeFiles/n7six.ApeX-k1.v7.6.5br2.dir/App/ui/helper.c.obj
                0x0800cc2c                UI_PrintStringSmallNormal
 .text.UI_PrintStringSmallBold
                0x0800cc40       0x14 CMakeFiles/n7six.ApeX-k1.v7.6.5br2.dir/App/ui/helper.c.obj
                0x0800cc40                UI_PrintStringSmallBold
 .text.UI_PrintStringSmallBufferNormal
                0x0800cc54       0x10 CMakeFiles/n7six.ApeX-k1.v7.6.5br2.dir/App/ui/helper.c.obj
                0x0800cc54                UI_PrintStringSmallBufferNormal
 .text.UI_DisplayFrequency
                0x0800cc64       0xcc CMakeFiles/n7six.ApeX-k1.v7.6.5br2.dir/App/ui/helper.c.obj
                0x0800cc64                UI_DisplayFrequency
 .text.UI_DrawPixelBuffer
                0x0800cd30       0x2e CMakeFiles/n7six.ApeX-k1.v7.6.5br2.dir/App/ui/helper.c.obj
                0x0800cd30                UI_DrawPixelBuffer
 *fill*         0x0800cd5e        0x2 
 .text.PutPixel
                0x0800cd60       0x18 CMakeFiles/n7six.ApeX-k1.v7.6.5br2.dir/App/ui/helper.c.obj
                0x0800cd60                PutPixel
 .text.PutPixelStatus
                0x0800cd78       0x18 CMakeFiles/n7six.ApeX-k1.v7.6.5br2.dir/App/ui/helper.c.obj
                0x0800cd78                PutPixelStatus
 .text.GUI_DisplaySmallest
                0x0800cd90       0x7c CMakeFiles/n7six.ApeX-k1.v7.6.5br2.dir/App/ui/helper.c.obj
                0x0800cd90                GUI_DisplaySmallest
 .text.UI_Draw5x5Char
                0x0800ce0c       0xa8 CMakeFiles/n7six.ApeX-k1.v7.6.5br2.dir/App/ui/helper.c.obj
                0x0800ce0c                UI_Draw5x5Char
 .text.UI_Draw5x5String
                0x0800ceb4       0x24 CMakeFiles/n7six.ApeX-k1.v7.6.5br2.dir/App/ui/helper.c.obj
                0x0800ceb4                UI_Draw5x5String
 .text.UI_DrawLineBuffer
                0x0800ced8       0x94 CMakeFiles/n7six.ApeX-k1.v7.6.5br2.dir/App/ui/helper.c.obj
                0x0800ced8                UI_DrawLineBuffer
 .text.UI_DrawRectangleBuffer
                0x0800cf6c       0x54 CMakeFiles/n7six.ApeX-k1.v7.6.5br2.dir/App/ui/helper.c.obj
                0x0800cf6c                UI_DrawRectangleBuffer
 .text.UI_FillRectangleBuffer
                0x0800cfc0       0x56 CMakeFiles/n7six.ApeX-k1.v7.6.5br2.dir/App/ui/helper.c.obj
                0x0800cfc0                UI_FillRectangleBuffer
 *fill*         0x0800d016        0x2 
 .text.UI_DisplayClear
                0x0800d018       0x14 CMakeFiles/n7six.ApeX-k1.v7.6.5br2.dir/App/ui/helper.c.obj
                0x0800d018                UI_DisplayClear
 .text.UI_DisplayPopup
                0x0800d02c       0x2c CMakeFiles/n7six.ApeX-k1.v7.6.5br2.dir/App/ui/helper.c.obj
                0x0800d02c                UI_DisplayPopup
 .text.INPUTBOX_Append
                0x0800d058       0x30 CMakeFiles/n7six.ApeX-k1.v7.6.5br2.dir/App/ui/inputbox.c.obj
                0x0800d058                INPUTBOX_Append
 .text.INPUTBOX_GetAscii
                0x0800d088       0x28 CMakeFiles/n7six.ApeX-k1.v7.6.5br2.dir/App/ui/inputbox.c.obj
                0x0800d088                INPUTBOX_GetAscii
 .text.isMainOnly
                0x0800d0b0       0x18 CMakeFiles/n7six.ApeX-k1.v7.6.5br2.dir/App/ui/main.c.obj
 .text.DrawLevelBar
                0x0800d0c8       0x88 CMakeFiles/n7six.ApeX-k1.v7.6.5br2.dir/App/ui/main.c.obj
 .text.log2_approx
                0x0800d150       0x10 CMakeFiles/n7six.ApeX-k1.v7.6.5br2.dir/App/ui/main.c.obj
                0x0800d150                log2_approx
 .text.UI_DisplayAudioBar
                0x0800d160      0x130 CMakeFiles/n7six.ApeX-k1.v7.6.5br2.dir/App/ui/main.c.obj
                0x0800d160                UI_DisplayAudioBar
 .text.DisplayRSSIBar
                0x0800d290      0x1e4 CMakeFiles/n7six.ApeX-k1.v7.6.5br2.dir/App/ui/main.c.obj
                0x0800d290                DisplayRSSIBar
 .text.UI_MAIN_TimeSlice500ms
                0x0800d474       0xa4 CMakeFiles/n7six.ApeX-k1.v7.6.5br2.dir/App/ui/main.c.obj
                0x0800d474                UI_MAIN_TimeSlice500ms
 .text.UI_DisplayMain
                0x0800d518      0xcf0 CMakeFiles/n7six.ApeX-k1.v7.6.5br2.dir/App/ui/main.c.obj
                0x0800d518                UI_DisplayMain
 .text.UI_MENU_GetCurrentMenuId
                0x0800e208       0x1c CMakeFiles/n7six.ApeX-k1.v7.6.5br2.dir/App/ui/menu.c.obj
                0x0800e208                UI_MENU_GetCurrentMenuId
 .text.UI_MENU_GetMenuIdx
                0x0800e224       0x20 CMakeFiles/n7six.ApeX-k1.v7.6.5br2.dir/App/ui/menu.c.obj
                0x0800e224                UI_MENU_GetMenuIdx
 .text.UI_DisplayMenu
                0x0800e244      0xb74 CMakeFiles/n7six.ApeX-k1.v7.6.5br2.dir/App/ui/menu.c.obj
                0x0800e244                UI_DisplayMenu
 .text.UI_DisplayScanner
                0x0800edb8      0x198 CMakeFiles/n7six.ApeX-k1.v7.6.5br2.dir/App/ui/scanner.c.obj
                0x0800edb8                UI_DisplayScanner
 .text.convertTime.constprop.0
                0x0800ef50       0x64 CMakeFiles/n7six.ApeX-k1.v7.6.5br2.dir/App/ui/status.c.obj
 .text.UI_DisplayStatus
                0x0800efb4      0x2b4 CMakeFiles/n7six.ApeX-k1.v7.6.5br2.dir/App/ui/status.c.obj
                0x0800efb4                UI_DisplayStatus
 .text.GUI_DisplayScreen
                0x0800f268       0x1c CMakeFiles/n7six.ApeX-k1.v7.6.5br2.dir/App/ui/ui.c.obj
                0x0800f268                GUI_DisplayScreen
 .text.GUI_SelectNextDisplay
                0x0800f284       0x7c CMakeFiles/n7six.ApeX-k1.v7.6.5br2.dir/App/ui/ui.c.obj
                0x0800f284                GUI_SelectNextDisplay
 .text.UI_OnChannelChange
                0x0800f300        0xc CMakeFiles/n7six.ApeX-k1.v7.6.5br2.dir/App/ui/ui.c.obj
                0x0800f300                UI_OnChannelChange
 .text.UI_DisplayReleaseKeys
                0x0800f30c       0x48 CMakeFiles/n7six.ApeX-k1.v7.6.5br2.dir/App/ui/welcome.c.obj
                0x0800f30c                UI_DisplayReleaseKeys
 .text.UI_DisplayWelcome
                0x0800f354      0x1a8 CMakeFiles/n7six.ApeX-k1.v7.6.5br2.dir/App/ui/welcome.c.obj
                0x0800f354                UI_DisplayWelcome
 .text.Main     0x0800f4fc      0x34c CMakeFiles/n7six.ApeX-k1.v7.6.5br2.dir/App/main.c.obj
                0x0800f4fc                Main
 .text._out_buffer
                0x0800f848        0x8 CMakeFiles/n7six.ApeX-k1.v7.6.5br2.dir/App/external/printf/printf.c.obj
 .text._out_null
                0x0800f850        0x2 CMakeFiles/n7six.ApeX-k1.v7.6.5br2.dir/App/external/printf/printf.c.obj
 .text._ntoa_long
                0x0800f852      0x1c2 CMakeFiles/n7six.ApeX-k1.v7.6.5br2.dir/App/external/printf/printf.c.obj
 .text._vsnprintf
                0x0800fa14      0x42c CMakeFiles/n7six.ApeX-k1.v7.6.5br2.dir/App/external/printf/printf.c.obj
 .text.sprintf_
                0x0800fe40       0x28 CMakeFiles/n7six.ApeX-k1.v7.6.5br2.dir/App/external/printf/printf.c.obj
                0x0800fe40                sprintf_
 .text.CRC_Init
                0x0800fe68        0x2 CMakeFiles/n7six.ApeX-k1.v7.6.5br2.dir/App/driver/crc.c.obj
                0x0800fe68                CRC_Init
 *fill*         0x0800fe6a        0x2 
 .text.CRC_Calculate
                0x0800fe6c       0x3c CMakeFiles/n7six.ApeX-k1.v7.6.5br2.dir/App/driver/crc.c.obj
                0x0800fe6c                CRC_Calculate
 .text.AddrTranslate
                0x0800fea8       0x70 CMakeFiles/n7six.ApeX-k1.v7.6.5br2.dir/App/driver/eeprom_compat.c.obj
 .text.EEPROM_ReadBuffer
                0x0800ff18       0x52 CMakeFiles/n7six.ApeX-k1.v7.6.5br2.dir/App/driver/eeprom_compat.c.obj
                0x0800ff18                EEPROM_ReadBuffer
 .text.EEPROM_WriteBuffer
                0x0800ff6a       0x4a CMakeFiles/n7six.ApeX-k1.v7.6.5br2.dir/App/driver/eeprom_compat.c.obj
                0x0800ff6a                EEPROM_WriteBuffer
 .text.UART_Init
                0x0800ffb4      0x130 CMakeFiles/n7six.ApeX-k1.v7.6.5br2.dir/App/driver/uart.c.obj
                0x0800ffb4                UART_Init
 .text.UART_Send
                0x080100e4       0x20 CMakeFiles/n7six.ApeX-k1.v7.6.5br2.dir/App/driver/uart.c.obj
                0x080100e4                UART_Send
 .text.UART_IsCableConnected
                0x08010104       0x24 CMakeFiles/n7six.ApeX-k1.v7.6.5br2.dir/App/driver/uart.c.obj
                0x08010104                UART_IsCableConnected
 .text.SendReply
                0x08010128       0xd0 CMakeFiles/n7six.ApeX-k1.v7.6.5br2.dir/App/app/uart.c.obj
 .text.UART_IsCommandAvailable
                0x080101f8      0x184 CMakeFiles/n7six.ApeX-k1.v7.6.5br2.dir/App/app/uart.c.obj
                0x080101f8                UART_IsCommandAvailable
 .text.UART_HandleCommand
                0x0801037c      0x210 CMakeFiles/n7six.ApeX-k1.v7.6.5br2.dir/App/app/uart.c.obj
                0x0801037c                UART_HandleCommand
 .text.VCP_Init
                0x0801058c       0x74 CMakeFiles/n7six.ApeX-k1.v7.6.5br2.dir/App/driver/vcp.c.obj
                0x0801058c                VCP_Init
 .text.usbd_cdc_acm_bulk_out
                0x08010600       0x74 CMakeFiles/n7six.ApeX-k1.v7.6.5br2.dir/App/usb/usbd_cdc_if.c.obj
                0x08010600                usbd_cdc_acm_bulk_out
 .text.usbd_cdc_acm_bulk_in
                0x08010674       0x28 CMakeFiles/n7six.ApeX-k1.v7.6.5br2.dir/App/usb/usbd_cdc_if.c.obj
                0x08010674                usbd_cdc_acm_bulk_in
 .text.usbd_configure_done_callback
                0x0801069c       0x14 CMakeFiles/n7six.ApeX-k1.v7.6.5br2.dir/App/usb/usbd_cdc_if.c.obj
                0x0801069c                usbd_configure_done_callback
 .text.cdc_acm_init
                0x080106b0       0x60 CMakeFiles/n7six.ApeX-k1.v7.6.5br2.dir/App/usb/usbd_cdc_if.c.obj
                0x080106b0                cdc_acm_init
 .text.usbd_cdc_acm_set_dtr
                0x08010710       0x14 CMakeFiles/n7six.ApeX-k1.v7.6.5br2.dir/App/usb/usbd_cdc_if.c.obj
                0x08010710                usbd_cdc_acm_set_dtr
 .text.cdc_acm_data_send_with_dtr_async
                0x08010724       0x12 CMakeFiles/n7six.ApeX-k1.v7.6.5br2.dir/App/usb/usbd_cdc_if.c.obj
                0x08010724                cdc_acm_data_send_with_dtr_async
 .text.BK1080_ReadRegister
                0x08010736       0x30 CMakeFiles/n7six.ApeX-k1.v7.6.5br2.dir/App/driver/bk1080.c.obj
                0x08010736                BK1080_ReadRegister
 .text.BK1080_WriteRegister
                0x08010766       0x30 CMakeFiles/n7six.ApeX-k1.v7.6.5br2.dir/App/driver/bk1080.c.obj
                0x08010766                BK1080_WriteRegister
 *fill*         0x08010796        0x2 
 .text.BK1080_Init0
                0x08010798       0x10 CMakeFiles/n7six.ApeX-k1.v7.6.5br2.dir/App/driver/bk1080.c.obj
                0x08010798                BK1080_Init0
 .text.BK1080_Mute
                0x080107a8       0x1c CMakeFiles/n7six.ApeX-k1.v7.6.5br2.dir/App/driver/bk1080.c.obj
                0x080107a8                BK1080_Mute
 .text.BK1080_SetFrequency
                0x080107c4       0x50 CMakeFiles/n7six.ApeX-k1.v7.6.5br2.dir/App/driver/bk1080.c.obj
                0x080107c4                BK1080_SetFrequency
 .text.BK1080_Init
                0x08010814       0x98 CMakeFiles/n7six.ApeX-k1.v7.6.5br2.dir/App/driver/bk1080.c.obj
                0x08010814                BK1080_Init
 .text.BK1080_GetFrequencyDeviation
                0x080108ac       0x1c CMakeFiles/n7six.ApeX-k1.v7.6.5br2.dir/App/driver/bk1080.c.obj
                0x080108ac                BK1080_GetFrequencyDeviation
 .text.BK1080_GetFreqLoLimit
                0x080108c8       0x10 CMakeFiles/n7six.ApeX-k1.v7.6.5br2.dir/App/driver/bk1080.c.obj
                0x080108c8                BK1080_GetFreqLoLimit
 .text.BK1080_GetFreqHiLimit
                0x080108d8       0x10 CMakeFiles/n7six.ApeX-k1.v7.6.5br2.dir/App/driver/bk1080.c.obj
                0x080108d8                BK1080_GetFreqHiLimit
 .text.FM_CheckValidChannel
                0x080108e8       0x3c CMakeFiles/n7six.ApeX-k1.v7.6.5br2.dir/App/app/fm.c.obj
                0x080108e8                FM_CheckValidChannel
 .text.FM_FindNextChannel
                0x08010924       0x34 CMakeFiles/n7six.ApeX-k1.v7.6.5br2.dir/App/app/fm.c.obj
                0x08010924                FM_FindNextChannel
 .text.FM_ConfigureChannelState
                0x08010958       0x3c CMakeFiles/n7six.ApeX-k1.v7.6.5br2.dir/App/app/fm.c.obj
                0x08010958                FM_ConfigureChannelState
 .text.Key_FUNC
                0x08010994       0xa8 CMakeFiles/n7six.ApeX-k1.v7.6.5br2.dir/App/app/fm.c.obj
 .text.FM_TurnOff
                0x08010a3c       0x58 CMakeFiles/n7six.ApeX-k1.v7.6.5br2.dir/App/app/fm.c.obj
                0x08010a3c                FM_TurnOff
 .text.FM_EraseChannels
                0x08010a94       0x1c CMakeFiles/n7six.ApeX-k1.v7.6.5br2.dir/App/app/fm.c.obj
                0x08010a94                FM_EraseChannels
 .text.FM_Tune  0x08010ab0       0xb4 CMakeFiles/n7six.ApeX-k1.v7.6.5br2.dir/App/app/fm.c.obj
                0x08010ab0                FM_Tune
 .text.Key_UP_DOWN
                0x08010b64      0x104 CMakeFiles/n7six.ApeX-k1.v7.6.5br2.dir/App/app/fm.c.obj
 .text.FM_PlayAndUpdate
                0x08010c68       0x68 CMakeFiles/n7six.ApeX-k1.v7.6.5br2.dir/App/app/fm.c.obj
                0x08010c68                FM_PlayAndUpdate
 .text.FM_CheckFrequencyLock
                0x08010cd0       0x94 CMakeFiles/n7six.ApeX-k1.v7.6.5br2.dir/App/app/fm.c.obj
                0x08010cd0                FM_CheckFrequencyLock
 .text.FM_ProcessKeys
                0x08010d64      0x2ac CMakeFiles/n7six.ApeX-k1.v7.6.5br2.dir/App/app/fm.c.obj
                0x08010d64                FM_ProcessKeys
 .text.FM_Play  0x08011010       0xb4 CMakeFiles/n7six.ApeX-k1.v7.6.5br2.dir/App/app/fm.c.obj
                0x08011010                FM_Play
 .text.FM_Start
                0x080110c4       0x68 CMakeFiles/n7six.ApeX-k1.v7.6.5br2.dir/App/app/fm.c.obj
                0x080110c4                FM_Start
 .text.UI_DisplayFM
                0x0801112c      0x1d0 CMakeFiles/n7six.ApeX-k1.v7.6.5br2.dir/App/ui/fmradio.c.obj
                0x0801112c                UI_DisplayFM
 .text.AIRCOPY_clear
                0x080112fc       0x18 CMakeFiles/n7six.ApeX-k1.v7.6.5br2.dir/App/app/aircopy.c.obj
 .text.AIRCOPY_SendMessage
                0x08011314       0xb4 CMakeFiles/n7six.ApeX-k1.v7.6.5br2.dir/App/app/aircopy.c.obj
                0x08011314                AIRCOPY_SendMessage
 .text.AIRCOPY_StorePacket
                0x080113c8       0xe0 CMakeFiles/n7six.ApeX-k1.v7.6.5br2.dir/App/app/aircopy.c.obj
                0x080113c8                AIRCOPY_StorePacket
 .text.AIRCOPY_ProcessKeys
                0x080114a8      0x158 CMakeFiles/n7six.ApeX-k1.v7.6.5br2.dir/App/app/aircopy.c.obj
                0x080114a8                AIRCOPY_ProcessKeys
 .text.UI_DisplayAircopy
                0x08011600      0x1f8 CMakeFiles/n7six.ApeX-k1.v7.6.5br2.dir/App/ui/aircopy.c.obj
                0x08011600                UI_DisplayAircopy
 .text.FlashlightTimeSlice
                0x080117f8       0xa4 CMakeFiles/n7six.ApeX-k1.v7.6.5br2.dir/App/app/flashlight.c.obj
                0x080117f8                FlashlightTimeSlice
 .text.ACTION_FlashLight
                0x0801189c       0x38 CMakeFiles/n7six.ApeX-k1.v7.6.5br2.dir/App/app/flashlight.c.obj
                0x0801189c                ACTION_FlashLight
 .text.FastRandom
                0x080118d4       0x20 CMakeFiles/n7six.ApeX-k1.v7.6.5br2.dir/App/app/spectrum.c.obj
 .text.Rssi2DBm
                0x080118f4       0x20 CMakeFiles/n7six.ApeX-k1.v7.6.5br2.dir/App/app/spectrum.c.obj
 .text.ResetScanStats
                0x08011914       0x14 CMakeFiles/n7six.ApeX-k1.v7.6.5br2.dir/App/app/spectrum.c.obj
 .text.MarkSpectrumSettingsDirty
                0x08011928       0x18 CMakeFiles/n7six.ApeX-k1.v7.6.5br2.dir/App/app/spectrum.c.obj
 .text.UpdatePeakInfo
                0x08011940       0x90 CMakeFiles/n7six.ApeX-k1.v7.6.5br2.dir/App/app/spectrum.c.obj
 .text.MapMeasurementToDisplay
                0x080119d0       0x20 CMakeFiles/n7six.ApeX-k1.v7.6.5br2.dir/App/app/spectrum.c.obj
 .text.SetRssiHistory
                0x080119f0       0x1c CMakeFiles/n7six.ApeX-k1.v7.6.5br2.dir/App/app/spectrum.c.obj
 .text.GetRegMenuValue
                0x08011a0c       0x20 CMakeFiles/n7six.ApeX-k1.v7.6.5br2.dir/App/app/spectrum.c.obj
 .text.RestoreRegisters
                0x08011a2c       0x2c CMakeFiles/n7six.ApeX-k1.v7.6.5br2.dir/App/app/spectrum.c.obj
 .text.SetF     0x08011a58       0x38 CMakeFiles/n7six.ApeX-k1.v7.6.5br2.dir/App/app/spectrum.c.obj
 .text.ResetBlacklist
                0x08011a90       0x3c CMakeFiles/n7six.ApeX-k1.v7.6.5br2.dir/App/app/spectrum.c.obj
 .text.ToggleListeningBW
                0x08011acc       0x4c CMakeFiles/n7six.ApeX-k1.v7.6.5br2.dir/App/app/spectrum.c.obj
 .text.ToggleBacklight
                0x08011b18       0x24 CMakeFiles/n7six.ApeX-k1.v7.6.5br2.dir/App/app/spectrum.c.obj
 .text.SaveSettings
                0x08011b3c       0x44 CMakeFiles/n7six.ApeX-k1.v7.6.5br2.dir/App/app/spectrum.c.obj
 .text.SPECTRUM_SaveSettings
                0x08011b80       0x94 CMakeFiles/n7six.ApeX-k1.v7.6.5br2.dir/App/app/spectrum.c.obj
 .text.DrawF    0x08011c14       0xfc CMakeFiles/n7six.ApeX-k1.v7.6.5br2.dir/App/app/spectrum.c.obj
 .text.RecomputeSmoothedTrace
                0x08011d10       0x64 CMakeFiles/n7six.ApeX-k1.v7.6.5br2.dir/App/app/spectrum.c.obj
 .text.SetBandLed.part.0.constprop.0
                0x08011d74       0x3c CMakeFiles/n7six.ApeX-k1.v7.6.5br2.dir/App/app/spectrum.c.obj
 .text.ToggleRX
                0x08011db0      0x118 CMakeFiles/n7six.ApeX-k1.v7.6.5br2.dir/App/app/spectrum.c.obj
 .text.UpdateDBMax
                0x08011ec8       0x78 CMakeFiles/n7six.ApeX-k1.v7.6.5br2.dir/App/app/spectrum.c.obj
 .text.SYSTEM_DelayUs
                0x08011f40       0x12 CMakeFiles/n7six.ApeX-k1.v7.6.5br2.dir/App/app/spectrum.c.obj
                0x08011f40                SYSTEM_DelayUs
 .text.DrawLine
                0x08011f52       0x8c CMakeFiles/n7six.ApeX-k1.v7.6.5br2.dir/App/app/spectrum.c.obj
                0x08011f52                DrawLine
 *fill*         0x08011fde        0x2 
 .text.LockAGC  0x08011fe0       0x24 CMakeFiles/n7six.ApeX-k1.v7.6.5br2.dir/App/app/spectrum.c.obj
                0x08011fe0                LockAGC
 .text.SetRegMenuValue
                0x08012004       0x78 CMakeFiles/n7six.ApeX-k1.v7.6.5br2.dir/App/app/spectrum.c.obj
 .text.IsPeakOverLevel
                0x0801207c       0x1c CMakeFiles/n7six.ApeX-k1.v7.6.5br2.dir/App/app/spectrum.c.obj
                0x0801207c                IsPeakOverLevel
 .text.GetScanStep
                0x08012098       0x14 CMakeFiles/n7six.ApeX-k1.v7.6.5br2.dir/App/app/spectrum.c.obj
                0x08012098                GetScanStep
 .text.GetStepsCount
                0x080120ac       0x38 CMakeFiles/n7six.ApeX-k1.v7.6.5br2.dir/App/app/spectrum.c.obj
                0x080120ac                GetStepsCount
 .text.GetDisplayWidth
                0x080120e4       0x38 CMakeFiles/n7six.ApeX-k1.v7.6.5br2.dir/App/app/spectrum.c.obj
 .text.UpdateWaterfall
                0x0801211c       0xf8 CMakeFiles/n7six.ApeX-k1.v7.6.5br2.dir/App/app/spectrum.c.obj
 .text.SpecIdxToX
                0x08012214       0x1e CMakeFiles/n7six.ApeX-k1.v7.6.5br2.dir/App/app/spectrum.c.obj
 .text.GetBW    0x08012232       0x10 CMakeFiles/n7six.ApeX-k1.v7.6.5br2.dir/App/app/spectrum.c.obj
                0x08012232                GetBW
 *fill*         0x08012242        0x2 
 .text.GetFStart
                0x08012244       0x38 CMakeFiles/n7six.ApeX-k1.v7.6.5br2.dir/App/app/spectrum.c.obj
                0x08012244                GetFStart
 .text.InitScan
                0x0801227c       0x24 CMakeFiles/n7six.ApeX-k1.v7.6.5br2.dir/App/app/spectrum.c.obj
 .text.GetCentroidFrequency
                0x080122a0       0x94 CMakeFiles/n7six.ApeX-k1.v7.6.5br2.dir/App/app/spectrum.c.obj
 .text.TuneToPeak
                0x08012334       0x28 CMakeFiles/n7six.ApeX-k1.v7.6.5br2.dir/App/app/spectrum.c.obj
 .text.GetFEnd  0x0801235c       0x3c CMakeFiles/n7six.ApeX-k1.v7.6.5br2.dir/App/app/spectrum.c.obj
                0x0801235c                GetFEnd
 .text.GetRssi  0x08012398       0x1e CMakeFiles/n7six.ApeX-k1.v7.6.5br2.dir/App/app/spectrum.c.obj
                0x08012398                GetRssi
 *fill*         0x080123b6        0x2 
 .text.Measure  0x080123b8       0x30 CMakeFiles/n7six.ApeX-k1.v7.6.5br2.dir/App/app/spectrum.c.obj
 .text.RelaunchScan
                0x080123e8       0x50 CMakeFiles/n7six.ApeX-k1.v7.6.5br2.dir/App/app/spectrum.c.obj
 .text.ToggleModulation
                0x08012438       0x30 CMakeFiles/n7six.ApeX-k1.v7.6.5br2.dir/App/app/spectrum.c.obj
 .text.UpdateFreqChangeStep
                0x08012468       0x88 CMakeFiles/n7six.ApeX-k1.v7.6.5br2.dir/App/app/spectrum.c.obj
 .text.UpdateCurrentFreq
                0x080124f0       0x6c CMakeFiles/n7six.ApeX-k1.v7.6.5br2.dir/App/app/spectrum.c.obj
 .text.SetState
                0x0801255c       0x3c CMakeFiles/n7six.ApeX-k1.v7.6.5br2.dir/App/app/spectrum.c.obj
                0x0801255c                SetState
 .text.FreqInput
                0x08012598       0x3c CMakeFiles/n7six.ApeX-k1.v7.6.5br2.dir/App/app/spectrum.c.obj
 .text.UpdateFreqInput
                0x080125d4      0x19c CMakeFiles/n7six.ApeX-k1.v7.6.5br2.dir/App/app/spectrum.c.obj
 .text.Rssi2PX  0x08012770       0x74 CMakeFiles/n7six.ApeX-k1.v7.6.5br2.dir/App/app/spectrum.c.obj
                0x08012770                Rssi2PX
 .text.Rssi2Y   0x080127e4       0x12 CMakeFiles/n7six.ApeX-k1.v7.6.5br2.dir/App/app/spectrum.c.obj
                0x080127e4                Rssi2Y
 *fill*         0x080127f6        0x2 
 .text.RenderSpectrum
                0x080127f8      0x5b8 CMakeFiles/n7six.ApeX-k1.v7.6.5br2.dir/App/app/spectrum.c.obj
 .text.UpdateRssiTriggerLevel
                0x08012db0       0x34 CMakeFiles/n7six.ApeX-k1.v7.6.5br2.dir/App/app/spectrum.c.obj
                0x08012db0                UpdateRssiTriggerLevel
 .text.OnKeyDownStill
                0x08012de4      0x114 CMakeFiles/n7six.ApeX-k1.v7.6.5br2.dir/App/app/spectrum.c.obj
                0x08012de4                OnKeyDownStill
 .text.APP_RunSpectrum
                0x08012ef8      0xe68 CMakeFiles/n7six.ApeX-k1.v7.6.5br2.dir/App/app/spectrum.c.obj
                0x08012ef8                APP_RunSpectrum
 .text.HandleUserInput.isra.0
                0x08013d60       0xec CMakeFiles/n7six.ApeX-k1.v7.6.5br2.dir/App/app/breakout.c.obj
 .text.rand_custom
                0x08013e4c       0x20 CMakeFiles/n7six.ApeX-k1.v7.6.5br2.dir/App/app/breakout.c.obj
                0x08013e4c                rand_custom
 .text.reset    0x08013e6c       0x20 CMakeFiles/n7six.ApeX-k1.v7.6.5br2.dir/App/app/breakout.c.obj
                0x08013e6c                reset
 .text.playBeep
                0x08013e8c       0x24 CMakeFiles/n7six.ApeX-k1.v7.6.5br2.dir/App/app/breakout.c.obj
                0x08013e8c                playBeep
 .text.drawScore
                0x08013eb0       0x8c CMakeFiles/n7six.ApeX-k1.v7.6.5br2.dir/App/app/breakout.c.obj
                0x08013eb0                drawScore
 .text.initBall
                0x08013f3c       0x54 CMakeFiles/n7six.ApeX-k1.v7.6.5br2.dir/App/app/breakout.c.obj
                0x08013f3c                initBall
 .text.initWall
                0x08013f90       0x68 CMakeFiles/n7six.ApeX-k1.v7.6.5br2.dir/App/app/breakout.c.obj
                0x08013f90                initWall
 .text.drawWall
                0x08013ff8      0x144 CMakeFiles/n7six.ApeX-k1.v7.6.5br2.dir/App/app/breakout.c.obj
                0x08013ff8                drawWall
 .text.initRacket
                0x0801413c       0x4c CMakeFiles/n7six.ApeX-k1.v7.6.5br2.dir/App/app/breakout.c.obj
                0x0801413c                initRacket
 .text.drawBall
                0x08014188      0x1bc CMakeFiles/n7six.ApeX-k1.v7.6.5br2.dir/App/app/breakout.c.obj
                0x08014188                drawBall
 .text.drawRacket
                0x08014344       0x94 CMakeFiles/n7six.ApeX-k1.v7.6.5br2.dir/App/app/breakout.c.obj
                0x08014344                drawRacket
 .text.APP_RunBreakout
                0x080143d8       0xf4 CMakeFiles/n7six.ApeX-k1.v7.6.5br2.dir/App/app/breakout.c.obj
                0x080143d8                APP_RunBreakout
 .text.getScreenShot
                0x080144cc      0x1a4 CMakeFiles/n7six.ApeX-k1.v7.6.5br2.dir/App/screenshot.c.obj
                0x080144cc                getScreenShot
 .text.usbd_class_event_notify_handler
                0x08014670       0x24 CMakeFiles/n7six.ApeX-k1.v7.6.5br2.dir/Middlewares/CherryUSB/core/usbd_core.c.obj
 .text.usbd_set_endpoint
                0x08014694       0x2c CMakeFiles/n7six.ApeX-k1.v7.6.5br2.dir/Middlewares/CherryUSB/core/usbd_core.c.obj
 .text.usbd_setup_request_handler.constprop.0
                0x080146c0      0x380 CMakeFiles/n7six.ApeX-k1.v7.6.5br2.dir/Middlewares/CherryUSB/core/usbd_core.c.obj
 .text.usbd_event_resume_handler
                0x08014a40        0xc CMakeFiles/n7six.ApeX-k1.v7.6.5br2.dir/Middlewares/CherryUSB/core/usbd_core.c.obj
                0x08014a40                usbd_event_resume_handler
 .text.usbd_event_suspend_handler
                0x08014a4c        0xc CMakeFiles/n7six.ApeX-k1.v7.6.5br2.dir/Middlewares/CherryUSB/core/usbd_core.c.obj
                0x08014a4c                usbd_event_suspend_handler
 .text.usbd_event_reset_handler
                0x08014a58       0x38 CMakeFiles/n7six.ApeX-k1.v7.6.5br2.dir/Middlewares/CherryUSB/core/usbd_core.c.obj
                0x08014a58                usbd_event_reset_handler
 .text.usbd_event_ep0_setup_complete_handler
                0x08014a90       0x94 CMakeFiles/n7six.ApeX-k1.v7.6.5br2.dir/Middlewares/CherryUSB/core/usbd_core.c.obj
                0x08014a90                usbd_event_ep0_setup_complete_handler
 .text.usbd_event_ep_in_complete_handler
                0x08014b24       0x58 CMakeFiles/n7six.ApeX-k1.v7.6.5br2.dir/Middlewares/CherryUSB/core/usbd_core.c.obj
                0x08014b24                usbd_event_ep_in_complete_handler
 .text.usbd_event_ep_out_complete_handler
                0x08014b7c       0x64 CMakeFiles/n7six.ApeX-k1.v7.6.5br2.dir/Middlewares/CherryUSB/core/usbd_core.c.obj
                0x08014b7c                usbd_event_ep_out_complete_handler
 .text.usbd_desc_register
                0x08014be0       0x14 CMakeFiles/n7six.ApeX-k1.v7.6.5br2.dir/Middlewares/CherryUSB/core/usbd_core.c.obj
                0x08014be0                usbd_desc_register
 .text.usbd_add_interface
                0x08014bf4       0x2c CMakeFiles/n7six.ApeX-k1.v7.6.5br2.dir/Middlewares/CherryUSB/core/usbd_core.c.obj
                0x08014bf4                usbd_add_interface
 .text.usbd_add_endpoint
                0x08014c20       0x2c CMakeFiles/n7six.ApeX-k1.v7.6.5br2.dir/Middlewares/CherryUSB/core/usbd_core.c.obj
                0x08014c20                usbd_add_endpoint
 .text.usbd_initialize
                0x08014c4c        0x8 CMakeFiles/n7six.ApeX-k1.v7.6.5br2.dir/Middlewares/CherryUSB/core/usbd_core.c.obj
                0x08014c4c                usbd_initialize
 .text.pyusb_write_packet
                0x08014c54       0x20 CMakeFiles/n7six.ApeX-k1.v7.6.5br2.dir/Middlewares/CherryUSB/port/usb_dc_py32.c.obj
 .text.usbd_ep0_set_zlp_flag
                0x08014c74        0xc CMakeFiles/n7six.ApeX-k1.v7.6.5br2.dir/Middlewares/CherryUSB/port/usb_dc_py32.c.obj
                0x08014c74                usbd_ep0_set_zlp_flag
 .text.usb_dc_low_level_init
                0x08014c80        0x2 CMakeFiles/n7six.ApeX-k1.v7.6.5br2.dir/Middlewares/CherryUSB/port/usb_dc_py32.c.obj
                0x08014c80                usb_dc_low_level_init
 *fill*         0x08014c82        0x2 
 .text.usb_dc_init
                0x08014c84       0x20 CMakeFiles/n7six.ApeX-k1.v7.6.5br2.dir/Middlewares/CherryUSB/port/usb_dc_py32.c.obj
                0x08014c84                usb_dc_init
 .text.usbd_set_address
                0x08014ca4       0x18 CMakeFiles/n7six.ApeX-k1.v7.6.5br2.dir/Middlewares/CherryUSB/port/usb_dc_py32.c.obj
                0x08014ca4                usbd_set_address
 .text.usbd_ep_open
                0x08014cbc      0x124 CMakeFiles/n7six.ApeX-k1.v7.6.5br2.dir/Middlewares/CherryUSB/port/usb_dc_py32.c.obj
                0x08014cbc                usbd_ep_open
 .text.usbd_ep_close
                0x08014de0        0x4 CMakeFiles/n7six.ApeX-k1.v7.6.5br2.dir/Middlewares/CherryUSB/port/usb_dc_py32.c.obj
                0x08014de0                usbd_ep_close
 .text.usbd_ep_set_stall
                0x08014de4       0x4c CMakeFiles/n7six.ApeX-k1.v7.6.5br2.dir/Middlewares/CherryUSB/port/usb_dc_py32.c.obj
                0x08014de4                usbd_ep_set_stall
 .text.usbd_ep_clear_stall
                0x08014e30       0x50 CMakeFiles/n7six.ApeX-k1.v7.6.5br2.dir/Middlewares/CherryUSB/port/usb_dc_py32.c.obj
                0x08014e30                usbd_ep_clear_stall
 .text.usbd_ep_is_stalled
                0x08014e80       0x34 CMakeFiles/n7six.ApeX-k1.v7.6.5br2.dir/Middlewares/CherryUSB/port/usb_dc_py32.c.obj
                0x08014e80                usbd_ep_is_stalled
 .text.usbd_ep_start_write
                0x08014eb4      0x10c CMakeFiles/n7six.ApeX-k1.v7.6.5br2.dir/Middlewares/CherryUSB/port/usb_dc_py32.c.obj
                0x08014eb4                usbd_ep_start_write
 .text.usbd_ep_start_read
                0x08014fc0       0x94 CMakeFiles/n7six.ApeX-k1.v7.6.5br2.dir/Middlewares/CherryUSB/port/usb_dc_py32.c.obj
                0x08014fc0                usbd_ep_start_read
 .text.USB_IRQHandler
                0x08015054      0x2a8 CMakeFiles/n7six.ApeX-k1.v7.6.5br2.dir/Middlewares/CherryUSB/port/usb_dc_py32.c.obj
                0x08015054                USB_IRQHandler
 .text.cdc_notify_handler
                0x080152fc        0x2 CMakeFiles/n7six.ApeX-k1.v7.6.5br2.dir/Middlewares/CherryUSB/class/cdc/usbd_cdc.c.obj
 *fill*         0x080152fe        0x2 
 .text.usbd_cdc_acm_init_intf
                0x08015300       0x18 CMakeFiles/n7six.ApeX-k1.v7.6.5br2.dir/Middlewares/CherryUSB/class/cdc/usbd_cdc.c.obj
                0x08015300                usbd_cdc_acm_init_intf
 .text.usbd_cdc_acm_set_line_coding
                0x08015318        0x2 CMakeFiles/n7six.ApeX-k1.v7.6.5br2.dir/Middlewares/CherryUSB/class/cdc/usbd_cdc.c.obj
                0x08015318                usbd_cdc_acm_set_line_coding
 .text.usbd_cdc_acm_get_line_coding
                0x0801531a       0x1c CMakeFiles/n7six.ApeX-k1.v7.6.5br2.dir/Middlewares/CherryUSB/class/cdc/usbd_cdc.c.obj
                0x0801531a                usbd_cdc_acm_get_line_coding
 .text.usbd_cdc_acm_set_rts