Archive member included to satisfy reference by file (symbol)

/opt/toolchain/bin/../lib/gcc/arm-none-eabi/13.3.1/thumb/v6-m/nofp/libgcc.a(_thumb1_case_sqi.o)
                              CMakeFiles/n7six.ApeX-k1.v7.6.5br2.dir/App/app/menu.c.obj (__gnu_thumb1_case_sqi)
/opt/toolchain/bin/../lib/gcc/arm-none-eabi/13.3.1/thumb/v6-m/nofp/libgcc.a(_thumb1_case_uqi.o)
                              CMakeFiles/n7six.ApeX-k1.v7.6.5br2.dir/Drivers/PY32F071_HAL_Driver/Src/py32f071_ll_dma.c.obj (__gnu_thumb1_case_uqi)
/opt/toolchain/bin/../lib/gcc/arm-none-eabi/13.3.1/thumb/v6-m/nofp/libgcc.a(_thumb1_case_shi.o)
                              CMakeFiles/n7six.ApeX-k1.v7.6.5br2.dir/App/app/main.c.obj (__gnu_thumb1_case_shi)
/opt/toolchain/bin/../lib/gcc/arm-none-eabi/13.3.1/thumb/v6-m/nofp/libgcc.a(_thumb1_case_uhi.o)
                              CMakeFiles/n7six.ApeX-k1.v7.6.5br2.dir/App/app/main.c.obj (__gnu_thumb1_case_uhi)
/opt/toolchain/bin/../lib/gcc/arm-none-eabi/13.3.1/thumb/v6-m/nofp/libgcc.a(_udivsi3.o)
                              CMakeFiles/n7six.ApeX-k1.v7.6.5br2.dir/Drivers/PY32F071_HAL_Driver/Src/py32f071_ll_rcc.c.obj (__aeabi_uidiv)
/opt/toolchain/bin/../lib/gcc/arm-none-eabi/13.3.1/thumb/v6-m/nofp/libgcc.a(_divsi3.o)
                              CMakeFiles/n7six.ApeX-k1.v7.6.5br2.dir/Drivers/PY32F071_HAL_Driver/Src/py32f071_ll_i2c.c.obj (__aeabi_idiv)
/opt/toolchain/bin/../lib/gcc/arm-none-eabi/13.3.1/thumb/v6-m/nofp/libgcc.a(_dvmd_tls.o)
                              /opt/toolchain/bin/../lib/gcc/arm-none-eabi/13.3.1/thumb/v6-m/nofp/libgcc.a(_udivsi3.o) (__aeabi_idiv0)
/opt/toolchain/bin/../lib/gcc/arm-none-eabi/13.3.1/thumb/v6-m/nofp/libgcc.a(_ashrdi3.o)
                              CMakeFiles/n7six.ApeX-k1.v7.6.5br2.dir/App/app/audio_spectrum.c.obj (__aeabi_lasr)
/opt/toolchain/bin/../lib/gcc/arm-none-eabi/13.3.1/thumb/v6-m/nofp/libgcc.a(_clzsi2.o)
                              CMakeFiles/n7six.ApeX-k1.v7.6.5br2.dir/App/board.c.obj (__clzsi2)
/opt/toolchain/bin/../lib/gcc/arm-none-eabi/13.3.1/thumb/v6-m/nofp/libgcc.a(_muldi3.o)
                              CMakeFiles/n7six.ApeX-k1.v7.6.5br2.dir/App/app/spectrum.c.obj (__aeabi_lmul)
/opt/toolchain/bin/../lib/gcc/arm-none-eabi/13.3.1/../../../../arm-none-eabi/lib/thumb/v6-m/nofp/libg_nano.a(libc_a-exit.o)
                              /opt/toolchain/bin/../lib/gcc/arm-none-eabi/13.3.1/../../../../arm-none-eabi/lib/thumb/v6-m/nofp/crt0.o (exit)
/opt/toolchain/bin/../lib/gcc/arm-none-eabi/13.3.1/../../../../arm-none-eabi/lib/thumb/v6-m/nofp/libg_nano.a(libc_a-init.o)
                              /opt/toolchain/bin/../lib/gcc/arm-none-eabi/13.3.1/../../../../arm-none-eabi/lib/thumb/v6-m/nofp/crt0.o (__libc_init_array)
/opt/toolchain/bin/../lib/gcc/arm-none-eabi/13.3.1/../../../../arm-none-eabi/lib/thumb/v6-m/nofp/libg_nano.a(libc_a-memmove.o)
                              CMakeFiles/n7six.ApeX-k1.v7.6.5br2.dir/App/app/dtmf.c.obj (memmove)
/opt/toolchain/bin/../lib/gcc/arm-none-eabi/13.3.1/../../../../arm-none-eabi/lib/thumb/v6-m/nofp/libg_nano.a(libc_a-memset.o)
                              /opt/toolchain/bin/../lib/gcc/arm-none-eabi/13.3.1/../../../../arm-none-eabi/lib/thumb/v6-m/nofp/crt0.o (memset)
/opt/toolchain/bin/../lib/gcc/arm-none-eabi/13.3.1/../../../../arm-none-eabi/lib/thumb/v6-m/nofp/libg_nano.a(libc_a-memcpy-stub.o)
                              CMakeFiles/n7six.ApeX-k1.v7.6.5br2.dir/App/driver/bk4829.c.obj (memcpy)
/opt/toolchain/bin/../lib/gcc/arm-none-eabi/13.3.1/../../../../arm-none-eabi/lib/thumb/v6-m/nofp/libg_nano.a(libc_a-strlen.o)
                              CMakeFiles/n7six.ApeX-k1.v7.6.5br2.dir/App/app/app.c.obj (strlen)
/opt/toolchain/bin/../lib/gcc/arm-none-eabi/13.3.1/../../../../arm-none-eabi/lib/thumb/v6-m/nofp/libg_nano.a(libc_a-findfp.o)
                              /opt/toolchain/bin/../lib/gcc/arm-none-eabi/13.3.1/../../../../arm-none-eabi/lib/thumb/v6-m/nofp/libg_nano.a(libc_a-exit.o) (__stdio_exit_handler)
/opt/toolchain/bin/../lib/gcc/arm-none-eabi/13.3.1/../../../../arm-none-eabi/lib/thumb/v6-m/nofp/libg_nano.a(libc_a-strncpy.o)
                              CMakeFiles/n7six.ApeX-k1.v7.6.5br2.dir/App/app/generic.c.obj (strncpy)
/opt/toolchain/bin/../lib/gcc/arm-none-eabi/13.3.1/../../../../arm-none-eabi/lib/thumb/v6-m/nofp/libg_nano.a(libc_a-strnlen.o)
                              CMakeFiles/n7six.ApeX-k1.v7.6.5br2.dir/App/app/uart.c.obj (strnlen)
/opt/toolchain/bin/../lib/gcc/arm-none-eabi/13.3.1/../../../../arm-none-eabi/lib/thumb/v6-m/nofp/libg_nano.a(libc_a-stdio.o)
                              /opt/toolchain/bin/../lib/gcc/arm-none-eabi/13.3.1/../../../../arm-none-eabi/lib/thumb/v6-m/nofp/libg_nano.a(libc_a-findfp.o) (__sread)
/opt/toolchain/bin/../lib/gcc/arm-none-eabi/13.3.1/../../../../arm-none-eabi/lib/thumb/v6-m/nofp/libg_nano.a(libc_a-lseekr.o)
[...]
Memory Configuration

Name             Origin             Length             Attributes
RAM              0x20000000         0x00004000         xrw
FLASH            0x08002800         0x0001d800         xr
*default*        0x00000000         0xffffffff

Linker script and memory map

LOAD /opt/toolchain/bin/../lib/gcc/arm-none-eabi/13.3.1/thumb/v6-m/nofp/crti.o
LOAD /opt/toolchain/bin/../lib/gcc/arm-none-eabi/13.3.1/thumb/v6-m/nofp/crtbegin.o
LOAD /opt/toolchain/bin/../lib/gcc/arm-none-eabi/13.3.1/../../../../arm-none-eabi/lib/thumb/v6-m/nofp/crt0.o
LOAD CMakeFiles/n7six.ApeX-k1.v7.6.5br2.dir/Core/Src/main.c.obj
LOAD CMakeFiles/n7six.ApeX-k1.v7.6.5br2.dir/Core/Src/py32f071_it.c.obj
LOAD CMakeFiles/n7six.ApeX-k1.v7.6.5br2.dir/Core/Src/system_py32f071.c.obj
LOAD CMakeFiles/n7six.ApeX-k1.v7.6.5br2.dir/Core/startup_py32f071xx.s.obj
LOAD CMakeFiles/n7six.ApeX-k1.v7.6.5br2.dir/Drivers/PY32F071_HAL_Driver/Src/py32f071_ll_rcc.c.obj
LOAD CMakeFiles/n7six.ApeX-k1.v7.6.5br2.dir/Drivers/PY32F071_HAL_Driver/Src/py32f071_ll_pwr.c.obj
LOAD CMakeFiles/n7six.ApeX-k1.v7.6.5br2.dir/Drivers/PY32F071_HAL_Driver/Src/py32f071_ll_dma.c.obj
LOAD CMakeFiles/n7six.ApeX-k1.v7.6.5br2.dir/Drivers/PY32F071_HAL_Driver/Src/py32f071_ll_gpio.c.obj
LOAD CMakeFiles/n7six.ApeX-k1.v7.6.5br2.dir/Drivers/PY32F071_HAL_Driver/Src/py32f071_ll_utils.c.obj
LOAD CMakeFiles/n7six.ApeX-k1.v7.6.5br2.dir/Drivers/PY32F071_HAL_Driver/Src/py32f071_ll_adc.c.obj
LOAD CMakeFiles/n7six.ApeX-k1.v7.6.5br2.dir/Drivers/PY32F071_HAL_Driver/Src/py32f071_ll_comp.c.obj
LOAD CMakeFiles/n7six.ApeX-k1.v7.6.5br2.dir/Drivers/PY32F071_HAL_Driver/Src/py32f071_ll_crc.c.obj
LOAD CMakeFiles/n7six.ApeX-k1.v7.6.5br2.dir/Drivers/PY32F071_HAL_Driver/Src/py32f071_ll_dac.c.obj
LOAD CMakeFiles/n7six.ApeX-k1.v7.6.5br2.dir/Drivers/PY32F071_HAL_Driver/Src/py32f071_ll_exti.c.obj
LOAD CMakeFiles/n7six.ApeX-k1.v7.6.5br2.dir/Drivers/PY32F071_HAL_Driver/Src/py32f071_ll_i2c.c.obj
LOAD CMakeFiles/n7six.ApeX-k1.v7.6.5br2.dir/Drivers/PY32F071_HAL_Driver/Src/py32f071_ll_rtc.c.obj
LOAD CMakeFiles/n7six.ApeX-k1.v7.6.5br2.dir/Drivers/PY32F071_HAL_Driver/Src/py32f071_ll_spi.c.obj
LOAD CMakeFiles/n7six.ApeX-k1.v7.6.5br2.dir/Drivers/PY32F071_HAL_Driver/Src/py32f071_ll_tim.c.obj
LOAD CMakeFiles/n7six.ApeX-k1.v7.6.5br2.dir/Drivers/PY32F071_HAL_Driver/Src/py32f071_ll_lptim.c.obj
LOAD CMakeFiles/n7six.ApeX-k1.v7.6.5br2.dir/Drivers/PY32F071_HAL_Driver/Src/py32f071_ll_usart.c.obj
LOAD CMakeFiles/n7six.ApeX-k1.v7.6.5br2.dir/App/driver/backlight.c.obj
LOAD CMakeFiles/n7six.ApeX-k1.v7.6.5br2.dir/App/driver/bk4829.c.obj
LOAD CMakeFiles/n7six.ApeX-k1.v7.6.5br2.dir/App/driver/py25q16.c.obj
LOAD CMakeFiles/n7six.ApeX-k1.v7.6.5br2.dir/App/driver/gpio.c.obj
LOAD CMakeFiles/n7six.ApeX-k1.v7.6.5br2.dir/App/driver/i2c.c.obj
LOAD CMakeFiles/n7six.ApeX-k1.v7.6.5br2.dir/App/driver/keyboard.c.obj
LOAD CMakeFiles/n7six.ApeX-k1.v7.6.5br2.dir/App/driver/st7565.c.obj
LOAD CMakeFiles/n7six.ApeX-k1.v7.6.5br2.dir/App/driver/system.c.obj
LOAD CMakeFiles/n7six.ApeX-k1.v7.6.5br2.dir/App/driver/systick.c.obj
LOAD CMakeFiles/n7six.ApeX-k1.v7.6.5br2.dir/App/app/action.c.obj
LOAD CMakeFiles/n7six.ApeX-k1.v7.6.5br2.dir/App/app/app.c.obj
LOAD CMakeFiles/n7six.ApeX-k1.v7.6.5br2.dir/App/app/chFrScanner.c.obj
LOAD CMakeFiles/n7six.ApeX-k1.v7.6.5br2.dir/App/app/common.c.obj
LOAD CMakeFiles/n7six.ApeX-k1.v7.6.5br2.dir/App/app/dtmf.c.obj
LOAD CMakeFiles/n7six.ApeX-k1.v7.6.5br2.dir/App/app/events.c.obj
LOAD CMakeFiles/n7six.ApeX-k1.v7.6.5br2.dir/App/app/events_handlers.c.obj
LOAD CMakeFiles/n7six.ApeX-k1.v7.6.5br2.dir/App/app/generic.c.obj
LOAD CMakeFiles/n7six.ApeX-k1.v7.6.5br2.dir/App/app/main.c.obj
LOAD CMakeFiles/n7six.ApeX-k1.v7.6.5br2.dir/App/app/menu.c.obj
LOAD CMakeFiles/n7six.ApeX-k1.v7.6.5br2.dir/App/app/scanner.c.obj
LOAD CMakeFiles/n7six.ApeX-k1.v7.6.5br2.dir/App/audio.c.obj
LOAD CMakeFiles/n7six.ApeX-k1.v7.6.5br2.dir/App/bitmaps.c.obj
LOAD CMakeFiles/n7six.ApeX-k1.v7.6.5br2.dir/App/board.c.obj
LOAD CMakeFiles/n7six.ApeX-k1.v7.6.5br2.dir/App/dcs.c.obj
LOAD CMakeFiles/n7six.ApeX-k1.v7.6.5br2.dir/App/font.c.obj
LOAD CMakeFiles/n7six.ApeX-k1.v7.6.5br2.dir/App/frequencies.c.obj
LOAD CMakeFiles/n7six.ApeX-k1.v7.6.5br2.dir/App/functions.c.obj
LOAD CMakeFiles/n7six.ApeX-k1.v7.6.5br2.dir/App/helper/battery.c.obj
LOAD CMakeFiles/n7six.ApeX-k1.v7.6.5br2.dir/App/helper/boot.c.obj
LOAD CMakeFiles/n7six.ApeX-k1.v7.6.5br2.dir/App/misc.c.obj
LOAD CMakeFiles/n7six.ApeX-k1.v7.6.5br2.dir/App/radio.c.obj
LOAD CMakeFiles/n7six.ApeX-k1.v7.6.5br2.dir/App/scheduler.c.obj
LOAD CMakeFiles/n7six.ApeX-k1.v7.6.5br2.dir/App/settings.c.obj
LOAD CMakeFiles/n7six.ApeX-k1.v7.6.5br2.dir/App/ui/battery.c.obj
LOAD CMakeFiles/n7six.ApeX-k1.v7.6.5br2.dir/App/ui/helper.c.obj
LOAD CMakeFiles/n7six.ApeX-k1.v7.6.5br2.dir/App/ui/inputbox.c.obj
LOAD CMakeFiles/n7six.ApeX-k1.v7.6.5br2.dir/App/ui/main.c.obj
LOAD CMakeFiles/n7six.ApeX-k1.v7.6.5br2.dir/App/ui/menu.c.obj
LOAD CMakeFiles/n7six.ApeX-k1.v7.6.5br2.dir/App/ui/scanner.c.obj
LOAD CMakeFiles/n7six.ApeX-k1.v7.6.5br2.dir/App/ui/status.c.obj
LOAD CMakeFiles/n7six.ApeX-k1.v7.6.5br2.dir/App/ui/ui.c.obj
LOAD CMakeFiles/n7six.ApeX-k1.v7.6.5br2.dir/App/ui/welcome.c.obj
LOAD CMakeFiles/n7six.ApeX-k1.v7.6.5br2.dir/App/version.c.obj
LOAD CMakeFiles/n7six.ApeX-k1.v7.6.5br2.dir/App/main.c.obj
LOAD CMakeFiles/n7six.ApeX-k1.v7.6.5br2.dir/App/external/printf/printf.c.obj
LOAD CMakeFiles/n7six.ApeX-k1.v7.6.5br2.dir/App/driver/crc.c.obj
LOAD CMakeFiles/n7six.ApeX-k1.v7.6.5br2.dir/App/driver/eeprom_compat.c.obj
LOAD CMakeFiles/n7six.ApeX-k1.v7.6.5br2.dir/App/driver/uart.c.obj
LOAD CMakeFiles/n7six.ApeX-k1.v7.6.5br2.dir/App/app/uart.c.obj
LOAD CMakeFiles/n7six.ApeX-k1.v7.6.5br2.dir/App/driver/vcp.c.obj
LOAD CMakeFiles/n7six.ApeX-k1.v7.6.5br2.dir/App/usb/usbd_cdc_if.c.obj
LOAD CMakeFiles/n7six.ApeX-k1.v7.6.5br2.dir/App/driver/bk1080.c.obj
LOAD CMakeFiles/n7six.ApeX-k1.v7.6.5br2.dir/App/app/fm.c.obj
LOAD CMakeFiles/n7six.ApeX-k1.v7.6.5br2.dir/App/ui/fmradio.c.obj
LOAD CMakeFiles/n7six.ApeX-k1.v7.6.5br2.dir/App/app/aircopy.c.obj
LOAD CMakeFiles/n7six.ApeX-k1.v7.6.5br2.dir/App/ui/aircopy.c.obj
LOAD CMakeFiles/n7six.ApeX-k1.v7.6.5br2.dir/App/app/flashlight.c.obj
LOAD CMakeFiles/n7six.ApeX-k1.v7.6.5br2.dir/App/app/spectrum.c.obj
LOAD CMakeFiles/n7six.ApeX-k1.v7.6.5br2.dir/App/app/audio_spectrum.c.obj
LOAD CMakeFiles/n7six.ApeX-k1.v7.6.5br2.dir/App/app/breakout.c.obj
LOAD CMakeFiles/n7six.ApeX-k1.v7.6.5br2.dir/App/screenshot.c.obj
LOAD CMakeFiles/n7six.ApeX-k1.v7.6.5br2.dir/Middlewares/CherryUSB/core/usbd_core.c.obj
LOAD CMakeFiles/n7six.ApeX-k1.v7.6.5br2.dir/Middlewares/CherryUSB/port/usb_dc_py32.c.obj
LOAD CMakeFiles/n7six.ApeX-k1.v7.6.5br2.dir/Middlewares/CherryUSB/class/cdc/usbd_cdc.c.obj
LOAD /opt/toolchain/bin/../lib/gcc/arm-none-eabi/13.3.1/../../../../arm-none-eabi/lib/thumb/v6-m/nofp/libm.a
START GROUP
LOAD /opt/toolchain/bin/../lib/gcc/arm-none-eabi/13.3.1/thumb/v6-m/nofp/libgcc.a
LOAD /opt/toolchain/bin/../lib/gcc/arm-none-eabi/13.3.1/../../../../arm-none-eabi/lib/thumb/v6-m/nofp/libg_nano.a
LOAD /opt/toolchain/bin/../lib/gcc/arm-none-eabi/13.3.1/../../../../arm-none-eabi/lib/thumb/v6-m/nofp/libc_nano.a
END GROUP
START GROUP
LOAD /opt/toolchain/bin/../lib/gcc/arm-none-eabi/13.3.1/thumb/v6-m/nofp/libgcc.a
LOAD /opt/toolchain/bin/../lib/gcc/arm-none-eabi/13.3.1/../../../../arm-none-eabi/lib/thumb/v6-m/nofp/libc_nano.a
END GROUP
LOAD /opt/toolchain/bin/../lib/gcc/arm-none-eabi/13.3.1/thumb/v6-m/nofp/crtend.o
LOAD /opt/toolchain/bin/../lib/gcc/arm-none-eabi/13.3.1/thumb/v6-m/nofp/crtn.o
                0x20004000                        _estack = (ORIGIN (RAM) + LENGTH (RAM))
                0x00000200                        _Min_Heap_Size = 0x200
                0x00000400                        _Min_Stack_Size = 0x400

.isr_vector     0x08002800       0xc0
                0x08002800                        . = ALIGN (0x4)
 *(.isr_vector)
 .isr_vector    0x08002800       0xc0 CMakeFiles/n7six.ApeX-k1.v7.6.5br2.dir/Core/startup_py32f071xx.s.obj
                0x08002800                g_pfnVectors
                0x080028c0                        . = ALIGN (0x4)

.text           0x080028c0    0x133ac
                0x080028c0                        . = ALIGN (0x4)
 *(.text)
 .text          0x080028c0       0x14 /opt/toolchain/bin/../lib/gcc/arm-none-eabi/13.3.1/thumb/v6-m/nofp/libgcc.a(_thumb1_case_sqi.o)
                0x080028c0                __gnu_thumb1_case_sqi
 .text          0x080028d4       0x14 /opt/toolchain/bin/../lib/gcc/arm-none-eabi/13.3.1/thumb/v6-m/nofp/libgcc.a(_thumb1_case_uqi.o)
                0x080028d4                __gnu_thumb1_case_uqi
 .text          0x080028e8       0x14 /opt/toolchain/bin/../lib/gcc/arm-none-eabi/13.3.1/thumb/v6-m/nofp/libgcc.a(_thumb1_case_shi.o)
                0x080028e8                __gnu_thumb1_case_shi
 .text          0x080028fc       0x14 /opt/toolchain/bin/../lib/gcc/arm-none-eabi/13.3.1/thumb/v6-m/nofp/libgcc.a(_thumb1_case_uhi.o)
                0x080028fc                __gnu_thumb1_case_uhi
 .text          0x08002910      0x114 /opt/toolchain/bin/../lib/gcc/arm-none-eabi/13.3.1/thumb/v6-m/nofp/libgcc.a(_udivsi3.o)
                0x08002910                __udivsi3
                0x08002910                __aeabi_uidiv
                0x08002a1c                __aeabi_uidivmod
 .text          0x08002a24      0x1d4 /opt/toolchain/bin/../lib/gcc/arm-none-eabi/13.3.1/thumb/v6-m/nofp/libgcc.a(_divsi3.o)
                0x08002a24                __aeabi_idiv
                0x08002a24                __divsi3
                0x08002bf0                __aeabi_idivmod
 .text          0x08002bf8        0x4 /opt/toolchain/bin/../lib/gcc/arm-none-eabi/13.3.1/thumb/v6-m/nofp/libgcc.a(_dvmd_tls.o)
                0x08002bf8                __aeabi_ldiv0
                0x08002bf8                __aeabi_idiv0
 .text          0x08002bfc       0x1c /opt/toolchain/bin/../lib/gcc/arm-none-eabi/13.3.1/thumb/v6-m/nofp/libgcc.a(_ashrdi3.o)
                0x08002bfc                __ashrdi3
                0x08002bfc                __aeabi_lasr
 .text          0x08002c18       0x3c /opt/toolchain/bin/../lib/gcc/arm-none-eabi/13.3.1/thumb/v6-m/nofp/libgcc.a(_clzsi2.o)
                0x08002c18                __clzsi2
 .text          0x08002c54        0xe /opt/toolchain/bin/../lib/gcc/arm-none-eabi/13.3.1/../../../../arm-none-eabi/lib/thumb/v6-m/nofp/libg_nano.a(libc_a-strlen.o)
                0x08002c54                strlen
 *(.text*)
 *fill*         0x08002c62        0x2 
 .text.deregister_tm_clones
                0x08002c64       0x20 /opt/toolchain/bin/../lib/gcc/arm-none-eabi/13.3.1/thumb/v6-m/nofp/crtbegin.o
 .text.register_tm_clones
                0x08002c84       0x28 /opt/toolchain/bin/../lib/gcc/arm-none-eabi/13.3.1/thumb/v6-m/nofp/crtbegin.o
 .text.__do_global_dtors_aux
                0x08002cac       0x2c /opt/toolchain/bin/../lib/gcc/arm-none-eabi/13.3.1/thumb/v6-m/nofp/crtbegin.o
 .text.frame_dummy
                0x08002cd8       0x24 /opt/toolchain/bin/../lib/gcc/arm-none-eabi/13.3.1/thumb/v6-m/nofp/crtbegin.o
 .text.startup.main
                0x08002cfc       0x3c CMakeFiles/n7six.ApeX-k1.v7.6.5br2.dir/Core/Src/main.c.obj
                0x08002cfc                main
 .text.NMI_Handler
                0x08002d38        0x2 CMakeFiles/n7six.ApeX-k1.v7.6.5br2.dir/Core/Src/py32f071_it.c.obj
                0x08002d38                NMI_Handler
 .text.HardFault_Handler
                0x08002d3a        0x2 CMakeFiles/n7six.ApeX-k1.v7.6.5br2.dir/Core/Src/py32f071_it.c.obj
                0x08002d3a                HardFault_Handler
 .text.SVC_Handler
                0x08002d3c        0x2 CMakeFiles/n7six.ApeX-k1.v7.6.5br2.dir/Core/Src/py32f071_it.c.obj
                0x08002d3c                SVC_Handler
 .text.PendSV_Handler
                0x08002d3e        0x2 CMakeFiles/n7six.ApeX-k1.v7.6.5br2.dir/Core/Src/py32f071_it.c.obj
                0x08002d3e                PendSV_Handler
 .text.SystemInit
                0x08002d40       0x10 CMakeFiles/n7six.ApeX-k1.v7.6.5br2.dir/Core/Src/system_py32f071.c.obj
                0x08002d40                SystemInit
 .text.Reset_Handler
                0x08002d50       0x50 CMakeFiles/n7six.ApeX-k1.v7.6.5br2.dir/Core/startup_py32f071xx.s.obj
                0x08002d50                Reset_Handler
 .text.Default_Handler
                0x08002da0        0x2 CMakeFiles/n7six.ApeX-k1.v7.6.5br2.dir/Core/startup_py32f071xx.s.obj
                0x08002da0                TIM1_CC_IRQHandler
                0x08002da0                PVD_IRQHandler
                0x08002da0                I2C1_IRQHandler
                0x08002da0                SPI1_IRQHandler
                0x08002da0                EXTI2_3_IRQHandler
                0x08002da0                I2C2_IRQHandler
                0x08002da0                TIM17_IRQHandler
                0x08002da0                USART3_IRQHandler
                0x08002da0                RTC_IRQHandler
                0x08002da0                LCD_IRQHandler
                0x08002da0                TIM16_IRQHandler
                0x08002da0                TIM3_IRQHandler
                0x08002da0                EXTI4_15_IRQHandler
                0x08002da0                RCC_IRQHandler
                0x08002da0                DMA1_Channel1_IRQHandler
                0x08002da0                Default_Handler
                0x08002da0                TIM14_IRQHandler
                0x08002da0                TIM7_IRQHandler
                0x08002da0                TIM15_IRQHandler
                0x08002da0                EXTI0_1_IRQHandler
                0x08002da0                SPI2_IRQHandler
                0x08002da0                WWDG_IRQHandler
                0x08002da0                TIM2_IRQHandler
                0x08002da0                DMA1_Channel2_3_IRQHandler
                0x08002da0                ADC_COMP_IRQHandler
                0x08002da0                USART2_IRQHandler
                0x08002da0                TIM6_LPTIM1_DAC_IRQHandler
                0x08002da0                FLASH_IRQHandler
                0x08002da0                USART1_IRQHandler
                0x08002da0                TIM1_BRK_UP_TRG_COM_IRQHandler
 *fill*         0x08002da2        0x2 
 .text.RCC_GetHCLKClockFreq
                0x08002da4       0x20 CMakeFiles/n7six.ApeX-k1.v7.6.5br2.dir/Drivers/PY32F071_HAL_Driver/Src/py32f071_ll_rcc.c.obj
                0x08002da4                RCC_GetHCLKClockFreq
 .text.RCC_GetPCLK1ClockFreq
                0x08002dc4       0x20 CMakeFiles/n7six.ApeX-k1.v7.6.5br2.dir/Drivers/PY32F071_HAL_Driver/Src/py32f071_ll_rcc.c.obj
                0x08002dc4                RCC_GetPCLK1ClockFreq
 .text.RCC_PLL_GetFreqDomain_SYS
                0x08002de4       0x38 CMakeFiles/n7six.ApeX-k1.v7.6.5br2.dir/Drivers/PY32F071_HAL_Driver/Src/py32f071_ll_rcc.c.obj
                0x08002de4                RCC_PLL_GetFreqDomain_SYS
 .text.RCC_GetSystemClockFreq
                0x08002e1c       0x50 CMakeFiles/n7six.ApeX-k1.v7.6.5br2.dir/Drivers/PY32F071_HAL_Driver/Src/py32f071_ll_rcc.c.obj
                0x08002e1c                RCC_GetSystemClockFreq
 .text.LL_RCC_GetSystemClocksFreq
                0x08002e6c       0x18 CMakeFiles/n7six.ApeX-k1.v7.6.5br2.dir/Drivers/PY32F071_HAL_Driver/Src/py32f071_ll_rcc.c.obj
                0x08002e6c                LL_RCC_GetSystemClocksFreq
 .text.LL_DMA_Init
                0x08002e84       0x4c CMakeFiles/n7six.ApeX-k1.v7.6.5br2.dir/Drivers/PY32F071_HAL_Driver/Src/py32f071_ll_dma.c.obj
                0x08002e84                LL_DMA_Init
 .text.LL_DMA_StructInit
                0x08002ed0       0x18 CMakeFiles/n7six.ApeX-k1.v7.6.5br2.dir/Drivers/PY32F071_HAL_Driver/Src/py32f071_ll_dma.c.obj
                0x08002ed0                LL_DMA_StructInit
 .text.LL_GPIO_Init
                0x08002ee8       0xa4 CMakeFiles/n7six.ApeX-k1.v7.6.5br2.dir/Drivers/PY32F071_HAL_Driver/Src/py32f071_ll_gpio.c.obj
                0x08002ee8                LL_GPIO_Init
 .text.LL_GPIO_StructInit
                0x08002f8c       0x18 CMakeFiles/n7six.ApeX-k1.v7.6.5br2.dir/Drivers/PY32F071_HAL_Driver/Src/py32f071_ll_gpio.c.obj
                0x08002f8c                LL_GPIO_StructInit
 .text.LL_SetSystemCoreClock
                0x08002fa4        0xc CMakeFiles/n7six.ApeX-k1.v7.6.5br2.dir/Drivers/PY32F071_HAL_Driver/Src/py32f071_ll_utils.c.obj
                0x08002fa4                LL_SetSystemCoreClock
 .text.LL_SPI_Init
                0x08002fb0       0x68 CMakeFiles/n7six.ApeX-k1.v7.6.5br2.dir/Drivers/PY32F071_HAL_Driver/Src/py32f071_ll_spi.c.obj
                0x08002fb0                LL_SPI_Init
 .text.LL_SPI_StructInit
                0x08003018       0x1a CMakeFiles/n7six.ApeX-k1.v7.6.5br2.dir/Drivers/PY32F071_HAL_Driver/Src/py32f071_ll_spi.c.obj
                0x08003018                LL_SPI_StructInit
 *fill*         0x08003032        0x2 
 .text.LL_USART_Init
                0x08003034       0xe4 CMakeFiles/n7six.ApeX-k1.v7.6.5br2.dir/Drivers/PY32F071_HAL_Driver/Src/py32f071_ll_usart.c.obj
                0x08003034                LL_USART_Init
 .text.LL_USART_StructInit
                0x08003118       0x18 CMakeFiles/n7six.ApeX-k1.v7.6.5br2.dir/Drivers/PY32F071_HAL_Driver/Src/py32f071_ll_usart.c.obj
                0x08003118                LL_USART_StructInit
 .text.BACKLIGHT_Sound
                0x08003130       0x28 CMakeFiles/n7six.ApeX-k1.v7.6.5br2.dir/App/driver/backlight.c.obj
 .text.BACKLIGHT_InitHardware
                0x08003158       0xc4 CMakeFiles/n7six.ApeX-k1.v7.6.5br2.dir/App/driver/backlight.c.obj
                0x08003158                BACKLIGHT_InitHardware
 .text.BACKLIGHT_IsOn
                0x0800321c        0xc CMakeFiles/n7six.ApeX-k1.v7.6.5br2.dir/App/driver/backlight.c.obj
                0x0800321c                BACKLIGHT_IsOn
 .text.BACKLIGHT_SetBrightness
                0x08003228       0xbc CMakeFiles/n7six.ApeX-k1.v7.6.5br2.dir/App/driver/backlight.c.obj
                0x08003228                BACKLIGHT_SetBrightness
 .text.BACKLIGHT_TurnOff
                0x080032e4       0x24 CMakeFiles/n7six.ApeX-k1.v7.6.5br2.dir/App/driver/backlight.c.obj
                0x080032e4                BACKLIGHT_TurnOff
 .text.BACKLIGHT_TurnOn
                0x08003308       0x8c CMakeFiles/n7six.ApeX-k1.v7.6.5br2.dir/App/driver/backlight.c.obj
                0x08003308                BACKLIGHT_TurnOn
 .text.BK4819_WriteU8
                0x08003394       0x54 CMakeFiles/n7six.ApeX-k1.v7.6.5br2.dir/App/driver/bk4829.c.obj
                0x08003394                BK4819_WriteU8
 .text.BK4819_ReadRegister
                0x080033e8       0x98 CMakeFiles/n7six.ApeX-k1.v7.6.5br2.dir/App/driver/bk4829.c.obj
                0x080033e8                BK4819_ReadRegister
 .text.BK4819_WriteU16
                0x08003480       0x54 CMakeFiles/n7six.ApeX-k1.v7.6.5br2.dir/App/driver/bk4829.c.obj
                0x08003480                BK4819_WriteU16
 .text.BK4819_WriteRegister
                0x080034d4       0x4c CMakeFiles/n7six.ApeX-k1.v7.6.5br2.dir/App/driver/bk4829.c.obj
                0x080034d4                BK4819_WriteRegister
 .text.BK4819_Init
                0x08003520      0x1d0 CMakeFiles/n7six.ApeX-k1.v7.6.5br2.dir/App/driver/bk4829.c.obj
                0x08003520                BK4819_Init
 .text.BK4819_SetAGC
                0x080036f0       0x30 CMakeFiles/n7six.ApeX-k1.v7.6.5br2.dir/App/driver/bk4829.c.obj
                0x080036f0                BK4819_SetAGC
 .text.BK4819_InitAGC
                0x08003720       0x64 CMakeFiles/n7six.ApeX-k1.v7.6.5br2.dir/App/driver/bk4829.c.obj
                0x08003720                BK4819_InitAGC
 .text.BK4819_ToggleGpioOut
                0x08003784       0x2c CMakeFiles/n7six.ApeX-k1.v7.6.5br2.dir/App/driver/bk4829.c.obj
                0x08003784                BK4819_ToggleGpioOut
 .text.BK4819_SetCDCSSCodeWord
                0x080037b0       0x38 CMakeFiles/n7six.ApeX-k1.v7.6.5br2.dir/App/driver/bk4829.c.obj
                0x080037b0                BK4819_SetCDCSSCodeWord
 .text.BK4819_SetCTCSSFrequency
                0x080037e8       0x48 CMakeFiles/n7six.ApeX-k1.v7.6.5br2.dir/App/driver/bk4829.c.obj
                0x080037e8                BK4819_SetCTCSSFrequency
 .text.BK4819_SetTailDetection
                0x08003830       0x24 CMakeFiles/n7six.ApeX-k1.v7.6.5br2.dir/App/driver/bk4829.c.obj
                0x08003830                BK4819_SetTailDetection
 .text.BK4819_EnableVox
                0x08003854       0x48 CMakeFiles/n7six.ApeX-k1.v7.6.5br2.dir/App/driver/bk4829.c.obj
                0x08003854                BK4819_EnableVox
 .text.BK4819_SetFilterBandwidth
                0x0800389c       0x1c CMakeFiles/n7six.ApeX-k1.v7.6.5br2.dir/App/driver/bk4829.c.obj
                0x0800389c                BK4819_SetFilterBandwidth
 .text.BK4819_SetupPowerAmplifier
                0x080038b8       0x20 CMakeFiles/n7six.ApeX-k1.v7.6.5br2.dir/App/driver/bk4829.c.obj
                0x080038b8                BK4819_SetupPowerAmplifier
 .text.BK4819_SetFrequency
                0x080038d8       0x16 CMakeFiles/n7six.ApeX-k1.v7.6.5br2.dir/App/driver/bk4829.c.obj
                0x080038d8                BK4819_SetFrequency
 *fill*         0x080038ee        0x2 
 .text.BK4819_SetAF
                0x080038f0       0x14 CMakeFiles/n7six.ApeX-k1.v7.6.5br2.dir/App/driver/bk4829.c.obj
                0x080038f0                BK4819_SetAF
 .text.BK4819_SetRegValue
                0x08003904       0x2e CMakeFiles/n7six.ApeX-k1.v7.6.5br2.dir/App/driver/bk4829.c.obj
                0x08003904                BK4819_SetRegValue
 *fill*         0x08003932        0x2 
 .text.BK4819_RX_TurnOn
                0x08003934       0x24 CMakeFiles/n7six.ApeX-k1.v7.6.5br2.dir/App/driver/bk4829.c.obj
                0x08003934                BK4819_RX_TurnOn
 .text.BK4819_SetupSquelch
                0x08003958       0x56 CMakeFiles/n7six.ApeX-k1.v7.6.5br2.dir/App/driver/bk4829.c.obj
                0x08003958                BK4819_SetupSquelch
 *fill*         0x080039ae        0x2 
 .text.BK4819_PickRXFilterPathBasedOnFrequency
                0x080039b0       0x30 CMakeFiles/n7six.ApeX-k1.v7.6.5br2.dir/App/driver/bk4829.c.obj
                0x080039b0                BK4819_PickRXFilterPathBasedOnFrequency
 .text.BK4819_DisableScramble
                0x080039e0       0x1e CMakeFiles/n7six.ApeX-k1.v7.6.5br2.dir/App/driver/bk4829.c.obj
                0x080039e0                BK4819_DisableScramble
 *fill*         0x080039fe        0x2 
 .text.BK4819_SetCompander
                0x08003a00       0x54 CMakeFiles/n7six.ApeX-k1.v7.6.5br2.dir/App/driver/bk4829.c.obj
                0x08003a00                BK4819_SetCompander
 .text.BK4819_DisableVox
                0x08003a54       0x16 CMakeFiles/n7six.ApeX-k1.v7.6.5br2.dir/App/driver/bk4829.c.obj
                0x08003a54                BK4819_DisableVox
 .text.BK4819_DisableDTMF
                0x08003a6a        0xc CMakeFiles/n7six.ApeX-k1.v7.6.5br2.dir/App/driver/bk4829.c.obj
                0x08003a6a                BK4819_DisableDTMF
 *fill*         0x08003a76        0x2 
 .text.BK4819_EnableDTMF
                0x08003a78       0x1c CMakeFiles/n7six.ApeX-k1.v7.6.5br2.dir/App/driver/bk4829.c.obj
                0x08003a78                BK4819_EnableDTMF
 .text.BK4819_EnterTxMute
                0x08003a94       0x10 CMakeFiles/n7six.ApeX-k1.v7.6.5br2.dir/App/driver/bk4829.c.obj
                0x08003a94                BK4819_EnterTxMute
 .text.BK4819_PlayTone
                0x08003aa4       0x58 CMakeFiles/n7six.ApeX-k1.v7.6.5br2.dir/App/driver/bk4829.c.obj
                0x08003aa4                BK4819_PlayTone
 .text.BK4819_ExitTxMute
                0x08003afc       0x10 CMakeFiles/n7six.ApeX-k1.v7.6.5br2.dir/App/driver/bk4829.c.obj
                0x08003afc                BK4819_ExitTxMute
 .text.BK4819_Sleep
                0x08003b0c       0x16 CMakeFiles/n7six.ApeX-k1.v7.6.5br2.dir/App/driver/bk4829.c.obj
                0x08003b0c                BK4819_Sleep
 *fill*         0x08003b22        0x2 
 .text.BK4819_TurnsOffTones_TurnsOnRX
                0x08003b24       0x2c CMakeFiles/n7six.ApeX-k1.v7.6.5br2.dir/App/driver/bk4829.c.obj
                0x08003b24                BK4819_TurnsOffTones_TurnsOnRX
 .text.BK4819_SetupAircopy
                0x08003b50       0x44 CMakeFiles/n7six.ApeX-k1.v7.6.5br2.dir/App/driver/bk4829.c.obj
                0x08003b50                BK4819_SetupAircopy
 .text.BK4819_Idle
                0x08003b94        0xc CMakeFiles/n7six.ApeX-k1.v7.6.5br2.dir/App/driver/bk4829.c.obj
                0x08003b94                BK4819_Idle
 .text.BK4819_ResetFSK
                0x08003ba0       0x1e CMakeFiles/n7six.ApeX-k1.v7.6.5br2.dir/App/driver/bk4829.c.obj
                0x08003ba0                BK4819_ResetFSK
 .text.BK4819_ExitBypass
                0x08003bbe       0x20 CMakeFiles/n7six.ApeX-k1.v7.6.5br2.dir/App/driver/bk4829.c.obj
                0x08003bbe                BK4819_ExitBypass
 *fill*         0x08003bde        0x2 
 .text.BK4819_TxOn_Beep
                0x08003be0       0x38 CMakeFiles/n7six.ApeX-k1.v7.6.5br2.dir/App/driver/bk4829.c.obj
                0x08003be0                BK4819_TxOn_Beep
 .text.BK4819_PrepareTransmit
                0x08003c18       0x10 CMakeFiles/n7six.ApeX-k1.v7.6.5br2.dir/App/driver/bk4829.c.obj
                0x08003c18                BK4819_PrepareTransmit
 .text.BK4819_ExitSubAu
                0x08003c28        0xc CMakeFiles/n7six.ApeX-k1.v7.6.5br2.dir/App/driver/bk4829.c.obj
                0x08003c28                BK4819_ExitSubAu
 .text.BK4819_Conditional_RX_TurnOn_and_GPIO6_Enable
                0x08003c34       0x1c CMakeFiles/n7six.ApeX-k1.v7.6.5br2.dir/App/driver/bk4829.c.obj
                0x08003c34                BK4819_Conditional_RX_TurnOn_and_GPIO6_Enable
 .text.BK4819_ExitDTMF_TX
                0x08003c50       0x30 CMakeFiles/n7six.ApeX-k1.v7.6.5br2.dir/App/driver/bk4829.c.obj
                0x08003c50                BK4819_ExitDTMF_TX
 .text.BK4819_EnableTXLink
                0x08003c80       0x10 CMakeFiles/n7six.ApeX-k1.v7.6.5br2.dir/App/driver/bk4829.c.obj
                0x08003c80                BK4819_EnableTXLink
 .text.BK4819_PlaySingleTone
                0x08003c90       0x94 CMakeFiles/n7six.ApeX-k1.v7.6.5br2.dir/App/driver/bk4829.c.obj
                0x08003c90                BK4819_PlaySingleTone
 .text.BK4819_EnterDTMF_TX
                0x08003d24       0x2c CMakeFiles/n7six.ApeX-k1.v7.6.5br2.dir/App/driver/bk4829.c.obj
                0x08003d24                BK4819_EnterDTMF_TX
 .text.BK4819_PlayDTMF
                0x08003d50       0x7c CMakeFiles/n7six.ApeX-k1.v7.6.5br2.dir/App/driver/bk4829.c.obj
                0x08003d50                BK4819_PlayDTMF
 .text.BK4819_PlayDTMFString
                0x08003dcc       0x5a CMakeFiles/n7six.ApeX-k1.v7.6.5br2.dir/App/driver/bk4829.c.obj
                0x08003dcc                BK4819_PlayDTMFString
 *fill*         0x08003e26        0x2 
 .text.BK4819_TransmitTone
                0x08003e28       0x48 CMakeFiles/n7six.ApeX-k1.v7.6.5br2.dir/App/driver/bk4829.c.obj
                0x08003e28                BK4819_TransmitTone
 .text.BK4819_GenTail
                0x08003e70       0x40 CMakeFiles/n7six.ApeX-k1.v7.6.5br2.dir/App/driver/bk4829.c.obj
                0x08003e70                BK4819_GenTail
 .text.BK4819_PlayCDCSSTail
                0x08003eb0       0x18 CMakeFiles/n7six.ApeX-k1.v7.6.5br2.dir/App/driver/bk4829.c.obj
                0x08003eb0                BK4819_PlayCDCSSTail
 .text.BK4819_PlayCTCSSTail
                0x08003ec8       0x18 CMakeFiles/n7six.ApeX-k1.v7.6.5br2.dir/App/driver/bk4829.c.obj
                0x08003ec8                BK4819_PlayCTCSSTail
 .text.BK4819_GetRSSI
                0x08003ee0        0xe CMakeFiles/n7six.ApeX-k1.v7.6.5br2.dir/App/driver/bk4829.c.obj
                0x08003ee0                BK4819_GetRSSI
 .text.BK4819_GetRSSI_dBm
                0x08003eee        0xe CMakeFiles/n7six.ApeX-k1.v7.6.5br2.dir/App/driver/bk4829.c.obj
                0x08003eee                BK4819_GetRSSI_dBm
 .text.BK4819_GetVoiceAmplitudeOut
                0x08003efc        0xa CMakeFiles/n7six.ApeX-k1.v7.6.5br2.dir/App/driver/bk4829.c.obj
                0x08003efc                BK4819_GetVoiceAmplitudeOut
 .text.BK4819_GetAfTxRx
                0x08003f06        0xe CMakeFiles/n7six.ApeX-k1.v7.6.5br2.dir/App/driver/bk4829.c.obj
                0x08003f06                BK4819_GetAfTxRx
 .text.BK4819_GetFrequencyScanResult
                0x08003f14       0x30 CMakeFiles/n7six.ApeX-k1.v7.6.5br2.dir/App/driver/bk4829.c.obj
                0x08003f14                BK4819_GetFrequencyScanResult
 .text.BK4819_GetCxCSSScanResult
                0x08003f44       0x58 CMakeFiles/n7six.ApeX-k1.v7.6.5br2.dir/App/driver/bk4829.c.obj
                0x08003f44                BK4819_GetCxCSSScanResult
 .text.BK4819_DisableFrequencyScan
                0x08003f9c        0xe CMakeFiles/n7six.ApeX-k1.v7.6.5br2.dir/App/driver/bk4829.c.obj
                0x08003f9c                BK4819_DisableFrequencyScan
 *fill*         0x08003faa        0x2 
 .text.BK4819_EnableFrequencyScan
                0x08003fac       0x10 CMakeFiles/n7six.ApeX-k1.v7.6.5br2.dir/App/driver/bk4829.c.obj
                0x08003fac                BK4819_EnableFrequencyScan
 .text.BK4819_SetScanFrequency
                0x08003fbc       0x16 CMakeFiles/n7six.ApeX-k1.v7.6.5br2.dir/App/driver/bk4829.c.obj
                0x08003fbc                BK4819_SetScanFrequency
 .text.BK4819_Disable
                0x08003fd2        0x8 CMakeFiles/n7six.ApeX-k1.v7.6.5br2.dir/App/driver/bk4829.c.obj
                0x08003fd2                BK4819_Disable
 .text.BK4819_StopScan
                0x08003fda        0xc CMakeFiles/n7six.ApeX-k1.v7.6.5br2.dir/App/driver/bk4829.c.obj
                0x08003fda                BK4819_StopScan
 .text.BK4819_GetDTMF_5TONE_Code
                0x08003fe6        0xe CMakeFiles/n7six.ApeX-k1.v7.6.5br2.dir/App/driver/bk4829.c.obj
                0x08003fe6                BK4819_GetDTMF_5TONE_Code
 .text.BK4819_GetCDCSSCodeType
                0x08003ff4        0xe CMakeFiles/n7six.ApeX-k1.v7.6.5br2.dir/App/driver/bk4829.c.obj
                0x08003ff4                BK4819_GetCDCSSCodeType
 .text.BK4819_GetCTCType
                0x08004002        0xe CMakeFiles/n7six.ApeX-k1.v7.6.5br2.dir/App/driver/bk4829.c.obj
                0x08004002                BK4819_GetCTCType
 .text.BK4819_SendFSKData
                0x08004010       0x7c CMakeFiles/n7six.ApeX-k1.v7.6.5br2.dir/App/driver/bk4829.c.obj
                0x08004010                BK4819_SendFSKData
 .text.BK4819_PrepareFSKReceive
                0x0800408c       0x40 CMakeFiles/n7six.ApeX-k1.v7.6.5br2.dir/App/driver/bk4829.c.obj
                0x0800408c                BK4819_PrepareFSKReceive
 .text.BK4819_PlayRogerMDC
                0x080040cc       0x78 CMakeFiles/n7six.ApeX-k1.v7.6.5br2.dir/App/driver/bk4829.c.obj
                0x080040cc                BK4819_PlayRogerMDC
 .text.BK4819_PlayRoger
                0x08004144       0x80 CMakeFiles/n7six.ApeX-k1.v7.6.5br2.dir/App/driver/bk4829.c.obj
                0x08004144                BK4819_PlayRoger
 .text.BK4819_PlayDTMFEx
                0x080041c4       0x3c CMakeFiles/n7six.ApeX-k1.v7.6.5br2.dir/App/driver/bk4829.c.obj
                0x080041c4                BK4819_PlayDTMFEx
 .text.SPI_WriteByte
                0x08004200       0x20 CMakeFiles/n7six.ApeX-k1.v7.6.5br2.dir/App/driver/py25q16.c.obj
 .text.WriteAddr
                0x08004220       0x1c CMakeFiles/n7six.ApeX-k1.v7.6.5br2.dir/App/driver/py25q16.c.obj
 .text.WaitWIP  0x0800423c       0x30 CMakeFiles/n7six.ApeX-k1.v7.6.5br2.dir/App/driver/py25q16.c.obj
 .text.SectorErase
                0x0800426c       0x2e CMakeFiles/n7six.ApeX-k1.v7.6.5br2.dir/App/driver/py25q16.c.obj
 *fill*         0x0800429a        0x2 
 .text.SectorProgram
                0x0800429c      0x12c CMakeFiles/n7six.ApeX-k1.v7.6.5br2.dir/App/driver/py25q16.c.obj
 .text.PY25Q16_Init
                0x080043c8       0xf0 CMakeFiles/n7six.ApeX-k1.v7.6.5br2.dir/App/driver/py25q16.c.obj
                0x080043c8                PY25Q16_Init
 .text.PY25Q16_ReadBuffer
                0x080044b8       0xf4 CMakeFiles/n7six.ApeX-k1.v7.6.5br2.dir/App/driver/py25q16.c.obj
                0x080044b8                PY25Q16_ReadBuffer
 .text.PY25Q16_WriteBuffer
                0x080045ac       0xdc CMakeFiles/n7six.ApeX-k1.v7.6.5br2.dir/App/driver/py25q16.c.obj
                0x080045ac                PY25Q16_WriteBuffer
 .text.PY25Q16_SectorErase
                0x08004688       0x2c CMakeFiles/n7six.ApeX-k1.v7.6.5br2.dir/App/driver/py25q16.c.obj
                0x08004688                PY25Q16_SectorErase
 .text.DMA1_Channel4_5_6_7_IRQHandler
                0x080046b4       0x64 CMakeFiles/n7six.ApeX-k1.v7.6.5br2.dir/App/driver/py25q16.c.obj
                0x080046b4                DMA1_Channel4_5_6_7_IRQHandler
 .text.I2C_Start
                0x08004718       0x30 CMakeFiles/n7six.ApeX-k1.v7.6.5br2.dir/App/driver/i2c.c.obj
                0x08004718                I2C_Start
 .text.I2C_Stop
                0x08004748       0x30 CMakeFiles/n7six.ApeX-k1.v7.6.5br2.dir/App/driver/i2c.c.obj
                0x08004748                I2C_Stop
 .text.I2C_Read
                0x08004778       0x98 CMakeFiles/n7six.ApeX-k1.v7.6.5br2.dir/App/driver/i2c.c.obj
                0x08004778                I2C_Read
 .text.I2C_Write
                0x08004810       0xa4 CMakeFiles/n7six.ApeX-k1.v7.6.5br2.dir/App/driver/i2c.c.obj
                0x08004810                I2C_Write
 .text.I2C_ReadBuffer
                0x080048b4       0x3e CMakeFiles/n7six.ApeX-k1.v7.6.5br2.dir/App/driver/i2c.c.obj
                0x080048b4                I2C_ReadBuffer
 .text.I2C_WriteBuffer
                0x080048f2       0x20 CMakeFiles/n7six.ApeX-k1.v7.6.5br2.dir/App/driver/i2c.c.obj
                0x080048f2                I2C_WriteBuffer
 *fill*         0x08004912        0x2 
 .text.KEYBOARD_Poll
                0x08004914       0x8c CMakeFiles/n7six.ApeX-k1.v7.6.5br2.dir/App/driver/keyboard.c.obj
                0x08004914                KEYBOARD_Poll
 .text.SPI_WriteByte.isra.0
                0x080049a0       0x1c CMakeFiles/n7six.ApeX-k1.v7.6.5br2.dir/App/driver/st7565.c.obj
 .text.map      0x080049bc       0x1c CMakeFiles/n7six.ApeX-k1.v7.6.5br2.dir/App/driver/st7565.c.obj
                0x080049bc                map
 .text.ST7565_Gauge
                0x080049d8       0x50 CMakeFiles/n7six.ApeX-k1.v7.6.5br2.dir/App/driver/st7565.c.obj
                0x080049d8                ST7565_Gauge
 .text.ST7565_HardwareReset
                0x08004a28        0x2 CMakeFiles/n7six.ApeX-k1.v7.6.5br2.dir/App/driver/st7565.c.obj
                0x08004a28                ST7565_HardwareReset
 .text.ST7565_SelectColumnAndLine
                0x08004a2a       0x28 CMakeFiles/n7six.ApeX-k1.v7.6.5br2.dir/App/driver/st7565.c.obj
                0x08004a2a                ST7565_SelectColumnAndLine
 .text.DrawLine
                0x08004a52       0x30 CMakeFiles/n7six.ApeX-k1.v7.6.5br2.dir/App/driver/st7565.c.obj
 *fill*         0x08004a82        0x2 
 .text.ST7565_DrawLine
                0x08004a84       0x18 CMakeFiles/n7six.ApeX-k1.v7.6.5br2.dir/App/driver/st7565.c.obj
                0x08004a84                ST7565_DrawLine
 .text.ST7565_WriteByte
                0x08004a9c       0x10 CMakeFiles/n7six.ApeX-k1.v7.6.5br2.dir/App/driver/st7565.c.obj
                0x08004a9c                ST7565_WriteByte
 .text.ST7565_BlitScreen
                0x08004aac       0x5c CMakeFiles/n7six.ApeX-k1.v7.6.5br2.dir/App/driver/st7565.c.obj
 .text.ST7565_BlitFullScreen
                0x08004b08        0xa CMakeFiles/n7six.ApeX-k1.v7.6.5br2.dir/App/driver/st7565.c.obj
                0x08004b08                ST7565_BlitFullScreen
 .text.ST7565_BlitLine
                0x08004b12        0xc CMakeFiles/n7six.ApeX-k1.v7.6.5br2.dir/App/driver/st7565.c.obj
                0x08004b12                ST7565_BlitLine
 .text.ST7565_BlitStatusLine
                0x08004b1e        0xa CMakeFiles/n7six.ApeX-k1.v7.6.5br2.dir/App/driver/st7565.c.obj
                0x08004b1e                ST7565_BlitStatusLine
 .text.ST7565_FillScreen
                0x08004b28       0x5c CMakeFiles/n7six.ApeX-k1.v7.6.5br2.dir/App/driver/st7565.c.obj
                0x08004b28                ST7565_FillScreen
 .text.ST7565_Cmd
                0x08004b84       0x34 CMakeFiles/n7six.ApeX-k1.v7.6.5br2.dir/App/driver/st7565.c.obj
 .text.ST7565_FixInterfGlitch
                0x08004bb8       0x24 CMakeFiles/n7six.ApeX-k1.v7.6.5br2.dir/App/driver/st7565.c.obj
                0x08004bb8                ST7565_FixInterfGlitch
 .text.ST7565_ContrastAndInv
                0x08004bdc       0x28 CMakeFiles/n7six.ApeX-k1.v7.6.5br2.dir/App/driver/st7565.c.obj
                0x08004bdc                ST7565_ContrastAndInv
 .text.ST7565_Init
                0x08004c04      0x10c CMakeFiles/n7six.ApeX-k1.v7.6.5br2.dir/App/driver/st7565.c.obj
                0x08004c04                ST7565_Init
 .text.ST7565_ShutDown
                0x08004d10       0x24 CMakeFiles/n7six.ApeX-k1.v7.6.5br2.dir/App/driver/st7565.c.obj
                0x08004d10                ST7565_ShutDown
 .text.SYSTEM_DelayMs
                0x08004d34        0xe CMakeFiles/n7six.ApeX-k1.v7.6.5br2.dir/App/driver/system.c.obj
                0x08004d34                SYSTEM_DelayMs
 *fill*         0x08004d42        0x2 
 .text.SYSTICK_Init
                0x08004d44       0x40 CMakeFiles/n7six.ApeX-k1.v7.6.5br2.dir/App/driver/systick.c.obj
                0x08004d44                SYSTICK_Init
 .text.SYSTICK_DelayUs
                0x08004d84       0x34 CMakeFiles/n7six.ApeX-k1.v7.6.5br2.dir/App/driver/systick.c.obj
                0x08004d84                SYSTICK_DelayUs
 .text.ACTION_Power
                0x08004db8       0x34 CMakeFiles/n7six.ApeX-k1.v7.6.5br2.dir/App/app/action.c.obj
                0x08004db8                ACTION_Power
 .text.ACTION_SwitchDemodul
                0x08004dec       0x24 CMakeFiles/n7six.ApeX-k1.v7.6.5br2.dir/App/app/action.c.obj
                0x08004dec                ACTION_SwitchDemodul
 .text.ACTION_Vox
                0x08004e10       0x28 CMakeFiles/n7six.ApeX-k1.v7.6.5br2.dir/App/app/action.c.obj
                0x08004e10                ACTION_Vox
 .text.ACTION_Ptt
                0x08004e38       0x10 CMakeFiles/n7six.ApeX-k1.v7.6.5br2.dir/App/app/action.c.obj
                0x08004e38                ACTION_Ptt
 .text.ACTION_Power_High
                0x08004e48       0x1c CMakeFiles/n7six.ApeX-k1.v7.6.5br2.dir/App/app/action.c.obj
                0x08004e48                ACTION_Power_High
 .text.ACTION_Remove_Offset
                0x08004e64       0x1c CMakeFiles/n7six.ApeX-k1.v7.6.5br2.dir/App/app/action.c.obj
                0x08004e64                ACTION_Remove_Offset
 .text.ACTION_BackLight
                0x08004e80       0x28 CMakeFiles/n7six.ApeX-k1.v7.6.5br2.dir/App/app/action.c.obj
                0x08004e80                ACTION_BackLight
 .text.ACTION_Mute
                0x08004ea8       0x60 CMakeFiles/n7six.ApeX-k1.v7.6.5br2.dir/App/app/action.c.obj
                0x08004ea8                ACTION_Mute
 .text.ACTION_Monitor
                0x08004f08       0x88 CMakeFiles/n7six.ApeX-k1.v7.6.5br2.dir/App/app/action.c.obj
                0x08004f08                ACTION_Monitor
 .text.ACTION_FM
                0x08004f90       0x64 CMakeFiles/n7six.ApeX-k1.v7.6.5br2.dir/App/app/action.c.obj
                0x08004f90                ACTION_FM
 .text.ACTION_Wn
                0x08004ff4       0x5c CMakeFiles/n7six.ApeX-k1.v7.6.5br2.dir/App/app/action.c.obj
                0x08004ff4                ACTION_Wn
 .text.ACTION_1750
                0x08005050       0x48 CMakeFiles/n7six.ApeX-k1.v7.6.5br2.dir/App/app/action.c.obj
 .text.ACTION_Scan
                0x08005098      0x148 CMakeFiles/n7six.ApeX-k1.v7.6.5br2.dir/App/app/action.c.obj
                0x08005098                ACTION_Scan
 .text.ACTION_ScanRestart
                0x080051e0        0xa CMakeFiles/n7six.ApeX-k1.v7.6.5br2.dir/App/app/action.c.obj
 *fill*         0x080051ea        0x2 
 .text.ACTION_Handle
                0x080051ec       0xd0 CMakeFiles/n7six.ApeX-k1.v7.6.5br2.dir/App/app/action.c.obj
                0x080051ec                ACTION_Handle
 .text.ACTION_Update
                0x080052bc       0x20 CMakeFiles/n7six.ApeX-k1.v7.6.5br2.dir/App/app/action.c.obj
                0x080052bc                ACTION_Update
 .text.ACTION_RxMode
                0x080052dc       0x34 CMakeFiles/n7six.ApeX-k1.v7.6.5br2.dir/App/app/action.c.obj
                0x080052dc                ACTION_RxMode
 .text.ACTION_MainOnly
                0x08005310       0x40 CMakeFiles/n7six.ApeX-k1.v7.6.5br2.dir/App/app/action.c.obj
                0x08005310                ACTION_MainOnly
 .text.ACTION_BackLightOnDemand
                0x08005350       0x4c CMakeFiles/n7six.ApeX-k1.v7.6.5br2.dir/App/app/action.c.obj
                0x08005350                ACTION_BackLightOnDemand
 .text.DualwatchAlternate
                0x0800539c       0x58 CMakeFiles/n7six.ApeX-k1.v7.6.5br2.dir/App/app/app.c.obj
 .text.HandleReceive
                0x080053f4      0x1f4 CMakeFiles/n7six.ApeX-k1.v7.6.5br2.dir/App/app/app.c.obj
 .text.CheckForIncoming
                0x080055e8       0x9c CMakeFiles/n7six.ApeX-k1.v7.6.5br2.dir/App/app/app.c.obj
 .text.HandlePowerSave
                0x08005684       0x14 CMakeFiles/n7six.ApeX-k1.v7.6.5br2.dir/App/app/app.c.obj
 .text.APP_StartListening
                0x08005698      0x11c CMakeFiles/n7six.ApeX-k1.v7.6.5br2.dir/App/app/app.c.obj
                0x08005698                APP_StartListening
 .text.HandleIncoming
                0x080057b4       0xa4 CMakeFiles/n7six.ApeX-k1.v7.6.5br2.dir/App/app/app.c.obj
 .text.APP_SetFreqByStepAndLimits
                0x08005858       0x2c CMakeFiles/n7six.ApeX-k1.v7.6.5br2.dir/App/app/app.c.obj
                0x08005858                APP_SetFreqByStepAndLimits
 .text.APP_SetFrequencyByStep
                0x08005884       0x1c CMakeFiles/n7six.ApeX-k1.v7.6.5br2.dir/App/app/app.c.obj
                0x08005884                APP_SetFrequencyByStep
 .text.APP_EndTransmission
                0x080058a0       0x28 CMakeFiles/n7six.ApeX-k1.v7.6.5br2.dir/App/app/app.c.obj
                0x080058a0                APP_EndTransmission
 .text.cancelUserInputModes
                0x080058c8       0x7c CMakeFiles/n7six.ApeX-k1.v7.6.5br2.dir/App/app/app.c.obj
                0x080058c8                cancelUserInputModes
 .text.ProcessKey
                0x08005944      0x678 CMakeFiles/n7six.ApeX-k1.v7.6.5br2.dir/App/app/app.c.obj
 .text.APP_Update
                0x08005fbc      0x508 CMakeFiles/n7six.ApeX-k1.v7.6.5br2.dir/App/app/app.c.obj
                0x08005fbc                APP_Update
 .text.APP_TimeSlice10ms
                0x080064c4      0x614 CMakeFiles/n7six.ApeX-k1.v7.6.5br2.dir/App/app/app.c.obj
                0x080064c4                APP_TimeSlice10ms
 .text.APP_TimeSlice500ms
                0x08006ad8      0x478 CMakeFiles/n7six.ApeX-k1.v7.6.5br2.dir/App/app/app.c.obj
                0x08006ad8                APP_TimeSlice500ms
 .text.NextMemChannel
                0x08006f50      0x118 CMakeFiles/n7six.ApeX-k1.v7.6.5br2.dir/App/app/chFrScanner.c.obj
 .text.NextFreqChannel
                0x08007068       0x60 CMakeFiles/n7six.ApeX-k1.v7.6.5br2.dir/App/app/chFrScanner.c.obj
 .text.CHFRSCANNER_Start
                0x080070c8       0xb4 CMakeFiles/n7six.ApeX-k1.v7.6.5br2.dir/App/app/chFrScanner.c.obj
                0x080070c8                CHFRSCANNER_Start
 .text.CHFRSCANNER_ContinueScanning
                0x0800717c       0x6c CMakeFiles/n7six.ApeX-k1.v7.6.5br2.dir/App/app/chFrScanner.c.obj
                0x0800717c                CHFRSCANNER_ContinueScanning
 .text.CHFRSCANNER_Found
                0x080071e8       0x78 CMakeFiles/n7six.ApeX-k1.v7.6.5br2.dir/App/app/chFrScanner.c.obj
                0x080071e8                CHFRSCANNER_Found
 .text.CHFRSCANNER_Stop
                0x08007260       0xb4 CMakeFiles/n7six.ApeX-k1.v7.6.5br2.dir/App/app/chFrScanner.c.obj
                0x08007260                CHFRSCANNER_Stop
 .text.COMMON_KeypadLockToggle
                0x08007314       0x30 CMakeFiles/n7six.ApeX-k1.v7.6.5br2.dir/App/app/common.c.obj
                0x08007314                COMMON_KeypadLockToggle
 .text.COMMON_SwitchVFOs
                0x08007344       0x54 CMakeFiles/n7six.ApeX-k1.v7.6.5br2.dir/App/app/common.c.obj
                0x08007344                COMMON_SwitchVFOs
 .text.COMMON_SwitchVFOMode
                0x08007398       0x50 CMakeFiles/n7six.ApeX-k1.v7.6.5br2.dir/App/app/common.c.obj
                0x08007398                COMMON_SwitchVFOMode
 .text.DTMF_BufferShiftAppend
                0x080073e8       0x3c CMakeFiles/n7six.ApeX-k1.v7.6.5br2.dir/App/app/dtmf.c.obj
                0x080073e8                DTMF_BufferShiftAppend
 .text.DTMF_SendEndOfTransmission
                0x08007424       0xa4 CMakeFiles/n7six.ApeX-k1.v7.6.5br2.dir/App/app/dtmf.c.obj
                0x08007424                DTMF_SendEndOfTransmission
 .text.DTMF_IsValidChar
                0x080074c8       0x20 CMakeFiles/n7six.ApeX-k1.v7.6.5br2.dir/App/app/dtmf.c.obj
                0x080074c8                DTMF_IsValidChar
 .text.DTMF_ValidateCodes
                0x080074e8       0x34 CMakeFiles/n7six.ApeX-k1.v7.6.5br2.dir/App/app/dtmf.c.obj
                0x080074e8                DTMF_ValidateCodes
 .text.DTMF_GetCharacter
                0x0800751c       0x20 CMakeFiles/n7six.ApeX-k1.v7.6.5br2.dir/App/app/dtmf.c.obj
                0x0800751c                DTMF_GetCharacter
 .text.DTMF_clear_input_box
                0x0800753c       0x24 CMakeFiles/n7six.ApeX-k1.v7.6.5br2.dir/App/app/dtmf.c.obj
                0x0800753c                DTMF_clear_input_box
 .text.DTMF_Append
                0x08007560       0x34 CMakeFiles/n7six.ApeX-k1.v7.6.5br2.dir/App/app/dtmf.c.obj
                0x08007560                DTMF_Append
 .text.DTMF_Reply
                0x08007594       0xb8 CMakeFiles/n7six.ApeX-k1.v7.6.5br2.dir/App/app/dtmf.c.obj
                0x08007594                DTMF_Reply
 .text.APP_SubscribeEvent
                0x0800764c       0x48 CMakeFiles/n7six.ApeX-k1.v7.6.5br2.dir/App/app/events.c.obj
                0x0800764c                APP_SubscribeEvent
 .text.APP_EventSystem_Init
                0x08007694       0x20 CMakeFiles/n7six.ApeX-k1.v7.6.5br2.dir/App/app/events.c.obj
                0x08007694                APP_EventSystem_Init
 .text.APP_InitializeEventHandlers
                0x080076b4       0x28 CMakeFiles/n7six.ApeX-k1.v7.6.5br2.dir/App/app/events_handlers.c.obj
                0x080076b4                APP_InitializeEventHandlers
 .text.GENERIC_Key_F
                0x080076dc       0x9c CMakeFiles/n7six.ApeX-k1.v7.6.5br2.dir/App/app/generic.c.obj
                0x080076dc                GENERIC_Key_F
 .text.GENERIC_Key_PTT
                0x08007778      0x18c CMakeFiles/n7six.ApeX-k1.v7.6.5br2.dir/App/app/generic.c.obj
                0x08007778                GENERIC_Key_PTT
 .text.processFKeyFunction
                0x08007904      0x378 CMakeFiles/n7six.ApeX-k1.v7.6.5br2.dir/App/app/main.c.obj
 .text.MAIN_Key_UP_DOWN.part.0
                0x08007c7c       0xe8 CMakeFiles/n7six.ApeX-k1.v7.6.5br2.dir/App/app/main.c.obj
 .text.channelMove
                0x08007d64       0x60 CMakeFiles/n7six.ApeX-k1.v7.6.5br2.dir/App/app/main.c.obj
                0x08007d64                channelMove
 .text.channelMoveSwitch
                0x08007dc4       0x68 CMakeFiles/n7six.ApeX-k1.v7.6.5br2.dir/App/app/main.c.obj
                0x08007dc4                channelMoveSwitch
 .text.MAIN_ProcessKeys
                0x08007e2c      0x5b0 CMakeFiles/n7six.ApeX-k1.v7.6.5br2.dir/App/app/main.c.obj
                0x08007e2c                MAIN_ProcessKeys
 .text.MENU_StartCssScan
                0x080083dc       0x24 CMakeFiles/n7six.ApeX-k1.v7.6.5br2.dir/App/app/menu.c.obj
                0x080083dc                MENU_StartCssScan
 .text.MENU_StopCssScan
                0x08008400       0x20 CMakeFiles/n7six.ApeX-k1.v7.6.5br2.dir/App/app/menu.c.obj
                0x08008400                MENU_StopCssScan
 .text.MENU_GetLimits
                0x08008420       0xe4 CMakeFiles/n7six.ApeX-k1.v7.6.5br2.dir/App/app/menu.c.obj
                0x08008420                MENU_GetLimits
 .text.MENU_Key_UP_DOWN
                0x08008504      0x1c8 CMakeFiles/n7six.ApeX-k1.v7.6.5br2.dir/App/app/menu.c.obj
 .text.MENU_AcceptSetting
                0x080086cc      0x5bc CMakeFiles/n7six.ApeX-k1.v7.6.5br2.dir/App/app/menu.c.obj
                0x080086cc                MENU_AcceptSetting
 .text.MENU_ShowCurrentSetting
                0x08008c88      0x408 CMakeFiles/n7six.ApeX-k1.v7.6.5br2.dir/App/app/menu.c.obj
                0x08008c88                MENU_ShowCurrentSetting
 .text.MENU_CssScanFound
                0x08009090       0x3c CMakeFiles/n7six.ApeX-k1.v7.6.5br2.dir/App/app/menu.c.obj
                0x08009090                MENU_CssScanFound
 .text.MENU_ProcessKeys
                0x080090cc      0x550 CMakeFiles/n7six.ApeX-k1.v7.6.5br2.dir/App/app/menu.c.obj
                0x080090cc                MENU_ProcessKeys
 .text.SCANNER_Key_UP_DOWN
                0x0800961c       0x68 CMakeFiles/n7six.ApeX-k1.v7.6.5br2.dir/App/app/scanner.c.obj
 .text.SCANNER_Start
                0x08009684      0x108 CMakeFiles/n7six.ApeX-k1.v7.6.5br2.dir/App/app/scanner.c.obj
                0x08009684                SCANNER_Start
 .text.SCANNER_IsScanning
                0x0800978c       0x20 CMakeFiles/n7six.ApeX-k1.v7.6.5br2.dir/App/app/scanner.c.obj
                0x0800978c                SCANNER_IsScanning
 .text.SCANNER_Stop
                0x080097ac       0x50 CMakeFiles/n7six.ApeX-k1.v7.6.5br2.dir/App/app/scanner.c.obj
                0x080097ac                SCANNER_Stop
 .text.SCANNER_ProcessKeys
                0x080097fc      0x2bc CMakeFiles/n7six.ApeX-k1.v7.6.5br2.dir/App/app/scanner.c.obj
                0x080097fc                SCANNER_ProcessKeys
 .text.SCANNER_TimeSlice10ms
                0x08009ab8      0x184 CMakeFiles/n7six.ApeX-k1.v7.6.5br2.dir/App/app/scanner.c.obj
                0x08009ab8                SCANNER_TimeSlice10ms
 .text.SCANNER_TimeSlice500ms
                0x08009c3c       0x48 CMakeFiles/n7six.ApeX-k1.v7.6.5br2.dir/App/app/scanner.c.obj
                0x08009c3c                SCANNER_TimeSlice500ms
 .text.AUDIO_PlayBeep
                0x08009c84      0x178 CMakeFiles/n7six.ApeX-k1.v7.6.5br2.dir/App/audio.c.obj
                0x08009c84                AUDIO_PlayBeep
 .text.BOARD_GPIO_Init
                0x08009dfc       0xbc CMakeFiles/n7six.ApeX-k1.v7.6.5br2.dir/App/board.c.obj
                0x08009dfc                BOARD_GPIO_Init
 .text.BOARD_ADC_Init
                0x08009eb8      0x1bc CMakeFiles/n7six.ApeX-k1.v7.6.5br2.dir/App/board.c.obj
                0x08009eb8                BOARD_ADC_Init
 .text.BOARD_ADC_GetBatteryInfo
                0x0800a074       0x2c CMakeFiles/n7six.ApeX-k1.v7.6.5br2.dir/App/board.c.obj
                0x0800a074                BOARD_ADC_GetBatteryInfo
 .text.BOARD_Init
                0x0800a0a0       0x20 CMakeFiles/n7six.ApeX-k1.v7.6.5br2.dir/App/board.c.obj
                0x0800a0a0                BOARD_Init
 .text.DCS_GetGolayCodeWord
                0x0800a0c0       0x4c CMakeFiles/n7six.ApeX-k1.v7.6.5br2.dir/App/dcs.c.obj
                0x0800a0c0                DCS_GetGolayCodeWord
 .text.DCS_GetCdcssCode
                0x0800a10c       0x5c CMakeFiles/n7six.ApeX-k1.v7.6.5br2.dir/App/dcs.c.obj
                0x0800a10c                DCS_GetCdcssCode
 .text.DCS_GetCtcssCode
                0x0800a168       0x2c CMakeFiles/n7six.ApeX-k1.v7.6.5br2.dir/App/dcs.c.obj
                0x0800a168                DCS_GetCtcssCode
 .text.FREQUENCY_GetStepIdxFromSortedIdx
                0x0800a194        0xc CMakeFiles/n7six.ApeX-k1.v7.6.5br2.dir/App/frequencies.c.obj
                0x0800a194                FREQUENCY_GetStepIdxFromSortedIdx
 .text.FREQUENCY_GetSortedIdxFromStepIdx
                0x0800a1a0       0x1c CMakeFiles/n7six.ApeX-k1.v7.6.5br2.dir/App/frequencies.c.obj
                0x0800a1a0                FREQUENCY_GetSortedIdxFromStepIdx
 .text.FREQUENCY_GetBand
                0x0800a1bc       0x1c CMakeFiles/n7six.ApeX-k1.v7.6.5br2.dir/App/frequencies.c.obj
                0x0800a1bc                FREQUENCY_GetBand
 .text.FREQUENCY_CalculateOutputPower
                0x0800a1d8       0x36 CMakeFiles/n7six.ApeX-k1.v7.6.5br2.dir/App/frequencies.c.obj
                0x0800a1d8                FREQUENCY_CalculateOutputPower
 *fill*         0x0800a20e        0x2 
 .text.FREQUENCY_RoundToStep
                0x0800a210       0x64 CMakeFiles/n7six.ApeX-k1.v7.6.5br2.dir/App/frequencies.c.obj
                0x0800a210                FREQUENCY_RoundToStep
 .text.TX_freq_check
                0x0800a274      0x1a4 CMakeFiles/n7six.ApeX-k1.v7.6.5br2.dir/App/frequencies.c.obj
                0x0800a274                TX_freq_check
 .text.RX_freq_check
                0x0800a418       0x34 CMakeFiles/n7six.ApeX-k1.v7.6.5br2.dir/App/frequencies.c.obj
                0x0800a418                RX_freq_check
 .text.FUNCTION_IsRx
                0x0800a44c       0x18 CMakeFiles/n7six.ApeX-k1.v7.6.5br2.dir/App/functions.c.obj
                0x0800a44c                FUNCTION_IsRx
 .text.FUNCTION_Init
                0x0800a464       0x90 CMakeFiles/n7six.ApeX-k1.v7.6.5br2.dir/App/functions.c.obj
                0x0800a464                FUNCTION_Init
 .text.FUNCTION_Foreground
                0x0800a4f4       0x44 CMakeFiles/n7six.ApeX-k1.v7.6.5br2.dir/App/functions.c.obj
                0x0800a4f4                FUNCTION_Foreground
 .text.FUNCTION_PowerSave
                0x0800a538       0x80 CMakeFiles/n7six.ApeX-k1.v7.6.5br2.dir/App/functions.c.obj
                0x0800a538                FUNCTION_PowerSave
 .text.FUNCTION_Transmit
                0x0800a5b8       0xd0 CMakeFiles/n7six.ApeX-k1.v7.6.5br2.dir/App/functions.c.obj
                0x0800a5b8                FUNCTION_Transmit
 .text.FUNCTION_Select
                0x0800a688       0xd0 CMakeFiles/n7six.ApeX-k1.v7.6.5br2.dir/App/functions.c.obj
                0x0800a688                FUNCTION_Select
 .text.BATTERY_VoltsToPercent
                0x0800a758       0x7c CMakeFiles/n7six.ApeX-k1.v7.6.5br2.dir/App/helper/battery.c.obj
                0x0800a758                BATTERY_VoltsToPercent
 .text.BATTERY_GetReadings
                0x0800a7d4      0x154 CMakeFiles/n7six.ApeX-k1.v7.6.5br2.dir/App/helper/battery.c.obj
                0x0800a7d4                BATTERY_GetReadings
 .text.BATTERY_TimeSlice500ms
                0x0800a928       0xb4 CMakeFiles/n7six.ApeX-k1.v7.6.5br2.dir/App/helper/battery.c.obj
                0x0800a928                BATTERY_TimeSlice500ms
 .text.BOOT_GetMode
                0x0800a9dc       0x74 CMakeFiles/n7six.ApeX-k1.v7.6.5br2.dir/App/helper/boot.c.obj
                0x0800a9dc                BOOT_GetMode
 .text.BOOT_ProcessMode
                0x0800aa50       0x9c CMakeFiles/n7six.ApeX-k1.v7.6.5br2.dir/App/helper/boot.c.obj
                0x0800aa50                BOOT_ProcessMode
 .text.FUNCTION_NOP
                0x0800aaec        0x2 CMakeFiles/n7six.ApeX-k1.v7.6.5br2.dir/App/misc.c.obj
                0x0800aaec                FUNCTION_NOP
 *fill*         0x0800aaee        0x2 
 .text.NUMBER_AddWithWraparound
                0x0800aaf0       0x20 CMakeFiles/n7six.ApeX-k1.v7.6.5br2.dir/App/misc.c.obj
                0x0800aaf0                NUMBER_AddWithWraparound
 .text.StrToUL  0x0800ab10       0x2a CMakeFiles/n7six.ApeX-k1.v7.6.5br2.dir/App/misc.c.obj
                0x0800ab10                StrToUL
 *fill*         0x0800ab3a        0x2 
 .text.RADIO_SelectCurrentVfo
                0x0800ab3c       0x2c CMakeFiles/n7six.ApeX-k1.v7.6.5br2.dir/App/radio.c.obj
 .text.RADIO_CheckValidChannel
                0x0800ab68       0x88 CMakeFiles/n7six.ApeX-k1.v7.6.5br2.dir/App/radio.c.obj
                0x0800ab68                RADIO_CheckValidChannel
 .text.RADIO_FindNextChannel
                0x0800abf0       0x3c CMakeFiles/n7six.ApeX-k1.v7.6.5br2.dir/App/radio.c.obj
                0x0800abf0                RADIO_FindNextChannel
 .text.RADIO_ConfigureSquelchAndOutputPower
                0x0800ac2c      0x1d4 CMakeFiles/n7six.ApeX-k1.v7.6.5br2.dir/App/radio.c.obj
                0x0800ac2c                RADIO_ConfigureSquelchAndOutputPower
 .text.RADIO_InitInfo
                0x0800ae00       0x6c CMakeFiles/n7six.ApeX-k1.v7.6.5br2.dir/App/radio.c.obj
                0x0800ae00                RADIO_InitInfo
 .text.RADIO_ApplyOffset
                0x0800ae6c       0x1c CMakeFiles/n7six.ApeX-k1.v7.6.5br2.dir/App/radio.c.obj
                0x0800ae6c                RADIO_ApplyOffset
 .text.RADIO_ConfigureChannel
                0x0800ae88      0x3c8 CMakeFiles/n7six.ApeX-k1.v7.6.5br2.dir/App/radio.c.obj
                0x0800ae88                RADIO_ConfigureChannel
 .text.RADIO_SelectVfos
                0x0800b250       0x44 CMakeFiles/n7six.ApeX-k1.v7.6.5br2.dir/App/radio.c.obj
                0x0800b250                RADIO_SelectVfos
 .text.RADIO_SetTxParameters
                0x0800b294       0xe4 CMakeFiles/n7six.ApeX-k1.v7.6.5br2.dir/App/radio.c.obj
                0x0800b294                RADIO_SetTxParameters
 .text.RADIO_SetupAGC
                0x0800b378       0x38 CMakeFiles/n7six.ApeX-k1.v7.6.5br2.dir/App/radio.c.obj
                0x0800b378                RADIO_SetupAGC
 .text.RADIO_SetupRegisters
                0x0800b3b0      0x204 CMakeFiles/n7six.ApeX-k1.v7.6.5br2.dir/App/radio.c.obj
                0x0800b3b0                RADIO_SetupRegisters
 .text.RADIO_SetModulation
                0x0800b5b4      0x110 CMakeFiles/n7six.ApeX-k1.v7.6.5br2.dir/App/radio.c.obj
                0x0800b5b4                RADIO_SetModulation
 .text.RADIO_SetVfoState
                0x0800b6c4       0x4c CMakeFiles/n7six.ApeX-k1.v7.6.5br2.dir/App/radio.c.obj
                0x0800b6c4                RADIO_SetVfoState
 .text.RADIO_PrepareTX
                0x0800b710      0x140 CMakeFiles/n7six.ApeX-k1.v7.6.5br2.dir/App/radio.c.obj
                0x0800b710                RADIO_PrepareTX
 .text.RADIO_SendCssTail
                0x0800b850       0x28 CMakeFiles/n7six.ApeX-k1.v7.6.5br2.dir/App/radio.c.obj
                0x0800b850                RADIO_SendCssTail
 .text.RADIO_SendEndOfTransmission
                0x0800b878       0x24 CMakeFiles/n7six.ApeX-k1.v7.6.5br2.dir/App/radio.c.obj
                0x0800b878                RADIO_SendEndOfTransmission
 .text.RADIO_OnSaveChannel
                0x0800b89c        0xa CMakeFiles/n7six.ApeX-k1.v7.6.5br2.dir/App/radio.c.obj
                0x0800b89c                RADIO_OnSaveChannel
 *fill*         0x0800b8a6        0x2 
 .text.SysTick_Handler
                0x0800b8a8      0x228 CMakeFiles/n7six.ApeX-k1.v7.6.5br2.dir/App/scheduler.c.obj
                0x0800b8a8                SysTick_Handler
 .text.SETTINGS_InitEEPROM
                0x0800bad0      0x5ec CMakeFiles/n7six.ApeX-k1.v7.6.5br2.dir/App/settings.c.obj
                0x0800bad0                SETTINGS_InitEEPROM
 .text.SETTINGS_LoadCalibration
                0x0800c0bc      0x168 CMakeFiles/n7six.ApeX-k1.v7.6.5br2.dir/App/settings.c.obj
                0x0800c0bc                SETTINGS_LoadCalibration
 .text.SETTINGS_FetchChannelFrequency
                0x0800c224       0x10 CMakeFiles/n7six.ApeX-k1.v7.6.5br2.dir/App/settings.c.obj
                0x0800c224                SETTINGS_FetchChannelFrequency
 .text.SETTINGS_FetchChannelName
                0x0800c234       0x52 CMakeFiles/n7six.ApeX-k1.v7.6.5br2.dir/App/settings.c.obj
                0x0800c234                SETTINGS_FetchChannelName
 *fill*         0x0800c286        0x2 
 .text.SETTINGS_FactoryReset
                0x0800c288       0xdc CMakeFiles/n7six.ApeX-k1.v7.6.5br2.dir/App/settings.c.obj
                0x0800c288                SETTINGS_FactoryReset
 .text.SETTINGS_SaveFM
                0x0800c364       0x58 CMakeFiles/n7six.ApeX-k1.v7.6.5br2.dir/App/settings.c.obj
                0x0800c364                SETTINGS_SaveFM
 .text.SETTINGS_SaveVfoIndices
                0x0800c3bc       0x3c CMakeFiles/n7six.ApeX-k1.v7.6.5br2.dir/App/settings.c.obj
                0x0800c3bc                SETTINGS_SaveVfoIndices
 .text.SETTINGS_SaveSettings
                0x0800c3f8      0x368 CMakeFiles/n7six.ApeX-k1.v7.6.5br2.dir/App/settings.c.obj
                0x0800c3f8                SETTINGS_SaveSettings
 .text.SETTINGS_SaveBatteryCalibration
                0x0800c760       0x14 CMakeFiles/n7six.ApeX-k1.v7.6.5br2.dir/App/settings.c.obj
                0x0800c760                SETTINGS_SaveBatteryCalibration
 .text.SETTINGS_SaveChannelName
                0x0800c774       0x44 CMakeFiles/n7six.ApeX-k1.v7.6.5br2.dir/App/settings.c.obj
                0x0800c774                SETTINGS_SaveChannelName
 .text.SETTINGS_UpdateChannel
                0x0800c7b8       0xc4 CMakeFiles/n7six.ApeX-k1.v7.6.5br2.dir/App/settings.c.obj
                0x0800c7b8                SETTINGS_UpdateChannel
 .text.SETTINGS_SaveChannel
                0x0800c87c       0xd0 CMakeFiles/n7six.ApeX-k1.v7.6.5br2.dir/App/settings.c.obj
                0x0800c87c                SETTINGS_SaveChannel
 .text.SETTINGS_WriteBuildOptions
                0x0800c94c       0x28 CMakeFiles/n7six.ApeX-k1.v7.6.5br2.dir/App/settings.c.obj
                0x0800c94c                SETTINGS_WriteBuildOptions
 .text.SETTINGS_WriteCurrentState
                0x0800c974       0x48 CMakeFiles/n7six.ApeX-k1.v7.6.5br2.dir/App/settings.c.obj
                0x0800c974                SETTINGS_WriteCurrentState
 .text.SETTINGS_ResetTxLock
                0x0800c9bc       0x46 CMakeFiles/n7six.ApeX-k1.v7.6.5br2.dir/App/settings.c.obj
                0x0800c9bc                SETTINGS_ResetTxLock
 .text.SETTINGS_OnSaveChannel
                0x0800ca02        0x8 CMakeFiles/n7six.ApeX-k1.v7.6.5br2.dir/App/settings.c.obj
                0x0800ca02                SETTINGS_OnSaveChannel
 *fill*         0x0800ca0a        0x2 
 .text.UI_DrawBattery
                0x0800ca0c       0x50 CMakeFiles/n7six.ApeX-k1.v7.6.5br2.dir/App/ui/battery.c.obj
                0x0800ca0c                UI_DrawBattery
 .text.UI_DisplayBattery
                0x0800ca5c       0x1c CMakeFiles/n7six.ApeX-k1.v7.6.5br2.dir/App/ui/battery.c.obj
                0x0800ca5c                UI_DisplayBattery
 .text.UI_GenerateChannelString
                0x0800ca78       0x4c CMakeFiles/n7six.ApeX-k1.v7.6.5br2.dir/App/ui/helper.c.obj
                0x0800ca78                UI_GenerateChannelString
 .text.UI_GenerateChannelStringEx
                0x0800cac4       0x68 CMakeFiles/n7six.ApeX-k1.v7.6.5br2.dir/App/ui/helper.c.obj
                0x0800cac4                UI_GenerateChannelStringEx
 .text.UI_PrintStringBuffer
                0x0800cb2c       0x4c CMakeFiles/n7six.ApeX-k1.v7.6.5br2.dir/App/ui/helper.c.obj
                0x0800cb2c                UI_PrintStringBuffer
 .text.UI_PrintString
                0x0800cb78       0x90 CMakeFiles/n7six.ApeX-k1.v7.6.5br2.dir/App/ui/helper.c.obj
                0x0800cb78                UI_PrintString
 .text.UI_PrintStringSmall
                0x0800cc08       0x40 CMakeFiles/n7six.ApeX-k1.v7.6.5br2.dir/App/ui/helper.c.obj
                0x0800cc08                UI_PrintStringSmall
 .text.UI_PrintStringSmallNormal
                0x0800cc48       0x14 CMakeFiles/n7six.ApeX-k1.v7.6.5br2.dir/App/ui/helper.c.obj
                0x0800cc48                UI_PrintStringSmallNormal
 .text.UI_PrintStringSmallBold
                0x0800cc5c       0x14 CMakeFiles/n7six.ApeX-k1.v7.6.5br2.dir/App/ui/helper.c.obj
                0x0800cc5c                UI_PrintStringSmallBold
 .text.UI_PrintStringSmallBufferNormal
                0x0800cc70       0x10 CMakeFiles/n7six.ApeX-k1.v7.6.5br2.dir/App/ui/helper.c.obj
                0x0800cc70                UI_PrintStringSmallBufferNormal
 .text.UI_DisplayFrequency
                0x0800cc80       0xcc CMakeFiles/n7six.ApeX-k1.v7.6.5br2.dir/App/ui/helper.c.obj
                0x0800cc80                UI_DisplayFrequency
 .text.UI_DrawPixelBuffer
                0x0800cd4c       0x2e CMakeFiles/n7six.ApeX-k1.v7.6.5br2.dir/App/ui/helper.c.obj
                0x0800cd4c                UI_DrawPixelBuffer
 *fill*         0x0800cd7a        0x2 
 .text.PutPixel
                0x0800cd7c       0x18 CMakeFiles/n7six.ApeX-k1.v7.6.5br2.dir/App/ui/helper.c.obj
                0x0800cd7c                PutPixel
 .text.PutPixelStatus
                0x0800cd94       0x18 CMakeFiles/n7six.ApeX-k1.v7.6.5br2.dir/App/ui/helper.c.obj
                0x0800cd94                PutPixelStatus
 .text.GUI_DisplaySmallest
                0x0800cdac       0x7c CMakeFiles/n7six.ApeX-k1.v7.6.5br2.dir/App/ui/helper.c.obj
                0x0800cdac                GUI_DisplaySmallest
 .text.UI_Draw5x5Char
                0x0800ce28       0xa8 CMakeFiles/n7six.ApeX-k1.v7.6.5br2.dir/App/ui/helper.c.obj
                0x0800ce28                UI_Draw5x5Char
 .text.UI_Draw5x5String
                0x0800ced0       0x24 CMakeFiles/n7six.ApeX-k1.v7.6.5br2.dir/App/ui/helper.c.obj
                0x0800ced0                UI_Draw5x5String
 .text.UI_DrawLineBuffer
                0x0800cef4       0x94 CMakeFiles/n7six.ApeX-k1.v7.6.5br2.dir/App/ui/helper.c.obj
                0x0800cef4                UI_DrawLineBuffer
 .text.UI_DrawRectangleBuffer
                0x0800cf88       0x54 CMakeFiles/n7six.ApeX-k1.v7.6.5br2.dir/App/ui/helper.c.obj
                0x0800cf88                UI_DrawRectangleBuffer
 .text.UI_FillRectangleBuffer
                0x0800cfdc       0x56 CMakeFiles/n7six.ApeX-k1.v7.6.5br2.dir/App/ui/helper.c.obj
                0x0800cfdc                UI_FillRectangleBuffer
 *fill*         0x0800d032        0x2 
 .text.UI_DisplayClear
                0x0800d034       0x14 CMakeFiles/n7six.ApeX-k1.v7.6.5br2.dir/App/ui/helper.c.obj
                0x0800d034                UI_DisplayClear
 .text.UI_DisplayPopup
                0x0800d048       0x2c CMakeFiles/n7six.ApeX-k1.v7.6.5br2.dir/App/ui/helper.c.obj
                0x0800d048                UI_DisplayPopup
 .text.INPUTBOX_Append
                0x0800d074       0x30 CMakeFiles/n7six.ApeX-k1.v7.6.5br2.dir/App/ui/inputbox.c.obj
                0x0800d074                INPUTBOX_Append
 .text.INPUTBOX_GetAscii
                0x0800d0a4       0x28 CMakeFiles/n7six.ApeX-k1.v7.6.5br2.dir/App/ui/inputbox.c.obj
                0x0800d0a4                INPUTBOX_GetAscii
 .text.isMainOnly
                0x0800d0cc       0x18 CMakeFiles/n7six.ApeX-k1.v7.6.5br2.dir/App/ui/main.c.obj
 .text.DrawLevelBar
                0x0800d0e4       0x88 CMakeFiles/n7six.ApeX-k1.v7.6.5br2.dir/App/ui/main.c.obj
 .text.log2_approx
                0x0800d16c       0x10 CMakeFiles/n7six.ApeX-k1.v7.6.5br2.dir/App/ui/main.c.obj
                0x0800d16c                log2_approx
 .text.UI_DisplayAudioBar
                0x0800d17c      0x130 CMakeFiles/n7six.ApeX-k1.v7.6.5br2.dir/App/ui/main.c.obj
                0x0800d17c                UI_DisplayAudioBar
 .text.DisplayRSSIBar
                0x0800d2ac      0x1e4 CMakeFiles/n7six.ApeX-k1.v7.6.5br2.dir/App/ui/main.c.obj
                0x0800d2ac                DisplayRSSIBar
 .text.UI_MAIN_TimeSlice500ms
                0x0800d490       0xa4 CMakeFiles/n7six.ApeX-k1.v7.6.5br2.dir/App/ui/main.c.obj
                0x0800d490                UI_MAIN_TimeSlice500ms
 .text.UI_DisplayMain
                0x0800d534      0xcf0 CMakeFiles/n7six.ApeX-k1.v7.6.5br2.dir/App/ui/main.c.obj
                0x0800d534                UI_DisplayMain
 .text.UI_MENU_GetCurrentMenuId
                0x0800e224       0x1c CMakeFiles/n7six.ApeX-k1.v7.6.5br2.dir/App/ui/menu.c.obj
                0x0800e224                UI_MENU_GetCurrentMenuId
 .text.UI_MENU_GetMenuIdx
                0x0800e240       0x20 CMakeFiles/n7six.ApeX-k1.v7.6.5br2.dir/App/ui/menu.c.obj
                0x0800e240                UI_MENU_GetMenuIdx
 .text.UI_DisplayMenu
                0x0800e260      0xb74 CMakeFiles/n7six.ApeX-k1.v7.6.5br2.dir/App/ui/menu.c.obj
                0x0800e260                UI_DisplayMenu
 .text.UI_DisplayScanner
                0x0800edd4      0x198 CMakeFiles/n7six.ApeX-k1.v7.6.5br2.dir/App/ui/scanner.c.obj
                0x0800edd4                UI_DisplayScanner
 .text.convertTime.constprop.0
                0x0800ef6c       0x64 CMakeFiles/n7six.ApeX-k1.v7.6.5br2.dir/App/ui/status.c.obj
 .text.UI_DisplayStatus
                0x0800efd0      0x2b4 CMakeFiles/n7six.ApeX-k1.v7.6.5br2.dir/App/ui/status.c.obj
                0x0800efd0                UI_DisplayStatus
 .text.GUI_DisplayScreen
                0x0800f284       0x1c CMakeFiles/n7six.ApeX-k1.v7.6.5br2.dir/App/ui/ui.c.obj
                0x0800f284                GUI_DisplayScreen
 .text.GUI_SelectNextDisplay
                0x0800f2a0       0x7c CMakeFiles/n7six.ApeX-k1.v7.6.5br2.dir/App/ui/ui.c.obj
                0x0800f2a0                GUI_SelectNextDisplay
 .text.UI_OnChannelChange
                0x0800f31c        0xc CMakeFiles/n7six.ApeX-k1.v7.6.5br2.dir/App/ui/ui.c.obj
                0x0800f31c                UI_OnChannelChange
 .text.UI_DisplayReleaseKeys
                0x0800f328       0x48 CMakeFiles/n7six.ApeX-k1.v7.6.5br2.dir/App/ui/welcome.c.obj
                0x0800f328                UI_DisplayReleaseKeys
 .text.UI_DisplayWelcome
                0x0800f370      0x1a8 CMakeFiles/n7six.ApeX-k1.v7.6.5br2.dir/App/ui/welcome.c.obj
                0x0800f370                UI_DisplayWelcome
 .text.Main     0x0800f518      0x34c CMakeFiles/n7six.ApeX-k1.v7.6.5br2.dir/App/main.c.obj
                0x0800f518                Main
 .text._out_buffer
                0x0800f864        0x8 CMakeFiles/n7six.ApeX-k1.v7.6.5br2.dir/App/external/printf/printf.c.obj
 .text._out_null
                0x0800f86c        0x2 CMakeFiles/n7six.ApeX-k1.v7.6.5br2.dir/App/external/printf/printf.c.obj
 .text._ntoa_long
                0x0800f86e      0x1c2 CMakeFiles/n7six.ApeX-k1.v7.6.5br2.dir/App/external/printf/printf.c.obj
 .text._vsnprintf
                0x0800fa30      0x42c CMakeFiles/n7six.ApeX-k1.v7.6.5br2.dir/App/external/printf/printf.c.obj
 .text.sprintf_
                0x0800fe5c       0x28 CMakeFiles/n7six.ApeX-k1.v7.6.5br2.dir/App/external/printf/printf.c.obj
                0x0800fe5c                sprintf_
 .text.CRC_Init
                0x0800fe84        0x2 CMakeFiles/n7six.ApeX-k1.v7.6.5br2.dir/App/driver/crc.c.obj
                0x0800fe84                CRC_Init
 *fill*         0x0800fe86        0x2 
 .text.CRC_Calculate
                0x0800fe88       0x3c CMakeFiles/n7six.ApeX-k1.v7.6.5br2.dir/App/driver/crc.c.obj
                0x0800fe88                CRC_Calculate
 .text.AddrTranslate
                0x0800fec4       0x70 CMakeFiles/n7six.ApeX-k1.v7.6.5br2.dir/App/driver/eeprom_compat.c.obj
 .text.EEPROM_ReadBuffer
                0x0800ff34       0x52 CMakeFiles/n7six.ApeX-k1.v7.6.5br2.dir/App/driver/eeprom_compat.c.obj
                0x0800ff34                EEPROM_ReadBuffer
 .text.EEPROM_WriteBuffer
                0x0800ff86       0x4a CMakeFiles/n7six.ApeX-k1.v7.6.5br2.dir/App/driver/eeprom_compat.c.obj
                0x0800ff86                EEPROM_WriteBuffer
 .text.UART_Init
                0x0800ffd0      0x130 CMakeFiles/n7six.ApeX-k1.v7.6.5br2.dir/App/driver/uart.c.obj
                0x0800ffd0                UART_Init
 .text.UART_Send
                0x08010100       0x20 CMakeFiles/n7six.ApeX-k1.v7.6.5br2.dir/App/driver/uart.c.obj
                0x08010100                UART_Send
 .text.UART_IsCableConnected
                0x08010120       0x24 CMakeFiles/n7six.ApeX-k1.v7.6.5br2.dir/App/driver/uart.c.obj
                0x08010120                UART_IsCableConnected
 .text.SendReply
                0x08010144       0xd0 CMakeFiles/n7six.ApeX-k1.v7.6.5br2.dir/App/app/uart.c.obj
 .text.UART_IsCommandAvailable
                0x08010214      0x184 CMakeFiles/n7six.ApeX-k1.v7.6.5br2.dir/App/app/uart.c.obj
                0x08010214                UART_IsCommandAvailable
 .text.UART_HandleCommand
                0x08010398      0x210 CMakeFiles/n7six.ApeX-k1.v7.6.5br2.dir/App/app/uart.c.obj
                0x08010398                UART_HandleCommand
 .text.VCP_Init
                0x080105a8       0x74 CMakeFiles/n7six.ApeX-k1.v7.6.5br2.dir/App/driver/vcp.c.obj
                0x080105a8                VCP_Init
 .text.usbd_cdc_acm_bulk_out
                0x0801061c       0x74 CMakeFiles/n7six.ApeX-k1.v7.6.5br2.dir/App/usb/usbd_cdc_if.c.obj
                0x0801061c                usbd_cdc_acm_bulk_out
 .text.usbd_cdc_acm_bulk_in
                0x08010690       0x28 CMakeFiles/n7six.ApeX-k1.v7.6.5br2.dir/App/usb/usbd_cdc_if.c.obj
                0x08010690                usbd_cdc_acm_bulk_in
 .text.usbd_configure_done_callback
                0x080106b8       0x14 CMakeFiles/n7six.ApeX-k1.v7.6.5br2.dir/App/usb/usbd_cdc_if.c.obj
                0x080106b8                usbd_configure_done_callback
 .text.cdc_acm_init
                0x080106cc       0x60 CMakeFiles/n7six.ApeX-k1.v7.6.5br2.dir/App/usb/usbd_cdc_if.c.obj
                0x080106cc                cdc_acm_init
 .text.usbd_cdc_acm_set_dtr
                0x0801072c       0x14 CMakeFiles/n7six.ApeX-k1.v7.6.5br2.dir/App/usb/usbd_cdc_if.c.obj
                0x0801072c                usbd_cdc_acm_set_dtr
 .text.cdc_acm_data_send_with_dtr_async
                0x08010740       0x12 CMakeFiles/n7six.ApeX-k1.v7.6.5br2.dir/App/usb/usbd_cdc_if.c.obj
                0x08010740                cdc_acm_data_send_with_dtr_async
 .text.BK1080_ReadRegister
                0x08010752       0x30 CMakeFiles/n7six.ApeX-k1.v7.6.5br2.dir/App/driver/bk1080.c.obj
                0x08010752                BK1080_ReadRegister
 .text.BK1080_WriteRegister
                0x08010782       0x30 CMakeFiles/n7six.ApeX-k1.v7.6.5br2.dir/App/driver/bk1080.c.obj
                0x08010782                BK1080_WriteRegister
 *fill*         0x080107b2        0x2 
 .text.BK1080_Init0
                0x080107b4       0x10 CMakeFiles/n7six.ApeX-k1.v7.6.5br2.dir/App/driver/bk1080.c.obj
                0x080107b4                BK1080_Init0
 .text.BK1080_Mute
                0x080107c4       0x1c CMakeFiles/n7six.ApeX-k1.v7.6.5br2.dir/App/driver/bk1080.c.obj
                0x080107c4                BK1080_Mute
 .text.BK1080_SetFrequency
                0x080107e0       0x50 CMakeFiles/n7six.ApeX-k1.v7.6.5br2.dir/App/driver/bk1080.c.obj
                0x080107e0                BK1080_SetFrequency
 .text.BK1080_Init
                0x08010830       0x98 CMakeFiles/n7six.ApeX-k1.v7.6.5br2.dir/App/driver/bk1080.c.obj
                0x08010830                BK1080_Init
 .text.BK1080_GetFrequencyDeviation
                0x080108c8       0x1c CMakeFiles/n7six.ApeX-k1.v7.6.5br2.dir/App/driver/bk1080.c.obj
                0x080108c8                BK1080_GetFrequencyDeviation
 .text.BK1080_GetFreqLoLimit
                0x080108e4       0x10 CMakeFiles/n7six.ApeX-k1.v7.6.5br2.dir/App/driver/bk1080.c.obj
                0x080108e4                BK1080_GetFreqLoLimit
 .text.BK1080_GetFreqHiLimit
                0x080108f4       0x10 CMakeFiles/n7six.ApeX-k1.v7.6.5br2.dir/App/driver/bk1080.c.obj
                0x080108f4                BK1080_GetFreqHiLimit
 .text.FM_CheckValidChannel
                0x08010904       0x3c CMakeFiles/n7six.ApeX-k1.v7.6.5br2.dir/App/app/fm.c.obj
                0x08010904                FM_CheckValidChannel
 .text.FM_FindNextChannel
                0x08010940       0x34 CMakeFiles/n7six.ApeX-k1.v7.6.5br2.dir/App/app/fm.c.obj
                0x08010940                FM_FindNextChannel
 .text.FM_ConfigureChannelState
                0x08010974       0x3c CMakeFiles/n7six.ApeX-k1.v7.6.5br2.dir/App/app/fm.c.obj
                0x08010974                FM_ConfigureChannelState
 .text.Key_FUNC
                0x080109b0       0xa8 CMakeFiles/n7six.ApeX-k1.v7.6.5br2.dir/App/app/fm.c.obj
 .text.FM_TurnOff
                0x08010a58       0x58 CMakeFiles/n7six.ApeX-k1.v7.6.5br2.dir/App/app/fm.c.obj
                0x08010a58                FM_TurnOff
 .text.FM_EraseChannels
                0x08010ab0       0x1c CMakeFiles/n7six.ApeX-k1.v7.6.5br2.dir/App/app/fm.c.obj
                0x08010ab0                FM_EraseChannels
 .text.FM_Tune  0x08010acc       0xb4 CMakeFiles/n7six.ApeX-k1.v7.6.5br2.dir/App/app/fm.c.obj
                0x08010acc                FM_Tune
 .text.Key_UP_DOWN
                0x08010b80      0x104 CMakeFiles/n7six.ApeX-k1.v7.6.5br2.dir/App/app/fm.c.obj
 .text.FM_PlayAndUpdate
                0x08010c84       0x68 CMakeFiles/n7six.ApeX-k1.v7.6.5br2.dir/App/app/fm.c.obj
                0x08010c84                FM_PlayAndUpdate
 .text.FM_CheckFrequencyLock
                0x08010cec       0x94 CMakeFiles/n7six.ApeX-k1.v7.6.5br2.dir/App/app/fm.c.obj
                0x08010cec                FM_CheckFrequencyLock
 .text.FM_ProcessKeys
                0x08010d80      0x2ac CMakeFiles/n7six.ApeX-k1.v7.6.5br2.dir/App/app/fm.c.obj
                0x08010d80                FM_ProcessKeys
 .text.FM_Play  0x0801102c       0xb4 CMakeFiles/n7six.ApeX-k1.v7.6.5br2.dir/App/app/fm.c.obj
                0x0801102c                FM_Play
 .text.FM_Start
                0x080110e0       0x68 CMakeFiles/n7six.ApeX-k1.v7.6.5br2.dir/App/app/fm.c.obj
                0x080110e0                FM_Start
 .text.UI_DisplayFM
                0x08011148      0x1d0 CMakeFiles/n7six.ApeX-k1.v7.6.5br2.dir/App/ui/fmradio.c.obj
                0x08011148                UI_DisplayFM
 .text.AIRCOPY_clear
                0x08011318       0x18 CMakeFiles/n7six.ApeX-k1.v7.6.5br2.dir/App/app/aircopy.c.obj
 .text.AIRCOPY_SendMessage
                0x08011330       0xb4 CMakeFiles/n7six.ApeX-k1.v7.6.5br2.dir/App/app/aircopy.c.obj
                0x08011330                AIRCOPY_SendMessage
 .text.AIRCOPY_StorePacket
                0x080113e4       0xe0 CMakeFiles/n7six.ApeX-k1.v7.6.5br2.dir/App/app/aircopy.c.obj
                0x080113e4                AIRCOPY_StorePacket
 .text.AIRCOPY_ProcessKeys
                0x080114c4      0x158 CMakeFiles/n7six.ApeX-k1.v7.6.5br2.dir/App/app/aircopy.c.obj
                0x080114c4                AIRCOPY_ProcessKeys
 .text.UI_DisplayAircopy
                0x0801161c      0x1f8 CMakeFiles/n7six.ApeX-k1.v7.6.5br2.dir/App/ui/aircopy.c.obj
                0x0801161c                UI_DisplayAircopy
 .text.FlashlightTimeSlice
                0x08011814       0xa4 CMakeFiles/n7six.ApeX-k1.v7.6.5br2.dir/App/app/flashlight.c.obj
                0x08011814                FlashlightTimeSlice
 .text.ACTION_FlashLight
                0x080118b8       0x38 CMakeFiles/n7six.ApeX-k1.v7.6.5br2.dir/App/app/flashlight.c.obj
                0x080118b8                ACTION_FlashLight
 .text.FastRandom
                0x080118f0       0x20 CMakeFiles/n7six.ApeX-k1.v7.6.5br2.dir/App/app/spectrum.c.obj
 .text.Rssi2DBm
                0x08011910       0x20 CMakeFiles/n7six.ApeX-k1.v7.6.5br2.dir/App/app/spectrum.c.obj
 .text.ResetScanStats
                0x08011930       0x14 CMakeFiles/n7six.ApeX-k1.v7.6.5br2.dir/App/app/spectrum.c.obj
 .text.MarkSpectrumSettingsDirty
                0x08011944       0x18 CMakeFiles/n7six.ApeX-k1.v7.6.5br2.dir/App/app/spectrum.c.obj
 .text.UpdatePeakInfo
                0x0801195c       0x90 CMakeFiles/n7six.ApeX-k1.v7.6.5br2.dir/App/app/spectrum.c.obj
 .text.MapMeasurementToDisplay
                0x080119ec       0x20 CMakeFiles/n7six.ApeX-k1.v7.6.5br2.dir/App/app/spectrum.c.obj
 .text.SetRssiHistory
                0x08011a0c       0x1c CMakeFiles/n7six.ApeX-k1.v7.6.5br2.dir/App/app/spectrum.c.obj
 .text.dbm2rssi
                0x08011a28       0x24 CMakeFiles/n7six.ApeX-k1.v7.6.5br2.dir/App/app/spectrum.c.obj
 .text.GetRegMenuValue
                0x08011a4c       0x20 CMakeFiles/n7six.ApeX-k1.v7.6.5br2.dir/App/app/spectrum.c.obj
 .text.RestoreRegisters
                0x08011a6c       0x2c CMakeFiles/n7six.ApeX-k1.v7.6.5br2.dir/App/app/spectrum.c.obj
 .text.SetF     0x08011a98       0x38 CMakeFiles/n7six.ApeX-k1.v7.6.5br2.dir/App/app/spectrum.c.obj
 .text.ResetBlacklist
                0x08011ad0       0x3c CMakeFiles/n7six.ApeX-k1.v7.6.5br2.dir/App/app/spectrum.c.obj
 .text.TogglePeakHold
                0x08011b0c       0x38 CMakeFiles/n7six.ApeX-k1.v7.6.5br2.dir/App/app/spectrum.c.obj
 .text.ToggleListeningBW
                0x08011b44       0x4c CMakeFiles/n7six.ApeX-k1.v7.6.5br2.dir/App/app/spectrum.c.obj
 .text.ToggleBacklight
                0x08011b90       0x24 CMakeFiles/n7six.ApeX-k1.v7.6.5br2.dir/App/app/spectrum.c.obj
 .text.SaveSettings
                0x08011bb4       0x44 CMakeFiles/n7six.ApeX-k1.v7.6.5br2.dir/App/app/spectrum.c.obj
 .text.SPECTRUM_SaveSettings
                0x08011bf8       0x94 CMakeFiles/n7six.ApeX-k1.v7.6.5br2.dir/App/app/spectrum.c.obj
 .text.DrawF    0x08011c8c      0x12c CMakeFiles/n7six.ApeX-k1.v7.6.5br2.dir/App/app/spectrum.c.obj
 .text.RecomputeSmoothedTrace
                0x08011db8       0x64 CMakeFiles/n7six.ApeX-k1.v7.6.5br2.dir/App/app/spectrum.c.obj
 .text.UpdateDBMax
                0x08011e1c       0x5c CMakeFiles/n7six.ApeX-k1.v7.6.5br2.dir/App/app/spectrum.c.obj
 .text.SetBandLed.part.0.constprop.0
                0x08011e78       0x3c CMakeFiles/n7six.ApeX-k1.v7.6.5br2.dir/App/app/spectrum.c.obj
 .text.ToggleRX
                0x08011eb4      0x124 CMakeFiles/n7six.ApeX-k1.v7.6.5br2.dir/App/app/spectrum.c.obj
 .text.SYSTEM_DelayUs
                0x08011fd8       0x12 CMakeFiles/n7six.ApeX-k1.v7.6.5br2.dir/App/app/spectrum.c.obj
                0x08011fd8                SYSTEM_DelayUs
 .text.DrawLine
                0x08011fea       0x8c CMakeFiles/n7six.ApeX-k1.v7.6.5br2.dir/App/app/spectrum.c.obj
                0x08011fea                DrawLine
 *fill*         0x08012076        0x2 
 .text.LockAGC  0x08012078       0x24 CMakeFiles/n7six.ApeX-k1.v7.6.5br2.dir/App/app/spectrum.c.obj
                0x08012078                LockAGC
 .text.SetRegMenuValue
                0x0801209c       0x78 CMakeFiles/n7six.ApeX-k1.v7.6.5br2.dir/App/app/spectrum.c.obj
 .text.IsPeakOverLevel
                0x08012114       0x1c CMakeFiles/n7six.ApeX-k1.v7.6.5br2.dir/App/app/spectrum.c.obj
                0x08012114                IsPeakOverLevel
 .text.GetScanStep
                0x08012130       0x14 CMakeFiles/n7six.ApeX-k1.v7.6.5br2.dir/App/app/spectrum.c.obj
                0x08012130                GetScanStep
 .text.GetStepsCount
                0x08012144       0x38 CMakeFiles/n7six.ApeX-k1.v7.6.5br2.dir/App/app/spectrum.c.obj
                0x08012144                GetStepsCount
 .text.GetDisplayWidth
                0x0801217c       0x38 CMakeFiles/n7six.ApeX-k1.v7.6.5br2.dir/App/app/spectrum.c.obj
 .text.UpdateWaterfall
                0x080121b4       0xf8 CMakeFiles/n7six.ApeX-k1.v7.6.5br2.dir/App/app/spectrum.c.obj
 .text.SpecIdxToX
                0x080122ac       0x1e CMakeFiles/n7six.ApeX-k1.v7.6.5br2.dir/App/app/spectrum.c.obj
 .text.GetBW    0x080122ca       0x10 CMakeFiles/n7six.ApeX-k1.v7.6.5br2.dir/App/app/spectrum.c.obj
                0x080122ca                GetBW
 *fill*         0x080122da        0x2 
 .text.GetFStart
                0x080122dc       0x38 CMakeFiles/n7six.ApeX-k1.v7.6.5br2.dir/App/app/spectrum.c.obj
                0x080122dc                GetFStart
 .text.InitScan
                0x08012314       0x24 CMakeFiles/n7six.ApeX-k1.v7.6.5br2.dir/App/app/spectrum.c.obj
 .text.GetCentroidFrequency
                0x08012338       0x94 CMakeFiles/n7six.ApeX-k1.v7.6.5br2.dir/App/app/spectrum.c.obj
 .text.TuneToPeak
                0x080123cc       0x28 CMakeFiles/n7six.ApeX-k1.v7.6.5br2.dir/App/app/spectrum.c.obj
 .text.GetFEnd  0x080123f4       0x3c CMakeFiles/n7six.ApeX-k1.v7.6.5br2.dir/App/app/spectrum.c.obj
                0x080123f4                GetFEnd
 .text.GetRssi  0x08012430       0x1e CMakeFiles/n7six.ApeX-k1.v7.6.5br2.dir/App/app/spectrum.c.obj
                0x08012430                GetRssi
 *fill*         0x0801244e        0x2 
 .text.Measure  0x08012450       0x30 CMakeFiles/n7six.ApeX-k1.v7.6.5br2.dir/App/app/spectrum.c.obj
 .text.RelaunchScan
                0x08012480       0x50 CMakeFiles/n7six.ApeX-k1.v7.6.5br2.dir/App/app/spectrum.c.obj
 .text.ToggleModulation
                0x080124d0       0x30 CMakeFiles/n7six.ApeX-k1.v7.6.5br2.dir/App/app/spectrum.c.obj
 .text.UpdateFreqChangeStep
                0x08012500       0x88 CMakeFiles/n7six.ApeX-k1.v7.6.5br2.dir/App/app/spectrum.c.obj
 .text.UpdateCurrentFreq
                0x08012588       0x6c CMakeFiles/n7six.ApeX-k1.v7.6.5br2.dir/App/app/spectrum.c.obj
 .text.SetState
                0x080125f4       0x3c CMakeFiles/n7six.ApeX-k1.v7.6.5br2.dir/App/app/spectrum.c.obj
                0x080125f4                SetState
 .text.FreqInput
                0x08012630       0x3c CMakeFiles/n7six.ApeX-k1.v7.6.5br2.dir/App/app/spectrum.c.obj
 .text.UpdateFreqInput
                0x0801266c      0x19c CMakeFiles/n7six.ApeX-k1.v7.6.5br2.dir/App/app/spectrum.c.obj
 .text.Rssi2PX  0x08012808       0x74 CMakeFiles/n7six.ApeX-k1.v7.6.5br2.dir/App/app/spectrum.c.obj
                0x08012808                Rssi2PX
 .text.Rssi2Y   0x0801287c       0x12 CMakeFiles/n7six.ApeX-k1.v7.6.5br2.dir/App/app/spectrum.c.obj
                0x0801287c                Rssi2Y
 *fill*         0x0801288e        0x2 
 .text.RenderSpectrum
                0x08012890      0x5b8 CMakeFiles/n7six.ApeX-k1.v7.6.5br2.dir/App/app/spectrum.c.obj
 .text.UpdateRssiTriggerLevel
                0x08012e48       0x34 CMakeFiles/n7six.ApeX-k1.v7.6.5br2.dir/App/app/spectrum.c.obj
                0x08012e48                UpdateRssiTriggerLevel
 .text.OnKeyDownStill
                0x08012e7c      0x114 CMakeFiles/n7six.ApeX-k1.v7.6.5br2.dir/App/app/spectrum.c.obj
                0x08012e7c                OnKeyDownStill
 .text.APP_RunSpectrum
                0x08012f90     0x1050 CMakeFiles/n7six.ApeX-k1.v7.6.5br2.dir/App/app/spectrum.c.obj
                0x08012f90                APP_RunSpectrum
 .text.AUDIO_SPECTRUM_Init
                0x08013fe0       0xb0 CMakeFiles/n7six.ApeX-k1.v7.6.5br2.dir/App/app/audio_spectrum.c.obj
                0x08013fe0                AUDIO_SPECTRUM_Init
 .text.AUDIO_SPECTRUM_Enable
                0x08014090       0x78 CMakeFiles/n7six.ApeX-k1.v7.6.5br2.dir/App/app/audio_spectrum.c.obj
                0x08014090                AUDIO_SPECTRUM_Enable
 .text.AUDIO_SPECTRUM_Process
                0x08014108      0x33c CMakeFiles/n7six.ApeX-k1.v7.6.5br2.dir/App/app/audio_spectrum.c.obj
                0x08014108                AUDIO_SPECTRUM_Process
 .text.AUDIO_SPECTRUM_GetMagnitudes
                0x08014444       0x38 CMakeFiles/n7six.ApeX-k1.v7.6.5br2.dir/App/app/audio_spectrum.c.obj
                0x08014444                AUDIO_SPECTRUM_GetMagnitudes
 .text.AUDIO_SPECTRUM_SetMode
                0x0801447c       0x18 CMakeFiles/n7six.ApeX-k1.v7.6.5br2.dir/App/app/audio_spectrum.c.obj
                0x0801447c                AUDIO_SPECTRUM_SetMode
 .text.AUDIO_SPECTRUM_GetMode
                0x08014494        0xc CMakeFiles/n7six.ApeX-k1.v7.6.5br2.dir/App/app/audio_spectrum.c.obj
                0x08014494                AUDIO_SPECTRUM_GetMode
 .text.AUDIO_SPECTRUM_ResetPeaks
                0x080144a0       0x28 CMakeFiles/n7six.ApeX-k1.v7.6.5br2.dir/App/app/audio_spectrum.c.obj
                0x080144a0                AUDIO_SPECTRUM_ResetPeaks
 .text.HandleUserInput.isra.0
                0x080144c8       0xec CMakeFiles/n7six.ApeX-k1.v7.6.5br2.dir/App/app/breakout.c.obj
 .text.rand_custom
                0x080145b4       0x20 CMakeFiles/n7six.ApeX-k1.v7.6.5br2.dir/App/app/breakout.c.obj
                0x080145b4                rand_custom
 .text.reset    0x080145d4       0x20 CMakeFiles/n7six.ApeX-k1.v7.6.5br2.dir/App/app/breakout.c.obj
                0x080145d4                reset
 .text.playBeep
                0x080145f4       0x24 CMakeFiles/n7six.ApeX-k1.v7.6.5br2.dir/App/app/breakout.c.obj
                0x080145f4                playBeep
 .text.drawScore
                0x08014618       0x8c CMakeFiles/n7six.ApeX-k1.v7.6.5br2.dir/App/app/breakout.c.obj
                0x08014618                drawScore
 .text.initBall
                0x080146a4       0x54 CMakeFiles/n7six.ApeX-k1.v7.6.5br2.dir/App/app/breakout.c.obj
                0x080146a4                initBall
 .text.initWall
                0x080146f8       0x68 CMakeFiles/n7six.ApeX-k1.v7.6.5br2.dir/App/app/breakout.c.obj
                0x080146f8                initWall
 .text.drawWall
                0x08014760      0x144 CMakeFiles/n7six.ApeX-k1.v7.6.5br2.dir/App/app/breakout.c.obj
                0x08014760                drawWall
 .text.initRacket
                0x080148a4       0x4c CMakeFiles/n7six.ApeX-k1.v7.6.5br2.dir/App/app/breakout.c.obj
                0x080148a4                initRacket
 .text.drawBall
                0x080148f0      0x1bc CMakeFiles/n7six.ApeX-k1.v7.6.5br2.dir/App/app/breakout.c.obj
                0x080148f0                drawBall
 .text.drawRacket
                0x08014aac       0x94 CMakeFiles/n7six.ApeX-k1.v7.6.5br2.dir/App/app/breakout.c.obj
                0x08014aac                drawRacket
 .text.APP_RunBreakout
                0x08014b40       0xf4 CMakeFiles/n7six.ApeX-k1.v7.6.5br2.dir/App/app/breakout.c.obj
                0x08014b40                APP_RunBreakout
 .text.getScreenShot
                0x08014c34      0x1a4 CMakeFiles/n7six.ApeX-k1.v7.6.5br2.dir/App/screenshot.c.obj
                0x08014c34                getScreenShot
 .text.usbd_class_event_notify_handler
                0x08014dd8       0x24 CMakeFiles/n7six.ApeX-k1.v7.6.5br2.dir/Middlewares/CherryUSB/core/usbd_core.c.obj
 .text.usbd_set_endpoint
                0x08014dfc       0x2c CMakeFiles/n7six.ApeX-k1.v7.6.5br2.dir/Middlewares/CherryUSB/core/usbd_core.c.obj
 .text.usbd_setup_request_handler.constprop.0
                0x08014e28      0x380 CMakeFiles/n7six.ApeX-k1.v7.6.5br2.dir/Middlewares/CherryUSB/core/usbd_core.c.obj
 .text.usbd_event_resume_handler
                0x080151a8        0xc CMakeFiles/n7six.ApeX-k1.v7.6.5br2.dir/Middlewares/CherryUSB/core/usbd_core.c.obj
                0x080151a8                usbd_event_resume_handler
 .text.usbd_event_suspend_handler
                0x080151b4        0xc CMakeFiles/n7six.ApeX-k1.v7.6.5br2.dir/Middlewares/CherryUSB/core/usbd_core.c.obj
                0x080151b4                usbd_event_suspend_handler
 .text.usbd_event_reset_handler
                0x080151c0       0x38 CMakeFiles/n7six.ApeX-k1.v7.6.5br2.dir/Middlewares/CherryUSB/core/usbd_core.c.obj
                0x080151c0                usbd_event_reset_handler
 .text.usbd_event_ep0_setup_complete_handler
                0x080151f8       0x94 CMakeFiles/n7six.ApeX-k1.v7.6.5br2.dir/Middlewares/CherryUSB/core/usbd_core.c.obj
                0x080151f8                usbd_event_ep0_setup_complete_handler
 .text.usbd_event_ep_in_complete_handler
                0x0801528c       0x58 CMakeFiles/n7six.ApeX-k1.v7.6.5br2.dir/Middlewares/CherryUSB/core/usbd_core.c.obj
                0x0801528c                usbd_event_ep_in_complete_handler
 .text.usbd_event_ep_out_complete_handler
                0x080152e4       0x64 CMakeFiles/n7six.ApeX-k1.v7.6.5br2.dir/Middlewares/CherryUSB/core/usbd_core.c.obj
                0x080152e4                usbd_event_ep_out_complete_handler
 .text.usbd_desc_register
                0x08015348       0x14 CMakeFiles/n7six.ApeX-k1.v7.6.5br2.dir/Middlewares/CherryUSB/core/usbd_core.c.obj
                0x08015348                usbd_desc_register
 .text.usbd_add_interface
                0x0801535c       0x2c CMakeFiles/n7six.ApeX-k1.v7.6.5br2.dir/Middlewares/CherryUSB/core/usbd_core.c.obj
                0x0801535c                usbd_add_interface
 .text.usbd_add_endpoint
                0x08015388       0x2c CMakeFiles/n7six.ApeX-k1.v7.6.5br2.dir/Middlewares/CherryUSB/core/usbd_core.c.obj
                0x08015388                usbd_add_endpoint
 .text.usbd_initialize
                0x080153b4        0x8 CMakeFiles/n7six.ApeX-k1.v7.6.5br2.dir/Middlewares/CherryUSB/core/usbd_core.c.obj
                0x080153b4                usbd_initialize
 .text.pyusb_write_packet
                0x080153bc       0x20 CMakeFiles/n7six.ApeX-k1.v7.6.5br2.dir/Middlewares/CherryUSB/port/usb_dc_py32.c.obj
 .text.usbd_ep0_set_zlp_flag
                0x080153dc        0xc CMakeFiles/n7six.ApeX-k1.v7.6.5br2.dir/Middlewares/CherryUSB/port/usb_dc_py32.c.obj
                0x080153dc                usbd_ep0_set_zlp_flag
 .text.usb_dc_low_level_init
                0x080153e8        0x2 CMakeFiles/n7six.ApeX-k1.v7.6.5br2.dir/Middlewares/CherryUSB/port/usb_dc_py32.c.obj
                0x080153e8                usb_dc_low_level_init
 *fill*         0x080153ea        0x2 
 .text.usb_dc_init
                0x080153ec       0x20 CMakeFiles/n7six.ApeX-k1.v7.6.5br2.dir/Middlewares/CherryUSB/port/usb_dc_py32.c.obj
                0x080153ec                usb_dc_init
 .text.usbd_set_address
                0x0801540c       0x18 CMakeFiles/n7six.ApeX-k1.v7.6.5br2.dir/Middlewares/CherryUSB/port/usb_dc_py32.c.obj
                0x0801540c                usbd_set_address
 .text.usbd_ep_open
                0x08015424      0x124 CMakeFiles/n7six.ApeX-k1.v7.6.5br2.dir/Middlewares/CherryUSB/port/usb_dc_py32.c.obj
                0x08015424                usbd_ep_open
 .text.usbd_ep_close
                0x08015548        0x4 CMakeFiles/n7six.ApeX-k1.v7.6.5br2.dir/Middlewares/CherryUSB/port/usb_dc_py32.c.obj
                0x08015548                usbd_ep_close
 .text.usbd_ep_set_stall
                0x0801554c       0x4c CMakeFiles/n7six.ApeX-k1.v7.6.5br2.dir/Middlewares/CherryUSB/port/usb_dc_py32.c.obj
                0x0801554c                usbd_ep_set_stall
 .text.usbd_ep_clear_stall