Archive member included to satisfy reference by file (symbol)

/opt/toolchain/bin/../lib/gcc/arm-none-eabi/13.3.1/../../../../arm-none-eabi/lib/thumb/v6-m/nofp/libg_nano.a(libc_a-exit.o)
                              /opt/toolchain/bin/../lib/gcc/arm-none-eabi/13.3.1/../../../../arm-none-eabi/lib/thumb/v6-m/nofp/crt0.o (exit)
/opt/toolchain/bin/../lib/gcc/arm-none-eabi/13.3.1/../../../../arm-none-eabi/lib/thumb/v6-m/nofp/libg_nano.a(libc_a-errno.o)
                              CMakeFiles/n7six.ApeX-k1.v7.6.10C.dir/App/driver/syscalls.c.obj (symbol from plugin) (__errno)
/opt/toolchain/bin/../lib/gcc/arm-none-eabi/13.3.1/../../../../arm-none-eabi/lib/thumb/v6-m/nofp/libg_nano.a(libc_a-init.o)
                              /opt/toolchain/bin/../lib/gcc/arm-none-eabi/13.3.1/../../../../arm-none-eabi/lib/thumb/v6-m/nofp/crt0.o (__libc_init_array)
/opt/toolchain/bin/../lib/gcc/arm-none-eabi/13.3.1/../../../../arm-none-eabi/lib/thumb/v6-m/nofp/libg_nano.a(libc_a-memset.o)
                              /opt/toolchain/bin/../lib/gcc/arm-none-eabi/13.3.1/../../../../arm-none-eabi/lib/thumb/v6-m/nofp/crt0.o (memset)
/opt/toolchain/bin/../lib/gcc/arm-none-eabi/13.3.1/../../../../arm-none-eabi/lib/thumb/v6-m/nofp/libg_nano.a(libc_a-impure.o)
                              /opt/toolchain/bin/../lib/gcc/arm-none-eabi/13.3.1/../../../../arm-none-eabi/lib/thumb/v6-m/nofp/libg_nano.a(libc_a-errno.o) (_impure_ptr)
/opt/toolchain/bin/../lib/gcc/arm-none-eabi/13.3.1/../../../../arm-none-eabi/lib/thumb/v6-m/nofp/libg_nano.a(libc_a-findfp.o)
                              /opt/toolchain/bin/../lib/gcc/arm-none-eabi/13.3.1/../../../../arm-none-eabi/lib/thumb/v6-m/nofp/libg_nano.a(libc_a-exit.o) (__stdio_exit_handler)
/opt/toolchain/bin/../lib/gcc/arm-none-eabi/13.3.1/../../../../arm-none-eabi/lib/thumb/v6-m/nofp/libg_nano.a(libc_a-stdio.o)
                              /opt/toolchain/bin/../lib/gcc/arm-none-eabi/13.3.1/../../../../arm-none-eabi/lib/thumb/v6-m/nofp/libg_nano.a(libc_a-findfp.o) (__sread)
/opt/toolchain/bin/../lib/gcc/arm-none-eabi/13.3.1/../../../../arm-none-eabi/lib/thumb/v6-m/nofp/libg_nano.a(libc_a-lseekr.o)
                              /opt/toolchain/bin/../lib/gcc/arm-none-eabi/13.3.1/../../../../arm-none-eabi/lib/thumb/v6-m/nofp/libg_nano.a(libc_a-stdio.o) (_lseek_r)
/opt/toolchain/bin/../lib/gcc/arm-none-eabi/13.3.1/../../../../arm-none-eabi/lib/thumb/v6-m/nofp/libg_nano.a(libc_a-readr.o)
                              /opt/toolchain/bin/../lib/gcc/arm-none-eabi/13.3.1/../../../../arm-none-eabi/lib/thumb/v6-m/nofp/libg_nano.a(libc_a-stdio.o) (_read_r)
/opt/toolchain/bin/../lib/gcc/arm-none-eabi/13.3.1/../../../../arm-none-eabi/lib/thumb/v6-m/nofp/libg_nano.a(libc_a-fwalk.o)
                              /opt/toolchain/bin/../lib/gcc/arm-none-eabi/13.3.1/../../../../arm-none-eabi/lib/thumb/v6-m/nofp/libg_nano.a(libc_a-findfp.o) (_fwalk_sglue)
/opt/toolchain/bin/../lib/gcc/arm-none-eabi/13.3.1/../../../../arm-none-eabi/lib/thumb/v6-m/nofp/libg_nano.a(libc_a-writer.o)
                              /opt/toolchain/bin/../lib/gcc/arm-none-eabi/13.3.1/../../../../arm-none-eabi/lib/thumb/v6-m/nofp/libg_nano.a(libc_a-stdio.o) (_write_r)
/opt/toolchain/bin/../lib/gcc/arm-none-eabi/13.3.1/../../../../arm-none-eabi/lib/thumb/v6-m/nofp/libg_nano.a(libc_a-lock.o)
                              /opt/toolchain/bin/../lib/gcc/arm-none-eabi/13.3.1/../../../../arm-none-eabi/lib/thumb/v6-m/nofp/libg_nano.a(libc_a-findfp.o) (__retarget_lock_init_recursive)
/opt/toolchain/bin/../lib/gcc/arm-none-eabi/13.3.1/../../../../arm-none-eabi/lib/thumb/v6-m/nofp/libg_nano.a(libc_a-fflush.o)
                              /opt/toolchain/bin/../lib/gcc/arm-none-eabi/13.3.1/../../../../arm-none-eabi/lib/thumb/v6-m/nofp/libg_nano.a(libc_a-findfp.o) (_fflush_r)
/opt/toolchain/bin/../lib/gcc/arm-none-eabi/13.3.1/../../../../arm-none-eabi/lib/thumb/v6-m/nofp/libg_nano.a(libc_a-mallocr.o)
                              /opt/toolchain/bin/../lib/gcc/arm-none-eabi/13.3.1/../../../../arm-none-eabi/lib/thumb/v6-m/nofp/libg_nano.a(libc_a-findfp.o) (_malloc_r)
/opt/toolchain/bin/../lib/gcc/arm-none-eabi/13.3.1/../../../../arm-none-eabi/lib/thumb/v6-m/nofp/libg_nano.a(libc_a-closer.o)
                              /opt/toolchain/bin/../lib/gcc/arm-none-eabi/13.3.1/../../../../arm-none-eabi/lib/thumb/v6-m/nofp/libg_nano.a(libc_a-stdio.o) (_close_r)
/opt/toolchain/bin/../lib/gcc/arm-none-eabi/13.3.1/../../../../arm-none-eabi/lib/thumb/v6-m/nofp/libg_nano.a(libc_a-reent.o)
                              /opt/toolchain/bin/../lib/gcc/arm-none-eabi/13.3.1/../../../../arm-none-eabi/lib/thumb/v6-m/nofp/libg_nano.a(libc_a-lseekr.o) (errno)
/opt/toolchain/bin/../lib/gcc/arm-none-eabi/13.3.1/../../../../arm-none-eabi/lib/thumb/v6-m/nofp/libg_nano.a(libc_a-mlock.o)
                              /opt/toolchain/bin/../lib/gcc/arm-none-eabi/13.3.1/../../../../arm-none-eabi/lib/thumb/v6-m/nofp/libg_nano.a(libc_a-mallocr.o) (__malloc_lock)
[...]
Memory Configuration

Name             Origin             Length             Attributes
RAM              0x20000000         0x00004000         xrw
FLASH            0x08002800         0x0001d800         xr
*default*        0x00000000         0xffffffff

Linker script and memory map

LOAD /opt/toolchain/bin/../lib/gcc/arm-none-eabi/13.3.1/thumb/v6-m/nofp/crti.o
LOAD /opt/toolchain/bin/../lib/gcc/arm-none-eabi/13.3.1/thumb/v6-m/nofp/crtbegin.o
LOAD /opt/toolchain/bin/../lib/gcc/arm-none-eabi/13.3.1/../../../../arm-none-eabi/lib/thumb/v6-m/nofp/crt0.o
LOAD CMakeFiles/n7six.ApeX-k1.v7.6.10C.dir/Core/Src/main.c.obj
LOAD /tmp/cc3nMLHN.ltrans0.ltrans.o
LOAD /tmp/cc3nMLHN.ltrans1.ltrans.o
LOAD /tmp/cc3nMLHN.ltrans2.ltrans.o
LOAD CMakeFiles/n7six.ApeX-k1.v7.6.10C.dir/Core/Src/py32f071_it.c.obj
LOAD CMakeFiles/n7six.ApeX-k1.v7.6.10C.dir/Core/Src/system_py32f071.c.obj
LOAD CMakeFiles/n7six.ApeX-k1.v7.6.10C.dir/Core/startup_py32f071xx.s.obj
LOAD CMakeFiles/n7six.ApeX-k1.v7.6.10C.dir/Drivers/PY32F071_HAL_Driver/Src/py32f071_ll_rcc.c.obj
LOAD CMakeFiles/n7six.ApeX-k1.v7.6.10C.dir/Drivers/PY32F071_HAL_Driver/Src/py32f071_ll_pwr.c.obj
LOAD CMakeFiles/n7six.ApeX-k1.v7.6.10C.dir/Drivers/PY32F071_HAL_Driver/Src/py32f071_ll_dma.c.obj
LOAD CMakeFiles/n7six.ApeX-k1.v7.6.10C.dir/Drivers/PY32F071_HAL_Driver/Src/py32f071_ll_gpio.c.obj
LOAD CMakeFiles/n7six.ApeX-k1.v7.6.10C.dir/Drivers/PY32F071_HAL_Driver/Src/py32f071_ll_utils.c.obj
LOAD CMakeFiles/n7six.ApeX-k1.v7.6.10C.dir/Drivers/PY32F071_HAL_Driver/Src/py32f071_ll_adc.c.obj
LOAD CMakeFiles/n7six.ApeX-k1.v7.6.10C.dir/Drivers/PY32F071_HAL_Driver/Src/py32f071_ll_comp.c.obj
LOAD CMakeFiles/n7six.ApeX-k1.v7.6.10C.dir/Drivers/PY32F071_HAL_Driver/Src/py32f071_ll_crc.c.obj
LOAD CMakeFiles/n7six.ApeX-k1.v7.6.10C.dir/Drivers/PY32F071_HAL_Driver/Src/py32f071_ll_dac.c.obj
LOAD CMakeFiles/n7six.ApeX-k1.v7.6.10C.dir/Drivers/PY32F071_HAL_Driver/Src/py32f071_ll_exti.c.obj
LOAD CMakeFiles/n7six.ApeX-k1.v7.6.10C.dir/Drivers/PY32F071_HAL_Driver/Src/py32f071_ll_i2c.c.obj
LOAD CMakeFiles/n7six.ApeX-k1.v7.6.10C.dir/Drivers/PY32F071_HAL_Driver/Src/py32f071_ll_rtc.c.obj
LOAD CMakeFiles/n7six.ApeX-k1.v7.6.10C.dir/Drivers/PY32F071_HAL_Driver/Src/py32f071_ll_spi.c.obj
LOAD CMakeFiles/n7six.ApeX-k1.v7.6.10C.dir/Drivers/PY32F071_HAL_Driver/Src/py32f071_ll_tim.c.obj
LOAD CMakeFiles/n7six.ApeX-k1.v7.6.10C.dir/Drivers/PY32F071_HAL_Driver/Src/py32f071_ll_lptim.c.obj
LOAD CMakeFiles/n7six.ApeX-k1.v7.6.10C.dir/Drivers/PY32F071_HAL_Driver/Src/py32f071_ll_usart.c.obj
LOAD CMakeFiles/n7six.ApeX-k1.v7.6.10C.dir/App/driver/backlight.c.obj
LOAD CMakeFiles/n7six.ApeX-k1.v7.6.10C.dir/App/driver/bk4829.c.obj
LOAD CMakeFiles/n7six.ApeX-k1.v7.6.10C.dir/App/driver/py25q16.c.obj
LOAD CMakeFiles/n7six.ApeX-k1.v7.6.10C.dir/App/driver/gpio.c.obj
LOAD CMakeFiles/n7six.ApeX-k1.v7.6.10C.dir/App/driver/i2c.c.obj
LOAD CMakeFiles/n7six.ApeX-k1.v7.6.10C.dir/App/driver/keyboard.c.obj
LOAD CMakeFiles/n7six.ApeX-k1.v7.6.10C.dir/App/driver/st7565.c.obj
LOAD CMakeFiles/n7six.ApeX-k1.v7.6.10C.dir/App/driver/system.c.obj
LOAD CMakeFiles/n7six.ApeX-k1.v7.6.10C.dir/App/driver/systick.c.obj
LOAD CMakeFiles/n7six.ApeX-k1.v7.6.10C.dir/App/driver/syscalls.c.obj
LOAD CMakeFiles/n7six.ApeX-k1.v7.6.10C.dir/App/app/action.c.obj
LOAD CMakeFiles/n7six.ApeX-k1.v7.6.10C.dir/App/app/app.c.obj
LOAD CMakeFiles/n7six.ApeX-k1.v7.6.10C.dir/App/app/chFrScanner.c.obj
LOAD CMakeFiles/n7six.ApeX-k1.v7.6.10C.dir/App/app/common.c.obj
LOAD CMakeFiles/n7six.ApeX-k1.v7.6.10C.dir/App/app/dtmf.c.obj
LOAD CMakeFiles/n7six.ApeX-k1.v7.6.10C.dir/App/app/generic.c.obj
LOAD CMakeFiles/n7six.ApeX-k1.v7.6.10C.dir/App/app/main.c.obj
LOAD CMakeFiles/n7six.ApeX-k1.v7.6.10C.dir/App/app/menu.c.obj
LOAD CMakeFiles/n7six.ApeX-k1.v7.6.10C.dir/App/app/scanner.c.obj
LOAD CMakeFiles/n7six.ApeX-k1.v7.6.10C.dir/App/audio.c.obj
LOAD CMakeFiles/n7six.ApeX-k1.v7.6.10C.dir/App/bitmaps.c.obj
LOAD CMakeFiles/n7six.ApeX-k1.v7.6.10C.dir/App/board.c.obj
LOAD CMakeFiles/n7six.ApeX-k1.v7.6.10C.dir/App/dcs.c.obj
LOAD CMakeFiles/n7six.ApeX-k1.v7.6.10C.dir/App/font.c.obj
LOAD CMakeFiles/n7six.ApeX-k1.v7.6.10C.dir/App/frequencies.c.obj
LOAD CMakeFiles/n7six.ApeX-k1.v7.6.10C.dir/App/functions.c.obj
LOAD CMakeFiles/n7six.ApeX-k1.v7.6.10C.dir/App/mdc1200.c.obj
LOAD CMakeFiles/n7six.ApeX-k1.v7.6.10C.dir/App/mdc_handler.c.obj
LOAD CMakeFiles/n7six.ApeX-k1.v7.6.10C.dir/App/helper/battery.c.obj
LOAD CMakeFiles/n7six.ApeX-k1.v7.6.10C.dir/App/helper/boot.c.obj
LOAD CMakeFiles/n7six.ApeX-k1.v7.6.10C.dir/App/misc.c.obj
LOAD CMakeFiles/n7six.ApeX-k1.v7.6.10C.dir/App/radio.c.obj
LOAD CMakeFiles/n7six.ApeX-k1.v7.6.10C.dir/App/scheduler.c.obj
LOAD CMakeFiles/n7six.ApeX-k1.v7.6.10C.dir/App/settings.c.obj
LOAD CMakeFiles/n7six.ApeX-k1.v7.6.10C.dir/App/ui/battery.c.obj
LOAD CMakeFiles/n7six.ApeX-k1.v7.6.10C.dir/App/ui/helper.c.obj
LOAD CMakeFiles/n7six.ApeX-k1.v7.6.10C.dir/App/ui/inputbox.c.obj
LOAD CMakeFiles/n7six.ApeX-k1.v7.6.10C.dir/App/ui/main.c.obj
LOAD CMakeFiles/n7six.ApeX-k1.v7.6.10C.dir/App/ui/mdc.c.obj
LOAD CMakeFiles/n7six.ApeX-k1.v7.6.10C.dir/App/ui/menu.c.obj
LOAD CMakeFiles/n7six.ApeX-k1.v7.6.10C.dir/App/ui/scanner.c.obj
LOAD CMakeFiles/n7six.ApeX-k1.v7.6.10C.dir/App/ui/status.c.obj
LOAD CMakeFiles/n7six.ApeX-k1.v7.6.10C.dir/App/ui/ui.c.obj
LOAD CMakeFiles/n7six.ApeX-k1.v7.6.10C.dir/App/ui/welcome.c.obj
LOAD CMakeFiles/n7six.ApeX-k1.v7.6.10C.dir/App/version.c.obj
LOAD CMakeFiles/n7six.ApeX-k1.v7.6.10C.dir/App/main.c.obj
LOAD CMakeFiles/n7six.ApeX-k1.v7.6.10C.dir/App/external/printf/printf.c.obj
LOAD CMakeFiles/n7six.ApeX-k1.v7.6.10C.dir/App/driver/crc.c.obj
LOAD CMakeFiles/n7six.ApeX-k1.v7.6.10C.dir/App/driver/eeprom_compat.c.obj
LOAD CMakeFiles/n7six.ApeX-k1.v7.6.10C.dir/App/driver/uart.c.obj
LOAD CMakeFiles/n7six.ApeX-k1.v7.6.10C.dir/App/app/uart.c.obj
LOAD CMakeFiles/n7six.ApeX-k1.v7.6.10C.dir/App/driver/vcp.c.obj
LOAD CMakeFiles/n7six.ApeX-k1.v7.6.10C.dir/App/usb/usbd_cdc_if.c.obj
LOAD CMakeFiles/n7six.ApeX-k1.v7.6.10C.dir/App/driver/bk1080.c.obj
LOAD CMakeFiles/n7six.ApeX-k1.v7.6.10C.dir/App/app/fm.c.obj
LOAD CMakeFiles/n7six.ApeX-k1.v7.6.10C.dir/App/ui/fmradio.c.obj
LOAD CMakeFiles/n7six.ApeX-k1.v7.6.10C.dir/App/app/aircopy.c.obj
LOAD CMakeFiles/n7six.ApeX-k1.v7.6.10C.dir/App/ui/aircopy.c.obj
LOAD CMakeFiles/n7six.ApeX-k1.v7.6.10C.dir/App/app/flashlight.c.obj
LOAD CMakeFiles/n7six.ApeX-k1.v7.6.10C.dir/App/app/spectrum.c.obj
LOAD CMakeFiles/n7six.ApeX-k1.v7.6.10C.dir/App/app/waterfall.c.obj
LOAD CMakeFiles/n7six.ApeX-k1.v7.6.10C.dir/App/app/cw.c.obj
LOAD CMakeFiles/n7six.ApeX-k1.v7.6.10C.dir/App/app/cwdecoder.c.obj
LOAD CMakeFiles/n7six.ApeX-k1.v7.6.10C.dir/App/screenshot.c.obj
LOAD CMakeFiles/n7six.ApeX-k1.v7.6.10C.dir/App/app/beam.c.obj
LOAD CMakeFiles/n7six.ApeX-k1.v7.6.10C.dir/App/app/rxtx_log.c.obj
LOAD CMakeFiles/n7six.ApeX-k1.v7.6.10C.dir/Middlewares/CherryUSB/core/usbd_core.c.obj
LOAD CMakeFiles/n7six.ApeX-k1.v7.6.10C.dir/Middlewares/CherryUSB/port/usb_dc_py32.c.obj
LOAD CMakeFiles/n7six.ApeX-k1.v7.6.10C.dir/Middlewares/CherryUSB/class/cdc/usbd_cdc.c.obj
LOAD /opt/toolchain/bin/../lib/gcc/arm-none-eabi/13.3.1/../../../../arm-none-eabi/lib/thumb/v6-m/nofp/libm.a
START GROUP
LOAD /opt/toolchain/bin/../lib/gcc/arm-none-eabi/13.3.1/thumb/v6-m/nofp/libgcc.a
LOAD /opt/toolchain/bin/../lib/gcc/arm-none-eabi/13.3.1/../../../../arm-none-eabi/lib/thumb/v6-m/nofp/libg_nano.a
LOAD /opt/toolchain/bin/../lib/gcc/arm-none-eabi/13.3.1/../../../../arm-none-eabi/lib/thumb/v6-m/nofp/libc_nano.a
END GROUP
START GROUP
LOAD /opt/toolchain/bin/../lib/gcc/arm-none-eabi/13.3.1/thumb/v6-m/nofp/libgcc.a
LOAD /opt/toolchain/bin/../lib/gcc/arm-none-eabi/13.3.1/../../../../arm-none-eabi/lib/thumb/v6-m/nofp/libc_nano.a
END GROUP
LOAD /opt/toolchain/bin/../lib/gcc/arm-none-eabi/13.3.1/thumb/v6-m/nofp/crtend.o
LOAD /opt/toolchain/bin/../lib/gcc/arm-none-eabi/13.3.1/thumb/v6-m/nofp/crtn.o
                0x20004000                        _estack = (ORIGIN (RAM) + LENGTH (RAM))
                0x00000100                        _Min_Heap_Size = 0x100
                0x00000300                        _Min_Stack_Size = 0x300

.isr_vector     0x08002800       0xc0
                0x08002800                        . = ALIGN (0x4)
 *(.isr_vector)
 .isr_vector    0x08002800       0xc0 CMakeFiles/n7six.ApeX-k1.v7.6.10C.dir/Core/startup_py32f071xx.s.obj
                0x08002800                g_pfnVectors
                0x080028c0                        . = ALIGN (0x4)

.text           0x080028c0    0x192b0
                0x080028c0                        . = ALIGN (0x4)
 *(.text)
 .text          0x080028c0       0x14 /opt/toolchain/bin/../lib/gcc/arm-none-eabi/13.3.1/../../../../arm-none-eabi/lib/thumb/v6-m/nofp/libg_nano.a(libc_a-strcmp.o)
                0x080028c0                strcmp
 .text          0x080028d4        0xe /opt/toolchain/bin/../lib/gcc/arm-none-eabi/13.3.1/../../../../arm-none-eabi/lib/thumb/v6-m/nofp/libg_nano.a(libc_a-strlen.o)
                0x080028d4                strlen
 *fill*         0x080028e2        0x2 
 .text          0x080028e4       0x14 /opt/toolchain/bin/../lib/gcc/arm-none-eabi/13.3.1/thumb/v6-m/nofp/libgcc.a(_thumb1_case_sqi.o)
                0x080028e4                __gnu_thumb1_case_sqi
 .text          0x080028f8       0x14 /opt/toolchain/bin/../lib/gcc/arm-none-eabi/13.3.1/thumb/v6-m/nofp/libgcc.a(_thumb1_case_uqi.o)
                0x080028f8                __gnu_thumb1_case_uqi
 .text          0x0800290c       0x14 /opt/toolchain/bin/../lib/gcc/arm-none-eabi/13.3.1/thumb/v6-m/nofp/libgcc.a(_thumb1_case_shi.o)
                0x0800290c                __gnu_thumb1_case_shi
 .text          0x08002920       0x14 /opt/toolchain/bin/../lib/gcc/arm-none-eabi/13.3.1/thumb/v6-m/nofp/libgcc.a(_thumb1_case_uhi.o)
                0x08002920                __gnu_thumb1_case_uhi
 .text          0x08002934      0x114 /opt/toolchain/bin/../lib/gcc/arm-none-eabi/13.3.1/thumb/v6-m/nofp/libgcc.a(_udivsi3.o)
                0x08002934                __udivsi3
                0x08002934                __aeabi_uidiv
                0x08002a40                __aeabi_uidivmod
 .text          0x08002a48      0x1d4 /opt/toolchain/bin/../lib/gcc/arm-none-eabi/13.3.1/thumb/v6-m/nofp/libgcc.a(_divsi3.o)
                0x08002a48                __aeabi_idiv
                0x08002a48                __divsi3
                0x08002c14                __aeabi_idivmod
 .text          0x08002c1c        0x4 /opt/toolchain/bin/../lib/gcc/arm-none-eabi/13.3.1/thumb/v6-m/nofp/libgcc.a(_dvmd_tls.o)
                0x08002c1c                __aeabi_ldiv0
                0x08002c1c                __aeabi_idiv0
 .text          0x08002c20       0x18 /opt/toolchain/bin/../lib/gcc/arm-none-eabi/13.3.1/thumb/v6-m/nofp/libgcc.a(_lshrdi3.o)
                0x08002c20                __aeabi_llsr
                0x08002c20                __lshrdi3
 .text          0x08002c38       0x18 /opt/toolchain/bin/../lib/gcc/arm-none-eabi/13.3.1/thumb/v6-m/nofp/libgcc.a(_ashldi3.o)
                0x08002c38                __ashldi3
                0x08002c38                __aeabi_llsl
 .text          0x08002c50       0x3c /opt/toolchain/bin/../lib/gcc/arm-none-eabi/13.3.1/thumb/v6-m/nofp/libgcc.a(_clzsi2.o)
                0x08002c50                __clzsi2
 *(.text*)
 .text.deregister_tm_clones
                0x08002c8c       0x20 /opt/toolchain/bin/../lib/gcc/arm-none-eabi/13.3.1/thumb/v6-m/nofp/crtbegin.o
 .text.register_tm_clones
                0x08002cac       0x28 /opt/toolchain/bin/../lib/gcc/arm-none-eabi/13.3.1/thumb/v6-m/nofp/crtbegin.o
 .text.__do_global_dtors_aux
                0x08002cd4       0x2c /opt/toolchain/bin/../lib/gcc/arm-none-eabi/13.3.1/thumb/v6-m/nofp/crtbegin.o
 .text.frame_dummy
                0x08002d00       0x24 /opt/toolchain/bin/../lib/gcc/arm-none-eabi/13.3.1/thumb/v6-m/nofp/crtbegin.o
 .text.LL_APB1_GRP1_EnableClock.lto_priv.0
                0x08002d24       0x1c /tmp/cc3nMLHN.ltrans0.ltrans.o
 .text.LL_APB1_GRP2_EnableClock.lto_priv.0
                0x08002d40       0x1c /tmp/cc3nMLHN.ltrans0.ltrans.o
 .text.BK4819_WriteU8
                0x08002d5c      0x124 /tmp/cc3nMLHN.ltrans0.ltrans.o
 .text.LL_IOP_GRP1_EnableClock.lto_priv.0
                0x08002e80       0x1c /tmp/cc3nMLHN.ltrans0.ltrans.o
 .text.SPI_WriteByte.lto_priv.0
                0x08002e9c       0x20 /tmp/cc3nMLHN.ltrans0.ltrans.o
 .text.WriteAddr
                0x08002ebc       0x1c /tmp/cc3nMLHN.ltrans0.ltrans.o
 .text.ACTION_1750
                0x08002ed8       0x48 /tmp/cc3nMLHN.ltrans0.ltrans.o
 .text.ACTION_Power
                0x08002f20       0x34 /tmp/cc3nMLHN.ltrans0.ltrans.o
 .text.ACTION_SwitchDemodul
                0x08002f54       0x24 /tmp/cc3nMLHN.ltrans0.ltrans.o
 .text.ACTION_Vox
                0x08002f78       0x28 /tmp/cc3nMLHN.ltrans0.ltrans.o
 .text.ACTION_RxMode
                0x08002fa0       0x3c /tmp/cc3nMLHN.ltrans0.ltrans.o
 .text.ACTION_MainOnly
                0x08002fdc       0x54 /tmp/cc3nMLHN.ltrans0.ltrans.o
 .text.ACTION_Ptt
                0x08003030       0x20 /tmp/cc3nMLHN.ltrans0.ltrans.o
 .text.ACTION_Power_High
                0x08003050       0x1c /tmp/cc3nMLHN.ltrans0.ltrans.o
 .text.ACTION_Remove_Offset
                0x0800306c       0x1c /tmp/cc3nMLHN.ltrans0.ltrans.o
 .text.ScreenSaverRandom
                0x08003088       0x20 /tmp/cc3nMLHN.ltrans0.ltrans.o
 .text.ScreenSaverDrawMatrixGlyph
                0x080030a8       0x88 /tmp/cc3nMLHN.ltrans0.ltrans.o
 .text.ScreenSaverExit
                0x08003130       0x24 /tmp/cc3nMLHN.ltrans0.ltrans.o
 .text.ScanRangeSkipSync
                0x08003154       0x4c /tmp/cc3nMLHN.ltrans0.ltrans.o
 .text.ScanRangeSkipSampleForFrequency
                0x080031a0       0x4c /tmp/cc3nMLHN.ltrans0.ltrans.o
 .text.ScanRssiSparklinePush
                0x080031ec       0x34 /tmp/cc3nMLHN.ltrans0.ltrans.o
 .text.ScanFastResetState
                0x08003220       0x28 /tmp/cc3nMLHN.ltrans0.ltrans.o
 .text.ScanFastIsCandidate
                0x08003248       0x98 /tmp/cc3nMLHN.ltrans0.ltrans.o
 .text.AdvanceMemScanList
                0x080032e0       0x1c /tmp/cc3nMLHN.ltrans0.ltrans.o
 .text.CHFRSCANNER_ScanRange
                0x080032fc       0x54 /tmp/cc3nMLHN.ltrans0.ltrans.o
 .text.COMMON_KeypadLockToggle
                0x08003350       0x30 /tmp/cc3nMLHN.ltrans0.ltrans.o
                0x08003350                COMMON_KeypadLockToggle
 .text.COMMON_SwitchVFOs
                0x08003380       0x70 /tmp/cc3nMLHN.ltrans0.ltrans.o
 .text.DTMF_GetCharacter
                0x080033f0       0x20 /tmp/cc3nMLHN.ltrans0.ltrans.o
 .text.DualwatchAlternate
                0x08003410       0x50 /tmp/cc3nMLHN.ltrans0.ltrans.o
 .text.CheckForIncoming
                0x08003460       0x94 /tmp/cc3nMLHN.ltrans0.ltrans.o
 .text.HandlePowerSave
                0x080034f4       0x14 /tmp/cc3nMLHN.ltrans0.ltrans.o
 .text.ScanRssiSparklineReset
                0x08003508       0x24 /tmp/cc3nMLHN.ltrans0.ltrans.o
 .text.BACKLIGHT_Sound
                0x0800352c       0x2c /tmp/cc3nMLHN.ltrans0.ltrans.o
 .text.ST7565_WriteByte
                0x08003558       0x10 /tmp/cc3nMLHN.ltrans0.ltrans.o
 .text.ST7565_Cmd
                0x08003568       0x34 /tmp/cc3nMLHN.ltrans0.ltrans.o
 .text.ACTION_RxA
                0x0800359c       0x40 /tmp/cc3nMLHN.ltrans0.ltrans.o
 .text.ACTION_Wn
                0x080035dc       0x58 /tmp/cc3nMLHN.ltrans0.ltrans.o
 .text.APP_SetFreqByStepAndLimits
                0x08003634       0x2a /tmp/cc3nMLHN.ltrans0.ltrans.o
 *fill*         0x0800365e        0x2 
 .text.ScanRangeNextFrequency
                0x08003660       0x7c /tmp/cc3nMLHN.ltrans0.ltrans.o
 .text.APP_EndTransmission
                0x080036dc       0x28 /tmp/cc3nMLHN.ltrans0.ltrans.o
 .text.APP_HandleEndTransmission
                0x08003704       0x3c /tmp/cc3nMLHN.ltrans0.ltrans.o
 .text.RXTX_LOG_K5ViewerSend.lto_priv.0
                0x08003740       0x50 /tmp/cc3nMLHN.ltrans0.ltrans.o
                0x08003740                SCREENSHOT_Send.lto_priv.0
                0x08003740                RXTX_LOG_K5ViewerSend.lto_priv.0
 .text.channelMoveSwitch
                0x08003790       0xc0 /tmp/cc3nMLHN.ltrans0.ltrans.o
 .text.CHFRSCANNER_Stop
                0x08003850       0xc4 /tmp/cc3nMLHN.ltrans0.ltrans.o
 .text.COMMON_SwitchVFOMode
                0x08003914       0x80 /tmp/cc3nMLHN.ltrans0.ltrans.o
 .text.NMI_Handler
                0x08003994        0x2 /tmp/cc3nMLHN.ltrans0.ltrans.o
                0x08003994                NMI_Handler
 .text.HardFault_Handler
                0x08003996        0x2 /tmp/cc3nMLHN.ltrans0.ltrans.o
                0x08003996                HardFault_Handler
 .text.SVC_Handler
                0x08003998        0x2 /tmp/cc3nMLHN.ltrans0.ltrans.o
                0x08003998                SVC_Handler
 .text.PendSV_Handler
                0x0800399a        0x2 /tmp/cc3nMLHN.ltrans0.ltrans.o
                0x0800399a                PendSV_Handler
 .text.SystemInit
                0x0800399c       0x10 /tmp/cc3nMLHN.ltrans0.ltrans.o
                0x0800399c                SystemInit
 .text.BACKLIGHT_SetBrightness
                0x080039ac       0x54 /tmp/cc3nMLHN.ltrans0.ltrans.o
                0x080039ac                BACKLIGHT_SetBrightness
 .text.BACKLIGHT_TurnOff
                0x08003a00       0x28 /tmp/cc3nMLHN.ltrans0.ltrans.o
                0x08003a00                BACKLIGHT_TurnOff
 .text.BK4819_ReadRegister
                0x08003a28      0x214 /tmp/cc3nMLHN.ltrans0.ltrans.o
                0x08003a28                BK4819_ReadRegister
 .text.BK4819_GetCxCSSScanResult
                0x08003c3c       0x58 /tmp/cc3nMLHN.ltrans0.ltrans.o
 .text.HandleReceive
                0x08003c94      0x208 /tmp/cc3nMLHN.ltrans0.ltrans.o
 .text.BK4819_WriteRegister
                0x08003e9c      0x2a8 /tmp/cc3nMLHN.ltrans0.ltrans.o
                0x08003e9c                BK4819_WriteRegister
 .text.BK4819_PlayDTMF
                0x08004144       0x7c /tmp/cc3nMLHN.ltrans0.ltrans.o
 .text.APP_HandleMDC1200Receive
                0x080041c0      0x3b8 /tmp/cc3nMLHN.ltrans0.ltrans.o
 .text.BK4819_ToggleGpioOut
                0x08004578       0x2c /tmp/cc3nMLHN.ltrans0.ltrans.o
                0x08004578                BK4819_ToggleGpioOut
 .text.BK4819_SetCDCSSCodeWord
                0x080045a4       0x38 /tmp/cc3nMLHN.ltrans0.ltrans.o
                0x080045a4                BK4819_SetCDCSSCodeWord
 .text.BK4819_SetCTCSSFrequency
                0x080045dc       0x48 /tmp/cc3nMLHN.ltrans0.ltrans.o
                0x080045dc                BK4819_SetCTCSSFrequency
 .text.BK4819_EnableVox
                0x08004624       0x48 /tmp/cc3nMLHN.ltrans0.ltrans.o
                0x08004624                BK4819_EnableVox
 .text.BK4819_SetFrequency
                0x0800466c       0x16 /tmp/cc3nMLHN.ltrans0.ltrans.o
                0x0800466c                BK4819_SetFrequency
 *fill*         0x08004682        0x2 
 .text.BK4819_SetAF
                0x08004684       0x14 /tmp/cc3nMLHN.ltrans0.ltrans.o
                0x08004684                BK4819_SetAF
 .text.BK4819_RX_TurnOn
                0x08004698       0x24 /tmp/cc3nMLHN.ltrans0.ltrans.o
                0x08004698                BK4819_RX_TurnOn
 .text.BK4819_DisableScramble
                0x080046bc       0x1e /tmp/cc3nMLHN.ltrans0.ltrans.o
                0x080046bc                BK4819_DisableScramble
 *fill*         0x080046da        0x2 
 .text.BK4819_SetCompander
                0x080046dc       0x54 /tmp/cc3nMLHN.ltrans0.ltrans.o
                0x080046dc                BK4819_SetCompander
 .text.BK4819_DisableVox
                0x08004730       0x16 /tmp/cc3nMLHN.ltrans0.ltrans.o
                0x08004730                BK4819_DisableVox
 .text.BK4819_DisableDTMF
                0x08004746        0xc /tmp/cc3nMLHN.ltrans0.ltrans.o
                0x08004746                BK4819_DisableDTMF
 *fill*         0x08004752        0x2 
 .text.BK4819_EnableDTMF
                0x08004754       0x1c /tmp/cc3nMLHN.ltrans0.ltrans.o
                0x08004754                BK4819_EnableDTMF
 .text.BK4819_EnterTxMute
                0x08004770       0x10 /tmp/cc3nMLHN.ltrans0.ltrans.o
                0x08004770                BK4819_EnterTxMute
 .text.BK4819_ExitTxMute
                0x08004780       0x10 /tmp/cc3nMLHN.ltrans0.ltrans.o
                0x08004780                BK4819_ExitTxMute
 .text.BK4819_Sleep
                0x08004790       0x16 /tmp/cc3nMLHN.ltrans0.ltrans.o
                0x08004790                BK4819_Sleep
 *fill*         0x080047a6        0x2 
 .text.BK4819_TurnsOffTones_TurnsOnRX
                0x080047a8       0x2c /tmp/cc3nMLHN.ltrans0.ltrans.o
                0x080047a8                BK4819_TurnsOffTones_TurnsOnRX
 .text.BK4819_SetupAircopy
                0x080047d4       0x44 /tmp/cc3nMLHN.ltrans0.ltrans.o
                0x080047d4                BK4819_SetupAircopy
 .text.BK4819_Idle
                0x08004818        0xc /tmp/cc3nMLHN.ltrans0.ltrans.o
                0x08004818                BK4819_Idle
                0x08004818                BK4819_Disable
 .text.BK4819_Conditional_RX_TurnOn_and_GPIO6_Enable
                0x08004824       0x1c /tmp/cc3nMLHN.ltrans0.ltrans.o
                0x08004824                BK4819_Conditional_RX_TurnOn_and_GPIO6_Enable
 .text.BK4819_ExitDTMF_TX
                0x08004840       0x30 /tmp/cc3nMLHN.ltrans0.ltrans.o
                0x08004840                BK4819_ExitDTMF_TX
 .text.BK4819_EnableTXLink
                0x08004870       0x10 /tmp/cc3nMLHN.ltrans0.ltrans.o
                0x08004870                BK4819_EnableTXLink
 .text.BK4819_EnterDTMF_TX
                0x08004880       0x2c /tmp/cc3nMLHN.ltrans0.ltrans.o
                0x08004880                BK4819_EnterDTMF_TX
 .text.BK4819_GetRSSI
                0x080048ac        0xe /tmp/cc3nMLHN.ltrans0.ltrans.o
                0x080048ac                BK4819_GetRSSI
 *fill*         0x080048ba        0x2 
 .text.BK4819_SetRxAudioGain
                0x080048bc       0x24 /tmp/cc3nMLHN.ltrans0.ltrans.o
                0x080048bc                BK4819_SetRxAudioGain
 .text.ACTION_Mute
                0x080048e0       0x4c /tmp/cc3nMLHN.ltrans0.ltrans.o
 .text.BK4819_SetScanFrequency
                0x0800492c       0x16 /tmp/cc3nMLHN.ltrans0.ltrans.o
                0x0800492c                BK4819_SetScanFrequency
 .text.BK4819_PickRXFilterPathBasedOnFrequency.part.0
                0x08004942       0x14 /tmp/cc3nMLHN.ltrans0.ltrans.o
                0x08004942                BK4819_PickRXFilterPathBasedOnFrequency.part.0
 *fill*         0x08004956        0x2 
 .text.BK4819_PickRXFilterPathBasedOnFrequency
                0x08004958       0x34 /tmp/cc3nMLHN.ltrans0.ltrans.o
                0x08004958                BK4819_PickRXFilterPathBasedOnFrequency
 .text.ACTION_FM
                0x0800498c       0xac /tmp/cc3nMLHN.ltrans0.ltrans.o
                0x0800498c                ACTION_FM
 .text.ScanFastTune
                0x08004a38       0x4c /tmp/cc3nMLHN.ltrans0.ltrans.o
 .text.PY25Q16_ReadBuffer
                0x08004a84       0xf8 /tmp/cc3nMLHN.ltrans0.ltrans.o
                0x08004a84                PY25Q16_ReadBuffer
 .text.KEYBOARD_ProcessProtocolByte
                0x08004b7c       0x84 /tmp/cc3nMLHN.ltrans0.ltrans.o
                0x08004b7c                KEYBOARD_ProcessProtocolByte
 .text.HideFKeyIcon
                0x08004c00       0x18 /tmp/cc3nMLHN.ltrans0.ltrans.o
                0x08004c00                HideFKeyIcon
 .text.DrawLine.lto_priv.0
                0x08004c18       0x40 /tmp/cc3nMLHN.ltrans0.ltrans.o
                0x08004c18                DrawLine.lto_priv.0
 .text.ST7565_BlitScreen
                0x08004c58       0x5c /tmp/cc3nMLHN.ltrans0.ltrans.o
 .text.ST7565_BlitFullScreen
                0x08004cb4        0xa /tmp/cc3nMLHN.ltrans0.ltrans.o
                0x08004cb4                ST7565_BlitFullScreen
 .text.ST7565_BlitLine
                0x08004cbe       0x12 /tmp/cc3nMLHN.ltrans0.ltrans.o
                0x08004cbe                ST7565_BlitLine
 .text.ST7565_BlitStatusLine
                0x08004cd0        0xa /tmp/cc3nMLHN.ltrans0.ltrans.o
                0x08004cd0                ST7565_BlitStatusLine
 *fill*         0x08004cda        0x2 
 .text.ScreenSaverRenderMatrix
                0x08004cdc       0xb4 /tmp/cc3nMLHN.ltrans0.ltrans.o
 .text.ScreenSaverTryDisplay
                0x08004d90       0xcc /tmp/cc3nMLHN.ltrans0.ltrans.o
 .text.ST7565_ContrastAndInv
                0x08004e5c       0x28 /tmp/cc3nMLHN.ltrans0.ltrans.o
                0x08004e5c                ST7565_ContrastAndInv
 .text.ST7565_FixInterfGlitch
                0x08004e84       0x24 /tmp/cc3nMLHN.ltrans0.ltrans.o
                0x08004e84                ST7565_FixInterfGlitch
 .text.SYSTICK_DelayUs
                0x08004ea8       0x38 /tmp/cc3nMLHN.ltrans0.ltrans.o
                0x08004ea8                SYSTICK_DelayUs
 .text.BACKLIGHT_Update
                0x08004ee0       0xec /tmp/cc3nMLHN.ltrans0.ltrans.o
                0x08004ee0                BACKLIGHT_Update
 .text.BACKLIGHT_TurnOn
                0x08004fcc       0xa0 /tmp/cc3nMLHN.ltrans0.ltrans.o
                0x08004fcc                BACKLIGHT_TurnOn
 .text.ACTION_BackLight
                0x0800506c       0x28 /tmp/cc3nMLHN.ltrans0.ltrans.o
                0x0800506c                ACTION_BackLight
 .text.BK4819_PlayToneRaw
                0x08005094       0x30 /tmp/cc3nMLHN.ltrans0.ltrans.o
                0x08005094                BK4819_PlayToneRaw
 .text.BK4819_PlaySingleTone
                0x080050c4       0x78 /tmp/cc3nMLHN.ltrans0.ltrans.o
                0x080050c4                BK4819_PlaySingleTone
 .text.BK4819_ResetFSK
                0x0800513c       0x24 /tmp/cc3nMLHN.ltrans0.ltrans.o
                0x0800513c                BK4819_ResetFSK
 .text.BK4819_PrepareFSKReceive
                0x08005160       0x40 /tmp/cc3nMLHN.ltrans0.ltrans.o
                0x08005160                BK4819_PrepareFSKReceive
 .text.BK4819_TransmitTone
                0x080051a0       0x4c /tmp/cc3nMLHN.ltrans0.ltrans.o
                0x080051a0                BK4819_TransmitTone
 .text.BK4819_PlayDTMFString.part.0
                0x080051ec       0x5e /tmp/cc3nMLHN.ltrans0.ltrans.o
                0x080051ec                BK4819_PlayDTMFString.part.0
 *fill*         0x0800524a        0x2 
 .text.WaitWIP  0x0800524c       0x30 /tmp/cc3nMLHN.ltrans0.ltrans.o
 .text.SectorErase
                0x0800527c       0x2e /tmp/cc3nMLHN.ltrans0.ltrans.o
 *fill*         0x080052aa        0x2 
 .text.PY25Q16_SectorErase
                0x080052ac       0x28 /tmp/cc3nMLHN.ltrans0.ltrans.o
                0x080052ac                PY25Q16_SectorErase
 .text.SectorProgram
                0x080052d4      0x12c /tmp/cc3nMLHN.ltrans0.ltrans.o
 .text.PY25Q16_WriteBuffer
                0x08005400       0xec /tmp/cc3nMLHN.ltrans0.ltrans.o
                0x08005400                PY25Q16_WriteBuffer
 .text.DMA1_Channel4_5_6_7_IRQHandler
                0x080054ec       0x88 /tmp/cc3nMLHN.ltrans0.ltrans.o
                0x080054ec                DMA1_Channel4_5_6_7_IRQHandler
 .text.I2C_Start
                0x08005574       0x30 /tmp/cc3nMLHN.ltrans0.ltrans.o
                0x08005574                I2C_Start
 .text.I2C_Stop
                0x080055a4       0x30 /tmp/cc3nMLHN.ltrans0.ltrans.o
                0x080055a4                I2C_Stop
 .text.I2C_Read
                0x080055d4       0x98 /tmp/cc3nMLHN.ltrans0.ltrans.o
                0x080055d4                I2C_Read
 .text.I2C_Write
                0x0800566c       0xa8 /tmp/cc3nMLHN.ltrans0.ltrans.o
                0x0800566c                I2C_Write
 .text.KEYBOARD_Poll
                0x08005714       0x80 /tmp/cc3nMLHN.ltrans0.ltrans.o
                0x08005714                KEYBOARD_Poll
 .text.ScanFastReadRssi
                0x08005794       0x28 /tmp/cc3nMLHN.ltrans0.ltrans.o
 .text.ScanFastReadCandidateRssi
                0x080057bc       0x8c /tmp/cc3nMLHN.ltrans0.ltrans.o
 .text.NextFreqChannel
                0x08005848      0x1b0 /tmp/cc3nMLHN.ltrans0.ltrans.o
 .text.NextMemChannel
                0x080059f8      0x3f8 /tmp/cc3nMLHN.ltrans0.ltrans.o
 .text.CHFRSCANNER_Start
                0x08005df0      0x118 /tmp/cc3nMLHN.ltrans0.ltrans.o
 .text.CHFRSCANNER_ManualResume
                0x08005f08       0x34 /tmp/cc3nMLHN.ltrans0.ltrans.o
 .text._sbrk_r  0x08005f3c       0x38 /tmp/cc3nMLHN.ltrans0.ltrans.o
                0x08005f3c                _sbrk_r
 .text.ACTION_Handle
                0x08005f74       0xe4 /tmp/cc3nMLHN.ltrans0.ltrans.o
                0x08005f74                ACTION_Handle
 .text.ACTION_BackLightOnDemand
                0x08006058       0x4c /tmp/cc3nMLHN.ltrans0.ltrans.o
                0x08006058                ACTION_BackLightOnDemand
 .text.__NVIC_SystemReset.lto_priv.0.lto_priv.0
                0x080060a4       0x1c /tmp/cc3nMLHN.ltrans0.ltrans.o
                0x080060a4                __NVIC_SystemReset.lto_priv.1.lto_priv.0
                0x080060a4                __NVIC_SystemReset.lto_priv.0.lto_priv.0
                0x080060a4                __NVIC_SystemReset.lto_priv.2.lto_priv.0
 .text.APP_StartListening
                0x080060c0      0x184 /tmp/cc3nMLHN.ltrans0.ltrans.o
                0x080060c0                APP_StartListening
 .text.ACTION_Monitor
                0x08006244       0x84 /tmp/cc3nMLHN.ltrans0.ltrans.o
 .text.HandleIncoming
                0x080062c8       0xa8 /tmp/cc3nMLHN.ltrans0.ltrans.o
 .text.CHFRSCANNER_ContinueScanning
                0x08006370       0x94 /tmp/cc3nMLHN.ltrans0.ltrans.o
 .text.processFKeyFunction
                0x08006404      0x510 /tmp/cc3nMLHN.ltrans0.ltrans.o
 .text.DTMF_clear_input_box_memory
                0x08006914       0x14 /tmp/cc3nMLHN.ltrans0.ltrans.o
                0x08006914                DTMF_clear_input_box_memory
 .text.ACTION_Scan
                0x08006928      0x150 /tmp/cc3nMLHN.ltrans0.ltrans.o
                0x08006928                ACTION_Scan
 .text.ACTION_ScanRestart
                0x08006a78        0xa /tmp/cc3nMLHN.ltrans0.ltrans.o
 *fill*         0x08006a82        0x2 
 .text.DTMF_clear_input_box
                0x08006a84       0x24 /tmp/cc3nMLHN.ltrans0.ltrans.o
                0x08006a84                DTMF_clear_input_box
 .text.cancelUserInputModes
                0x08006aa8       0x64 /tmp/cc3nMLHN.ltrans0.ltrans.o
 .text.GENERIC_Key_F
                0x08006b0c       0x9c /tmp/cc3nMLHN.ltrans0.ltrans.o
                0x08006b0c                GENERIC_Key_F
 .text.GENERIC_Key_PTT
                0x08006ba8      0x154 /tmp/cc3nMLHN.ltrans0.ltrans.o
                0x08006ba8                GENERIC_Key_PTT
 .text.ProcessKey
                0x08006cfc      0x9b8 /tmp/cc3nMLHN.ltrans0.ltrans.o
 .text.StopTransmitting
                0x080076b4       0x34 /tmp/cc3nMLHN.ltrans0.ltrans.o
 .text.APP_TimeSlice10ms.part.0
                0x080076e8     0x190c /tmp/cc3nMLHN.ltrans0.ltrans.o
 .text.startup.main
                0x08008ff4     0x1dbc /tmp/cc3nMLHN.ltrans0.ltrans.o
                0x08008ff4                main
 .text.MAIN_ProcessKeys
                0x0800adb0      0xcc0 /tmp/cc3nMLHN.ltrans0.ltrans.o
 .text.MENU_GetLimits
                0x0800ba70      0x118 /tmp/cc3nMLHN.ltrans1.ltrans.o
 .text.DCS_GetGolayCodeWord
                0x0800bb88       0x4c /tmp/cc3nMLHN.ltrans1.ltrans.o
 .text.FUNCTION_NOP
                0x0800bbd4        0x2 /tmp/cc3nMLHN.ltrans1.ltrans.o
                0x0800bbd4                FUNCTION_NOP
 *fill*         0x0800bbd6        0x2 
 .text.MR_FindInCache
                0x0800bbd8       0x1c /tmp/cc3nMLHN.ltrans1.ltrans.o
 .text.MR_FindOldestCacheEntry
                0x0800bbf4       0x24 /tmp/cc3nMLHN.ltrans1.ltrans.o
 .text.RADIO_SelectCurrentVfo
                0x0800bc18       0x34 /tmp/cc3nMLHN.ltrans1.ltrans.o
 .text.ScanProgress_ResetSession
                0x0800bc4c       0x34 /tmp/cc3nMLHN.ltrans1.ltrans.o
 .text.DrawLevelBar
                0x0800bc80       0x88 /tmp/cc3nMLHN.ltrans1.ltrans.o
 .text.MENU_IsEditingName
                0x0800bd08       0x34 /tmp/cc3nMLHN.ltrans1.ltrans.o
 .text.UI_FormatFrequency
                0x0800bd3c       0x2c /tmp/cc3nMLHN.ltrans1.ltrans.o
 .text.SCANNER_StartCssScanAtFrequency.lto_priv.0
                0x0800bd68       0x6c /tmp/cc3nMLHN.ltrans1.ltrans.o
                0x0800bd68                SCANNER_StartCssScanAtFrequency.lto_priv.0
 .text.SCANNER_IsScanning
                0x0800bdd4       0x20 /tmp/cc3nMLHN.ltrans1.ltrans.o
                0x0800bdd4                SCANNER_IsScanning
 .text.AUDIO_PlayBeep
                0x0800bdf4      0x16c /tmp/cc3nMLHN.ltrans1.ltrans.o
                0x0800bdf4                AUDIO_PlayBeep
 .text.DCS_GetCdcssCode
                0x0800bf60       0x5c /tmp/cc3nMLHN.ltrans1.ltrans.o
                0x0800bf60                DCS_GetCdcssCode
 .text.DCS_GetCtcssCode
                0x0800bfbc       0x2c /tmp/cc3nMLHN.ltrans1.ltrans.o
                0x0800bfbc                DCS_GetCtcssCode
 .text.FREQUENCY_GetBand
                0x0800bfe8       0x1c /tmp/cc3nMLHN.ltrans1.ltrans.o
                0x0800bfe8                FREQUENCY_GetBand
 .text.FREQUENCY_RoundToStep
                0x0800c004       0x64 /tmp/cc3nMLHN.ltrans1.ltrans.o
                0x0800c004                FREQUENCY_RoundToStep
 .text.TX_freq_check
                0x0800c068      0x1a4 /tmp/cc3nMLHN.ltrans1.ltrans.o
                0x0800c068                TX_freq_check
 .text.FUNCTION_IsRx
                0x0800c20c       0x18 /tmp/cc3nMLHN.ltrans1.ltrans.o
                0x0800c20c                FUNCTION_IsRx
 .text.FUNCTION_Init
                0x0800c224       0x90 /tmp/cc3nMLHN.ltrans1.ltrans.o
                0x0800c224                FUNCTION_Init
 .text.mdc1200_crc_table_init.lto_priv.0
                0x0800c2b4       0x44 /tmp/cc3nMLHN.ltrans1.ltrans.o
                0x0800c2b4                mdc1200_crc_table_init.lto_priv.0
 .text.mdc1200_encode_str
                0x0800c2f8       0xfa /tmp/cc3nMLHN.ltrans1.ltrans.o
 *fill*         0x0800c3f2        0x2 
 .text.MDC_TriggerDisplay.lto_priv.0
                0x0800c3f4       0x3c /tmp/cc3nMLHN.ltrans1.ltrans.o
                0x0800c3f4                MDC_TriggerDisplay.lto_priv.0
 .text.MDC_Handle_Status
                0x0800c430       0x18 /tmp/cc3nMLHN.ltrans1.ltrans.o
                0x0800c430                MDC_Handle_Status
 .text.MDC_Handle_Request
                0x0800c448        0x8 /tmp/cc3nMLHN.ltrans1.ltrans.o
                0x0800c448                MDC_Handle_Request
 .text.MDC_Handle_Command
                0x0800c450        0x8 /tmp/cc3nMLHN.ltrans1.ltrans.o
                0x0800c450                MDC_Handle_Command
 .text.MDC_Handle_Acknowledge
                0x0800c458       0x18 /tmp/cc3nMLHN.ltrans1.ltrans.o
                0x0800c458                MDC_Handle_Acknowledge
 .text.MDC_Handle_Emergency
                0x0800c470       0x12 /tmp/cc3nMLHN.ltrans1.ltrans.o
                0x0800c470                MDC_Handle_Emergency
 .text.MDC_Handle_Emergency_WithOp
                0x0800c482        0x8 /tmp/cc3nMLHN.ltrans1.ltrans.o
                0x0800c482                MDC_Handle_Emergency_WithOp
 .text.MDC_Handle_Emergency_WithAck
                0x0800c48a        0x8 /tmp/cc3nMLHN.ltrans1.ltrans.o
                0x0800c48a                MDC_Handle_Emergency_WithAck
 *fill*         0x0800c492        0x2 
 .text.BATTERY_VoltsToPercent
                0x0800c494       0x80 /tmp/cc3nMLHN.ltrans1.ltrans.o
                0x0800c494                BATTERY_VoltsToPercent
 .text.StrToUL  0x0800c514       0x2a /tmp/cc3nMLHN.ltrans1.ltrans.o
                0x0800c514                StrToUL
 *fill*         0x0800c53e        0x2 
 .text.MR_SaveChannelAttributesToFlash
                0x0800c540       0x20 /tmp/cc3nMLHN.ltrans1.ltrans.o
                0x0800c540                MR_SaveChannelAttributesToFlash
 .text.MR_GetChannelAttributes
                0x0800c560       0x74 /tmp/cc3nMLHN.ltrans1.ltrans.o
                0x0800c560                MR_GetChannelAttributes
 .text.MR_SetChannelAttributes
                0x0800c5d4       0x9c /tmp/cc3nMLHN.ltrans1.ltrans.o
                0x0800c5d4                MR_SetChannelAttributes
 .text.RADIO_CheckValidList
                0x0800c670       0x30 /tmp/cc3nMLHN.ltrans1.ltrans.o
                0x0800c670                RADIO_CheckValidList
 .text.RADIO_NextValidList
                0x0800c6a0       0x5c /tmp/cc3nMLHN.ltrans1.ltrans.o
                0x0800c6a0                RADIO_NextValidList
 .text.RADIO_CheckValidChannel
                0x0800c6fc       0x74 /tmp/cc3nMLHN.ltrans1.ltrans.o
                0x0800c6fc                RADIO_CheckValidChannel
 .text.RADIO_FindNextChannel
                0x0800c770       0x48 /tmp/cc3nMLHN.ltrans1.ltrans.o
                0x0800c770                RADIO_FindNextChannel
 .text.MENU_ShowCurrentSetting
                0x0800c7b8      0x48c /tmp/cc3nMLHN.ltrans1.ltrans.o
                0x0800c7b8                MENU_ShowCurrentSetting
 .text.RADIO_ValidateAndSetCode
                0x0800cc44       0x20 /tmp/cc3nMLHN.ltrans1.ltrans.o
                0x0800cc44                RADIO_ValidateAndSetCode
 .text.RADIO_ConfigureSquelchAndOutputPower
                0x0800cc64      0x1d8 /tmp/cc3nMLHN.ltrans1.ltrans.o
                0x0800cc64                RADIO_ConfigureSquelchAndOutputPower
 .text.RADIO_InitInfo
                0x0800ce3c       0x58 /tmp/cc3nMLHN.ltrans1.ltrans.o
                0x0800ce3c                RADIO_InitInfo
 .text.RADIO_ApplyOffset
                0x0800ce94       0x1c /tmp/cc3nMLHN.ltrans1.ltrans.o
                0x0800ce94                RADIO_ApplyOffset
 .text.RADIO_SelectVfos
                0x0800ceb0       0x54 /tmp/cc3nMLHN.ltrans1.ltrans.o
                0x0800ceb0                RADIO_SelectVfos
 .text.RADIO_SetTxParameters
                0x0800cf04      0x170 /tmp/cc3nMLHN.ltrans1.ltrans.o
                0x0800cf04                RADIO_SetTxParameters
 .text.FUNCTION_Select
                0x0800d074      0x2bc /tmp/cc3nMLHN.ltrans1.ltrans.o
                0x0800d074                FUNCTION_Select
 .text.RADIO_SetupAGC
                0x0800d330       0x90 /tmp/cc3nMLHN.ltrans1.ltrans.o
                0x0800d330                RADIO_SetupAGC
 .text.RADIO_SetModulation
                0x0800d3c0      0x158 /tmp/cc3nMLHN.ltrans1.ltrans.o
                0x0800d3c0                RADIO_SetModulation
 .text.RADIO_SetupRegisters
                0x0800d518      0x314 /tmp/cc3nMLHN.ltrans1.ltrans.o
                0x0800d518                RADIO_SetupRegisters
 .text.RADIO_SetVfoState
                0x0800d82c       0x4c /tmp/cc3nMLHN.ltrans1.ltrans.o
                0x0800d82c                RADIO_SetVfoState
 .text.RADIO_PrepareTX
                0x0800d878      0x140 /tmp/cc3nMLHN.ltrans1.ltrans.o
                0x0800d878                RADIO_PrepareTX
 .text.RADIO_SendEndOfTransmission
                0x0800d9b8      0x264 /tmp/cc3nMLHN.ltrans1.ltrans.o
                0x0800d9b8                RADIO_SendEndOfTransmission
 .text.SysTick_Handler
                0x0800dc1c      0x2a0 /tmp/cc3nMLHN.ltrans1.ltrans.o
                0x0800dc1c                SysTick_Handler
 .text.SETTINGS_InitEEPROM
                0x0800debc      0x7a4 /tmp/cc3nMLHN.ltrans1.ltrans.o
                0x0800debc                SETTINGS_InitEEPROM
 .text.SETTINGS_LoadCalibration
                0x0800e660      0x148 /tmp/cc3nMLHN.ltrans1.ltrans.o
                0x0800e660                SETTINGS_LoadCalibration
 .text.SETTINGS_FetchChannelName
                0x0800e7a8       0x4a /tmp/cc3nMLHN.ltrans1.ltrans.o
                0x0800e7a8                SETTINGS_FetchChannelName
 *fill*         0x0800e7f2        0x2 
 .text.RADIO_ConfigureChannel
                0x0800e7f4      0x3a4 /tmp/cc3nMLHN.ltrans1.ltrans.o
                0x0800e7f4                RADIO_ConfigureChannel
 .text.SETTINGS_SaveFM
                0x0800eb98       0x5c /tmp/cc3nMLHN.ltrans1.ltrans.o
                0x0800eb98                SETTINGS_SaveFM
 .text.SETTINGS_SaveVfoIndices
                0x0800ebf4       0x18 /tmp/cc3nMLHN.ltrans1.ltrans.o
                0x0800ebf4                SETTINGS_SaveVfoIndices
 .text.VFO_RestoreBackup.part.0.lto_priv.0
                0x0800ec0c       0x54 /tmp/cc3nMLHN.ltrans1.ltrans.o
                0x0800ec0c                VFO_RestoreBackup.part.0.lto_priv.0
 .text.SETTINGS_SaveVfoIndicesFlush
                0x0800ec60       0x5c /tmp/cc3nMLHN.ltrans1.ltrans.o
                0x0800ec60                SETTINGS_SaveVfoIndicesFlush
 .text.SETTINGS_SaveSettings
                0x0800ecbc      0x370 /tmp/cc3nMLHN.ltrans1.ltrans.o
                0x0800ecbc                SETTINGS_SaveSettings
 .text.SETTINGS_SaveChannelName
                0x0800f02c       0x40 /tmp/cc3nMLHN.ltrans1.ltrans.o
                0x0800f02c                SETTINGS_SaveChannelName
 .text.SETTINGS_SaveChannel
                0x0800f06c       0xdc /tmp/cc3nMLHN.ltrans1.ltrans.o
                0x0800f06c                SETTINGS_SaveChannel
 .text.MENU_AcceptSetting
                0x0800f148      0x740 /tmp/cc3nMLHN.ltrans1.ltrans.o
                0x0800f148                MENU_AcceptSetting
 .text.SETTINGS_WriteCurrentState
                0x0800f888       0x8c /tmp/cc3nMLHN.ltrans1.ltrans.o
                0x0800f888                SETTINGS_WriteCurrentState
 .text.UI_DrawBattery
                0x0800f914       0x50 /tmp/cc3nMLHN.ltrans1.ltrans.o
                0x0800f914                UI_DrawBattery
 .text.UI_DisplayBattery
                0x0800f964       0x2c /tmp/cc3nMLHN.ltrans1.ltrans.o
                0x0800f964                UI_DisplayBattery
 .text.BATTERY_GetReadings
                0x0800f990      0x14c /tmp/cc3nMLHN.ltrans1.ltrans.o
                0x0800f990                BATTERY_GetReadings
 .text.UI_GenerateChannelStringEx
                0x0800fadc       0x74 /tmp/cc3nMLHN.ltrans1.ltrans.o
                0x0800fadc                UI_GenerateChannelStringEx
 .text.UI_PrintStringBuffer
                0x0800fb50       0x3e /tmp/cc3nMLHN.ltrans1.ltrans.o
                0x0800fb50                UI_PrintStringBuffer
 *fill*         0x0800fb8e        0x2 
 .text.UI_PrintString
                0x0800fb90       0x88 /tmp/cc3nMLHN.ltrans1.ltrans.o
                0x0800fb90                UI_PrintString
 .text.UI_PrintStringSmallNormal
                0x0800fc18       0x40 /tmp/cc3nMLHN.ltrans1.ltrans.o
                0x0800fc18                UI_PrintStringSmallNormal
 .text.UI_PrintStringSmallNormalInverse
                0x0800fc58       0x90 /tmp/cc3nMLHN.ltrans1.ltrans.o
                0x0800fc58                UI_PrintStringSmallNormalInverse
 .text.UI_PrintScanRangeCss
                0x0800fce8       0xa4 /tmp/cc3nMLHN.ltrans1.ltrans.o
 .text.UI_PrintStringSmallBold
                0x0800fd8c       0x40 /tmp/cc3nMLHN.ltrans1.ltrans.o
                0x0800fd8c                UI_PrintStringSmallBold
 .text.UI_DisplayFrequency
                0x0800fdcc       0x9c /tmp/cc3nMLHN.ltrans1.ltrans.o
                0x0800fdcc                UI_DisplayFrequency
 .text.UI_DrawPixelBuffer
                0x0800fe68       0x22 /tmp/cc3nMLHN.ltrans1.ltrans.o
                0x0800fe68                UI_DrawPixelBuffer
 *fill*         0x0800fe8a        0x2 
 .text.GUI_DisplaySmallest
                0x0800fe8c       0x84 /tmp/cc3nMLHN.ltrans1.ltrans.o
                0x0800fe8c                GUI_DisplaySmallest
 .text.UI_DisplayUnlockKeyboard
                0x0800ff10       0x30 /tmp/cc3nMLHN.ltrans1.ltrans.o
                0x0800ff10                UI_DisplayUnlockKeyboard
 .text.UI_DisplayClear
                0x0800ff40       0x14 /tmp/cc3nMLHN.ltrans1.ltrans.o
                0x0800ff40                UI_DisplayClear
 .text.UI_StatusClear
                0x0800ff54       0x14 /tmp/cc3nMLHN.ltrans1.ltrans.o
                0x0800ff54                UI_StatusClear
 .text.INPUTBOX_Append
                0x0800ff68       0x30 /tmp/cc3nMLHN.ltrans1.ltrans.o
                0x0800ff68                INPUTBOX_Append
 .text.INPUTBOX_GetAscii
                0x0800ff98       0x2c /tmp/cc3nMLHN.ltrans1.ltrans.o
                0x0800ff98                INPUTBOX_GetAscii
 .text.UI_MAIN_SetRxLed
                0x0800ffc4       0x44 /tmp/cc3nMLHN.ltrans1.ltrans.o
                0x0800ffc4                UI_MAIN_SetRxLed
 .text.UI_MAIN_NotifyScanProgressDataChanged
                0x08010008       0x14 /tmp/cc3nMLHN.ltrans1.ltrans.o
                0x08010008                UI_MAIN_NotifyScanProgressDataChanged
 .text.DisplayRSSIBar
                0x0801001c      0x234 /tmp/cc3nMLHN.ltrans1.ltrans.o
                0x0801001c                DisplayRSSIBar
 .text.UI_DisplayMain
                0x08010250     0x18a0 /tmp/cc3nMLHN.ltrans1.ltrans.o
                0x08010250                UI_DisplayMain
 .text.SCANNER_Start
                0x08011af0      0x120 /tmp/cc3nMLHN.ltrans1.ltrans.o
                0x08011af0                SCANNER_Start
 .text.SCANNER_Stop
                0x08011c10       0x60 /tmp/cc3nMLHN.ltrans1.ltrans.o
                0x08011c10                SCANNER_Stop
 .text.MENU_ProcessKeys
                0x08011c70      0x850 /tmp/cc3nMLHN.ltrans1.ltrans.o
                0x08011c70                MENU_ProcessKeys
 .text.SCANNER_ProcessKeys
                0x080124c0      0x328 /tmp/cc3nMLHN.ltrans1.ltrans.o
                0x080124c0                SCANNER_ProcessKeys
 .text.UI_GetDaysInMonth
                0x080127e8       0x38 /tmp/cc3nMLHN.ltrans2.ltrans.o
 .text._out_buffer
                0x08012820        0x8 /tmp/cc3nMLHN.ltrans2.ltrans.o
 .text._out_null
                0x08012828        0x2 /tmp/cc3nMLHN.ltrans2.ltrans.o
 .text._ntoa_long
                0x0801282a      0x1c2 /tmp/cc3nMLHN.ltrans2.ltrans.o
 .text.AddrTranslate
                0x080129ec       0x70 /tmp/cc3nMLHN.ltrans2.ltrans.o
 .text.FM_CheckValidChannel
                0x08012a5c       0x3c /tmp/cc3nMLHN.ltrans2.ltrans.o
 .text.FM_FindNextChannel
                0x08012a98       0x34 /tmp/cc3nMLHN.ltrans2.ltrans.o
 .text.FM_WrapFrequency
                0x08012acc       0x30 /tmp/cc3nMLHN.ltrans2.ltrans.o
 .text.ACTION_FlashLight
                0x08012afc       0x30 /tmp/cc3nMLHN.ltrans2.ltrans.o
                0x08012afc                ACTION_FlashLight
 .text.Rssi2DBm
                0x08012b2c       0x1c /tmp/cc3nMLHN.ltrans2.ltrans.o
 .text.SetState
                0x08012b48       0x28 /tmp/cc3nMLHN.ltrans2.ltrans.o
 .text.NormalizeScanFrequency
                0x08012b70       0x50 /tmp/cc3nMLHN.ltrans2.ltrans.o
 .text.IsPeakOverOpenLevel
                0x08012bc0       0x34 /tmp/cc3nMLHN.ltrans2.ltrans.o
 .text.ResetPeak
                0x08012bf4       0x10 /tmp/cc3nMLHN.ltrans2.ltrans.o
 .text.GetScanStep
                0x08012c04       0x14 /tmp/cc3nMLHN.ltrans2.ltrans.o
 .text.GetStepsCount
                0x08012c18       0x38 /tmp/cc3nMLHN.ltrans2.ltrans.o
 .text.GetBW    0x08012c50       0x10 /tmp/cc3nMLHN.ltrans2.ltrans.o
 .text.GetFStart
                0x08012c60       0x24 /tmp/cc3nMLHN.ltrans2.ltrans.o
 .text.GetFEnd  0x08012c84       0x28 /tmp/cc3nMLHN.ltrans2.ltrans.o
 .text.ResetScanStats
                0x08012cac       0x18 /tmp/cc3nMLHN.ltrans2.ltrans.o
 .text.InitScanPosition
                0x08012cc4       0xbc /tmp/cc3nMLHN.ltrans2.ltrans.o
 .text.AutoTriggerLevel
                0x08012d80       0x9c /tmp/cc3nMLHN.ltrans2.ltrans.o
 .text.UpdatePeakInfo
                0x08012e1c       0x3c /tmp/cc3nMLHN.ltrans2.ltrans.o
 .text.dbm2rssi
                0x08012e58       0x1c /tmp/cc3nMLHN.ltrans2.ltrans.o
 .text.ClampRssiTriggerLevel
                0x08012e74       0x28 /tmp/cc3nMLHN.ltrans2.ltrans.o
 .text.UpdateDbMax
                0x08012e9c       0x6c /tmp/cc3nMLHN.ltrans2.ltrans.o
 .text.ResetFreqInput
                0x08012f08       0x1c /tmp/cc3nMLHN.ltrans2.ltrans.o
 .text.CalcCrest
                0x08012f24       0x42 /tmp/cc3nMLHN.ltrans2.ltrans.o
 *fill*         0x08012f66        0x2 
 .text.NextScanStep
                0x08012f68       0x3c /tmp/cc3nMLHN.ltrans2.ltrans.o
 .text.NextScanStepInterlaced
                0x08012fa4       0x58 /tmp/cc3nMLHN.ltrans2.ltrans.o
 .text.dbmToLevel
                0x08012ffc       0x3c /tmp/cc3nMLHN.ltrans2.ltrans.o
 .text.rssiToDbm
                0x08013038       0x3c /tmp/cc3nMLHN.ltrans2.ltrans.o
 .text.HistorySetPixel
                0x08013074       0x2c /tmp/cc3nMLHN.ltrans2.ltrans.o
 .text.SCREENSHOT_Chunk
                0x080130a0       0x68 /tmp/cc3nMLHN.ltrans2.ltrans.o
 .text.RXTX_LOG_CancelClearConfirm
                0x08013108       0x1c /tmp/cc3nMLHN.ltrans2.ltrans.o
 .text.RXTX_LOG_ViewCacheCovers
                0x08013124       0x38 /tmp/cc3nMLHN.ltrans2.ltrans.o
 .text.usbd_class_event_notify_handler
                0x0801315c       0x24 /tmp/cc3nMLHN.ltrans2.ltrans.o
 .text.pyusb_write_packet
                0x08013180       0x20 /tmp/cc3nMLHN.ltrans2.ltrans.o
 .text.cdc_notify_handler.lto_priv.0
                0x080131a0        0x2 /tmp/cc3nMLHN.ltrans2.ltrans.o
                0x080131a0                cdc_notify_handler.lto_priv.0
 *fill*         0x080131a2        0x2 
 .text.UI_DrawLineBuffer.constprop.0
                0x080131a4       0x84 /tmp/cc3nMLHN.ltrans2.ltrans.o
 .text.Rssi2PX.constprop.0
                0x08013228       0x68 /tmp/cc3nMLHN.ltrans2.ltrans.o
 .text.RXTX_LOG_Crc8.constprop.0
                0x08013290       0x30 /tmp/cc3nMLHN.ltrans2.ltrans.o
 .text._vsnprintf.constprop.0
                0x080132c0      0x450 /tmp/cc3nMLHN.ltrans2.ltrans.o
 .text.usbd_ep_start_read.isra.0
                0x08013710       0x80 /tmp/cc3nMLHN.ltrans2.ltrans.o
 .text.usbd_ep_set_stall.isra.0
                0x08013790       0x48 /tmp/cc3nMLHN.ltrans2.ltrans.o
 .text.usbd_ep_open.isra.0
                0x080137d8      0x120 /tmp/cc3nMLHN.ltrans2.ltrans.o
 .text.usbd_set_endpoint
                0x080138f8       0x22 /tmp/cc3nMLHN.ltrans2.ltrans.o
 *fill*         0x0801391a        0x2 
 .text.usbd_setup_request_handler.constprop.0
                0x0801391c      0x354 /tmp/cc3nMLHN.ltrans2.ltrans.o
 .text.RXTX_LOG_ShowEmpty
                0x08013c70       0x20 /tmp/cc3nMLHN.ltrans2.ltrans.o
 .text.usbd_cdc_acm_bulk_out
                0x08013c90       0x60 /tmp/cc3nMLHN.ltrans2.ltrans.o
                0x08013c90                usbd_cdc_acm_bulk_out
 .text.cdc_acm_class_interface_request_handler.lto_priv.0
                0x08013cf0       0x58 /tmp/cc3nMLHN.ltrans2.ltrans.o
                0x08013cf0                cdc_acm_class_interface_request_handler.lto_priv.0
 .text.ResetBlacklist
                0x08013d48       0x3c /tmp/cc3nMLHN.ltrans2.ltrans.o
 .text.FinalizeCompletedSweep
                0x08013d84       0x88 /tmp/cc3nMLHN.ltrans2.ltrans.o
 .text.WATERFALL_Init
                0x08013e0c       0x48 /tmp/cc3nMLHN.ltrans2.ltrans.o
 .text.RXTX_LOG_SetK5ViewerChannelName
                0x08013e54       0x38 /tmp/cc3nMLHN.ltrans2.ltrans.o
 .text.SaveSettings
                0x08013e8c       0x7c /tmp/cc3nMLHN.ltrans2.ltrans.o
 .text.GetRegMenuValue
                0x08013f08       0x20 /tmp/cc3nMLHN.ltrans2.ltrans.o
 .text.SetF     0x08013f28       0x34 /tmp/cc3nMLHN.ltrans2.ltrans.o
 .text.TuneToPeak
                0x08013f5c       0x20 /tmp/cc3nMLHN.ltrans2.ltrans.o
 .text.ToggleRX
                0x08013f7c      0x144 /tmp/cc3nMLHN.ltrans2.ltrans.o
 .text.RelaunchScan
                0x080140c0       0x60 /tmp/cc3nMLHN.ltrans2.ltrans.o
 .text.RearmRuntimeState
                0x08014120       0x8c /tmp/cc3nMLHN.ltrans2.ltrans.o
 .text.OnKeyDown
                0x080141ac      0x2a8 /tmp/cc3nMLHN.ltrans2.ltrans.o
 .text.Measure  0x08014454       0x8c /tmp/cc3nMLHN.ltrans2.ltrans.o
 .text.CW_DrawWrappedTxText
                0x080144e0       0xcc /tmp/cc3nMLHN.ltrans2.ltrans.o
 .text.UI_MENU_GetCurrentMenuId
                0x080145ac       0x1c /tmp/cc3nMLHN.ltrans2.ltrans.o
                0x080145ac                UI_MENU_GetCurrentMenuId
 .text.UI_MENU_GetMenuIdx
                0x080145c8       0x20 /tmp/cc3nMLHN.ltrans2.ltrans.o
                0x080145c8                UI_MENU_GetMenuIdx
 .text.GUI_DisplayScreen
                0x080145e8       0x1c /tmp/cc3nMLHN.ltrans2.ltrans.o
                0x080145e8                GUI_DisplayScreen
 .text.GUI_SelectNextDisplay
                0x08014604       0x6c /tmp/cc3nMLHN.ltrans2.ltrans.o
                0x08014604                GUI_SelectNextDisplay
 .text.ACTION_Beam
                0x08014670       0x30 /tmp/cc3nMLHN.ltrans2.ltrans.o
                0x08014670                ACTION_Beam
 .text.UI_LoadLogo.lto_priv.0
                0x080146a0       0x2c /tmp/cc3nMLHN.ltrans2.ltrans.o
                0x080146a0                UI_LoadLogo.lto_priv.0
 .text.sprintf_
                0x080146cc       0x1a /tmp/cc3nMLHN.ltrans2.ltrans.o
                0x080146cc                sprintf_
 *fill*         0x080146e6        0x2 
 .text.UI_DisplayScanner
                0x080146e8      0x174 /tmp/cc3nMLHN.ltrans2.ltrans.o
 .text.UI_DisplayFM
                0x0801485c      0x200 /tmp/cc3nMLHN.ltrans2.ltrans.o
 .text.FormatFrequency
                0x08014a5c       0x2c /tmp/cc3nMLHN.ltrans2.ltrans.o
 .text.DrawF    0x08014a88      0x114 /tmp/cc3nMLHN.ltrans2.ltrans.o
 .text.CW_DrawStatusLine
                0x08014b9c       0x78 /tmp/cc3nMLHN.ltrans2.ltrans.o
 .text.snprintf_
                0x08014c14       0x16 /tmp/cc3nMLHN.ltrans2.ltrans.o
                0x08014c14                snprintf_
 *fill*         0x08014c2a        0x2 
 .text.CRC_Calculate
                0x08014c2c       0x3c /tmp/cc3nMLHN.ltrans2.ltrans.o
                0x08014c2c                CRC_Calculate
 .text.EEPROM_ReadBuffer
                0x08014c68       0x52 /tmp/cc3nMLHN.ltrans2.ltrans.o
                0x08014c68                EEPROM_ReadBuffer
 .text.EEPROM_WriteBuffer
                0x08014cba       0x5e /tmp/cc3nMLHN.ltrans2.ltrans.o
                0x08014cba                EEPROM_WriteBuffer
 .text.UART_Send
                0x08014d18       0x34 /tmp/cc3nMLHN.ltrans2.ltrans.o
                0x08014d18                UART_Send
 .text.UART_IsCommandAvailable
                0x08014d4c      0x1ac /tmp/cc3nMLHN.ltrans2.ltrans.o
                0x08014d4c                UART_IsCommandAvailable
 .text.BK1080_ReadRegister
                0x08014ef8       0x42 /tmp/cc3nMLHN.ltrans2.ltrans.o
                0x08014ef8                BK1080_ReadRegister
 .text.BK1080_WriteRegister
                0x08014f3a       0x32 /tmp/cc3nMLHN.ltrans2.ltrans.o
                0x08014f3a                BK1080_WriteRegister
 .text.BK1080_Init0
                0x08014f6c       0x10 /tmp/cc3nMLHN.ltrans2.ltrans.o
                0x08014f6c                BK1080_Init0
 .text.BK1080_SetFrequency
                0x08014f7c       0x48 /tmp/cc3nMLHN.ltrans2.ltrans.o
 .text.FM_SetFrequency
                0x08014fc4       0x18 /tmp/cc3nMLHN.ltrans2.ltrans.o
 .text.FM_ConfigureChannelState
                0x08014fdc       0x3c /tmp/cc3nMLHN.ltrans2.ltrans.o
                0x08014fdc                FM_ConfigureChannelState
 .text.Key_FUNC
                0x08015018       0xb4 /tmp/cc3nMLHN.ltrans2.ltrans.o
 .text.FM_Tune  0x080150cc       0x70 /tmp/cc3nMLHN.ltrans2.ltrans.o
                0x080150cc                FM_Tune
 .text.FM_PlayAndUpdate
                0x0801513c       0x64 /tmp/cc3nMLHN.ltrans2.ltrans.o
                0x0801513c                FM_PlayAndUpdate
 .text.FM_ProcessKeys
                0x080151a0      0x3a4 /tmp/cc3nMLHN.ltrans2.ltrans.o
                0x080151a0                FM_ProcessKeys
 .text.FM_Start
                0x08015544      0x100 /tmp/cc3nMLHN.ltrans2.ltrans.o
                0x08015544                FM_Start
 .text.AIRCOPY_GetCurrentMap
                0x08015644       0x20 /tmp/cc3nMLHN.ltrans2.ltrans.o
                0x08015644                AIRCOPY_GetCurrentMap
 .text.UI_DisplayAircopy
                0x08015664      0x240 /tmp/cc3nMLHN.ltrans2.ltrans.o
 .text.AIRCOPY_Obfuscate
                0x080158a4       0x2c /tmp/cc3nMLHN.ltrans2.ltrans.o
                0x080158a4                AIRCOPY_Obfuscate
 .text.CW_Render
                0x080158d0      0x244 /tmp/cc3nMLHN.ltrans2.ltrans.o
                0x080158d0                CW_Render
 .text.CW_EndDedicatedTx.lto_priv.0
                0x08015b14       0x3c /tmp/cc3nMLHN.ltrans2.ltrans.o
                0x08015b14                CW_EndDedicatedTx.lto_priv.0
 .text.CW_AppendDecodedText.lto_priv.0
                0x08015b50       0x58 /tmp/cc3nMLHN.ltrans2.ltrans.o
                0x08015b50                CW_AppendDecodedText.lto_priv.0
 .text.CW_PushTraceSample.lto_priv.0
                0x08015ba8       0x34 /tmp/cc3nMLHN.ltrans2.ltrans.o
                0x08015ba8                CW_PushTraceSample.lto_priv.0
 .text.CW_DecodeCharacter.lto_priv.0
                0x08015bdc      0x120 /tmp/cc3nMLHN.ltrans2.ltrans.o
                0x08015bdc                CW_DecodeCharacter.lto_priv.0
 .text.CW_Decoder_Reset
                0x08015cfc       0xd8 /tmp/cc3nMLHN.ltrans2.ltrans.o
                0x08015cfc                CW_Decoder_Reset
 .text.CW_UpdateTiming.lto_priv.0
                0x08015dd4       0x5c /tmp/cc3nMLHN.ltrans2.ltrans.o
                0x08015dd4                CW_UpdateTiming.lto_priv.0
 .text.CW_Stop  0x08015e30      0x10c /tmp/cc3nMLHN.ltrans2.ltrans.o
                0x08015e30                CW_Stop
 .text.SCREENSHOT_ParseInput
                0x08015f3c       0xbc /tmp/cc3nMLHN.ltrans2.ltrans.o
                0x08015f3c                SCREENSHOT_ParseInput
 .text.SCREENSHOT_Update
                0x08015ff8      0x1d0 /tmp/cc3nMLHN.ltrans2.ltrans.o
                0x08015ff8                SCREENSHOT_Update
 .text.AIRCOPY_CheckComplete.lto_priv.0
                0x080161c8       0x38 /tmp/cc3nMLHN.ltrans2.ltrans.o
                0x080161c8                AIRCOPY_CheckComplete.lto_priv.0
 .text.AIRCOPY_InitTransfer
                0x08016200       0x4c /tmp/cc3nMLHN.ltrans2.ltrans.o
 .text.AIRCOPY_ProcessKeys
                0x0801624c      0x14c /tmp/cc3nMLHN.ltrans2.ltrans.o
                0x0801624c                AIRCOPY_ProcessKeys
 .text.RXTX_LOG_IsValidFlashEntry.lto_priv.0
                0x08016398       0x4c /tmp/cc3nMLHN.ltrans2.ltrans.o
                0x08016398                RXTX_LOG_IsValidFlashEntry.lto_priv.0
 .text.RXTX_LOG_IsBlankFlashEntry.lto_priv.0
                0x080163e4       0x18 /tmp/cc3nMLHN.ltrans2.ltrans.o
                0x080163e4                RXTX_LOG_IsBlankFlashEntry.lto_priv.0
 .text.RXTX_LOG_UpdateSessionMeters.lto_priv.0
                0x080163fc       0xac /tmp/cc3nMLHN.ltrans2.ltrans.o
                0x080163fc                RXTX_LOG_UpdateSessionMeters.lto_priv.0
 .text.RXTX_LOG_InvalidateViewCache.lto_priv.0
                0x080164a8       0x4c /tmp/cc3nMLHN.ltrans2.ltrans.o
                0x080164a8                RXTX_LOG_InvalidateViewCache.lto_priv.0
 .text.ACTION_RxTxLog
                0x080164f4       0x3c /tmp/cc3nMLHN.ltrans2.ltrans.o
                0x080164f4                ACTION_RxTxLog
 .text.RXTX_LOG_ResetLogCounters.lto_priv.0
                0x08016530       0x38 /tmp/cc3nMLHN.ltrans2.ltrans.o
                0x08016530                RXTX_LOG_ResetLogCounters.lto_priv.0
 .text.RXTX_LOG_WriteEntry.lto_priv.0
                0x08016568       0xd8 /tmp/cc3nMLHN.ltrans2.ltrans.o
                0x08016568                RXTX_LOG_WriteEntry.lto_priv.0
 .text.RXTX_LOG_K5ViewerMix.lto_priv.0
                0x08016640       0x2c /tmp/cc3nMLHN.ltrans2.ltrans.o
                0x08016640                RXTX_LOG_K5ViewerMix.lto_priv.0
 .text.RXTX_LOG_EndActive
                0x0801666c       0xd4 /tmp/cc3nMLHN.ltrans2.ltrans.o
                0x0801666c                RXTX_LOG_EndActive
 .text.RXTX_LOG_CaptureSession.part.0.lto_priv.0
                0x08016740       0xa8 /tmp/cc3nMLHN.ltrans2.ltrans.o
                0x08016740                RXTX_LOG_CaptureSession.part.0.lto_priv.0
 .text.usbd_add_endpoint
                0x080167e8       0x2c /tmp/cc3nMLHN.ltrans2.ltrans.o
                0x080167e8                usbd_add_endpoint
 .text.CW_AppendChar.constprop.0
                0x08016814       0x24 /tmp/cc3nMLHN.ltrans2.ltrans.o
                0x08016814                CW_AppendChar.constprop.0
 .text.LL_AHB1_GRP1_EnableClock.constprop.0
                0x08016838       0x1c /tmp/cc3nMLHN.ltrans2.ltrans.o
                0x08016838                LL_AHB1_GRP1_EnableClock.constprop.0
 .text.SETTINGS_LoadEepromDtmf.constprop.0
                0x08016854       0x6c /tmp/cc3nMLHN.ltrans2.ltrans.o
                0x08016854                SETTINGS_LoadEepromDtmf.constprop.0
 .text.BK4819_SendFSKData.constprop.0
                0x080168c0       0x8c /tmp/cc3nMLHN.ltrans2.ltrans.o
                0x080168c0                BK4819_SendFSKData.constprop.0
 .text.RXTX_LOG_SendK5ViewerPacket.constprop.0
                0x0801694c      0x1cc /tmp/cc3nMLHN.ltrans2.ltrans.o
                0x0801694c                RXTX_LOG_SendK5ViewerPacket.constprop.0
 .text.RXTX_LOG_StartViewCacheScan.constprop.0
                0x08016b18       0xf0 /tmp/cc3nMLHN.ltrans2.ltrans.o
                0x08016b18                RXTX_LOG_StartViewCacheScan.constprop.0
 .text.RXTX_LOG_StartCursorView.lto_priv.0
                0x08016c08       0x10 /tmp/cc3nMLHN.ltrans2.ltrans.o
                0x08016c08                RXTX_LOG_StartCursorView.lto_priv.0
 .text.RXTX_LOG_EnsureViewCache
                0x08016c18       0x68 /tmp/cc3nMLHN.ltrans2.ltrans.o
 .text.RXTX_LOG_ProcessKeys
                0x08016c80      0x214 /tmp/cc3nMLHN.ltrans2.ltrans.o
                0x08016c80                RXTX_LOG_ProcessKeys
 .text.mdc1200_crc16.part.0.constprop.0
                0x08016e94       0x38 /tmp/cc3nMLHN.ltrans2.ltrans.o
                0x08016e94                mdc1200_crc16.part.0.constprop.0
 .text.SETTINGS_UpdateChannel.constprop.0
                0x08016ecc       0xb4 /tmp/cc3nMLHN.ltrans2.ltrans.o
                0x08016ecc                SETTINGS_UpdateChannel.constprop.0
 .text.BOARD_ADC_GetBatteryInfo.constprop.0
                0x08016f80       0x30 /tmp/cc3nMLHN.ltrans2.ltrans.o
                0x08016f80                BOARD_ADC_GetBatteryInfo.constprop.0
 .text.GUI_DisplaySmallestInverse.constprop.0
                0x08016fb0       0x5c /tmp/cc3nMLHN.ltrans2.ltrans.o
                0x08016fb0                GUI_DisplaySmallestInverse.constprop.0
 .text.UI_DisplayRxTxLog
                0x0801700c      0x268 /tmp/cc3nMLHN.ltrans2.ltrans.o
 .text.IsEmptyName.constprop.0
                0x08017274       0x30 /tmp/cc3nMLHN.ltrans2.ltrans.o
                0x08017274                IsEmptyName.constprop.0
 .text.UI_DisplayMenu
                0x080172a4     0x10a0 /tmp/cc3nMLHN.ltrans2.ltrans.o
                0x080172a4                UI_DisplayMenu
 .text.UI_DisplayStatus.part.0
                0x08018344      0x348 /tmp/cc3nMLHN.ltrans2.ltrans.o
                0x08018344                UI_DisplayStatus.part.0
 .text.LL_DMA_ConfigTransfer.constprop.0
                0x0801868c       0x20 /tmp/cc3nMLHN.ltrans2.ltrans.o
                0x0801868c                LL_DMA_ConfigTransfer.constprop.0
 .text.LL_DMA_SetDataLength.constprop.0
                0x080186ac       0x1c /tmp/cc3nMLHN.ltrans2.ltrans.o
                0x080186ac                LL_DMA_SetDataLength.constprop.0
 .text.LL_DMA_DisableChannel.constprop.0
                0x080186c8       0x1c /tmp/cc3nMLHN.ltrans2.ltrans.o
                0x080186c8                LL_DMA_DisableChannel.constprop.0
 .text.LL_DMA_EnableChannel.constprop.0
                0x080186e4       0x1c /tmp/cc3nMLHN.ltrans2.ltrans.o
                0x080186e4                LL_DMA_EnableChannel.constprop.0
 .text.usbd_ep_start_write.isra.0
                0x08018700       0xfc /tmp/cc3nMLHN.ltrans2.ltrans.o
                0x08018700                usbd_ep_start_write.isra.0
 .text.SendReply
                0x080187fc       0xd0 /tmp/cc3nMLHN.ltrans2.ltrans.o
 .text.UART_HandleCommand
                0x080188cc      0x170 /tmp/cc3nMLHN.ltrans2.ltrans.o
                0x080188cc                UART_HandleCommand
 .text.usbd_cdc_acm_bulk_in
                0x08018a3c       0x28 /tmp/cc3nMLHN.ltrans2.ltrans.o
                0x08018a3c                usbd_cdc_acm_bulk_in
 .text.usbd_event_ep_out_complete_handler
                0x08018a64       0x64 /tmp/cc3nMLHN.ltrans2.ltrans.o
 .text.usbd_event_ep_in_complete_handler.part.0
                0x08018ac8       0x40 /tmp/cc3nMLHN.ltrans2.ltrans.o
 .text.USB_IRQHandler
                0x08018b08      0x3b0 /tmp/cc3nMLHN.ltrans2.ltrans.o
                0x08018b08                USB_IRQHandler
 .text.SPI_WriteByte.isra.0
                0x08018eb8       0x38 /tmp/cc3nMLHN.ltrans2.ltrans.o
                0x08018eb8                SPI_WriteByte.isra.0
 .text.ST7565_FillScreen.constprop.0
                0x08018ef0       0x48 /tmp/cc3nMLHN.ltrans2.ltrans.o
                0x08018ef0                ST7565_FillScreen.constprop.0
 .text.BK4819_TransmitMDC1200Frame.isra.0
                0x08018f38       0xec /tmp/cc3nMLHN.ltrans2.ltrans.o
                0x08018f38                BK4819_TransmitMDC1200Frame.isra.0
 .text.BK4819_SetFilterBandwidth.isra.0
                0x08019024       0x1c /tmp/cc3nMLHN.ltrans2.ltrans.o
                0x08019024                BK4819_SetFilterBandwidth.isra.0
 .text.APP_RunSpectrum
                0x08019040     0x16c8 /tmp/cc3nMLHN.ltrans2.ltrans.o
                0x08019040                APP_RunSpectrum
 .text.LL_GPIO_Init.isra.0
                0x0801a708       0xa2 /tmp/cc3nMLHN.ltrans2.ltrans.o
                0x0801a708                LL_GPIO_Init.isra.0
 *fill*         0x0801a7aa        0x2 
 .text.Reset_Handler
                0x0801a7ac       0x50 CMakeFiles/n7six.ApeX-k1.v7.6.10C.dir/Core/startup_py32f071xx.s.obj
                0x0801a7ac                Reset_Handler
 .text.Default_Handler
                0x0801a7fc        0x2 CMakeFiles/n7six.ApeX-k1.v7.6.10C.dir/Core/startup_py32f071xx.s.obj
                0x0801a7fc                TIM1_CC_IRQHandler
                0x0801a7fc                PVD_IRQHandler
                0x0801a7fc                I2C1_IRQHandler
                0x0801a7fc                SPI1_IRQHandler
                0x0801a7fc                EXTI2_3_IRQHandler
                0x0801a7fc                I2C2_IRQHandler
                0x0801a7fc                TIM17_IRQHandler
                0x0801a7fc                USART3_IRQHandler
                0x0801a7fc                RTC_IRQHandler
                0x0801a7fc                LCD_IRQHandler
                0x0801a7fc                TIM16_IRQHandler
                0x0801a7fc                TIM3_IRQHandler
                0x0801a7fc                EXTI4_15_IRQHandler
                0x0801a7fc                RCC_IRQHandler
                0x0801a7fc                DMA1_Channel1_IRQHandler
                0x0801a7fc                Default_Handler
                0x0801a7fc                TIM14_IRQHandler
                0x0801a7fc                TIM7_IRQHandler
                0x0801a7fc                TIM15_IRQHandler
                0x0801a7fc                EXTI0_1_IRQHandler
                0x0801a7fc                SPI2_IRQHandler
                0x0801a7fc                WWDG_IRQHandler
                0x0801a7fc                TIM2_IRQHandler
                0x0801a7fc                DMA1_Channel2_3_IRQHandler
                0x0801a7fc                ADC_COMP_IRQHandler
                0x0801a7fc                USART2_IRQHandler
                0x0801a7fc                TIM6_LPTIM1_DAC_IRQHandler
                0x0801a7fc                FLASH_IRQHandler
                0x0801a7fc                USART1_IRQHandler
                0x0801a7fc                TIM1_BRK_UP_TRG_COM_IRQHandler
 *fill*         0x0801a7fe        0x2 
 .text.__errno  0x0801a800        0xc /opt/toolchain/bin/../lib/gcc/arm-none-eabi/13.3.1/../../../../arm-none-eabi/lib/thumb/v6-m/nofp/libg_nano.a(libc_a-errno.o)
                0x0801a800                __errno
 .text.__libc_init_array
                0x0801a80c       0x48 /opt/toolchain/bin/../lib/gcc/arm-none-eabi/13.3.1/../../../../arm-none-eabi/lib/thumb/v6-m/nofp/libg_nano.a(libc_a-init.o)
                0x0801a80c                __libc_init_array
 .text.memset   0x0801a854       0x10 /opt/toolchain/bin/../lib/gcc/arm-none-eabi/13.3.1/../../../../arm-none-eabi/lib/thumb/v6-m/nofp/libg_nano.a(libc_a-memset.o)
                0x0801a854                memset
 .text.__seofread
                0x0801a864        0x4 /opt/toolchain/bin/../lib/gcc/arm-none-eabi/13.3.1/../../../../arm-none-eabi/lib/thumb/v6-m/nofp/libg_nano.a(libc_a-stdio.o)
                0x0801a864                __seofread
 .text.__retarget_lock_acquire_recursive
                0x0801a868        0x2 /opt/toolchain/bin/../lib/gcc/arm-none-eabi/13.3.1/../../../../arm-none-eabi/lib/thumb/v6-m/nofp/libg_nano.a(libc_a-lock.o)
                0x0801a868                __retarget_lock_acquire_recursive
 .text.__retarget_lock_release_recursive
                0x0801a86a        0x2 /opt/toolchain/bin/../lib/gcc/arm-none-eabi/13.3.1/../../../../arm-none-eabi/lib/thumb/v6-m/nofp/libg_nano.a(libc_a-lock.o)
                0x0801a86a                __retarget_lock_release_recursive
 .text.sbrk_aligned
                0x0801a86c       0x44 /opt/toolchain/bin/../lib/gcc/arm-none-eabi/13.3.1/../../../../arm-none-eabi/lib/thumb/v6-m/nofp/libg_nano.a(libc_a-mallocr.o)
 .text._malloc_r
                0x0801a8b0      0x100 /opt/toolchain/bin/../lib/gcc/arm-none-eabi/13.3.1/../../../../arm-none-eabi/lib/thumb/v6-m/nofp/libg_nano.a(libc_a-mallocr.o)
                0x0801a8b0                _malloc_r
 .text.__malloc_lock
                0x0801a9b0       0x10 /opt/toolchain/bin/../lib/gcc/arm-none-eabi/13.3.1/../../../../arm-none-eabi/lib/thumb/v6-m/nofp/libg_nano.a(libc_a-mlock.o)
                0x0801a9b0                __malloc_lock
 .text.__malloc_unlock
                0x0801a9c0       0x10 /opt/toolchain/bin/../lib/gcc/arm-none-eabi/13.3.1/../../../../arm-none-eabi/lib/thumb/v6-m/nofp/libg_nano.a(libc_a-mlock.o)
                0x0801a9c0                __malloc_unlock
 .text._free_r  0x0801a9d0       0x94 /opt/toolchain/bin/../lib/gcc/arm-none-eabi/13.3.1/../../../../arm-none-eabi/lib/thumb/v6-m/nofp/libg_nano.a(libc_a-freer.o)
                0x0801a9d0                _free_r
 .text.memmove  0x0801aa64       0x24 /opt/toolchain/bin/../lib/gcc/arm-none-eabi/13.3.1/../../../../arm-none-eabi/lib/thumb/v6-m/nofp/libg_nano.a(libc_a-memmove.o)
                0x0801aa64                memmove
 .text.strcat   0x0801aa88       0x1a /opt/toolchain/bin/../lib/gcc/arm-none-eabi/13.3.1/../../../../arm-none-eabi/lib/thumb/v6-m/nofp/libg_nano.a(libc_a-strcat.o)
                0x0801aa88                strcat
 .text.strcpy   0x0801aaa2       0x10 /opt/toolchain/bin/../lib/gcc/arm-none-eabi/13.3.1/../../../../arm-none-eabi/lib/thumb/v6-m/nofp/libg_nano.a(libc_a-strcpy.o)
                0x0801aaa2                strcpy
 .text.memcpy   0x0801aab2       0x12 /opt/toolchain/bin/../lib/gcc/arm-none-eabi/13.3.1/../../../../arm-none-eabi/lib/thumb/v6-m/nofp/libg_nano.a(libc_a-memcpy-stub.o)
                0x0801aab2                memcpy
 .text.strncpy  0x0801aac4       0x28 /opt/toolchain/bin/../lib/gcc/arm-none-eabi/13.3.1/../../../../arm-none-eabi/lib/thumb/v6-m/nofp/libg_nano.a(libc_a-strncpy.o)
                0x0801aac4                strncpy
 .text.snprintf
                0x0801aaec       0x6c /opt/toolchain/bin/../lib/gcc/arm-none-eabi/13.3.1/../../../../arm-none-eabi/lib/thumb/v6-m/nofp/libg_nano.a(libc_a-snprintf.o)
                0x0801aaec                snprintf
                0x0801aaec                sniprintf
 .text.sscanf   0x0801ab58       0x54 /opt/toolchain/bin/../lib/gcc/arm-none-eabi/13.3.1/../../../../arm-none-eabi/lib/thumb/v6-m/nofp/libg_nano.a(libc_a-sscanf.o)
                0x0801ab58                sscanf
                0x0801ab58                siscanf
 .text.memcmp   0x0801abac       0x1c /opt/toolchain/bin/../lib/gcc/arm-none-eabi/13.3.1/../../../../arm-none-eabi/lib/thumb/v6-m/nofp/libg_nano.a(libc_a-memcmp.o)
                0x0801abac                memcmp
 .text.__ssputs_r
                0x0801abc8       0xc0 /opt/toolchain/bin/../lib/gcc/arm-none-eabi/13.3.1/../../../../arm-none-eabi/lib/thumb/v6-m/nofp/libg_nano.a(libc_a-nano-svfprintf.o)
                0x0801abc8                __ssputs_r
 .text._svfprintf_r
                0x0801ac88      0x1fc /opt/toolchain/bin/../lib/gcc/arm-none-eabi/13.3.1/../../../../arm-none-eabi/lib/thumb/v6-m/nofp/libg_nano.a(libc_a-nano-svfprintf.o)
                0x0801ac88                _svfprintf_r
                0x0801ac88                _svfiprintf_r
 .text._sungetc_r
                0x0801ae84       0x78 /opt/toolchain/bin/../lib/gcc/arm-none-eabi/13.3.1/../../../../arm-none-eabi/lib/thumb/v6-m/nofp/libg_nano.a(libc_a-nano-svfscanf.o)
                0x0801ae84                _sungetc_r
 .text.__ssrefill_r
                0x0801aefc       0x3e /opt/toolchain/bin/../lib/gcc/arm-none-eabi/13.3.1/../../../../arm-none-eabi/lib/thumb/v6-m/nofp/libg_nano.a(libc_a-nano-svfscanf.o)
                0x0801aefc                __ssrefill_r
 *fill*         0x0801af3a        0x2 
 .text.__ssvfscanf_r
                0x0801af3c      0x2c8 /opt/toolchain/bin/../lib/gcc/arm-none-eabi/13.3.1/../../../../arm-none-eabi/lib/thumb/v6-m/nofp/libg_nano.a(libc_a-nano-svfscanf.o)
                0x0801af3c                __ssvfscanf_r
                0x0801af3c                __ssvfiscanf_r
 .text._printf_common
                0x0801b204       0xde /opt/toolchain/bin/../lib/gcc/arm-none-eabi/13.3.1/../../../../arm-none-eabi/lib/thumb/v6-m/nofp/libg_nano.a(libc_a-nano-vfprintf_i.o)
                0x0801b204                _printf_common
 *fill*         0x0801b2e2        0x2 
 .text._printf_i
                0x0801b2e4      0x218 /opt/toolchain/bin/../lib/gcc/arm-none-eabi/13.3.1/../../../../arm-none-eabi/lib/thumb/v6-m/nofp/libg_nano.a(libc_a-nano-vfprintf_i.o)
                0x0801b2e4                _printf_i
 .text._scanf_chars
                0x0801b4fc       0xc0 /opt/toolchain/bin/../lib/gcc/arm-none-eabi/13.3.1/../../../../arm-none-eabi/lib/thumb/v6-m/nofp/libg_nano.a(libc_a-nano-vfscanf_i.o)
                0x0801b4fc                _scanf_chars
 .text._scanf_i
                0x0801b5bc      0x200 /opt/toolchain/bin/../lib/gcc/arm-none-eabi/13.3.1/../../../../arm-none-eabi/lib/thumb/v6-m/nofp/libg_nano.a(libc_a-nano-vfscanf_i.o)
                0x0801b5bc                _scanf_i
 .text.memchr   0x0801b7bc       0x16 /opt/toolchain/bin/../lib/gcc/arm-none-eabi/13.3.1/../../../../arm-none-eabi/lib/thumb/v6-m/nofp/libg_nano.a(libc_a-memchr-stub.o)
                0x0801b7bc                memchr
 .text.__sccl   0x0801b7d2       0x72 /opt/toolchain/bin/../lib/gcc/arm-none-eabi/13.3.1/../../../../arm-none-eabi/lib/thumb/v6-m/nofp/libg_nano.a(libc_a-sccl.o)
                0x0801b7d2                __sccl
 .text.__submore
                0x0801b844       0x7c /opt/toolchain/bin/../lib/gcc/arm-none-eabi/13.3.1/../../../../arm-none-eabi/lib/thumb/v6-m/nofp/libg_nano.a(libc_a-ungetc.o)
                0x0801b844                __submore
 .text._realloc_r
                0x0801b8c0       0x60 /opt/toolchain/bin/../lib/gcc/arm-none-eabi/13.3.1/../../../../arm-none-eabi/lib/thumb/v6-m/nofp/libg_nano.a(libc_a-reallocr.o)
                0x0801b8c0                _realloc_r
 .text._strtol_l.isra.0
                0x0801b920      0x114 /opt/toolchain/bin/../lib/gcc/arm-none-eabi/13.3.1/../../../../arm-none-eabi/lib/thumb/v6-m/nofp/libg_nano.a(libc_a-strtol.o)
 .text._strtol_r
                0x0801ba34        0x8 /opt/toolchain/bin/../lib/gcc/arm-none-eabi/13.3.1/../../../../arm-none-eabi/lib/thumb/v6-m/nofp/libg_nano.a(libc_a-strtol.o)
                0x0801ba34                _strtol_r
 .text._strtoul_l.isra.0
                0x0801ba3c      0x104 /opt/toolchain/bin/../lib/gcc/arm-none-eabi/13.3.1/../../../../arm-none-eabi/lib/thumb/v6-m/nofp/libg_nano.a(libc_a-strtoul.o)
 .text._strtoul_r
                0x0801bb40        0x8 /opt/toolchain/bin/../lib/gcc/arm-none-eabi/13.3.1/../../../../arm-none-eabi/lib/thumb/v6-m/nofp/libg_nano.a(libc_a-strtoul.o)
                0x0801bb40                _strtoul_r
 .text._malloc_usable_size_r
                0x0801bb48       0x10 /opt/toolchain/bin/../lib/gcc/arm-none-eabi/13.3.1/../../../../arm-none-eabi/lib/thumb/v6-m/nofp/libg_nano.a(libc_a-msizer.o)
                0x0801bb48                _malloc_usable_size_r
 *(.glue_7)
 .glue_7        0x0801bb58        0x0 linker stubs
 *(.glue_7t)
 .glue_7t       0x0801bb58        0x0 linker stubs
 *(.eh_frame)
 .eh_frame      0x0801bb58        0x0 /opt/toolchain/bin/../lib/gcc/arm-none-eabi/13.3.1/thumb/v6-m/nofp/crtbegin.o
 *(.init)
 .init          0x0801bb58        0x4 /opt/toolchain/bin/../lib/gcc/arm-none-eabi/13.3.1/thumb/v6-m/nofp/crti.o
                0x0801bb58                _init
 .init          0x0801bb5c        0x8 /opt/toolchain/bin/../lib/gcc/arm-none-eabi/13.3.1/thumb/v6-m/nofp/crtn.o
 *(.fini)
 .fini          0x0801bb64        0x4 /opt/toolchain/bin/../lib/gcc/arm-none-eabi/13.3.1/thumb/v6-m/nofp/crti.o
                0x0801bb64                _fini
 .fini          0x0801bb68        0x8 /opt/toolchain/bin/../lib/gcc/arm-none-eabi/13.3.1/thumb/v6-m/nofp/crtn.o
                0x0801bb70                        . = ALIGN (0x4)
                0x0801bb70                        _etext = .

.vfp11_veneer   0x0801bb70        0x0
 .vfp11_veneer  0x0801bb70        0x0 linker stubs

.v4_bx          0x0801bb70        0x0
 .v4_bx         0x0801bb70        0x0 linker stubs

.iplt           0x0801bb70        0x0
 .iplt          0x0801bb70        0x0 /opt/toolchain/bin/../lib/gcc/arm-none-eabi/13.3.1/thumb/v6-m/nofp/crtbegin.o

.rodata         0x0801bb70     0x2ae4
                0x0801bb70                        . = ALIGN (0x4)
 *(.rodata)
 .rodata        0x0801bb70       0x4c /tmp/cc3nMLHN.ltrans0.ltrans.o
 .rodata        0x0801bbbc       0xb0 /tmp/cc3nMLHN.ltrans1.ltrans.o
 .rodata        0x0801bc6c       0x20 /tmp/cc3nMLHN.ltrans2.ltrans.o
 .rodata        0x0801bc8c        0xc /opt/toolchain/bin/../lib/gcc/arm-none-eabi/13.3.1/../../../../arm-none-eabi/lib/thumb/v6-m/nofp/libg_nano.a(libc_a-nano-vfscanf_i.o)
 *(.rodata*)
 .rodata.ScanFastIsCandidate.cst2
                0x0801bc98        0xa /tmp/cc3nMLHN.ltrans0.ltrans.o
                                  0x4 (size before relaxing)
 .rodata.ScanFastReadCandidateRssi.cst2
                0x0801bca2        0x4 /tmp/cc3nMLHN.ltrans0.ltrans.o
 .rodata.APP_TimeSlice10ms.part.0.str1.1
                0x0801bca2      0xb01 /tmp/cc3nMLHN.ltrans0.ltrans.o
                                  0x2 (size before relaxing)
 .rodata.main.str1.1
                0x0801c7a3       0x54 /tmp/cc3nMLHN.ltrans0.ltrans.o
 .rodata.CW_KEY_CHARS
                0x0801c7a3       0x2d /tmp/cc3nMLHN.ltrans0.ltrans.o
 .rodata.CW_KEY_CHAR_COUNT
                0x0801c7d0        0x9 /tmp/cc3nMLHN.ltrans0.ltrans.o
 .rodata.wpmTable.0
                0x0801c7d9        0xa /tmp/cc3nMLHN.ltrans0.ltrans.o
 .rodata.StepSortedIndexes
                0x0801c7e3       0x18 /tmp/cc3nMLHN.ltrans0.ltrans.o
                0x0801c7e3                StepSortedIndexes
 .rodata.CSWTCH.21
                0x0801c7fb        0x6 /tmp/cc3nMLHN.ltrans0.ltrans.o
 *fill*         0x0801c801        0x3 
 .rodata.frequencyBandTable
                0x0801c804       0x38 /tmp/cc3nMLHN.ltrans0.ltrans.o
                0x0801c804                frequencyBandTable
 .rodata.str1.1
                0x0801c83c      0x122 /tmp/cc3nMLHN.ltrans0.ltrans.o
 .rodata.CW_CHAR_MAP
                0x0801c83c      0x1b0 /tmp/cc3nMLHN.ltrans0.ltrans.o
                0x0801c83c                CW_CHAR_MAP
 .rodata.gStepFrequencyTable
                0x0801c9ec       0x30 /tmp/cc3nMLHN.ltrans0.ltrans.o
                0x0801c9ec                gStepFrequencyTable
 .rodata.ProcessKeysFunctions
                0x0801ca1c       0x18 /tmp/cc3nMLHN.ltrans0.ltrans.o
 .rodata.leader.0
                0x0801ca34        0x5 /tmp/cc3nMLHN.ltrans0.ltrans.o
 *fill*         0x0801ca39        0x3 
 .rodata.g_MDC_Handlers
                0x0801ca3c       0x20 /tmp/cc3nMLHN.ltrans0.ltrans.o
 .rodata.glyphs.1
                0x0801ca5c       0x18 /tmp/cc3nMLHN.ltrans0.ltrans.o
 .rodata.action_opt_table
                0x0801ca74       0x64 /tmp/cc3nMLHN.ltrans0.ltrans.o
 .rodata.cmds   0x0801cad8        0xb /tmp/cc3nMLHN.ltrans0.ltrans.o
 .rodata.keyboard
                0x0801cae3       0x14 /tmp/cc3nMLHN.ltrans0.ltrans.o
 .rodata.value  0x0801caf7        0xb /tmp/cc3nMLHN.ltrans0.ltrans.o
 .rodata.CHANNEL_OFFSET_TAB.lto_priv.0
                0x0801cb02        0x7 /tmp/cc3nMLHN.ltrans0.ltrans.o
                0x0801cb02                CHANNEL_OFFSET_TAB.lto_priv.0
                0x0801cb02                CHANNEL_OFFSET_TAB.lto_priv.1
 *fill*         0x0801cb09        0x3 
 .rodata.HSIFreqTable
                0x0801cb0c       0x20 /tmp/cc3nMLHN.ltrans0.ltrans.o
 .rodata.AHBPrescTable
                0x0801cb2c       0x40 /tmp/cc3nMLHN.ltrans0.ltrans.o
 .rodata.APBPrescTable
                0x0801cb6c       0x20 /tmp/cc3nMLHN.ltrans0.ltrans.o
 .rodata.cdc_descriptor
                0x0801cb8c       0x9e /tmp/cc3nMLHN.ltrans0.ltrans.o
 .rodata.Edition
                0x0801cc2a        0x5 /tmp/cc3nMLHN.ltrans0.ltrans.o
                0x0801cc2a                Edition
 .rodata.Version
                0x0801cc2f        0xf /tmp/cc3nMLHN.ltrans0.ltrans.o
                0x0801cc2f                Version
 *fill*         0x0801cc3e        0x2 
 .rodata.HandleFunction_fn_table
                0x0801cc40       0x1c /tmp/cc3nMLHN.ltrans0.ltrans.o
 .rodata.lim.1.lto_priv.0
                0x0801cc5c        0x8 /tmp/cc3nMLHN.ltrans0.ltrans.o
                0x0801cc5c                lim.1.lto_priv.0
 .rodata.lim.0.lto_priv.0
                0x0801cc64        0x8 /tmp/cc3nMLHN.ltrans0.ltrans.o
                0x0801cc64                lim.0.lto_priv.0
 .rodata.MenuList
                0x0801cc6c      0x278 /tmp/cc3nMLHN.ltrans0.ltrans.o
                0x0801cc6c                MenuList
 .rodata.UART_Version
                0x0801cee4       0x29 /tmp/cc3nMLHN.ltrans0.ltrans.o
 .rodata.UI_FormatFrequency.str1.1
                0x0801cf0d        0x9 /tmp/cc3nMLHN.ltrans1.ltrans.o
 .rodata.SETTINGS_InitEEPROM.str1.1
                0x0801cf0d       0x15 /tmp/cc3nMLHN.ltrans1.ltrans.o
 .rodata.UI_DrawBattery.str1.1
                0x0801cf0d        0x3 /tmp/cc3nMLHN.ltrans1.ltrans.o
 .rodata.UI_GenerateChannelStringEx.str1.1
                0x0801cf0d       0x17 /tmp/cc3nMLHN.ltrans1.ltrans.o
 .rodata.UI_PrintScanRangeCss.str1.1
                0x0801cf0d       0x1a /tmp/cc3nMLHN.ltrans1.ltrans.o
 .rodata.UI_DisplayUnlockKeyboard.str1.1
                0x0801cf0d       0x10 /tmp/cc3nMLHN.ltrans1.ltrans.o
 .rodata.DisplayRSSIBar.str1.1
                0x0801cf0d       0x1a /tmp/cc3nMLHN.ltrans1.ltrans.o
 .rodata.DisplayRSSIBar.cst2
                0x0801cf0d        0x2 /tmp/cc3nMLHN.ltrans1.ltrans.o
 .rodata.UI_DisplayMain.str1.1
                0x0801cf0d      0x15a /tmp/cc3nMLHN.ltrans1.ltrans.o
 .rodata.MENU_ProcessKeys.str1.1
                0x0801cf0d       0x10 /tmp/cc3nMLHN.ltrans1.ltrans.o
 .rodata.str1.1
                0x0801cf0d      0x1e0 /tmp/cc3nMLHN.ltrans1.ltrans.o
 *fill*         0x0801cf0d        0x3 
 .rodata.CSWTCH.286
                0x0801cf10       0x18 /tmp/cc3nMLHN.ltrans1.ltrans.o
 .rodata.opcode_names.0
                0x0801cf28       0x20 /tmp/cc3nMLHN.ltrans1.ltrans.o
 .rodata.gModulationStr
                0x0801cf48        0xc /tmp/cc3nMLHN.ltrans1.ltrans.o
                0x0801cf48                gModulationStr
 .rodata.VfoStateStr
                0x0801cf54       0x1c /tmp/cc3nMLHN.ltrans1.ltrans.o
 .rodata.gSubMenu_SET_AUD_FM
                0x0801cf70       0x14 /tmp/cc3nMLHN.ltrans1.ltrans.o
                0x0801cf70                gSubMenu_SET_AUD_FM
 .rodata.gSubMenu_SET_AUD_AM
                0x0801cf84        0xc /tmp/cc3nMLHN.ltrans1.ltrans.o
                0x0801cf84                gSubMenu_SET_AUD_AM
 .rodata.BITMAP_VFO_Empty
                0x0801cf90        0x7 /tmp/cc3nMLHN.ltrans1.ltrans.o
 .rodata.BITMAP_VFO_Default
                0x0801cf97        0x7 /tmp/cc3nMLHN.ltrans1.ltrans.o
 .rodata.gFont3x5
                0x0801cf9e      0x120 /tmp/cc3nMLHN.ltrans1.ltrans.o
 .rodata.gFontBigDigits
                0x0801d0be       0xdc /tmp/cc3nMLHN.ltrans1.ltrans.o
 .rodata.gFontSmallBold
                0x0801d19a      0x234 /tmp/cc3nMLHN.ltrans1.ltrans.o
 .rodata.gFontSmall
                0x0801d3ce      0x234 /tmp/cc3nMLHN.ltrans1.ltrans.o
                0x0801d3ce                gFontSmall
 .rodata.gFontBig
                0x0801d602      0x524 /tmp/cc3nMLHN.ltrans1.ltrans.o
 .rodata.gMicGain_dB2
                0x0801db26        0x9 /tmp/cc3nMLHN.ltrans1.ltrans.o
                0x0801db26                gMicGain_dB2
 *fill*         0x0801db2f        0x1 
 .rodata.FSK_RogerTable
                0x0801db30        0xe /tmp/cc3nMLHN.ltrans1.ltrans.o
 .rodata.am_profiles.2
                0x0801db3e       0x18 /tmp/cc3nMLHN.ltrans1.ltrans.o
 .rodata.fm_profiles.1
                0x0801db56       0x14 /tmp/cc3nMLHN.ltrans1.ltrans.o
 .rodata.dividers_band5.3
                0x0801db6a        0x6 /tmp/cc3nMLHN.ltrans1.ltrans.o
 .rodata.dividers_band2.4
                0x0801db70        0x6 /tmp/cc3nMLHN.ltrans1.ltrans.o
 .rodata.Voltage2PercentageTable
                0x0801db76       0x8c /tmp/cc3nMLHN.ltrans1.ltrans.o
 .rodata.CTCSS_Options
                0x0801dc02       0x64 /tmp/cc3nMLHN.ltrans1.ltrans.o
                0x0801dc02                CTCSS_Options
 .rodata.DCS_Options
                0x0801dc66       0xd0 /tmp/cc3nMLHN.ltrans1.ltrans.o
                0x0801dc66                DCS_Options
 .rodata.BEEP_Classic_array
                0x0801dd36       0x2a /tmp/cc3nMLHN.ltrans1.ltrans.o
 .rodata.char_map
                0x0801dd60       0x28 /tmp/cc3nMLHN.ltrans1.ltrans.o
 .rodata.gSubMenu_SIDEFUNCTIONS
                0x0801dd88       0xb0 /tmp/cc3nMLHN.ltrans1.ltrans.o
                0x0801dd88                gSubMenu_SIDEFUNCTIONS
 .rodata.IsPeakOverOpenLevel.cst2
                0x0801de38        0x2 /tmp/cc3nMLHN.ltrans2.ltrans.o
 .rodata.RXTX_LOG_ShowEmpty.str1.1
                0x0801de38        0x7 /tmp/cc3nMLHN.ltrans2.ltrans.o
 .rodata.CW_DrawWrappedTxText.str1.1
                0x0801de38       0x17 /tmp/cc3nMLHN.ltrans2.ltrans.o
 .rodata.UI_DisplayScanner.str1.1
                0x0801de38       0x61 /tmp/cc3nMLHN.ltrans2.ltrans.o
 .rodata.UI_DisplayFM.str1.1
                0x0801de38       0x60 /tmp/cc3nMLHN.ltrans2.ltrans.o
 .rodata.FormatFrequency.str1.1
                0x0801de38        0x8 /tmp/cc3nMLHN.ltrans2.ltrans.o
 .rodata.DrawF.str1.1
                0x0801de38        0x9 /tmp/cc3nMLHN.ltrans2.ltrans.o
 .rodata.CW_DrawStatusLine.str1.1
                0x0801de38       0x17 /tmp/cc3nMLHN.ltrans2.ltrans.o
 .rodata.UI_DisplayAircopy.str1.1
                0x0801de38       0x76 /tmp/cc3nMLHN.ltrans2.ltrans.o
 .rodata.CW_Render.str1.1
                0x0801de38        0x4 /tmp/cc3nMLHN.ltrans2.ltrans.o
 .rodata.CW_DecodeCharacter.lto_priv.0.str1.1
                0x0801de38        0x4 /tmp/cc3nMLHN.ltrans2.ltrans.o
 .rodata.RXTX_LOG_StartViewCacheScan.constprop.0.cst2
                0x0801de38        0x2 /tmp/cc3nMLHN.ltrans2.ltrans.o
 .rodata.RXTX_LOG_EnsureViewCache.cst2
                0x0801de38        0x2 /tmp/cc3nMLHN.ltrans2.ltrans.o
 .rodata.UI_DisplayRxTxLog.str1.1
                0x0801de38       0x33 /tmp/cc3nMLHN.ltrans2.ltrans.o
 .rodata.UI_DisplayMenu.str1.1
                0x0801de38      0x1ee /tmp/cc3nMLHN.ltrans2.ltrans.o
 .rodata.UI_DisplayStatus.part.0.str1.1
                0x0801de38       0x1a /tmp/cc3nMLHN.ltrans2.ltrans.o
 .rodata.APP_RunSpectrum.str1.1
                0x0801de38       0x54 /tmp/cc3nMLHN.ltrans2.ltrans.o
 .rodata.VGAOptions
                0x0801de38        0x8 /tmp/cc3nMLHN.ltrans2.ltrans.o
 .rodata.LNAOptions
                0x0801de40        0x8 /tmp/cc3nMLHN.ltrans2.ltrans.o
 .rodata.LNAsOptions
                0x0801de48        0x4 /tmp/cc3nMLHN.ltrans2.ltrans.o
 .rodata.AIRCOPY_Segments_Settings
                0x0801de4c       0x12 /tmp/cc3nMLHN.ltrans2.ltrans.o
 .rodata.AIRCOPY_Segments_Bank7
                0x0801de5e       0x12 /tmp/cc3nMLHN.ltrans2.ltrans.o
 .rodata.AIRCOPY_Segments_Bank6
                0x0801de70       0x12 /tmp/cc3nMLHN.ltrans2.ltrans.o
 .rodata.AIRCOPY_Segments_Bank5
                0x0801de82       0x12 /tmp/cc3nMLHN.ltrans2.ltrans.o
 .rodata.AIRCOPY_Segments_Bank4
                0x0801de94       0x12 /tmp/cc3nMLHN.ltrans2.ltrans.o
 .rodata.AIRCOPY_Segments_Bank3
                0x0801dea6       0x12 /tmp/cc3nMLHN.ltrans2.ltrans.o
 .rodata.AIRCOPY_Segments_Bank2
                0x0801deb8       0x12 /tmp/cc3nMLHN.ltrans2.ltrans.o
 .rodata.AIRCOPY_Segments_Bank1
                0x0801deca       0x12 /tmp/cc3nMLHN.ltrans2.ltrans.o
 .rodata.AIRCOPY_Segments_Bank0
                0x0801dedc       0x12 /tmp/cc3nMLHN.ltrans2.ltrans.o
 *fill*         0x0801deee        0x2 
 .rodata.AIRCOPY_Map_Settings
                0x0801def0        0x8 /tmp/cc3nMLHN.ltrans2.ltrans.o
 .rodata.AIRCOPY_Map_Bank7
                0x0801def8        0x8 /tmp/cc3nMLHN.ltrans2.ltrans.o
 .rodata.AIRCOPY_Map_Bank6
                0x0801df00        0x8 /tmp/cc3nMLHN.ltrans2.ltrans.o
 .rodata.AIRCOPY_Map_Bank5
                0x0801df08        0x8 /tmp/cc3nMLHN.ltrans2.ltrans.o
 .rodata.AIRCOPY_Map_Bank4
                0x0801df10        0x8 /tmp/cc3nMLHN.ltrans2.ltrans.o
 .rodata.AIRCOPY_Map_Bank3
                0x0801df18        0x8 /tmp/cc3nMLHN.ltrans2.ltrans.o
 .rodata.AIRCOPY_Map_Bank2
                0x0801df20        0x8 /tmp/cc3nMLHN.ltrans2.ltrans.o
 .rodata.AIRCOPY_Map_Bank1
                0x0801df28        0x8 /tmp/cc3nMLHN.ltrans2.ltrans.o
 .rodata.AIRCOPY_Map_Bank0
                0x0801df30        0x8 /tmp/cc3nMLHN.ltrans2.ltrans.o
 .rodata.CSWTCH.65
                0x0801df38        0x8 /tmp/cc3nMLHN.ltrans2.ltrans.o
 .rodata.MORSE_TREE
                0x0801df40       0x40 /tmp/cc3nMLHN.ltrans2.ltrans.o
 .rodata.modulationTypeTuneSteps
                0x0801df80        0x3 /tmp/cc3nMLHN.ltrans2.ltrans.o
 .rodata.str1.1
                0x0801df83      0x353 /tmp/cc3nMLHN.ltrans2.ltrans.o
 *fill*         0x0801df83        0x1 
 .rodata.autoSensitivityLabel
                0x0801df84        0xc /tmp/cc3nMLHN.ltrans2.ltrans.o
 .rodata.U8RssiMap
                0x0801df90        0xa /tmp/cc3nMLHN.ltrans2.ltrans.o
 *fill*         0x0801df9a        0x2 
 .rodata.regOptions
                0x0801df9c       0x20 /tmp/cc3nMLHN.ltrans2.ltrans.o
 .rodata.bayer4x4
                0x0801dfbc       0x10 /tmp/cc3nMLHN.ltrans2.ltrans.o
 .rodata.registers_to_save
                0x0801dfcc        0x7 /tmp/cc3nMLHN.ltrans2.ltrans.o
 *fill*         0x0801dfd3        0x1 
 .rodata.bwOptions
                0x0801dfd4        0xc /tmp/cc3nMLHN.ltrans2.ltrans.o
 .rodata.autoTriggerMarginRssi
                0x0801dfe0        0x3 /tmp/cc3nMLHN.ltrans2.ltrans.o
 *fill*         0x0801dfe3        0x1 
 .rodata.listenBWRegValues
                0x0801dfe4        0x6 /tmp/cc3nMLHN.ltrans2.ltrans.o
 .rodata.scanStepBWRegValues
                0x0801dfea       0x1e /tmp/cc3nMLHN.ltrans2.ltrans.o
 .rodata.scanStepValues
                0x0801e008       0x1e /tmp/cc3nMLHN.ltrans2.ltrans.o
 *fill*         0x0801e026        0x2 
 .rodata.registerSpecs
                0x0801e028       0x30 /tmp/cc3nMLHN.ltrans2.ltrans.o
 .rodata.Obfuscation.lto_priv.1
                0x0801e058       0x10 /tmp/cc3nMLHN.ltrans2.ltrans.o
 .rodata.AIRCOPY_AvailableMaps
                0x0801e068       0x24 /tmp/cc3nMLHN.ltrans2.ltrans.o
 .rodata.BK1080_RegisterTable
                0x0801e08c       0x44 /tmp/cc3nMLHN.ltrans2.ltrans.o
 .rodata.Obfuscation.lto_priv.0
                0x0801e0d0       0x10 /tmp/cc3nMLHN.ltrans2.ltrans.o
 .rodata.ADDR_MAPPINGS
                0x0801e0e0       0x68 /tmp/cc3nMLHN.ltrans2.ltrans.o
 .rodata.UI_DisplayFunctions
                0x0801e148       0x18 /tmp/cc3nMLHN.ltrans2.ltrans.o
 .rodata.BITMAP_USB_C
                0x0801e160        0x9 /tmp/cc3nMLHN.ltrans2.ltrans.o
 .rodata.gFontLight
                0x0801e169        0x9 /tmp/cc3nMLHN.ltrans2.ltrans.o
 .rodata.gFontLightOff
                0x0801e172        0x9 /tmp/cc3nMLHN.ltrans2.ltrans.o
 .rodata.gFontMute
                0x0801e17b        0xc /tmp/cc3nMLHN.ltrans2.ltrans.o
 .rodata.gFontF
                0x0801e187        0x8 /tmp/cc3nMLHN.ltrans2.ltrans.o
 .rodata.gFontKeyLock
                0x0801e18f        0x9 /tmp/cc3nMLHN.ltrans2.ltrans.o
 .rodata.gFontPttClassic
                0x0801e198        0xc /tmp/cc3nMLHN.ltrans2.ltrans.o
 .rodata.gFontPttOnePush
                0x0801e1a4        0xc /tmp/cc3nMLHN.ltrans2.ltrans.o
 .rodata.gFontVox
                0x0801e1b0        0xc /tmp/cc3nMLHN.ltrans2.ltrans.o
 .rodata.gFontMO
                0x0801e1bc        0xc /tmp/cc3nMLHN.ltrans2.ltrans.o
 .rodata.gFontXB
                0x0801e1c8        0xc /tmp/cc3nMLHN.ltrans2.ltrans.o
 .rodata.gFontDWR
                0x0801e1d4       0x12 /tmp/cc3nMLHN.ltrans2.ltrans.o
 .rodata.gFontHold
                0x0801e1e6        0xa /tmp/cc3nMLHN.ltrans2.ltrans.o
 .rodata.gFontRO
                0x0801e1f0        0xc /tmp/cc3nMLHN.ltrans2.ltrans.o
 .rodata.gFontPowerSave
                0x0801e1fc        0xc /tmp/cc3nMLHN.ltrans2.ltrans.o
 .rodata.CSWTCH.21
                0x0801e208        0xc /tmp/cc3nMLHN.ltrans2.ltrans.o
 .rodata.months.1
                0x0801e214       0x30 /tmp/cc3nMLHN.ltrans2.ltrans.o
 .rodata.BITMAP_QR_GitHub_Compressed
                0x0801e244       0x89 /tmp/cc3nMLHN.ltrans2.ltrans.o
 .rodata.BITMAP_QR_GitHub_Wiki_Compressed
                0x0801e2cd       0x89 /tmp/cc3nMLHN.ltrans2.ltrans.o
 .rodata.CTCSS_ExtraIdx
                0x0801e356        0xc /tmp/cc3nMLHN.ltrans2.ltrans.o
 .rodata.DCS_ExtraIdx