Archive member included to satisfy reference by file (symbol)

/opt/toolchain/bin/../lib/gcc/arm-none-eabi/13.3.1/thumb/v6-m/nofp/libgcc.a(_thumb1_case_sqi.o)
                              CMakeFiles/N7SIX.basic.dir/App/app/menu.c.obj (__gnu_thumb1_case_sqi)
/opt/toolchain/bin/../lib/gcc/arm-none-eabi/13.3.1/thumb/v6-m/nofp/libgcc.a(_thumb1_case_uqi.o)
                              CMakeFiles/N7SIX.basic.dir/Drivers/PY32F071_HAL_Driver/Src/py32f071_ll_dma.c.obj (__gnu_thumb1_case_uqi)
/opt/toolchain/bin/../lib/gcc/arm-none-eabi/13.3.1/thumb/v6-m/nofp/libgcc.a(_thumb1_case_shi.o)
                              CMakeFiles/N7SIX.basic.dir/App/app/main.c.obj (__gnu_thumb1_case_shi)
/opt/toolchain/bin/../lib/gcc/arm-none-eabi/13.3.1/thumb/v6-m/nofp/libgcc.a(_thumb1_case_uhi.o)
                              CMakeFiles/N7SIX.basic.dir/App/app/main.c.obj (__gnu_thumb1_case_uhi)
/opt/toolchain/bin/../lib/gcc/arm-none-eabi/13.3.1/thumb/v6-m/nofp/libgcc.a(_udivsi3.o)
                              CMakeFiles/N7SIX.basic.dir/Drivers/PY32F071_HAL_Driver/Src/py32f071_ll_rcc.c.obj (__aeabi_uidiv)
/opt/toolchain/bin/../lib/gcc/arm-none-eabi/13.3.1/thumb/v6-m/nofp/libgcc.a(_divsi3.o)
                              CMakeFiles/N7SIX.basic.dir/Drivers/PY32F071_HAL_Driver/Src/py32f071_ll_i2c.c.obj (__aeabi_idiv)
/opt/toolchain/bin/../lib/gcc/arm-none-eabi/13.3.1/thumb/v6-m/nofp/libgcc.a(_dvmd_tls.o)
                              /opt/toolchain/bin/../lib/gcc/arm-none-eabi/13.3.1/thumb/v6-m/nofp/libgcc.a(_udivsi3.o) (__aeabi_idiv0)
/opt/toolchain/bin/../lib/gcc/arm-none-eabi/13.3.1/thumb/v6-m/nofp/libgcc.a(_clzsi2.o)
                              CMakeFiles/N7SIX.basic.dir/App/board.c.obj (__clzsi2)
/opt/toolchain/bin/../lib/gcc/arm-none-eabi/13.3.1/thumb/v6-m/nofp/libgcc.a(_muldi3.o)
                              CMakeFiles/N7SIX.basic.dir/App/app/spectrum.c.obj (__aeabi_lmul)
/opt/toolchain/bin/../lib/gcc/arm-none-eabi/13.3.1/../../../../arm-none-eabi/lib/thumb/v6-m/nofp/libg_nano.a(libc_a-exit.o)
                              /opt/toolchain/bin/../lib/gcc/arm-none-eabi/13.3.1/../../../../arm-none-eabi/lib/thumb/v6-m/nofp/crt0.o (exit)
/opt/toolchain/bin/../lib/gcc/arm-none-eabi/13.3.1/../../../../arm-none-eabi/lib/thumb/v6-m/nofp/libg_nano.a(libc_a-init.o)
                              /opt/toolchain/bin/../lib/gcc/arm-none-eabi/13.3.1/../../../../arm-none-eabi/lib/thumb/v6-m/nofp/crt0.o (__libc_init_array)
/opt/toolchain/bin/../lib/gcc/arm-none-eabi/13.3.1/../../../../arm-none-eabi/lib/thumb/v6-m/nofp/libg_nano.a(libc_a-memmove.o)
                              CMakeFiles/N7SIX.basic.dir/App/app/app.c.obj (memmove)
/opt/toolchain/bin/../lib/gcc/arm-none-eabi/13.3.1/../../../../arm-none-eabi/lib/thumb/v6-m/nofp/libg_nano.a(libc_a-memset.o)
                              /opt/toolchain/bin/../lib/gcc/arm-none-eabi/13.3.1/../../../../arm-none-eabi/lib/thumb/v6-m/nofp/crt0.o (memset)
/opt/toolchain/bin/../lib/gcc/arm-none-eabi/13.3.1/../../../../arm-none-eabi/lib/thumb/v6-m/nofp/libg_nano.a(libc_a-strcpy.o)
                              CMakeFiles/N7SIX.basic.dir/App/settings.c.obj (strcpy)
/opt/toolchain/bin/../lib/gcc/arm-none-eabi/13.3.1/../../../../arm-none-eabi/lib/thumb/v6-m/nofp/libg_nano.a(libc_a-memcpy-stub.o)
                              CMakeFiles/N7SIX.basic.dir/App/driver/bk4829.c.obj (memcpy)
/opt/toolchain/bin/../lib/gcc/arm-none-eabi/13.3.1/../../../../arm-none-eabi/lib/thumb/v6-m/nofp/libg_nano.a(libc_a-strlen.o)
                              CMakeFiles/N7SIX.basic.dir/App/app/app.c.obj (strlen)
/opt/toolchain/bin/../lib/gcc/arm-none-eabi/13.3.1/../../../../arm-none-eabi/lib/thumb/v6-m/nofp/libg_nano.a(libc_a-findfp.o)
                              /opt/toolchain/bin/../lib/gcc/arm-none-eabi/13.3.1/../../../../arm-none-eabi/lib/thumb/v6-m/nofp/libg_nano.a(libc_a-exit.o) (__stdio_exit_handler)
/opt/toolchain/bin/../lib/gcc/arm-none-eabi/13.3.1/../../../../arm-none-eabi/lib/thumb/v6-m/nofp/libg_nano.a(libc_a-strncpy.o)
                              CMakeFiles/N7SIX.basic.dir/App/app/generic.c.obj (strncpy)
/opt/toolchain/bin/../lib/gcc/arm-none-eabi/13.3.1/../../../../arm-none-eabi/lib/thumb/v6-m/nofp/libg_nano.a(libc_a-stdio.o)
                              /opt/toolchain/bin/../lib/gcc/arm-none-eabi/13.3.1/../../../../arm-none-eabi/lib/thumb/v6-m/nofp/libg_nano.a(libc_a-findfp.o) (__sread)
/opt/toolchain/bin/../lib/gcc/arm-none-eabi/13.3.1/../../../../arm-none-eabi/lib/thumb/v6-m/nofp/libg_nano.a(libc_a-lseekr.o)
                              /opt/toolchain/bin/../lib/gcc/arm-none-eabi/13.3.1/../../../../arm-none-eabi/lib/thumb/v6-m/nofp/libg_nano.a(libc_a-stdio.o) (_lseek_r)
/opt/toolchain/bin/../lib/gcc/arm-none-eabi/13.3.1/../../../../arm-none-eabi/lib/thumb/v6-m/nofp/libg_nano.a(libc_a-readr.o)
                              /opt/toolchain/bin/../lib/gcc/arm-none-eabi/13.3.1/../../../../arm-none-eabi/lib/thumb/v6-m/nofp/libg_nano.a(libc_a-stdio.o) (_read_r)
[...]
Memory Configuration

Name             Origin             Length             Attributes
RAM              0x20000000         0x00004000         xrw
FLASH            0x08002800         0x0001d800         xr
*default*        0x00000000         0xffffffff

Linker script and memory map

LOAD /opt/toolchain/bin/../lib/gcc/arm-none-eabi/13.3.1/thumb/v6-m/nofp/crti.o
LOAD /opt/toolchain/bin/../lib/gcc/arm-none-eabi/13.3.1/thumb/v6-m/nofp/crtbegin.o
LOAD /opt/toolchain/bin/../lib/gcc/arm-none-eabi/13.3.1/../../../../arm-none-eabi/lib/thumb/v6-m/nofp/crt0.o
LOAD CMakeFiles/N7SIX.basic.dir/Core/Src/main.c.obj
LOAD CMakeFiles/N7SIX.basic.dir/Core/Src/py32f071_it.c.obj
LOAD CMakeFiles/N7SIX.basic.dir/Core/Src/system_py32f071.c.obj
LOAD CMakeFiles/N7SIX.basic.dir/Core/startup_py32f071xx.s.obj
LOAD CMakeFiles/N7SIX.basic.dir/Drivers/PY32F071_HAL_Driver/Src/py32f071_ll_rcc.c.obj
LOAD CMakeFiles/N7SIX.basic.dir/Drivers/PY32F071_HAL_Driver/Src/py32f071_ll_pwr.c.obj
LOAD CMakeFiles/N7SIX.basic.dir/Drivers/PY32F071_HAL_Driver/Src/py32f071_ll_dma.c.obj
LOAD CMakeFiles/N7SIX.basic.dir/Drivers/PY32F071_HAL_Driver/Src/py32f071_ll_gpio.c.obj
LOAD CMakeFiles/N7SIX.basic.dir/Drivers/PY32F071_HAL_Driver/Src/py32f071_ll_utils.c.obj
LOAD CMakeFiles/N7SIX.basic.dir/Drivers/PY32F071_HAL_Driver/Src/py32f071_ll_adc.c.obj
LOAD CMakeFiles/N7SIX.basic.dir/Drivers/PY32F071_HAL_Driver/Src/py32f071_ll_comp.c.obj
LOAD CMakeFiles/N7SIX.basic.dir/Drivers/PY32F071_HAL_Driver/Src/py32f071_ll_crc.c.obj
LOAD CMakeFiles/N7SIX.basic.dir/Drivers/PY32F071_HAL_Driver/Src/py32f071_ll_dac.c.obj
LOAD CMakeFiles/N7SIX.basic.dir/Drivers/PY32F071_HAL_Driver/Src/py32f071_ll_exti.c.obj
LOAD CMakeFiles/N7SIX.basic.dir/Drivers/PY32F071_HAL_Driver/Src/py32f071_ll_i2c.c.obj
LOAD CMakeFiles/N7SIX.basic.dir/Drivers/PY32F071_HAL_Driver/Src/py32f071_ll_rtc.c.obj
LOAD CMakeFiles/N7SIX.basic.dir/Drivers/PY32F071_HAL_Driver/Src/py32f071_ll_spi.c.obj
LOAD CMakeFiles/N7SIX.basic.dir/Drivers/PY32F071_HAL_Driver/Src/py32f071_ll_tim.c.obj
LOAD CMakeFiles/N7SIX.basic.dir/Drivers/PY32F071_HAL_Driver/Src/py32f071_ll_lptim.c.obj
LOAD CMakeFiles/N7SIX.basic.dir/Drivers/PY32F071_HAL_Driver/Src/py32f071_ll_usart.c.obj
LOAD CMakeFiles/N7SIX.basic.dir/App/driver/backlight.c.obj
LOAD CMakeFiles/N7SIX.basic.dir/App/driver/bk4829.c.obj
LOAD CMakeFiles/N7SIX.basic.dir/App/driver/py25q16.c.obj
LOAD CMakeFiles/N7SIX.basic.dir/App/driver/gpio.c.obj
LOAD CMakeFiles/N7SIX.basic.dir/App/driver/i2c.c.obj
LOAD CMakeFiles/N7SIX.basic.dir/App/driver/keyboard.c.obj
LOAD CMakeFiles/N7SIX.basic.dir/App/driver/st7565.c.obj
LOAD CMakeFiles/N7SIX.basic.dir/App/driver/system.c.obj
LOAD CMakeFiles/N7SIX.basic.dir/App/driver/systick.c.obj
LOAD CMakeFiles/N7SIX.basic.dir/App/app/action.c.obj
LOAD CMakeFiles/N7SIX.basic.dir/App/app/app.c.obj
LOAD CMakeFiles/N7SIX.basic.dir/App/app/chFrScanner.c.obj
LOAD CMakeFiles/N7SIX.basic.dir/App/app/common.c.obj
LOAD CMakeFiles/N7SIX.basic.dir/App/app/dtmf.c.obj
LOAD CMakeFiles/N7SIX.basic.dir/App/app/generic.c.obj
LOAD CMakeFiles/N7SIX.basic.dir/App/app/main.c.obj
LOAD CMakeFiles/N7SIX.basic.dir/App/app/menu.c.obj
LOAD CMakeFiles/N7SIX.basic.dir/App/app/scanner.c.obj
LOAD CMakeFiles/N7SIX.basic.dir/App/audio.c.obj
LOAD CMakeFiles/N7SIX.basic.dir/App/bitmaps.c.obj
LOAD CMakeFiles/N7SIX.basic.dir/App/board.c.obj
LOAD CMakeFiles/N7SIX.basic.dir/App/dcs.c.obj
LOAD CMakeFiles/N7SIX.basic.dir/App/font.c.obj
LOAD CMakeFiles/N7SIX.basic.dir/App/frequencies.c.obj
LOAD CMakeFiles/N7SIX.basic.dir/App/functions.c.obj
LOAD CMakeFiles/N7SIX.basic.dir/App/helper/battery.c.obj
LOAD CMakeFiles/N7SIX.basic.dir/App/helper/boot.c.obj
LOAD CMakeFiles/N7SIX.basic.dir/App/misc.c.obj
LOAD CMakeFiles/N7SIX.basic.dir/App/radio.c.obj
LOAD CMakeFiles/N7SIX.basic.dir/App/scheduler.c.obj
LOAD CMakeFiles/N7SIX.basic.dir/App/settings.c.obj
LOAD CMakeFiles/N7SIX.basic.dir/App/ui/battery.c.obj
LOAD CMakeFiles/N7SIX.basic.dir/App/ui/helper.c.obj
LOAD CMakeFiles/N7SIX.basic.dir/App/ui/inputbox.c.obj
LOAD CMakeFiles/N7SIX.basic.dir/App/ui/main.c.obj
LOAD CMakeFiles/N7SIX.basic.dir/App/ui/menu.c.obj
LOAD CMakeFiles/N7SIX.basic.dir/App/ui/scanner.c.obj
LOAD CMakeFiles/N7SIX.basic.dir/App/ui/status.c.obj
LOAD CMakeFiles/N7SIX.basic.dir/App/ui/ui.c.obj
LOAD CMakeFiles/N7SIX.basic.dir/App/ui/welcome.c.obj
LOAD CMakeFiles/N7SIX.basic.dir/App/version.c.obj
LOAD CMakeFiles/N7SIX.basic.dir/App/main.c.obj
LOAD CMakeFiles/N7SIX.basic.dir/App/external/printf/printf.c.obj
LOAD CMakeFiles/N7SIX.basic.dir/App/driver/crc.c.obj
LOAD CMakeFiles/N7SIX.basic.dir/App/driver/eeprom_compat.c.obj
LOAD CMakeFiles/N7SIX.basic.dir/App/driver/uart.c.obj
LOAD CMakeFiles/N7SIX.basic.dir/App/app/uart.c.obj
LOAD CMakeFiles/N7SIX.basic.dir/App/driver/vcp.c.obj
LOAD CMakeFiles/N7SIX.basic.dir/App/usb/usbd_cdc_if.c.obj
LOAD CMakeFiles/N7SIX.basic.dir/App/driver/bk1080.c.obj
LOAD CMakeFiles/N7SIX.basic.dir/App/app/fm.c.obj
LOAD CMakeFiles/N7SIX.basic.dir/App/ui/fmradio.c.obj
LOAD CMakeFiles/N7SIX.basic.dir/App/app/flashlight.c.obj
LOAD CMakeFiles/N7SIX.basic.dir/App/app/spectrum.c.obj
LOAD CMakeFiles/N7SIX.basic.dir/Middlewares/CherryUSB/core/usbd_core.c.obj
LOAD CMakeFiles/N7SIX.basic.dir/Middlewares/CherryUSB/port/usb_dc_py32.c.obj
LOAD CMakeFiles/N7SIX.basic.dir/Middlewares/CherryUSB/class/cdc/usbd_cdc.c.obj
LOAD /opt/toolchain/bin/../lib/gcc/arm-none-eabi/13.3.1/../../../../arm-none-eabi/lib/thumb/v6-m/nofp/libm.a
START GROUP
LOAD /opt/toolchain/bin/../lib/gcc/arm-none-eabi/13.3.1/thumb/v6-m/nofp/libgcc.a
LOAD /opt/toolchain/bin/../lib/gcc/arm-none-eabi/13.3.1/../../../../arm-none-eabi/lib/thumb/v6-m/nofp/libg_nano.a
LOAD /opt/toolchain/bin/../lib/gcc/arm-none-eabi/13.3.1/../../../../arm-none-eabi/lib/thumb/v6-m/nofp/libc_nano.a
END GROUP
START GROUP
LOAD /opt/toolchain/bin/../lib/gcc/arm-none-eabi/13.3.1/thumb/v6-m/nofp/libgcc.a
LOAD /opt/toolchain/bin/../lib/gcc/arm-none-eabi/13.3.1/../../../../arm-none-eabi/lib/thumb/v6-m/nofp/libc_nano.a
END GROUP
LOAD /opt/toolchain/bin/../lib/gcc/arm-none-eabi/13.3.1/thumb/v6-m/nofp/crtend.o
LOAD /opt/toolchain/bin/../lib/gcc/arm-none-eabi/13.3.1/thumb/v6-m/nofp/crtn.o
                0x20004000                        _estack = (ORIGIN (RAM) + LENGTH (RAM))
                0x00000200                        _Min_Heap_Size = 0x200
                0x00000400                        _Min_Stack_Size = 0x400

.isr_vector     0x08002800       0xc0
                0x08002800                        . = ALIGN (0x4)
 *(.isr_vector)
 .isr_vector    0x08002800       0xc0 CMakeFiles/N7SIX.basic.dir/Core/startup_py32f071xx.s.obj
                0x08002800                g_pfnVectors
                0x080028c0                        . = ALIGN (0x4)

.text           0x080028c0    0x10b2c
                0x080028c0                        . = ALIGN (0x4)
 *(.text)
 .text          0x080028c0       0x14 /opt/toolchain/bin/../lib/gcc/arm-none-eabi/13.3.1/thumb/v6-m/nofp/libgcc.a(_thumb1_case_sqi.o)
                0x080028c0                __gnu_thumb1_case_sqi
 .text          0x080028d4       0x14 /opt/toolchain/bin/../lib/gcc/arm-none-eabi/13.3.1/thumb/v6-m/nofp/libgcc.a(_thumb1_case_uqi.o)
                0x080028d4                __gnu_thumb1_case_uqi
 .text          0x080028e8       0x14 /opt/toolchain/bin/../lib/gcc/arm-none-eabi/13.3.1/thumb/v6-m/nofp/libgcc.a(_thumb1_case_shi.o)
                0x080028e8                __gnu_thumb1_case_shi
 .text          0x080028fc       0x14 /opt/toolchain/bin/../lib/gcc/arm-none-eabi/13.3.1/thumb/v6-m/nofp/libgcc.a(_thumb1_case_uhi.o)
                0x080028fc                __gnu_thumb1_case_uhi
 .text          0x08002910      0x114 /opt/toolchain/bin/../lib/gcc/arm-none-eabi/13.3.1/thumb/v6-m/nofp/libgcc.a(_udivsi3.o)
                0x08002910                __udivsi3
                0x08002910                __aeabi_uidiv
                0x08002a1c                __aeabi_uidivmod
 .text          0x08002a24      0x1d4 /opt/toolchain/bin/../lib/gcc/arm-none-eabi/13.3.1/thumb/v6-m/nofp/libgcc.a(_divsi3.o)
                0x08002a24                __aeabi_idiv
                0x08002a24                __divsi3
                0x08002bf0                __aeabi_idivmod
 .text          0x08002bf8        0x4 /opt/toolchain/bin/../lib/gcc/arm-none-eabi/13.3.1/thumb/v6-m/nofp/libgcc.a(_dvmd_tls.o)
                0x08002bf8                __aeabi_ldiv0
                0x08002bf8                __aeabi_idiv0
 .text          0x08002bfc       0x3c /opt/toolchain/bin/../lib/gcc/arm-none-eabi/13.3.1/thumb/v6-m/nofp/libgcc.a(_clzsi2.o)
                0x08002bfc                __clzsi2
 .text          0x08002c38        0xe /opt/toolchain/bin/../lib/gcc/arm-none-eabi/13.3.1/../../../../arm-none-eabi/lib/thumb/v6-m/nofp/libg_nano.a(libc_a-strlen.o)
                0x08002c38                strlen
 *(.text*)
 *fill*         0x08002c46        0x2 
 .text.deregister_tm_clones
                0x08002c48       0x20 /opt/toolchain/bin/../lib/gcc/arm-none-eabi/13.3.1/thumb/v6-m/nofp/crtbegin.o
 .text.register_tm_clones
                0x08002c68       0x28 /opt/toolchain/bin/../lib/gcc/arm-none-eabi/13.3.1/thumb/v6-m/nofp/crtbegin.o
 .text.__do_global_dtors_aux
                0x08002c90       0x2c /opt/toolchain/bin/../lib/gcc/arm-none-eabi/13.3.1/thumb/v6-m/nofp/crtbegin.o
 .text.frame_dummy
                0x08002cbc       0x24 /opt/toolchain/bin/../lib/gcc/arm-none-eabi/13.3.1/thumb/v6-m/nofp/crtbegin.o
 .text.startup.main
                0x08002ce0       0x3c CMakeFiles/N7SIX.basic.dir/Core/Src/main.c.obj
                0x08002ce0                main
 .text.NMI_Handler
                0x08002d1c        0x2 CMakeFiles/N7SIX.basic.dir/Core/Src/py32f071_it.c.obj
                0x08002d1c                NMI_Handler
 .text.HardFault_Handler
                0x08002d1e        0x2 CMakeFiles/N7SIX.basic.dir/Core/Src/py32f071_it.c.obj
                0x08002d1e                HardFault_Handler
 .text.SVC_Handler
                0x08002d20        0x2 CMakeFiles/N7SIX.basic.dir/Core/Src/py32f071_it.c.obj
                0x08002d20                SVC_Handler
 .text.PendSV_Handler
                0x08002d22        0x2 CMakeFiles/N7SIX.basic.dir/Core/Src/py32f071_it.c.obj
                0x08002d22                PendSV_Handler
 .text.SystemInit
                0x08002d24       0x10 CMakeFiles/N7SIX.basic.dir/Core/Src/system_py32f071.c.obj
                0x08002d24                SystemInit
 .text.Reset_Handler
                0x08002d34       0x50 CMakeFiles/N7SIX.basic.dir/Core/startup_py32f071xx.s.obj
                0x08002d34                Reset_Handler
 .text.Default_Handler
                0x08002d84        0x2 CMakeFiles/N7SIX.basic.dir/Core/startup_py32f071xx.s.obj
                0x08002d84                TIM1_CC_IRQHandler
                0x08002d84                PVD_IRQHandler
                0x08002d84                I2C1_IRQHandler
                0x08002d84                SPI1_IRQHandler
                0x08002d84                EXTI2_3_IRQHandler
                0x08002d84                I2C2_IRQHandler
                0x08002d84                TIM17_IRQHandler
                0x08002d84                USART3_IRQHandler
                0x08002d84                RTC_IRQHandler
                0x08002d84                LCD_IRQHandler
                0x08002d84                TIM16_IRQHandler
                0x08002d84                TIM3_IRQHandler
                0x08002d84                EXTI4_15_IRQHandler
                0x08002d84                RCC_IRQHandler
                0x08002d84                DMA1_Channel1_IRQHandler
                0x08002d84                Default_Handler
                0x08002d84                TIM14_IRQHandler
                0x08002d84                TIM7_IRQHandler
                0x08002d84                TIM15_IRQHandler
                0x08002d84                EXTI0_1_IRQHandler
                0x08002d84                SPI2_IRQHandler
                0x08002d84                WWDG_IRQHandler
                0x08002d84                TIM2_IRQHandler
                0x08002d84                DMA1_Channel2_3_IRQHandler
                0x08002d84                ADC_COMP_IRQHandler
                0x08002d84                USART2_IRQHandler
                0x08002d84                TIM6_LPTIM1_DAC_IRQHandler
                0x08002d84                FLASH_IRQHandler
                0x08002d84                USART1_IRQHandler
                0x08002d84                TIM1_BRK_UP_TRG_COM_IRQHandler
 *fill*         0x08002d86        0x2 
 .text.RCC_GetHCLKClockFreq
                0x08002d88       0x20 CMakeFiles/N7SIX.basic.dir/Drivers/PY32F071_HAL_Driver/Src/py32f071_ll_rcc.c.obj
                0x08002d88                RCC_GetHCLKClockFreq
 .text.RCC_GetPCLK1ClockFreq
                0x08002da8       0x20 CMakeFiles/N7SIX.basic.dir/Drivers/PY32F071_HAL_Driver/Src/py32f071_ll_rcc.c.obj
                0x08002da8                RCC_GetPCLK1ClockFreq
 .text.RCC_PLL_GetFreqDomain_SYS
                0x08002dc8       0x38 CMakeFiles/N7SIX.basic.dir/Drivers/PY32F071_HAL_Driver/Src/py32f071_ll_rcc.c.obj
                0x08002dc8                RCC_PLL_GetFreqDomain_SYS
 .text.RCC_GetSystemClockFreq
                0x08002e00       0x50 CMakeFiles/N7SIX.basic.dir/Drivers/PY32F071_HAL_Driver/Src/py32f071_ll_rcc.c.obj
                0x08002e00                RCC_GetSystemClockFreq
 .text.LL_RCC_GetSystemClocksFreq
                0x08002e50       0x18 CMakeFiles/N7SIX.basic.dir/Drivers/PY32F071_HAL_Driver/Src/py32f071_ll_rcc.c.obj
                0x08002e50                LL_RCC_GetSystemClocksFreq
 .text.LL_DMA_Init
                0x08002e68       0x4c CMakeFiles/N7SIX.basic.dir/Drivers/PY32F071_HAL_Driver/Src/py32f071_ll_dma.c.obj
                0x08002e68                LL_DMA_Init
 .text.LL_DMA_StructInit
                0x08002eb4       0x18 CMakeFiles/N7SIX.basic.dir/Drivers/PY32F071_HAL_Driver/Src/py32f071_ll_dma.c.obj
                0x08002eb4                LL_DMA_StructInit
 .text.LL_GPIO_Init
                0x08002ecc       0xa4 CMakeFiles/N7SIX.basic.dir/Drivers/PY32F071_HAL_Driver/Src/py32f071_ll_gpio.c.obj
                0x08002ecc                LL_GPIO_Init
 .text.LL_GPIO_StructInit
                0x08002f70       0x18 CMakeFiles/N7SIX.basic.dir/Drivers/PY32F071_HAL_Driver/Src/py32f071_ll_gpio.c.obj
                0x08002f70                LL_GPIO_StructInit
 .text.LL_SetSystemCoreClock
                0x08002f88        0xc CMakeFiles/N7SIX.basic.dir/Drivers/PY32F071_HAL_Driver/Src/py32f071_ll_utils.c.obj
                0x08002f88                LL_SetSystemCoreClock
 .text.LL_SPI_Init
                0x08002f94       0x68 CMakeFiles/N7SIX.basic.dir/Drivers/PY32F071_HAL_Driver/Src/py32f071_ll_spi.c.obj
                0x08002f94                LL_SPI_Init
 .text.LL_SPI_StructInit
                0x08002ffc       0x1a CMakeFiles/N7SIX.basic.dir/Drivers/PY32F071_HAL_Driver/Src/py32f071_ll_spi.c.obj
                0x08002ffc                LL_SPI_StructInit
 *fill*         0x08003016        0x2 
 .text.LL_USART_Init
                0x08003018       0xe4 CMakeFiles/N7SIX.basic.dir/Drivers/PY32F071_HAL_Driver/Src/py32f071_ll_usart.c.obj
                0x08003018                LL_USART_Init
 .text.LL_USART_StructInit
                0x080030fc       0x18 CMakeFiles/N7SIX.basic.dir/Drivers/PY32F071_HAL_Driver/Src/py32f071_ll_usart.c.obj
                0x080030fc                LL_USART_StructInit
 .text.BACKLIGHT_Sound
                0x08003114       0x28 CMakeFiles/N7SIX.basic.dir/App/driver/backlight.c.obj
 .text.BACKLIGHT_InitHardware
                0x0800313c       0xc4 CMakeFiles/N7SIX.basic.dir/App/driver/backlight.c.obj
                0x0800313c                BACKLIGHT_InitHardware
 .text.BACKLIGHT_IsOn
                0x08003200        0xc CMakeFiles/N7SIX.basic.dir/App/driver/backlight.c.obj
                0x08003200                BACKLIGHT_IsOn
 .text.BACKLIGHT_SetBrightness
                0x0800320c       0xbc CMakeFiles/N7SIX.basic.dir/App/driver/backlight.c.obj
                0x0800320c                BACKLIGHT_SetBrightness
 .text.BACKLIGHT_TurnOff
                0x080032c8       0x24 CMakeFiles/N7SIX.basic.dir/App/driver/backlight.c.obj
                0x080032c8                BACKLIGHT_TurnOff
 .text.BACKLIGHT_TurnOn
                0x080032ec       0x84 CMakeFiles/N7SIX.basic.dir/App/driver/backlight.c.obj
                0x080032ec                BACKLIGHT_TurnOn
 .text.BK4819_WriteU8
                0x08003370       0x54 CMakeFiles/N7SIX.basic.dir/App/driver/bk4829.c.obj
                0x08003370                BK4819_WriteU8
 .text.BK4819_ReadRegister
                0x080033c4       0x98 CMakeFiles/N7SIX.basic.dir/App/driver/bk4829.c.obj
                0x080033c4                BK4819_ReadRegister
 .text.BK4819_WriteU16
                0x0800345c       0x54 CMakeFiles/N7SIX.basic.dir/App/driver/bk4829.c.obj
                0x0800345c                BK4819_WriteU16
 .text.BK4819_WriteRegister
                0x080034b0       0x4c CMakeFiles/N7SIX.basic.dir/App/driver/bk4829.c.obj
                0x080034b0                BK4819_WriteRegister
 .text.BK4819_Init
                0x080034fc      0x1d0 CMakeFiles/N7SIX.basic.dir/App/driver/bk4829.c.obj
                0x080034fc                BK4819_Init
 .text.BK4819_SetAGC
                0x080036cc       0x30 CMakeFiles/N7SIX.basic.dir/App/driver/bk4829.c.obj
                0x080036cc                BK4819_SetAGC
 .text.BK4819_InitAGC
                0x080036fc       0x64 CMakeFiles/N7SIX.basic.dir/App/driver/bk4829.c.obj
                0x080036fc                BK4819_InitAGC
 .text.BK4819_ToggleGpioOut
                0x08003760       0x2c CMakeFiles/N7SIX.basic.dir/App/driver/bk4829.c.obj
                0x08003760                BK4819_ToggleGpioOut
 .text.BK4819_SetCDCSSCodeWord
                0x0800378c       0x38 CMakeFiles/N7SIX.basic.dir/App/driver/bk4829.c.obj
                0x0800378c                BK4819_SetCDCSSCodeWord
 .text.BK4819_SetCTCSSFrequency
                0x080037c4       0x48 CMakeFiles/N7SIX.basic.dir/App/driver/bk4829.c.obj
                0x080037c4                BK4819_SetCTCSSFrequency
 .text.BK4819_SetTailDetection
                0x0800380c       0x24 CMakeFiles/N7SIX.basic.dir/App/driver/bk4829.c.obj
                0x0800380c                BK4819_SetTailDetection
 .text.BK4819_SetFilterBandwidth
                0x08003830       0x1c CMakeFiles/N7SIX.basic.dir/App/driver/bk4829.c.obj
                0x08003830                BK4819_SetFilterBandwidth
 .text.BK4819_SetupPowerAmplifier
                0x0800384c       0x20 CMakeFiles/N7SIX.basic.dir/App/driver/bk4829.c.obj
                0x0800384c                BK4819_SetupPowerAmplifier
 .text.BK4819_SetFrequency
                0x0800386c       0x16 CMakeFiles/N7SIX.basic.dir/App/driver/bk4829.c.obj
                0x0800386c                BK4819_SetFrequency
 *fill*         0x08003882        0x2 
 .text.BK4819_SetAF
                0x08003884       0x14 CMakeFiles/N7SIX.basic.dir/App/driver/bk4829.c.obj
                0x08003884                BK4819_SetAF
 .text.BK4819_SetRegValue
                0x08003898       0x2e CMakeFiles/N7SIX.basic.dir/App/driver/bk4829.c.obj
                0x08003898                BK4819_SetRegValue
 *fill*         0x080038c6        0x2 
 .text.BK4819_RX_TurnOn
                0x080038c8       0x24 CMakeFiles/N7SIX.basic.dir/App/driver/bk4829.c.obj
                0x080038c8                BK4819_RX_TurnOn
 .text.BK4819_SetupSquelch
                0x080038ec       0x56 CMakeFiles/N7SIX.basic.dir/App/driver/bk4829.c.obj
                0x080038ec                BK4819_SetupSquelch
 *fill*         0x08003942        0x2 
 .text.BK4819_PickRXFilterPathBasedOnFrequency
                0x08003944       0x30 CMakeFiles/N7SIX.basic.dir/App/driver/bk4829.c.obj
                0x08003944                BK4819_PickRXFilterPathBasedOnFrequency
 .text.BK4819_DisableScramble
                0x08003974       0x1e CMakeFiles/N7SIX.basic.dir/App/driver/bk4829.c.obj
                0x08003974                BK4819_DisableScramble
 *fill*         0x08003992        0x2 
 .text.BK4819_SetCompander
                0x08003994       0x54 CMakeFiles/N7SIX.basic.dir/App/driver/bk4829.c.obj
                0x08003994                BK4819_SetCompander
 .text.BK4819_DisableVox
                0x080039e8       0x16 CMakeFiles/N7SIX.basic.dir/App/driver/bk4829.c.obj
                0x080039e8                BK4819_DisableVox
 .text.BK4819_DisableDTMF
                0x080039fe        0xc CMakeFiles/N7SIX.basic.dir/App/driver/bk4829.c.obj
                0x080039fe                BK4819_DisableDTMF
 *fill*         0x08003a0a        0x2 
 .text.BK4819_EnableDTMF
                0x08003a0c       0x1c CMakeFiles/N7SIX.basic.dir/App/driver/bk4829.c.obj
                0x08003a0c                BK4819_EnableDTMF
 .text.BK4819_EnterTxMute
                0x08003a28       0x10 CMakeFiles/N7SIX.basic.dir/App/driver/bk4829.c.obj
                0x08003a28                BK4819_EnterTxMute
 .text.BK4819_PlayTone
                0x08003a38       0x58 CMakeFiles/N7SIX.basic.dir/App/driver/bk4829.c.obj
                0x08003a38                BK4819_PlayTone
 .text.BK4819_ExitTxMute
                0x08003a90       0x10 CMakeFiles/N7SIX.basic.dir/App/driver/bk4829.c.obj
                0x08003a90                BK4819_ExitTxMute
 .text.BK4819_Sleep
                0x08003aa0       0x16 CMakeFiles/N7SIX.basic.dir/App/driver/bk4829.c.obj
                0x08003aa0                BK4819_Sleep
 *fill*         0x08003ab6        0x2 
 .text.BK4819_TurnsOffTones_TurnsOnRX
                0x08003ab8       0x2c CMakeFiles/N7SIX.basic.dir/App/driver/bk4829.c.obj
                0x08003ab8                BK4819_TurnsOffTones_TurnsOnRX
 .text.BK4819_Idle
                0x08003ae4        0xc CMakeFiles/N7SIX.basic.dir/App/driver/bk4829.c.obj
                0x08003ae4                BK4819_Idle
 .text.BK4819_ExitBypass
                0x08003af0       0x20 CMakeFiles/N7SIX.basic.dir/App/driver/bk4829.c.obj
                0x08003af0                BK4819_ExitBypass
 .text.BK4819_TxOn_Beep
                0x08003b10       0x38 CMakeFiles/N7SIX.basic.dir/App/driver/bk4829.c.obj
                0x08003b10                BK4819_TxOn_Beep
 .text.BK4819_PrepareTransmit
                0x08003b48       0x10 CMakeFiles/N7SIX.basic.dir/App/driver/bk4829.c.obj
                0x08003b48                BK4819_PrepareTransmit
 .text.BK4819_ExitSubAu
                0x08003b58        0xc CMakeFiles/N7SIX.basic.dir/App/driver/bk4829.c.obj
                0x08003b58                BK4819_ExitSubAu
 .text.BK4819_Conditional_RX_TurnOn_and_GPIO6_Enable
                0x08003b64       0x1c CMakeFiles/N7SIX.basic.dir/App/driver/bk4829.c.obj
                0x08003b64                BK4819_Conditional_RX_TurnOn_and_GPIO6_Enable
 .text.BK4819_ExitDTMF_TX
                0x08003b80       0x30 CMakeFiles/N7SIX.basic.dir/App/driver/bk4829.c.obj
                0x08003b80                BK4819_ExitDTMF_TX
 .text.BK4819_EnableTXLink
                0x08003bb0       0x10 CMakeFiles/N7SIX.basic.dir/App/driver/bk4829.c.obj
                0x08003bb0                BK4819_EnableTXLink
 .text.BK4819_PlaySingleTone
                0x08003bc0       0x94 CMakeFiles/N7SIX.basic.dir/App/driver/bk4829.c.obj
                0x08003bc0                BK4819_PlaySingleTone
 .text.BK4819_EnterDTMF_TX
                0x08003c54       0x2c CMakeFiles/N7SIX.basic.dir/App/driver/bk4829.c.obj
                0x08003c54                BK4819_EnterDTMF_TX
 .text.BK4819_PlayDTMF
                0x08003c80       0x7c CMakeFiles/N7SIX.basic.dir/App/driver/bk4829.c.obj
                0x08003c80                BK4819_PlayDTMF
 .text.BK4819_PlayDTMFString
                0x08003cfc       0x5a CMakeFiles/N7SIX.basic.dir/App/driver/bk4829.c.obj
                0x08003cfc                BK4819_PlayDTMFString
 *fill*         0x08003d56        0x2 
 .text.BK4819_TransmitTone
                0x08003d58       0x48 CMakeFiles/N7SIX.basic.dir/App/driver/bk4829.c.obj
                0x08003d58                BK4819_TransmitTone
 .text.BK4819_GenTail
                0x08003da0       0x40 CMakeFiles/N7SIX.basic.dir/App/driver/bk4829.c.obj
                0x08003da0                BK4819_GenTail
 .text.BK4819_PlayCDCSSTail
                0x08003de0       0x18 CMakeFiles/N7SIX.basic.dir/App/driver/bk4829.c.obj
                0x08003de0                BK4819_PlayCDCSSTail
 .text.BK4819_PlayCTCSSTail
                0x08003df8       0x18 CMakeFiles/N7SIX.basic.dir/App/driver/bk4829.c.obj
                0x08003df8                BK4819_PlayCTCSSTail
 .text.BK4819_GetRSSI
                0x08003e10        0xe CMakeFiles/N7SIX.basic.dir/App/driver/bk4829.c.obj
                0x08003e10                BK4819_GetRSSI
 .text.BK4819_GetRSSI_dBm
                0x08003e1e        0xe CMakeFiles/N7SIX.basic.dir/App/driver/bk4829.c.obj
                0x08003e1e                BK4819_GetRSSI_dBm
 .text.BK4819_GetFrequencyScanResult
                0x08003e2c       0x30 CMakeFiles/N7SIX.basic.dir/App/driver/bk4829.c.obj
                0x08003e2c                BK4819_GetFrequencyScanResult
 .text.BK4819_GetCxCSSScanResult
                0x08003e5c       0x58 CMakeFiles/N7SIX.basic.dir/App/driver/bk4829.c.obj
                0x08003e5c                BK4819_GetCxCSSScanResult
 .text.BK4819_DisableFrequencyScan
                0x08003eb4        0xe CMakeFiles/N7SIX.basic.dir/App/driver/bk4829.c.obj
                0x08003eb4                BK4819_DisableFrequencyScan
 *fill*         0x08003ec2        0x2 
 .text.BK4819_EnableFrequencyScan
                0x08003ec4       0x10 CMakeFiles/N7SIX.basic.dir/App/driver/bk4829.c.obj
                0x08003ec4                BK4819_EnableFrequencyScan
 .text.BK4819_SetScanFrequency
                0x08003ed4       0x16 CMakeFiles/N7SIX.basic.dir/App/driver/bk4829.c.obj
                0x08003ed4                BK4819_SetScanFrequency
 .text.BK4819_Disable
                0x08003eea        0x8 CMakeFiles/N7SIX.basic.dir/App/driver/bk4829.c.obj
                0x08003eea                BK4819_Disable
 .text.BK4819_StopScan
                0x08003ef2        0xc CMakeFiles/N7SIX.basic.dir/App/driver/bk4829.c.obj
                0x08003ef2                BK4819_StopScan
 .text.BK4819_GetDTMF_5TONE_Code
                0x08003efe        0xe CMakeFiles/N7SIX.basic.dir/App/driver/bk4829.c.obj
                0x08003efe                BK4819_GetDTMF_5TONE_Code
 .text.BK4819_GetCDCSSCodeType
                0x08003f0c        0xe CMakeFiles/N7SIX.basic.dir/App/driver/bk4829.c.obj
                0x08003f0c                BK4819_GetCDCSSCodeType
 .text.BK4819_GetCTCType
                0x08003f1a        0xe CMakeFiles/N7SIX.basic.dir/App/driver/bk4829.c.obj
                0x08003f1a                BK4819_GetCTCType
 .text.BK4819_PlayRogerMDC
                0x08003f28       0x78 CMakeFiles/N7SIX.basic.dir/App/driver/bk4829.c.obj
                0x08003f28                BK4819_PlayRogerMDC
 .text.BK4819_PlayRoger
                0x08003fa0       0x80 CMakeFiles/N7SIX.basic.dir/App/driver/bk4829.c.obj
                0x08003fa0                BK4819_PlayRoger
 .text.BK4819_PlayDTMFEx
                0x08004020       0x3c CMakeFiles/N7SIX.basic.dir/App/driver/bk4829.c.obj
                0x08004020                BK4819_PlayDTMFEx
 .text.SPI_WriteByte
                0x0800405c       0x20 CMakeFiles/N7SIX.basic.dir/App/driver/py25q16.c.obj
 .text.WriteAddr
                0x0800407c       0x1c CMakeFiles/N7SIX.basic.dir/App/driver/py25q16.c.obj
 .text.WaitWIP  0x08004098       0x30 CMakeFiles/N7SIX.basic.dir/App/driver/py25q16.c.obj
 .text.SectorErase
                0x080040c8       0x2e CMakeFiles/N7SIX.basic.dir/App/driver/py25q16.c.obj
 *fill*         0x080040f6        0x2 
 .text.SectorProgram
                0x080040f8      0x12c CMakeFiles/N7SIX.basic.dir/App/driver/py25q16.c.obj
 .text.PY25Q16_Init
                0x08004224       0xf0 CMakeFiles/N7SIX.basic.dir/App/driver/py25q16.c.obj
                0x08004224                PY25Q16_Init
 .text.PY25Q16_ReadBuffer
                0x08004314       0xf4 CMakeFiles/N7SIX.basic.dir/App/driver/py25q16.c.obj
                0x08004314                PY25Q16_ReadBuffer
 .text.PY25Q16_WriteBuffer
                0x08004408       0xdc CMakeFiles/N7SIX.basic.dir/App/driver/py25q16.c.obj
                0x08004408                PY25Q16_WriteBuffer
 .text.PY25Q16_SectorErase
                0x080044e4       0x2c CMakeFiles/N7SIX.basic.dir/App/driver/py25q16.c.obj
                0x080044e4                PY25Q16_SectorErase
 .text.DMA1_Channel4_5_6_7_IRQHandler
                0x08004510       0x64 CMakeFiles/N7SIX.basic.dir/App/driver/py25q16.c.obj
                0x08004510                DMA1_Channel4_5_6_7_IRQHandler
 .text.I2C_Start
                0x08004574       0x30 CMakeFiles/N7SIX.basic.dir/App/driver/i2c.c.obj
                0x08004574                I2C_Start
 .text.I2C_Stop
                0x080045a4       0x30 CMakeFiles/N7SIX.basic.dir/App/driver/i2c.c.obj
                0x080045a4                I2C_Stop
 .text.I2C_Read
                0x080045d4       0x98 CMakeFiles/N7SIX.basic.dir/App/driver/i2c.c.obj
                0x080045d4                I2C_Read
 .text.I2C_Write
                0x0800466c       0xa4 CMakeFiles/N7SIX.basic.dir/App/driver/i2c.c.obj
                0x0800466c                I2C_Write
 .text.I2C_ReadBuffer
                0x08004710       0x3e CMakeFiles/N7SIX.basic.dir/App/driver/i2c.c.obj
                0x08004710                I2C_ReadBuffer
 .text.I2C_WriteBuffer
                0x0800474e       0x20 CMakeFiles/N7SIX.basic.dir/App/driver/i2c.c.obj
                0x0800474e                I2C_WriteBuffer
 *fill*         0x0800476e        0x2 
 .text.KEYBOARD_Poll
                0x08004770       0x8c CMakeFiles/N7SIX.basic.dir/App/driver/keyboard.c.obj
                0x08004770                KEYBOARD_Poll
 .text.SPI_WriteByte.isra.0
                0x080047fc       0x1c CMakeFiles/N7SIX.basic.dir/App/driver/st7565.c.obj
 .text.map      0x08004818       0x1c CMakeFiles/N7SIX.basic.dir/App/driver/st7565.c.obj
                0x08004818                map
 .text.ST7565_Gauge
                0x08004834       0x50 CMakeFiles/N7SIX.basic.dir/App/driver/st7565.c.obj
                0x08004834                ST7565_Gauge
 .text.ST7565_HardwareReset
                0x08004884        0x2 CMakeFiles/N7SIX.basic.dir/App/driver/st7565.c.obj
                0x08004884                ST7565_HardwareReset
 .text.ST7565_SelectColumnAndLine
                0x08004886       0x28 CMakeFiles/N7SIX.basic.dir/App/driver/st7565.c.obj
                0x08004886                ST7565_SelectColumnAndLine
 .text.DrawLine
                0x080048ae       0x30 CMakeFiles/N7SIX.basic.dir/App/driver/st7565.c.obj
 *fill*         0x080048de        0x2 
 .text.ST7565_DrawLine
                0x080048e0       0x18 CMakeFiles/N7SIX.basic.dir/App/driver/st7565.c.obj
                0x080048e0                ST7565_DrawLine
 .text.ST7565_WriteByte
                0x080048f8       0x10 CMakeFiles/N7SIX.basic.dir/App/driver/st7565.c.obj
                0x080048f8                ST7565_WriteByte
 .text.ST7565_BlitScreen
                0x08004908       0x5c CMakeFiles/N7SIX.basic.dir/App/driver/st7565.c.obj
 .text.ST7565_BlitFullScreen
                0x08004964        0xa CMakeFiles/N7SIX.basic.dir/App/driver/st7565.c.obj
                0x08004964                ST7565_BlitFullScreen
 .text.ST7565_BlitLine
                0x0800496e        0xc CMakeFiles/N7SIX.basic.dir/App/driver/st7565.c.obj
                0x0800496e                ST7565_BlitLine
 .text.ST7565_BlitStatusLine
                0x0800497a        0xa CMakeFiles/N7SIX.basic.dir/App/driver/st7565.c.obj
                0x0800497a                ST7565_BlitStatusLine
 .text.ST7565_FillScreen
                0x08004984       0x54 CMakeFiles/N7SIX.basic.dir/App/driver/st7565.c.obj
                0x08004984                ST7565_FillScreen
 .text.ST7565_Cmd
                0x080049d8       0x34 CMakeFiles/N7SIX.basic.dir/App/driver/st7565.c.obj
 .text.ST7565_FixInterfGlitch
                0x08004a0c       0x24 CMakeFiles/N7SIX.basic.dir/App/driver/st7565.c.obj
                0x08004a0c                ST7565_FixInterfGlitch
 .text.ST7565_ContrastAndInv
                0x08004a30       0x28 CMakeFiles/N7SIX.basic.dir/App/driver/st7565.c.obj
                0x08004a30                ST7565_ContrastAndInv
 .text.ST7565_Init
                0x08004a58      0x10c CMakeFiles/N7SIX.basic.dir/App/driver/st7565.c.obj
                0x08004a58                ST7565_Init
 .text.ST7565_ShutDown
                0x08004b64       0x24 CMakeFiles/N7SIX.basic.dir/App/driver/st7565.c.obj
                0x08004b64                ST7565_ShutDown
 .text.SYSTEM_DelayMs
                0x08004b88        0xe CMakeFiles/N7SIX.basic.dir/App/driver/system.c.obj
                0x08004b88                SYSTEM_DelayMs
 *fill*         0x08004b96        0x2 
 .text.SYSTICK_Init
                0x08004b98       0x40 CMakeFiles/N7SIX.basic.dir/App/driver/systick.c.obj
                0x08004b98                SYSTICK_Init
 .text.SYSTICK_DelayUs
                0x08004bd8       0x34 CMakeFiles/N7SIX.basic.dir/App/driver/systick.c.obj
                0x08004bd8                SYSTICK_DelayUs
 .text.ACTION_Power
                0x08004c0c       0x34 CMakeFiles/N7SIX.basic.dir/App/app/action.c.obj
                0x08004c0c                ACTION_Power
 .text.ACTION_SwitchDemodul
                0x08004c40       0x24 CMakeFiles/N7SIX.basic.dir/App/app/action.c.obj
                0x08004c40                ACTION_SwitchDemodul
 .text.ACTION_Ptt
                0x08004c64       0x10 CMakeFiles/N7SIX.basic.dir/App/app/action.c.obj
                0x08004c64                ACTION_Ptt
 .text.ACTION_BackLight
                0x08004c74       0x28 CMakeFiles/N7SIX.basic.dir/App/app/action.c.obj
                0x08004c74                ACTION_BackLight
 .text.ACTION_Mute
                0x08004c9c       0x60 CMakeFiles/N7SIX.basic.dir/App/app/action.c.obj
                0x08004c9c                ACTION_Mute
 .text.ACTION_Monitor
                0x08004cfc       0x88 CMakeFiles/N7SIX.basic.dir/App/app/action.c.obj
                0x08004cfc                ACTION_Monitor
 .text.ACTION_FM
                0x08004d84       0x5c CMakeFiles/N7SIX.basic.dir/App/app/action.c.obj
                0x08004d84                ACTION_FM
 .text.ACTION_Wn
                0x08004de0       0x5c CMakeFiles/N7SIX.basic.dir/App/app/action.c.obj
                0x08004de0                ACTION_Wn
 .text.ACTION_1750
                0x08004e3c       0x48 CMakeFiles/N7SIX.basic.dir/App/app/action.c.obj
 .text.ACTION_Scan
                0x08004e84      0x128 CMakeFiles/N7SIX.basic.dir/App/app/action.c.obj
                0x08004e84                ACTION_Scan
 .text.ACTION_ScanRestart
                0x08004fac        0xa CMakeFiles/N7SIX.basic.dir/App/app/action.c.obj
 *fill*         0x08004fb6        0x2 
 .text.ACTION_Handle
                0x08004fb8       0xd0 CMakeFiles/N7SIX.basic.dir/App/app/action.c.obj
                0x08004fb8                ACTION_Handle
 .text.ACTION_Update
                0x08005088       0x20 CMakeFiles/N7SIX.basic.dir/App/app/action.c.obj
                0x08005088                ACTION_Update
 .text.ACTION_RxMode
                0x080050a8       0x34 CMakeFiles/N7SIX.basic.dir/App/app/action.c.obj
                0x080050a8                ACTION_RxMode
 .text.ACTION_MainOnly
                0x080050dc       0x40 CMakeFiles/N7SIX.basic.dir/App/app/action.c.obj
                0x080050dc                ACTION_MainOnly
 .text.ACTION_BackLightOnDemand
                0x0800511c       0x48 CMakeFiles/N7SIX.basic.dir/App/app/action.c.obj
                0x0800511c                ACTION_BackLightOnDemand
 .text.DualwatchAlternate
                0x08005164       0x58 CMakeFiles/N7SIX.basic.dir/App/app/app.c.obj
 .text.HandleReceive
                0x080051bc      0x1f0 CMakeFiles/N7SIX.basic.dir/App/app/app.c.obj
 .text.CheckForIncoming
                0x080053ac       0x9c CMakeFiles/N7SIX.basic.dir/App/app/app.c.obj
 .text.HandlePowerSave
                0x08005448       0x14 CMakeFiles/N7SIX.basic.dir/App/app/app.c.obj
 .text.APP_StartListening
                0x0800545c      0x11c CMakeFiles/N7SIX.basic.dir/App/app/app.c.obj
                0x0800545c                APP_StartListening
 .text.HandleIncoming
                0x08005578       0xa4 CMakeFiles/N7SIX.basic.dir/App/app/app.c.obj
 .text.APP_SetFreqByStepAndLimits
                0x0800561c       0x2c CMakeFiles/N7SIX.basic.dir/App/app/app.c.obj
                0x0800561c                APP_SetFreqByStepAndLimits
 .text.APP_SetFrequencyByStep
                0x08005648       0x1c CMakeFiles/N7SIX.basic.dir/App/app/app.c.obj
                0x08005648                APP_SetFrequencyByStep
 .text.APP_EndTransmission
                0x08005664       0x28 CMakeFiles/N7SIX.basic.dir/App/app/app.c.obj
                0x08005664                APP_EndTransmission
 .text.cancelUserInputModes
                0x0800568c       0x7c CMakeFiles/N7SIX.basic.dir/App/app/app.c.obj
                0x0800568c                cancelUserInputModes
 .text.ProcessKey
                0x08005708      0x664 CMakeFiles/N7SIX.basic.dir/App/app/app.c.obj
 .text.APP_Update
                0x08005d6c      0x3d4 CMakeFiles/N7SIX.basic.dir/App/app/app.c.obj
                0x08005d6c                APP_Update
 .text.APP_TimeSlice10ms
                0x08006140      0x490 CMakeFiles/N7SIX.basic.dir/App/app/app.c.obj
                0x08006140                APP_TimeSlice10ms
 .text.APP_TimeSlice500ms
                0x080065d0      0x464 CMakeFiles/N7SIX.basic.dir/App/app/app.c.obj
                0x080065d0                APP_TimeSlice500ms
 .text.NextMemChannel
                0x08006a34      0x118 CMakeFiles/N7SIX.basic.dir/App/app/chFrScanner.c.obj
 .text.NextFreqChannel
                0x08006b4c       0x60 CMakeFiles/N7SIX.basic.dir/App/app/chFrScanner.c.obj
 .text.CHFRSCANNER_Start
                0x08006bac       0xb4 CMakeFiles/N7SIX.basic.dir/App/app/chFrScanner.c.obj
                0x08006bac                CHFRSCANNER_Start
 .text.CHFRSCANNER_ContinueScanning
                0x08006c60       0x6c CMakeFiles/N7SIX.basic.dir/App/app/chFrScanner.c.obj
                0x08006c60                CHFRSCANNER_ContinueScanning
 .text.CHFRSCANNER_Found
                0x08006ccc       0x78 CMakeFiles/N7SIX.basic.dir/App/app/chFrScanner.c.obj
                0x08006ccc                CHFRSCANNER_Found
 .text.CHFRSCANNER_Stop
                0x08006d44       0xac CMakeFiles/N7SIX.basic.dir/App/app/chFrScanner.c.obj
                0x08006d44                CHFRSCANNER_Stop
 .text.COMMON_KeypadLockToggle
                0x08006df0       0x30 CMakeFiles/N7SIX.basic.dir/App/app/common.c.obj
                0x08006df0                COMMON_KeypadLockToggle
 .text.COMMON_SwitchVFOs
                0x08006e20       0x54 CMakeFiles/N7SIX.basic.dir/App/app/common.c.obj
                0x08006e20                COMMON_SwitchVFOs
 .text.COMMON_SwitchVFOMode
                0x08006e74       0x50 CMakeFiles/N7SIX.basic.dir/App/app/common.c.obj
                0x08006e74                COMMON_SwitchVFOMode
 .text.DTMF_SendEndOfTransmission
                0x08006ec4       0xa4 CMakeFiles/N7SIX.basic.dir/App/app/dtmf.c.obj
                0x08006ec4                DTMF_SendEndOfTransmission
 .text.DTMF_ValidateCodes
                0x08006f68       0x50 CMakeFiles/N7SIX.basic.dir/App/app/dtmf.c.obj
                0x08006f68                DTMF_ValidateCodes
 .text.DTMF_GetCharacter
                0x08006fb8       0x20 CMakeFiles/N7SIX.basic.dir/App/app/dtmf.c.obj
                0x08006fb8                DTMF_GetCharacter
 .text.DTMF_clear_input_box
                0x08006fd8       0x24 CMakeFiles/N7SIX.basic.dir/App/app/dtmf.c.obj
                0x08006fd8                DTMF_clear_input_box
 .text.DTMF_Append
                0x08006ffc       0x34 CMakeFiles/N7SIX.basic.dir/App/app/dtmf.c.obj
                0x08006ffc                DTMF_Append
 .text.DTMF_Reply
                0x08007030       0xb8 CMakeFiles/N7SIX.basic.dir/App/app/dtmf.c.obj
                0x08007030                DTMF_Reply
 .text.GENERIC_Key_F
                0x080070e8       0x9c CMakeFiles/N7SIX.basic.dir/App/app/generic.c.obj
                0x080070e8                GENERIC_Key_F
 .text.GENERIC_Key_PTT
                0x08007184      0x184 CMakeFiles/N7SIX.basic.dir/App/app/generic.c.obj
                0x08007184                GENERIC_Key_PTT
 .text.processFKeyFunction
                0x08007308      0x360 CMakeFiles/N7SIX.basic.dir/App/app/main.c.obj
 .text.MAIN_Key_UP_DOWN.part.0
                0x08007668       0xd8 CMakeFiles/N7SIX.basic.dir/App/app/main.c.obj
 .text.channelMove
                0x08007740       0x50 CMakeFiles/N7SIX.basic.dir/App/app/main.c.obj
                0x08007740                channelMove
 .text.channelMoveSwitch
                0x08007790       0x68 CMakeFiles/N7SIX.basic.dir/App/app/main.c.obj
                0x08007790                channelMoveSwitch
 .text.MAIN_ProcessKeys
                0x080077f8      0x594 CMakeFiles/N7SIX.basic.dir/App/app/main.c.obj
                0x080077f8                MAIN_ProcessKeys
 .text.MENU_StartCssScan
                0x08007d8c       0x24 CMakeFiles/N7SIX.basic.dir/App/app/menu.c.obj
                0x08007d8c                MENU_StartCssScan
 .text.MENU_StopCssScan
                0x08007db0       0x20 CMakeFiles/N7SIX.basic.dir/App/app/menu.c.obj
                0x08007db0                MENU_StopCssScan
 .text.MENU_GetLimits
                0x08007dd0       0xdc CMakeFiles/N7SIX.basic.dir/App/app/menu.c.obj
                0x08007dd0                MENU_GetLimits
 .text.MENU_Key_UP_DOWN
                0x08007eac      0x1c8 CMakeFiles/N7SIX.basic.dir/App/app/menu.c.obj
 .text.MENU_AcceptSetting
                0x08008074      0x580 CMakeFiles/N7SIX.basic.dir/App/app/menu.c.obj
                0x08008074                MENU_AcceptSetting
 .text.MENU_ShowCurrentSetting
                0x080085f4      0x3d8 CMakeFiles/N7SIX.basic.dir/App/app/menu.c.obj
                0x080085f4                MENU_ShowCurrentSetting
 .text.MENU_CssScanFound
                0x080089cc       0x3c CMakeFiles/N7SIX.basic.dir/App/app/menu.c.obj
                0x080089cc                MENU_CssScanFound
 .text.MENU_ProcessKeys
                0x08008a08      0x550 CMakeFiles/N7SIX.basic.dir/App/app/menu.c.obj
                0x08008a08                MENU_ProcessKeys
 .text.SCANNER_Key_UP_DOWN
                0x08008f58       0x68 CMakeFiles/N7SIX.basic.dir/App/app/scanner.c.obj
 .text.SCANNER_Start
                0x08008fc0      0x100 CMakeFiles/N7SIX.basic.dir/App/app/scanner.c.obj
                0x08008fc0                SCANNER_Start
 .text.SCANNER_IsScanning
                0x080090c0       0x20 CMakeFiles/N7SIX.basic.dir/App/app/scanner.c.obj
                0x080090c0                SCANNER_IsScanning
 .text.SCANNER_Stop
                0x080090e0       0x50 CMakeFiles/N7SIX.basic.dir/App/app/scanner.c.obj
                0x080090e0                SCANNER_Stop
 .text.SCANNER_ProcessKeys
                0x08009130      0x2bc CMakeFiles/N7SIX.basic.dir/App/app/scanner.c.obj
                0x08009130                SCANNER_ProcessKeys
 .text.SCANNER_TimeSlice10ms
                0x080093ec      0x184 CMakeFiles/N7SIX.basic.dir/App/app/scanner.c.obj
                0x080093ec                SCANNER_TimeSlice10ms
 .text.SCANNER_TimeSlice500ms
                0x08009570       0x48 CMakeFiles/N7SIX.basic.dir/App/app/scanner.c.obj
                0x08009570                SCANNER_TimeSlice500ms
 .text.AUDIO_PlayBeep
                0x080095b8      0x160 CMakeFiles/N7SIX.basic.dir/App/audio.c.obj
                0x080095b8                AUDIO_PlayBeep
 .text.BOARD_GPIO_Init
                0x08009718       0xcc CMakeFiles/N7SIX.basic.dir/App/board.c.obj
                0x08009718                BOARD_GPIO_Init
 .text.BOARD_ADC_Init
                0x080097e4      0x1bc CMakeFiles/N7SIX.basic.dir/App/board.c.obj
                0x080097e4                BOARD_ADC_Init
 .text.BOARD_ADC_GetBatteryInfo
                0x080099a0       0x2c CMakeFiles/N7SIX.basic.dir/App/board.c.obj
                0x080099a0                BOARD_ADC_GetBatteryInfo
 .text.BOARD_Init
                0x080099cc       0x20 CMakeFiles/N7SIX.basic.dir/App/board.c.obj
                0x080099cc                BOARD_Init
 .text.DCS_GetGolayCodeWord
                0x080099ec       0x4c CMakeFiles/N7SIX.basic.dir/App/dcs.c.obj
                0x080099ec                DCS_GetGolayCodeWord
 .text.DCS_GetCdcssCode
                0x08009a38       0x5c CMakeFiles/N7SIX.basic.dir/App/dcs.c.obj
                0x08009a38                DCS_GetCdcssCode
 .text.DCS_GetCtcssCode
                0x08009a94       0x2c CMakeFiles/N7SIX.basic.dir/App/dcs.c.obj
                0x08009a94                DCS_GetCtcssCode
 .text.FREQUENCY_GetStepIdxFromSortedIdx
                0x08009ac0        0xc CMakeFiles/N7SIX.basic.dir/App/frequencies.c.obj
                0x08009ac0                FREQUENCY_GetStepIdxFromSortedIdx
 .text.FREQUENCY_GetSortedIdxFromStepIdx
                0x08009acc       0x1c CMakeFiles/N7SIX.basic.dir/App/frequencies.c.obj
                0x08009acc                FREQUENCY_GetSortedIdxFromStepIdx
 .text.FREQUENCY_GetBand
                0x08009ae8       0x1c CMakeFiles/N7SIX.basic.dir/App/frequencies.c.obj
                0x08009ae8                FREQUENCY_GetBand
 .text.FREQUENCY_CalculateOutputPower
                0x08009b04       0x36 CMakeFiles/N7SIX.basic.dir/App/frequencies.c.obj
                0x08009b04                FREQUENCY_CalculateOutputPower
 *fill*         0x08009b3a        0x2 
 .text.FREQUENCY_RoundToStep
                0x08009b3c       0x64 CMakeFiles/N7SIX.basic.dir/App/frequencies.c.obj
                0x08009b3c                FREQUENCY_RoundToStep
 .text.TX_freq_check
                0x08009ba0      0x1a4 CMakeFiles/N7SIX.basic.dir/App/frequencies.c.obj
                0x08009ba0                TX_freq_check
 .text.RX_freq_check
                0x08009d44       0x34 CMakeFiles/N7SIX.basic.dir/App/frequencies.c.obj
                0x08009d44                RX_freq_check
 .text.FUNCTION_IsRx
                0x08009d78       0x18 CMakeFiles/N7SIX.basic.dir/App/functions.c.obj
                0x08009d78                FUNCTION_IsRx
 .text.FUNCTION_Init
                0x08009d90       0x84 CMakeFiles/N7SIX.basic.dir/App/functions.c.obj
                0x08009d90                FUNCTION_Init
 .text.FUNCTION_Foreground
                0x08009e14       0x44 CMakeFiles/N7SIX.basic.dir/App/functions.c.obj
                0x08009e14                FUNCTION_Foreground
 .text.FUNCTION_PowerSave
                0x08009e58       0x80 CMakeFiles/N7SIX.basic.dir/App/functions.c.obj
                0x08009e58                FUNCTION_PowerSave
 .text.FUNCTION_Transmit
                0x08009ed8       0xd0 CMakeFiles/N7SIX.basic.dir/App/functions.c.obj
                0x08009ed8                FUNCTION_Transmit
 .text.FUNCTION_Select
                0x08009fa8       0xd0 CMakeFiles/N7SIX.basic.dir/App/functions.c.obj
                0x08009fa8                FUNCTION_Select
 .text.BATTERY_VoltsToPercent
                0x0800a078       0x7c CMakeFiles/N7SIX.basic.dir/App/helper/battery.c.obj
                0x0800a078                BATTERY_VoltsToPercent
 .text.BATTERY_GetReadings
                0x0800a0f4      0x154 CMakeFiles/N7SIX.basic.dir/App/helper/battery.c.obj
                0x0800a0f4                BATTERY_GetReadings
 .text.BATTERY_TimeSlice500ms
                0x0800a248       0xb4 CMakeFiles/N7SIX.basic.dir/App/helper/battery.c.obj
                0x0800a248                BATTERY_TimeSlice500ms
 .text.BOOT_GetMode
                0x0800a2fc       0x5c CMakeFiles/N7SIX.basic.dir/App/helper/boot.c.obj
                0x0800a2fc                BOOT_GetMode
 .text.BOOT_ProcessMode
                0x0800a358       0x10 CMakeFiles/N7SIX.basic.dir/App/helper/boot.c.obj
                0x0800a358                BOOT_ProcessMode
 .text.FUNCTION_NOP
                0x0800a368        0x2 CMakeFiles/N7SIX.basic.dir/App/misc.c.obj
                0x0800a368                FUNCTION_NOP
 *fill*         0x0800a36a        0x2 
 .text.NUMBER_AddWithWraparound
                0x0800a36c       0x20 CMakeFiles/N7SIX.basic.dir/App/misc.c.obj
                0x0800a36c                NUMBER_AddWithWraparound
 .text.StrToUL  0x0800a38c       0x2a CMakeFiles/N7SIX.basic.dir/App/misc.c.obj
                0x0800a38c                StrToUL
 *fill*         0x0800a3b6        0x2 
 .text.RADIO_SelectCurrentVfo
                0x0800a3b8       0x2c CMakeFiles/N7SIX.basic.dir/App/radio.c.obj
 .text.RADIO_CheckValidChannel
                0x0800a3e4       0x88 CMakeFiles/N7SIX.basic.dir/App/radio.c.obj
                0x0800a3e4                RADIO_CheckValidChannel
 .text.RADIO_FindNextChannel
                0x0800a46c       0x3c CMakeFiles/N7SIX.basic.dir/App/radio.c.obj
                0x0800a46c                RADIO_FindNextChannel
 .text.RADIO_ConfigureSquelchAndOutputPower
                0x0800a4a8      0x1d4 CMakeFiles/N7SIX.basic.dir/App/radio.c.obj
                0x0800a4a8                RADIO_ConfigureSquelchAndOutputPower
 .text.RADIO_InitInfo
                0x0800a67c       0x6c CMakeFiles/N7SIX.basic.dir/App/radio.c.obj
                0x0800a67c                RADIO_InitInfo
 .text.RADIO_ApplyOffset
                0x0800a6e8       0x1c CMakeFiles/N7SIX.basic.dir/App/radio.c.obj
                0x0800a6e8                RADIO_ApplyOffset
 .text.RADIO_ConfigureChannel
                0x0800a704      0x390 CMakeFiles/N7SIX.basic.dir/App/radio.c.obj
                0x0800a704                RADIO_ConfigureChannel
 .text.RADIO_SelectVfos
                0x0800aa94       0x44 CMakeFiles/N7SIX.basic.dir/App/radio.c.obj
                0x0800aa94                RADIO_SelectVfos
 .text.RADIO_SetTxParameters
                0x0800aad8       0xe4 CMakeFiles/N7SIX.basic.dir/App/radio.c.obj
                0x0800aad8                RADIO_SetTxParameters
 .text.RADIO_SetupAGC
                0x0800abbc       0x38 CMakeFiles/N7SIX.basic.dir/App/radio.c.obj
                0x0800abbc                RADIO_SetupAGC
 .text.RADIO_SetupRegisters
                0x0800abf4      0x1cc CMakeFiles/N7SIX.basic.dir/App/radio.c.obj
                0x0800abf4                RADIO_SetupRegisters
 .text.RADIO_SetModulation
                0x0800adc0      0x110 CMakeFiles/N7SIX.basic.dir/App/radio.c.obj
                0x0800adc0                RADIO_SetModulation
 .text.RADIO_SetVfoState
                0x0800aed0       0x4c CMakeFiles/N7SIX.basic.dir/App/radio.c.obj
                0x0800aed0                RADIO_SetVfoState
 .text.RADIO_PrepareTX
                0x0800af1c      0x140 CMakeFiles/N7SIX.basic.dir/App/radio.c.obj
                0x0800af1c                RADIO_PrepareTX
 .text.RADIO_SendCssTail
                0x0800b05c       0x28 CMakeFiles/N7SIX.basic.dir/App/radio.c.obj
                0x0800b05c                RADIO_SendCssTail
 .text.RADIO_SendEndOfTransmission
                0x0800b084       0x24 CMakeFiles/N7SIX.basic.dir/App/radio.c.obj
                0x0800b084                RADIO_SendEndOfTransmission
 .text.SysTick_Handler
                0x0800b0a8      0x214 CMakeFiles/N7SIX.basic.dir/App/scheduler.c.obj
                0x0800b0a8                SysTick_Handler
 .text.SETTINGS_InitEEPROM
                0x0800b2bc      0x580 CMakeFiles/N7SIX.basic.dir/App/settings.c.obj
                0x0800b2bc                SETTINGS_InitEEPROM
 .text.SETTINGS_LoadCalibration
                0x0800b83c      0x138 CMakeFiles/N7SIX.basic.dir/App/settings.c.obj
                0x0800b83c                SETTINGS_LoadCalibration
 .text.SETTINGS_FetchChannelFrequency
                0x0800b974       0x10 CMakeFiles/N7SIX.basic.dir/App/settings.c.obj
                0x0800b974                SETTINGS_FetchChannelFrequency
 .text.SETTINGS_FetchChannelName
                0x0800b984       0x52 CMakeFiles/N7SIX.basic.dir/App/settings.c.obj
                0x0800b984                SETTINGS_FetchChannelName
 *fill*         0x0800b9d6        0x2 
 .text.SETTINGS_FactoryReset
                0x0800b9d8       0xac CMakeFiles/N7SIX.basic.dir/App/settings.c.obj
                0x0800b9d8                SETTINGS_FactoryReset
 .text.SETTINGS_SaveFM
                0x0800ba84       0x58 CMakeFiles/N7SIX.basic.dir/App/settings.c.obj
                0x0800ba84                SETTINGS_SaveFM
 .text.SETTINGS_SaveVfoIndices
                0x0800badc       0x3c CMakeFiles/N7SIX.basic.dir/App/settings.c.obj
                0x0800badc                SETTINGS_SaveVfoIndices
 .text.SETTINGS_SaveSettings
                0x0800bb18      0x310 CMakeFiles/N7SIX.basic.dir/App/settings.c.obj
                0x0800bb18                SETTINGS_SaveSettings
 .text.SETTINGS_SaveBatteryCalibration
                0x0800be28       0x14 CMakeFiles/N7SIX.basic.dir/App/settings.c.obj
                0x0800be28                SETTINGS_SaveBatteryCalibration
 .text.SETTINGS_SaveChannelName
                0x0800be3c       0x44 CMakeFiles/N7SIX.basic.dir/App/settings.c.obj
                0x0800be3c                SETTINGS_SaveChannelName
 .text.SETTINGS_UpdateChannel
                0x0800be80       0xc4 CMakeFiles/N7SIX.basic.dir/App/settings.c.obj
                0x0800be80                SETTINGS_UpdateChannel
 .text.SETTINGS_SaveChannel
                0x0800bf44       0xd0 CMakeFiles/N7SIX.basic.dir/App/settings.c.obj
                0x0800bf44                SETTINGS_SaveChannel
 .text.SETTINGS_WriteBuildOptions
                0x0800c014       0x28 CMakeFiles/N7SIX.basic.dir/App/settings.c.obj
                0x0800c014                SETTINGS_WriteBuildOptions
 .text.SETTINGS_ResetTxLock
                0x0800c03c       0x46 CMakeFiles/N7SIX.basic.dir/App/settings.c.obj
                0x0800c03c                SETTINGS_ResetTxLock
 *fill*         0x0800c082        0x2 
 .text.UI_DrawBattery
                0x0800c084       0x50 CMakeFiles/N7SIX.basic.dir/App/ui/battery.c.obj
                0x0800c084                UI_DrawBattery
 .text.UI_DisplayBattery
                0x0800c0d4       0x1c CMakeFiles/N7SIX.basic.dir/App/ui/battery.c.obj
                0x0800c0d4                UI_DisplayBattery
 .text.UI_GenerateChannelString
                0x0800c0f0       0x4c CMakeFiles/N7SIX.basic.dir/App/ui/helper.c.obj
                0x0800c0f0                UI_GenerateChannelString
 .text.UI_GenerateChannelStringEx
                0x0800c13c       0x60 CMakeFiles/N7SIX.basic.dir/App/ui/helper.c.obj
                0x0800c13c                UI_GenerateChannelStringEx
 .text.UI_PrintStringBuffer
                0x0800c19c       0x4c CMakeFiles/N7SIX.basic.dir/App/ui/helper.c.obj
                0x0800c19c                UI_PrintStringBuffer
 .text.UI_PrintString
                0x0800c1e8       0x90 CMakeFiles/N7SIX.basic.dir/App/ui/helper.c.obj
                0x0800c1e8                UI_PrintString
 .text.UI_PrintStringSmall
                0x0800c278       0x40 CMakeFiles/N7SIX.basic.dir/App/ui/helper.c.obj
                0x0800c278                UI_PrintStringSmall
 .text.UI_PrintStringSmallNormal
                0x0800c2b8       0x14 CMakeFiles/N7SIX.basic.dir/App/ui/helper.c.obj
                0x0800c2b8                UI_PrintStringSmallNormal
 .text.UI_PrintStringSmallBold
                0x0800c2cc       0x14 CMakeFiles/N7SIX.basic.dir/App/ui/helper.c.obj
                0x0800c2cc                UI_PrintStringSmallBold
 .text.UI_PrintStringSmallBufferNormal
                0x0800c2e0       0x10 CMakeFiles/N7SIX.basic.dir/App/ui/helper.c.obj
                0x0800c2e0                UI_PrintStringSmallBufferNormal
 .text.UI_DisplayFrequency
                0x0800c2f0       0xcc CMakeFiles/N7SIX.basic.dir/App/ui/helper.c.obj
                0x0800c2f0                UI_DisplayFrequency
 .text.UI_DrawPixelBuffer
                0x0800c3bc       0x2e CMakeFiles/N7SIX.basic.dir/App/ui/helper.c.obj
                0x0800c3bc                UI_DrawPixelBuffer
 *fill*         0x0800c3ea        0x2 
 .text.PutPixel
                0x0800c3ec       0x18 CMakeFiles/N7SIX.basic.dir/App/ui/helper.c.obj
                0x0800c3ec                PutPixel
 .text.PutPixelStatus
                0x0800c404       0x18 CMakeFiles/N7SIX.basic.dir/App/ui/helper.c.obj
                0x0800c404                PutPixelStatus
 .text.GUI_DisplaySmallest
                0x0800c41c       0x7c CMakeFiles/N7SIX.basic.dir/App/ui/helper.c.obj
                0x0800c41c                GUI_DisplaySmallest
 .text.UI_DrawLineBuffer
                0x0800c498       0x94 CMakeFiles/N7SIX.basic.dir/App/ui/helper.c.obj
                0x0800c498                UI_DrawLineBuffer
 .text.UI_DisplayClear
                0x0800c52c       0x14 CMakeFiles/N7SIX.basic.dir/App/ui/helper.c.obj
                0x0800c52c                UI_DisplayClear
 .text.UI_DisplayPopup
                0x0800c540       0x2c CMakeFiles/N7SIX.basic.dir/App/ui/helper.c.obj
                0x0800c540                UI_DisplayPopup
 .text.INPUTBOX_Append
                0x0800c56c       0x30 CMakeFiles/N7SIX.basic.dir/App/ui/inputbox.c.obj
                0x0800c56c                INPUTBOX_Append
 .text.INPUTBOX_GetAscii
                0x0800c59c       0x28 CMakeFiles/N7SIX.basic.dir/App/ui/inputbox.c.obj
                0x0800c59c                INPUTBOX_GetAscii
 .text.isMainOnly
                0x0800c5c4       0x14 CMakeFiles/N7SIX.basic.dir/App/ui/main.c.obj
 .text.DisplayRSSIBar
                0x0800c5d8      0x250 CMakeFiles/N7SIX.basic.dir/App/ui/main.c.obj
                0x0800c5d8                DisplayRSSIBar
 .text.UI_MAIN_TimeSlice500ms
                0x0800c828       0xa4 CMakeFiles/N7SIX.basic.dir/App/ui/main.c.obj
                0x0800c828                UI_MAIN_TimeSlice500ms
 .text.UI_DisplayMain
                0x0800c8cc      0xc80 CMakeFiles/N7SIX.basic.dir/App/ui/main.c.obj
                0x0800c8cc                UI_DisplayMain
 .text.UI_MENU_GetCurrentMenuId
                0x0800d54c       0x1c CMakeFiles/N7SIX.basic.dir/App/ui/menu.c.obj
                0x0800d54c                UI_MENU_GetCurrentMenuId
 .text.UI_MENU_GetMenuIdx
                0x0800d568       0x20 CMakeFiles/N7SIX.basic.dir/App/ui/menu.c.obj
                0x0800d568                UI_MENU_GetMenuIdx
 .text.UI_DisplayMenu
                0x0800d588      0xacc CMakeFiles/N7SIX.basic.dir/App/ui/menu.c.obj
                0x0800d588                UI_DisplayMenu
 .text.UI_DisplayScanner
                0x0800e054      0x194 CMakeFiles/N7SIX.basic.dir/App/ui/scanner.c.obj
                0x0800e054                UI_DisplayScanner
 .text.convertTime.constprop.0
                0x0800e1e8       0x64 CMakeFiles/N7SIX.basic.dir/App/ui/status.c.obj
 .text.UI_DisplayStatus
                0x0800e24c      0x28c CMakeFiles/N7SIX.basic.dir/App/ui/status.c.obj
                0x0800e24c                UI_DisplayStatus
 .text.GUI_DisplayScreen
                0x0800e4d8       0x1c CMakeFiles/N7SIX.basic.dir/App/ui/ui.c.obj
                0x0800e4d8                GUI_DisplayScreen
 .text.GUI_SelectNextDisplay
                0x0800e4f4       0x7c CMakeFiles/N7SIX.basic.dir/App/ui/ui.c.obj
                0x0800e4f4                GUI_SelectNextDisplay
 .text.UI_DisplayReleaseKeys
                0x0800e570       0x48 CMakeFiles/N7SIX.basic.dir/App/ui/welcome.c.obj
                0x0800e570                UI_DisplayReleaseKeys
 .text.UI_DisplayWelcome
                0x0800e5b8      0x18c CMakeFiles/N7SIX.basic.dir/App/ui/welcome.c.obj
                0x0800e5b8                UI_DisplayWelcome
 .text.Main     0x0800e744      0x298 CMakeFiles/N7SIX.basic.dir/App/main.c.obj
                0x0800e744                Main
 .text._out_buffer
                0x0800e9dc        0x8 CMakeFiles/N7SIX.basic.dir/App/external/printf/printf.c.obj
 .text._out_null
                0x0800e9e4        0x2 CMakeFiles/N7SIX.basic.dir/App/external/printf/printf.c.obj
 .text._ntoa_long
                0x0800e9e6      0x1c2 CMakeFiles/N7SIX.basic.dir/App/external/printf/printf.c.obj
 .text._vsnprintf
                0x0800eba8      0x42c CMakeFiles/N7SIX.basic.dir/App/external/printf/printf.c.obj
 .text.sprintf_
                0x0800efd4       0x28 CMakeFiles/N7SIX.basic.dir/App/external/printf/printf.c.obj
                0x0800efd4                sprintf_
 .text.CRC_Init
                0x0800effc        0x2 CMakeFiles/N7SIX.basic.dir/App/driver/crc.c.obj
                0x0800effc                CRC_Init
 *fill*         0x0800effe        0x2 
 .text.CRC_Calculate
                0x0800f000       0x3c CMakeFiles/N7SIX.basic.dir/App/driver/crc.c.obj
                0x0800f000                CRC_Calculate
 .text.AddrTranslate
                0x0800f03c       0x70 CMakeFiles/N7SIX.basic.dir/App/driver/eeprom_compat.c.obj
 .text.EEPROM_ReadBuffer
                0x0800f0ac       0x52 CMakeFiles/N7SIX.basic.dir/App/driver/eeprom_compat.c.obj
                0x0800f0ac                EEPROM_ReadBuffer
 .text.EEPROM_WriteBuffer
                0x0800f0fe       0x4a CMakeFiles/N7SIX.basic.dir/App/driver/eeprom_compat.c.obj
                0x0800f0fe                EEPROM_WriteBuffer
 .text.UART_Init
                0x0800f148      0x130 CMakeFiles/N7SIX.basic.dir/App/driver/uart.c.obj
                0x0800f148                UART_Init
 .text.UART_Send
                0x0800f278       0x20 CMakeFiles/N7SIX.basic.dir/App/driver/uart.c.obj
                0x0800f278                UART_Send
 .text.SendReply
                0x0800f298       0xd0 CMakeFiles/N7SIX.basic.dir/App/app/uart.c.obj
 .text.UART_IsCommandAvailable
                0x0800f368      0x184 CMakeFiles/N7SIX.basic.dir/App/app/uart.c.obj
                0x0800f368                UART_IsCommandAvailable
 .text.UART_HandleCommand
                0x0800f4ec      0x1f4 CMakeFiles/N7SIX.basic.dir/App/app/uart.c.obj
                0x0800f4ec                UART_HandleCommand
 .text.VCP_Init
                0x0800f6e0       0x74 CMakeFiles/N7SIX.basic.dir/App/driver/vcp.c.obj
                0x0800f6e0                VCP_Init
 .text.usbd_cdc_acm_bulk_out
                0x0800f754       0x68 CMakeFiles/N7SIX.basic.dir/App/usb/usbd_cdc_if.c.obj
                0x0800f754                usbd_cdc_acm_bulk_out
 .text.usbd_cdc_acm_bulk_in
                0x0800f7bc       0x28 CMakeFiles/N7SIX.basic.dir/App/usb/usbd_cdc_if.c.obj
                0x0800f7bc                usbd_cdc_acm_bulk_in
 .text.usbd_configure_done_callback
                0x0800f7e4       0x14 CMakeFiles/N7SIX.basic.dir/App/usb/usbd_cdc_if.c.obj
                0x0800f7e4                usbd_configure_done_callback
 .text.cdc_acm_init
                0x0800f7f8       0x60 CMakeFiles/N7SIX.basic.dir/App/usb/usbd_cdc_if.c.obj
                0x0800f7f8                cdc_acm_init
 .text.usbd_cdc_acm_set_dtr
                0x0800f858       0x14 CMakeFiles/N7SIX.basic.dir/App/usb/usbd_cdc_if.c.obj
                0x0800f858                usbd_cdc_acm_set_dtr
 .text.cdc_acm_data_send_with_dtr_async
                0x0800f86c       0x12 CMakeFiles/N7SIX.basic.dir/App/usb/usbd_cdc_if.c.obj
                0x0800f86c                cdc_acm_data_send_with_dtr_async
 .text.BK1080_ReadRegister
                0x0800f87e       0x30 CMakeFiles/N7SIX.basic.dir/App/driver/bk1080.c.obj
                0x0800f87e                BK1080_ReadRegister
 .text.BK1080_WriteRegister
                0x0800f8ae       0x30 CMakeFiles/N7SIX.basic.dir/App/driver/bk1080.c.obj
                0x0800f8ae                BK1080_WriteRegister
 *fill*         0x0800f8de        0x2 
 .text.BK1080_Init0
                0x0800f8e0       0x10 CMakeFiles/N7SIX.basic.dir/App/driver/bk1080.c.obj
                0x0800f8e0                BK1080_Init0
 .text.BK1080_Mute
                0x0800f8f0       0x1c CMakeFiles/N7SIX.basic.dir/App/driver/bk1080.c.obj
                0x0800f8f0                BK1080_Mute
 .text.BK1080_SetFrequency
                0x0800f90c       0x50 CMakeFiles/N7SIX.basic.dir/App/driver/bk1080.c.obj
                0x0800f90c                BK1080_SetFrequency
 .text.BK1080_Init
                0x0800f95c       0x98 CMakeFiles/N7SIX.basic.dir/App/driver/bk1080.c.obj
                0x0800f95c                BK1080_Init
 .text.BK1080_GetFrequencyDeviation
                0x0800f9f4       0x1c CMakeFiles/N7SIX.basic.dir/App/driver/bk1080.c.obj
                0x0800f9f4                BK1080_GetFrequencyDeviation
 .text.BK1080_GetFreqLoLimit
                0x0800fa10       0x10 CMakeFiles/N7SIX.basic.dir/App/driver/bk1080.c.obj
                0x0800fa10                BK1080_GetFreqLoLimit
 .text.BK1080_GetFreqHiLimit
                0x0800fa20       0x10 CMakeFiles/N7SIX.basic.dir/App/driver/bk1080.c.obj
                0x0800fa20                BK1080_GetFreqHiLimit
 .text.FM_CheckValidChannel
                0x0800fa30       0x3c CMakeFiles/N7SIX.basic.dir/App/app/fm.c.obj
                0x0800fa30                FM_CheckValidChannel
 .text.FM_FindNextChannel
                0x0800fa6c       0x34 CMakeFiles/N7SIX.basic.dir/App/app/fm.c.obj
                0x0800fa6c                FM_FindNextChannel
 .text.FM_ConfigureChannelState
                0x0800faa0       0x3c CMakeFiles/N7SIX.basic.dir/App/app/fm.c.obj
                0x0800faa0                FM_ConfigureChannelState
 .text.Key_FUNC
                0x0800fadc       0xa8 CMakeFiles/N7SIX.basic.dir/App/app/fm.c.obj
 .text.FM_TurnOff
                0x0800fb84       0x4c CMakeFiles/N7SIX.basic.dir/App/app/fm.c.obj
                0x0800fb84                FM_TurnOff
 .text.FM_EraseChannels
                0x0800fbd0       0x1c CMakeFiles/N7SIX.basic.dir/App/app/fm.c.obj
                0x0800fbd0                FM_EraseChannels
 .text.FM_Tune  0x0800fbec       0xb4 CMakeFiles/N7SIX.basic.dir/App/app/fm.c.obj
                0x0800fbec                FM_Tune
 .text.Key_UP_DOWN
                0x0800fca0      0x104 CMakeFiles/N7SIX.basic.dir/App/app/fm.c.obj
 .text.FM_PlayAndUpdate
                0x0800fda4       0x68 CMakeFiles/N7SIX.basic.dir/App/app/fm.c.obj
                0x0800fda4                FM_PlayAndUpdate
 .text.FM_CheckFrequencyLock
                0x0800fe0c       0x94 CMakeFiles/N7SIX.basic.dir/App/app/fm.c.obj
                0x0800fe0c                FM_CheckFrequencyLock
 .text.FM_ProcessKeys
                0x0800fea0      0x2ac CMakeFiles/N7SIX.basic.dir/App/app/fm.c.obj
                0x0800fea0                FM_ProcessKeys
 .text.FM_Play  0x0801014c       0xb4 CMakeFiles/N7SIX.basic.dir/App/app/fm.c.obj
                0x0801014c                FM_Play
 .text.FM_Start
                0x08010200       0x60 CMakeFiles/N7SIX.basic.dir/App/app/fm.c.obj
                0x08010200                FM_Start
 .text.UI_DisplayFM
                0x08010260      0x1d0 CMakeFiles/N7SIX.basic.dir/App/ui/fmradio.c.obj
                0x08010260                UI_DisplayFM
 .text.ACTION_FlashLight
                0x08010430       0x24 CMakeFiles/N7SIX.basic.dir/App/app/flashlight.c.obj
                0x08010430                ACTION_FlashLight
 .text.FastRandom
                0x08010454       0x20 CMakeFiles/N7SIX.basic.dir/App/app/spectrum.c.obj
 .text.Rssi2DBm
                0x08010474       0x1c CMakeFiles/N7SIX.basic.dir/App/app/spectrum.c.obj
 .text.ResetScanStats
                0x08010490       0x14 CMakeFiles/N7SIX.basic.dir/App/app/spectrum.c.obj
 .text.UpdatePeakInfo
                0x080104a4       0x90 CMakeFiles/N7SIX.basic.dir/App/app/spectrum.c.obj
 .text.MapMeasurementToDisplay
                0x08010534       0x20 CMakeFiles/N7SIX.basic.dir/App/app/spectrum.c.obj
 .text.GetCentroidFrequency
                0x08010554       0x94 CMakeFiles/N7SIX.basic.dir/App/app/spectrum.c.obj
 .text.SetRssiHistory
                0x080105e8       0x28 CMakeFiles/N7SIX.basic.dir/App/app/spectrum.c.obj
 .text.ToggleListeningBW
                0x08010610       0x20 CMakeFiles/N7SIX.basic.dir/App/app/spectrum.c.obj
 .text.GetRegMenuValue
                0x08010630       0x20 CMakeFiles/N7SIX.basic.dir/App/app/spectrum.c.obj
 .text.RestoreRegisters
                0x08010650       0x2c CMakeFiles/N7SIX.basic.dir/App/app/spectrum.c.obj
 .text.SetF     0x0801067c       0x30 CMakeFiles/N7SIX.basic.dir/App/app/spectrum.c.obj
 .text.TuneToPeak
                0x080106ac       0x28 CMakeFiles/N7SIX.basic.dir/App/app/spectrum.c.obj
 .text.ResetBlacklist
                0x080106d4       0x3c CMakeFiles/N7SIX.basic.dir/App/app/spectrum.c.obj
 .text.ToggleBacklight
                0x08010710       0x20 CMakeFiles/N7SIX.basic.dir/App/app/spectrum.c.obj
 .text.DrawF    0x08010730       0x90 CMakeFiles/N7SIX.basic.dir/App/app/spectrum.c.obj
 .text.SetBandLed.part.0.constprop.0
                0x080107c0       0x3c CMakeFiles/N7SIX.basic.dir/App/app/spectrum.c.obj
 .text.ToggleRX.part.0
                0x080107fc       0xac CMakeFiles/N7SIX.basic.dir/App/app/spectrum.c.obj
 .text.UpdateDBMax
                0x080108a8       0x70 CMakeFiles/N7SIX.basic.dir/App/app/spectrum.c.obj
 .text.SYSTEM_DelayUs
                0x08010918       0x12 CMakeFiles/N7SIX.basic.dir/App/app/spectrum.c.obj
                0x08010918                SYSTEM_DelayUs
 .text.DrawLine
                0x0801092a       0x8c CMakeFiles/N7SIX.basic.dir/App/app/spectrum.c.obj
                0x0801092a                DrawLine
 *fill*         0x080109b6        0x2 
 .text.LockAGC  0x080109b8       0x24 CMakeFiles/N7SIX.basic.dir/App/app/spectrum.c.obj
                0x080109b8                LockAGC
 .text.SetRegMenuValue
                0x080109dc       0x78 CMakeFiles/N7SIX.basic.dir/App/app/spectrum.c.obj
 .text.IsPeakOverLevel
                0x08010a54       0x1c CMakeFiles/N7SIX.basic.dir/App/app/spectrum.c.obj
                0x08010a54                IsPeakOverLevel
 .text.GetScanStep
                0x08010a70       0x14 CMakeFiles/N7SIX.basic.dir/App/app/spectrum.c.obj
                0x08010a70                GetScanStep
 .text.GetStepsCount
                0x08010a84       0x38 CMakeFiles/N7SIX.basic.dir/App/app/spectrum.c.obj
                0x08010a84                GetStepsCount
 .text.GetDisplayWidth
                0x08010abc       0x38 CMakeFiles/N7SIX.basic.dir/App/app/spectrum.c.obj
 .text.UpdateWaterfall
                0x08010af4       0xf4 CMakeFiles/N7SIX.basic.dir/App/app/spectrum.c.obj
 .text.SpecIdxToX
                0x08010be8       0x1e CMakeFiles/N7SIX.basic.dir/App/app/spectrum.c.obj
 .text.GetBW    0x08010c06       0x10 CMakeFiles/N7SIX.basic.dir/App/app/spectrum.c.obj
                0x08010c06                GetBW
 *fill*         0x08010c16        0x2 
 .text.GetFStart
                0x08010c18       0x38 CMakeFiles/N7SIX.basic.dir/App/app/spectrum.c.obj
                0x08010c18                GetFStart
 .text.InitScan
                0x08010c50       0x24 CMakeFiles/N7SIX.basic.dir/App/app/spectrum.c.obj
 .text.GetFEnd  0x08010c74       0x3c CMakeFiles/N7SIX.basic.dir/App/app/spectrum.c.obj
                0x08010c74                GetFEnd
 .text.GetBWRegValueForScan
                0x08010cb0       0x14 CMakeFiles/N7SIX.basic.dir/App/app/spectrum.c.obj
                0x08010cb0                GetBWRegValueForScan
 .text.ToggleRX.constprop.0
                0x08010cc4       0x6c CMakeFiles/N7SIX.basic.dir/App/app/spectrum.c.obj
 .text.GetRssi  0x08010d30       0x1e CMakeFiles/N7SIX.basic.dir/App/app/spectrum.c.obj
                0x08010d30                GetRssi
 *fill*         0x08010d4e        0x2 
 .text.Measure  0x08010d50       0x20 CMakeFiles/N7SIX.basic.dir/App/app/spectrum.c.obj
 .text.RelaunchScan
                0x08010d70       0x30 CMakeFiles/N7SIX.basic.dir/App/app/spectrum.c.obj
 .text.ToggleModulation
                0x08010da0       0x2c CMakeFiles/N7SIX.basic.dir/App/app/spectrum.c.obj
 .text.UpdateFreqChangeStep
                0x08010dcc       0x80 CMakeFiles/N7SIX.basic.dir/App/app/spectrum.c.obj
 .text.UpdateCurrentFreq
                0x08010e4c       0x6c CMakeFiles/N7SIX.basic.dir/App/app/spectrum.c.obj
 .text.SetState
                0x08010eb8       0x3c CMakeFiles/N7SIX.basic.dir/App/app/spectrum.c.obj
                0x08010eb8                SetState
 .text.FreqInput
                0x08010ef4       0x3c CMakeFiles/N7SIX.basic.dir/App/app/spectrum.c.obj
 .text.UpdateFreqInput
                0x08010f30      0x19c CMakeFiles/N7SIX.basic.dir/App/app/spectrum.c.obj
 .text.Rssi2PX  0x080110cc       0x74 CMakeFiles/N7SIX.basic.dir/App/app/spectrum.c.obj
                0x080110cc                Rssi2PX
 .text.Rssi2Y   0x08011140       0x12 CMakeFiles/N7SIX.basic.dir/App/app/spectrum.c.obj
                0x08011140                Rssi2Y
 *fill*         0x08011152        0x2 
 .text.RenderSpectrum
                0x08011154      0x5d0 CMakeFiles/N7SIX.basic.dir/App/app/spectrum.c.obj
 .text.UpdateRssiTriggerLevel
                0x08011724       0x30 CMakeFiles/N7SIX.basic.dir/App/app/spectrum.c.obj
                0x08011724                UpdateRssiTriggerLevel
 .text.OnKeyDownStill
                0x08011754      0x114 CMakeFiles/N7SIX.basic.dir/App/app/spectrum.c.obj
                0x08011754                OnKeyDownStill
 .text.APP_RunSpectrum
                0x08011868      0xcf4 CMakeFiles/N7SIX.basic.dir/App/app/spectrum.c.obj
                0x08011868                APP_RunSpectrum
 .text.usbd_class_event_notify_handler
                0x0801255c       0x24 CMakeFiles/N7SIX.basic.dir/Middlewares/CherryUSB/core/usbd_core.c.obj
 .text.usbd_set_endpoint
                0x08012580       0x2c CMakeFiles/N7SIX.basic.dir/Middlewares/CherryUSB/core/usbd_core.c.obj
 .text.usbd_setup_request_handler.constprop.0
                0x080125ac      0x380 CMakeFiles/N7SIX.basic.dir/Middlewares/CherryUSB/core/usbd_core.c.obj
 .text.usbd_event_resume_handler
                0x0801292c        0xc CMakeFiles/N7SIX.basic.dir/Middlewares/CherryUSB/core/usbd_core.c.obj
                0x0801292c                usbd_event_resume_handler
 .text.usbd_event_suspend_handler
                0x08012938        0xc CMakeFiles/N7SIX.basic.dir/Middlewares/CherryUSB/core/usbd_core.c.obj
                0x08012938                usbd_event_suspend_handler
 .text.usbd_event_reset_handler
                0x08012944       0x38 CMakeFiles/N7SIX.basic.dir/Middlewares/CherryUSB/core/usbd_core.c.obj
                0x08012944                usbd_event_reset_handler
 .text.usbd_event_ep0_setup_complete_handler
                0x0801297c       0x94 CMakeFiles/N7SIX.basic.dir/Middlewares/CherryUSB/core/usbd_core.c.obj
                0x0801297c                usbd_event_ep0_setup_complete_handler
 .text.usbd_event_ep_in_complete_handler
                0x08012a10       0x58 CMakeFiles/N7SIX.basic.dir/Middlewares/CherryUSB/core/usbd_core.c.obj
                0x08012a10                usbd_event_ep_in_complete_handler
 .text.usbd_event_ep_out_complete_handler
                0x08012a68       0x64 CMakeFiles/N7SIX.basic.dir/Middlewares/CherryUSB/core/usbd_core.c.obj
                0x08012a68                usbd_event_ep_out_complete_handler
 .text.usbd_desc_register
                0x08012acc       0x14 CMakeFiles/N7SIX.basic.dir/Middlewares/CherryUSB/core/usbd_core.c.obj
                0x08012acc                usbd_desc_register
 .text.usbd_add_interface
                0x08012ae0       0x2c CMakeFiles/N7SIX.basic.dir/Middlewares/CherryUSB/core/usbd_core.c.obj
                0x08012ae0                usbd_add_interface
 .text.usbd_add_endpoint
                0x08012b0c       0x2c CMakeFiles/N7SIX.basic.dir/Middlewares/CherryUSB/core/usbd_core.c.obj
                0x08012b0c                usbd_add_endpoint
 .text.usbd_initialize
                0x08012b38        0x8 CMakeFiles/N7SIX.basic.dir/Middlewares/CherryUSB/core/usbd_core.c.obj
                0x08012b38                usbd_initialize
 .text.pyusb_write_packet
                0x08012b40       0x20 CMakeFiles/N7SIX.basic.dir/Middlewares/CherryUSB/port/usb_dc_py32.c.obj
 .text.usbd_ep0_set_zlp_flag
                0x08012b60        0xc CMakeFiles/N7SIX.basic.dir/Middlewares/CherryUSB/port/usb_dc_py32.c.obj
                0x08012b60                usbd_ep0_set_zlp_flag
 .text.usb_dc_low_level_init
                0x08012b6c        0x2 CMakeFiles/N7SIX.basic.dir/Middlewares/CherryUSB/port/usb_dc_py32.c.obj
                0x08012b6c                usb_dc_low_level_init
 *fill*         0x08012b6e        0x2 
 .text.usb_dc_init
                0x08012b70       0x20 CMakeFiles/N7SIX.basic.dir/Middlewares/CherryUSB/port/usb_dc_py32.c.obj
                0x08012b70                usb_dc_init
 .text.usbd_set_address
                0x08012b90       0x18 CMakeFiles/N7SIX.basic.dir/Middlewares/CherryUSB/port/usb_dc_py32.c.obj
                0x08012b90                usbd_set_address
 .text.usbd_ep_open
                0x08012ba8      0x124 CMakeFiles/N7SIX.basic.dir/Middlewares/CherryUSB/port/usb_dc_py32.c.obj
                0x08012ba8                usbd_ep_open
 .text.usbd_ep_close
                0x08012ccc        0x4 CMakeFiles/N7SIX.basic.dir/Middlewares/CherryUSB/port/usb_dc_py32.c.obj
                0x08012ccc                usbd_ep_close
 .text.usbd_ep_set_stall
                0x08012cd0       0x4c CMakeFiles/N7SIX.basic.dir/Middlewares/CherryUSB/port/usb_dc_py32.c.obj
                0x08012cd0                usbd_ep_set_stall
 .text.usbd_ep_clear_stall
                0x08012d1c       0x50 CMakeFiles/N7SIX.basic.dir/Middlewares/CherryUSB/port/usb_dc_py32.c.obj
                0x08012d1c                usbd_ep_clear_stall
 .text.usbd_ep_is_stalled
                0x08012d6c       0x34 CMakeFiles/N7SIX.basic.dir/Middlewares/CherryUSB/port/usb_dc_py32.c.obj
                0x08012d6c                usbd_ep_is_stalled
 .text.usbd_ep_start_write
                0x08012da0      0x10c CMakeFiles/N7SIX.basic.dir/Middlewares/CherryUSB/port/usb_dc_py32.c.obj
                0x08012da0                usbd_ep_start_write
 .text.usbd_ep_start_read
                0x08012eac       0x94 CMakeFiles/N7SIX.basic.dir/Middlewares/CherryUSB/port/usb_dc_py32.c.obj
                0x08012eac                usbd_ep_start_read
 .text.USB_IRQHandler
                0x08012f40      0x2a8 CMakeFiles/N7SIX.basic.dir/Middlewares/CherryUSB/port/usb_dc_py32.c.obj
                0x08012f40                USB_IRQHandler
 .text.cdc_notify_handler
                0x080131e8        0x2 CMakeFiles/N7SIX.basic.dir/Middlewares/CherryUSB/class/cdc/usbd_cdc.c.obj
 *fill*         0x080131ea        0x2 
 .text.usbd_cdc_acm_init_intf
                0x080131ec       0x18 CMakeFiles/N7SIX.basic.dir/Middlewares/CherryUSB/class/cdc/usbd_cdc.c.obj
                0x080131ec                usbd_cdc_acm_init_intf
 .text.usbd_cdc_acm_set_line_coding
                0x08013204        0x2 CMakeFiles/N7SIX.basic.dir/Middlewares/CherryUSB/class/cdc/usbd_cdc.c.obj
                0x08013204                usbd_cdc_acm_set_line_coding
 .text.usbd_cdc_acm_get_line_coding
                0x08013206       0x1c CMakeFiles/N7SIX.basic.dir/Middlewares/CherryUSB/class/cdc/usbd_cdc.c.obj
                0x08013206                usbd_cdc_acm_get_line_coding
 .text.usbd_cdc_acm_set_rts
                0x08013222        0x2 CMakeFiles/N7SIX.basic.dir/Middlewares/CherryUSB/class/cdc/usbd_cdc.c.obj
                0x08013222                usbd_cdc_acm_set_rts
 .text.cdc_acm_class_interface_request_handler
                0x08013224       0x70 CMakeFiles/N7SIX.basic.dir/Middlewares/CherryUSB/class/cdc/usbd_cdc.c.obj
 .text.__muldi3
                0x08013294       0x5c /opt/toolchain/bin/../lib/gcc/arm-none-eabi/13.3.1/thumb/v6-m/nofp/libgcc.a(_muldi3.o)
                0x08013294                __aeabi_lmul
                0x08013294                __muldi3
 .text.__libc_init_array
                0x080132f0       0x48 /opt/toolchain/bin/../lib/gcc/arm-none-eabi/13.3.1/../../../../arm-none-eabi/lib/thumb/v6-m/nofp/libg_nano.a(libc_a-init.o)
                0x080132f0                __libc_init_array
 .text.memmove  0x08013338       0x24 /opt/toolchain/bin/../lib/gcc/arm-none-eabi/13.3.1/../../../../arm-none-eabi/lib/thumb/v6-m/nofp/libg_nano.a(libc_a-memmove.o)
                0x08013338                memmove
 .text.memset   0x0801335c       0x10 /opt/toolchain/bin/../lib/gcc/arm-none-eabi/13.3.1/../../../../arm-none-eabi/lib/thumb/v6-m/nofp/libg_nano.a(libc_a-memset.o)
                0x0801335c                memset
 .text.strcpy   0x0801336c       0x10 /opt/toolchain/bin/../lib/gcc/arm-none-eabi/13.3.1/../../../../arm-none-eabi/lib/thumb/v6-m/nofp/libg_nano.a(libc_a-strcpy.o)
                0x0801336c                strcpy
 .text.memcpy   0x0801337c       0x12 /opt/toolchain/bin/../lib/gcc/arm-none-eabi/13.3.1/../../../../arm-none-eabi/lib/thumb/v6-m/nofp/libg_nano.a(libc_a-memcpy-stub.o)
                0x0801337c                memcpy
 .text.strncpy  0x0801338e       0x28 /opt/toolchain/bin/../lib/gcc/arm-none-eabi/13.3.1/../../../../arm-none-eabi/lib/thumb/v6-m/nofp/libg_nano.a(libc_a-strncpy.o)
                0x0801338e                strncpy
 .text.memcmp   0x080133b6       0x1c /opt/toolchain/bin/../lib/gcc/arm-none-eabi/13.3.1/../../../../arm-none-eabi/lib/thumb/v6-m/nofp/libg_nano.a(libc_a-memcmp.o)
                0x080133b6                memcmp
 *(.glue_7)
 .glue_7        0x080133d2        0x0 linker stubs
 *(.glue_7t)
 .glue_7t       0x080133d2        0x0 linker stubs
 *(.eh_frame)
 *fill*         0x080133d2        0x2 
 .eh_frame      0x080133d4        0x0 /opt/toolchain/bin/../lib/gcc/arm-none-eabi/13.3.1/thumb/v6-m/nofp/crtbegin.o
 *(.init)
 .init          0x080133d4        0x4 /opt/toolchain/bin/../lib/gcc/arm-none-eabi/13.3.1/thumb/v6-m/nofp/crti.o
                0x080133d4                _init
 .init          0x080133d8        0x8 /opt/toolchain/bin/../lib/gcc/arm-none-eabi/13.3.1/thumb/v6-m/nofp/crtn.o
 *(.fini)
 .fini          0x080133e0        0x4 /opt/toolchain/bin/../lib/gcc/arm-none-eabi/13.3.1/thumb/v6-m/nofp/crti.o
                0x080133e0                _fini
 .fini          0x080133e4        0x8 /opt/toolchain/bin/../lib/gcc/arm-none-eabi/13.3.1/thumb/v6-m/nofp/crtn.o
                0x080133ec                        . = ALIGN (0x4)
                0x080133ec                        _etext = .

.vfp11_veneer   0x080133ec        0x0
 .vfp11_veneer  0x080133ec        0x0 linker stubs

.v4_bx          0x080133ec        0x0
 .v4_bx         0x080133ec        0x0 linker stubs

.iplt           0x080133ec        0x0
 .iplt          0x080133ec        0x0 /opt/toolchain/bin/../lib/gcc/arm-none-eabi/13.3.1/thumb/v6-m/nofp/crtbegin.o

.rodata         0x080133ec     0x1dfc
                0x080133ec                        . = ALIGN (0x4)
 *(.rodata)
 .rodata        0x080133ec       0x64 CMakeFiles/N7SIX.basic.dir/App/driver/bk4829.c.obj
 .rodata        0x08013450       0x14 CMakeFiles/N7SIX.basic.dir/App/app/menu.c.obj
 .rodata        0x08013464       0x60 CMakeFiles/N7SIX.basic.dir/App/ui/main.c.obj
 .rodata        0x080134c4        0xc CMakeFiles/N7SIX.basic.dir/App/driver/vcp.c.obj
 *(.rodata*)
 .rodata.HSIFreqTable
                0x080134d0       0x20 CMakeFiles/N7SIX.basic.dir/Core/Src/system_py32f071.c.obj
                0x080134d0                HSIFreqTable
 .rodata.APBPrescTable
                0x080134f0       0x20 CMakeFiles/N7SIX.basic.dir/Core/Src/system_py32f071.c.obj
                0x080134f0                APBPrescTable
 .rodata.AHBPrescTable
                0x08013510       0x40 CMakeFiles/N7SIX.basic.dir/Core/Src/system_py32f071.c.obj
                0x08013510                AHBPrescTable
 .rodata.CHANNEL_OFFSET_TAB
                0x08013550        0x7 CMakeFiles/N7SIX.basic.dir/Drivers/PY32F071_HAL_Driver/Src/py32f071_ll_dma.c.obj
 .rodata.value  0x08013557        0xb CMakeFiles/N7SIX.basic.dir/App/driver/backlight.c.obj
                0x08013557                value
 .rodata.BK4819_Init.str1.1
                0x08013562      0x59b CMakeFiles/N7SIX.basic.dir/App/driver/bk4829.c.obj
                                 0x11 (size before relaxing)
 *fill*         0x08013afd        0x1 
 .rodata.CSWTCH.58
                0x08013afe        0x8 CMakeFiles/N7SIX.basic.dir/App/driver/bk4829.c.obj
 .rodata.FSK_RogerTable
                0x08013b06        0xe CMakeFiles/N7SIX.basic.dir/App/driver/bk4829.c.obj
 .rodata.keyboard
                0x08013b14       0x14 CMakeFiles/N7SIX.basic.dir/App/driver/keyboard.c.obj
 .rodata.HandleFunction_fn_table
                0x08013b28       0x1c CMakeFiles/N7SIX.basic.dir/App/app/app.c.obj
 .rodata.CSWTCH.19
                0x08013b44        0x6 CMakeFiles/N7SIX.basic.dir/App/app/dtmf.c.obj
 .rodata.MENU_Key_UP_DOWN.str1.1
                0x08013b4a        0xf CMakeFiles/N7SIX.basic.dir/App/app/menu.c.obj
 .rodata.CSWTCH.16
                0x08013b4a       0x10 CMakeFiles/N7SIX.basic.dir/App/audio.c.obj
 .rodata.BITMAP_PowerUser
                0x08013b5a        0x3 CMakeFiles/N7SIX.basic.dir/App/bitmaps.c.obj
                0x08013b5a                BITMAP_PowerUser
 .rodata.BITMAP_compand
                0x08013b5d        0x6 CMakeFiles/N7SIX.basic.dir/App/bitmaps.c.obj
                0x08013b5d                BITMAP_compand
 .rodata.BITMAP_ScanListAll
                0x08013b63       0x13 CMakeFiles/N7SIX.basic.dir/App/bitmaps.c.obj
                0x08013b63                BITMAP_ScanListAll
 .rodata.BITMAP_ScanList123
                0x08013b76       0x13 CMakeFiles/N7SIX.basic.dir/App/bitmaps.c.obj
                0x08013b76                BITMAP_ScanList123
 .rodata.BITMAP_ScanListE
                0x08013b89        0x7 CMakeFiles/N7SIX.basic.dir/App/bitmaps.c.obj
                0x08013b89                BITMAP_ScanListE
 .rodata.BITMAP_ScanList3
                0x08013b90        0x7 CMakeFiles/N7SIX.basic.dir/App/bitmaps.c.obj
                0x08013b90                BITMAP_ScanList3
 .rodata.BITMAP_ScanList2
                0x08013b97        0x7 CMakeFiles/N7SIX.basic.dir/App/bitmaps.c.obj
                0x08013b97                BITMAP_ScanList2
 .rodata.BITMAP_ScanList1
                0x08013b9e        0x7 CMakeFiles/N7SIX.basic.dir/App/bitmaps.c.obj
                0x08013b9e                BITMAP_ScanList1
 .rodata.BITMAP_ScanList0
                0x08013ba5        0x7 CMakeFiles/N7SIX.basic.dir/App/bitmaps.c.obj
                0x08013ba5                BITMAP_ScanList0
 .rodata.BITMAP_VFO_NotDefault
                0x08013bac        0x7 CMakeFiles/N7SIX.basic.dir/App/bitmaps.c.obj
                0x08013bac                BITMAP_VFO_NotDefault
 .rodata.BITMAP_VFO_Default
                0x08013bb3        0x7 CMakeFiles/N7SIX.basic.dir/App/bitmaps.c.obj
                0x08013bb3                BITMAP_VFO_Default
 .rodata.BITMAP_VFO_Lock
                0x08013bba        0x7 CMakeFiles/N7SIX.basic.dir/App/bitmaps.c.obj
                0x08013bba                BITMAP_VFO_Lock
 .rodata.BITMAP_Antenna
                0x08013bc1        0x5 CMakeFiles/N7SIX.basic.dir/App/bitmaps.c.obj
                0x08013bc1                BITMAP_Antenna
 .rodata.BITMAP_BatteryLevel1
                0x08013bc6       0x11 CMakeFiles/N7SIX.basic.dir/App/bitmaps.c.obj
                0x08013bc6                BITMAP_BatteryLevel1
 .rodata.BITMAP_BatteryLevel
                0x08013bd7        0x2 CMakeFiles/N7SIX.basic.dir/App/bitmaps.c.obj
                0x08013bd7                BITMAP_BatteryLevel
 .rodata.gFontHold
                0x08013bd9        0xa CMakeFiles/N7SIX.basic.dir/App/bitmaps.c.obj
                0x08013bd9                gFontHold
 .rodata.gFontDWR
                0x08013be3       0x12 CMakeFiles/N7SIX.basic.dir/App/bitmaps.c.obj
                0x08013be3                gFontDWR
 .rodata.gFontMO
                0x08013bf5        0xc CMakeFiles/N7SIX.basic.dir/App/bitmaps.c.obj
                0x08013bf5                gFontMO
 .rodata.gFontXB
                0x08013c01        0xc CMakeFiles/N7SIX.basic.dir/App/bitmaps.c.obj
                0x08013c01                gFontXB
 .rodata.gFontMute
                0x08013c0d        0xc CMakeFiles/N7SIX.basic.dir/App/bitmaps.c.obj
                0x08013c0d                gFontMute
 .rodata.gFontLight
                0x08013c19        0x9 CMakeFiles/N7SIX.basic.dir/App/bitmaps.c.obj
                0x08013c19                gFontLight
 .rodata.gFontKeyLock
                0x08013c22        0x9 CMakeFiles/N7SIX.basic.dir/App/bitmaps.c.obj
                0x08013c22                gFontKeyLock
 .rodata.gFontS
                0x08013c2b        0x6 CMakeFiles/N7SIX.basic.dir/App/bitmaps.c.obj
                0x08013c2b                gFontS
 .rodata.gFontF
                0x08013c31        0x8 CMakeFiles/N7SIX.basic.dir/App/bitmaps.c.obj
                0x08013c31                gFontF
 .rodata.gFontPttClassic
                0x08013c39        0xc CMakeFiles/N7SIX.basic.dir/App/bitmaps.c.obj
                0x08013c39                gFontPttClassic
 .rodata.gFontPttOnePush
                0x08013c45        0xc CMakeFiles/N7SIX.basic.dir/App/bitmaps.c.obj
                0x08013c45                gFontPttOnePush
 .rodata.gFontPowerSave
                0x08013c51        0xc CMakeFiles/N7SIX.basic.dir/App/bitmaps.c.obj
                0x08013c51                gFontPowerSave
 *fill*         0x08013c5d        0x1 
 .rodata.DCS_Options
                0x08013c5e       0xd0 CMakeFiles/N7SIX.basic.dir/App/dcs.c.obj
                0x08013c5e                DCS_Options
 .rodata.CTCSS_Options
                0x08013d2e       0x64 CMakeFiles/N7SIX.basic.dir/App/dcs.c.obj
                0x08013d2e                CTCSS_Options
 .rodata.gFont3x5
                0x08013d92      0x120 CMakeFiles/N7SIX.basic.dir/App/font.c.obj
                0x08013d92                gFont3x5
 .rodata.gFontSmallBold
                0x08013eb2      0x234 CMakeFiles/N7SIX.basic.dir/App/font.c.obj
                0x08013eb2                gFontSmallBold
 .rodata.gFontSmall
                0x080140e6      0x234 CMakeFiles/N7SIX.basic.dir/App/font.c.obj
                0x080140e6                gFontSmall
 .rodata.gFontBigDigits
                0x0801431a       0xdc CMakeFiles/N7SIX.basic.dir/App/font.c.obj
                0x0801431a                gFontBigDigits
 .rodata.gFontBig
                0x080143f6      0x524 CMakeFiles/N7SIX.basic.dir/App/font.c.obj
                0x080143f6                gFontBig
 .rodata.StepSortedIndexes
                0x0801491a       0x18 CMakeFiles/N7SIX.basic.dir/App/frequencies.c.obj
                0x0801491a                StepSortedIndexes
 .rodata.gStepFrequencyTable
                0x08014932       0x30 CMakeFiles/N7SIX.basic.dir/App/frequencies.c.obj
                0x08014932                gStepFrequencyTable
 *fill*         0x08014962        0x2 
 .rodata.frequencyBandTable
                0x08014964       0x38 CMakeFiles/N7SIX.basic.dir/App/frequencies.c.obj
                0x08014964                frequencyBandTable
 .rodata.BX4819_band2
                0x0801499c        0x8 CMakeFiles/N7SIX.basic.dir/App/frequencies.c.obj
                0x0801499c                BX4819_band2
 .rodata.BX4819_band1
                0x080149a4        0x8 CMakeFiles/N7SIX.basic.dir/App/frequencies.c.obj
                0x080149a4                BX4819_band1
 .rodata.BATTERY_GetReadings.str1.1
                0x080149ac        0x6 CMakeFiles/N7SIX.basic.dir/App/helper/battery.c.obj
 .rodata.Voltage2PercentageTable
                0x080149ac       0x8c CMakeFiles/N7SIX.basic.dir/App/helper/battery.c.obj
                0x080149ac                Voltage2PercentageTable
 .rodata.gMicGain_dB2
                0x08014a38        0x5 CMakeFiles/N7SIX.basic.dir/App/misc.c.obj
                0x08014a38                gMicGain_dB2
 *fill*         0x08014a3d        0x1 
 .rodata.power_save1_10ms
                0x08014a3e        0x2 CMakeFiles/N7SIX.basic.dir/App/misc.c.obj
                0x08014a3e                power_save1_10ms
 .rodata.battery_save_count_10ms
                0x08014a40        0x2 CMakeFiles/N7SIX.basic.dir/App/misc.c.obj
                0x08014a40                battery_save_count_10ms
 .rodata.scan_pause_delay_in_5_10ms
                0x08014a42        0x2 CMakeFiles/N7SIX.basic.dir/App/misc.c.obj
                0x08014a42                scan_pause_delay_in_5_10ms
 .rodata.scan_pause_delay_in_3_10ms
                0x08014a44        0x2 CMakeFiles/N7SIX.basic.dir/App/misc.c.obj
                0x08014a44                scan_pause_delay_in_3_10ms
 .rodata.scan_pause_delay_in_2_10ms
                0x08014a46        0x2 CMakeFiles/N7SIX.basic.dir/App/misc.c.obj
                0x08014a46                scan_pause_delay_in_2_10ms
 .rodata.scan_pause_delay_in_1_10ms
                0x08014a48        0x2 CMakeFiles/N7SIX.basic.dir/App/misc.c.obj
                0x08014a48                scan_pause_delay_in_1_10ms
 .rodata.dual_watch_count_toggle_10ms
                0x08014a4a        0x2 CMakeFiles/N7SIX.basic.dir/App/misc.c.obj
                0x08014a4a                dual_watch_count_toggle_10ms
 .rodata.dual_watch_count_after_2_10ms
                0x08014a4c        0x2 CMakeFiles/N7SIX.basic.dir/App/misc.c.obj
                0x08014a4c                dual_watch_count_after_2_10ms
 .rodata.dual_watch_count_after_rx_10ms
                0x08014a4e        0x2 CMakeFiles/N7SIX.basic.dir/App/misc.c.obj
                0x08014a4e                dual_watch_count_after_rx_10ms
 .rodata.dual_watch_count_after_tx_10ms
                0x08014a50        0x2 CMakeFiles/N7SIX.basic.dir/App/misc.c.obj
                0x08014a50                dual_watch_count_after_tx_10ms
 .rodata.scan_delay_10ms
                0x08014a52        0x1 CMakeFiles/N7SIX.basic.dir/App/misc.c.obj
                0x08014a52                scan_delay_10ms
 *fill*         0x08014a53        0x1 
 .rodata.key_debounce_10ms
                0x08014a54        0x2 CMakeFiles/N7SIX.basic.dir/App/misc.c.obj