Archive member included to satisfy reference by file (symbol)

/opt/toolchain/bin/../lib/gcc/arm-none-eabi/13.3.1/thumb/v6-m/nofp/libgcc.a(_thumb1_case_sqi.o)
                              CMakeFiles/N7SIX.rescueops.dir/App/app/menu.c.obj (__gnu_thumb1_case_sqi)
/opt/toolchain/bin/../lib/gcc/arm-none-eabi/13.3.1/thumb/v6-m/nofp/libgcc.a(_thumb1_case_uqi.o)
                              CMakeFiles/N7SIX.rescueops.dir/Drivers/PY32F071_HAL_Driver/Src/py32f071_ll_dma.c.obj (__gnu_thumb1_case_uqi)
/opt/toolchain/bin/../lib/gcc/arm-none-eabi/13.3.1/thumb/v6-m/nofp/libgcc.a(_thumb1_case_shi.o)
                              CMakeFiles/N7SIX.rescueops.dir/App/app/main.c.obj (__gnu_thumb1_case_shi)
/opt/toolchain/bin/../lib/gcc/arm-none-eabi/13.3.1/thumb/v6-m/nofp/libgcc.a(_thumb1_case_uhi.o)
                              CMakeFiles/N7SIX.rescueops.dir/App/app/main.c.obj (__gnu_thumb1_case_uhi)
/opt/toolchain/bin/../lib/gcc/arm-none-eabi/13.3.1/thumb/v6-m/nofp/libgcc.a(_udivsi3.o)
                              CMakeFiles/N7SIX.rescueops.dir/Drivers/PY32F071_HAL_Driver/Src/py32f071_ll_rcc.c.obj (__aeabi_uidiv)
/opt/toolchain/bin/../lib/gcc/arm-none-eabi/13.3.1/thumb/v6-m/nofp/libgcc.a(_divsi3.o)
                              CMakeFiles/N7SIX.rescueops.dir/Drivers/PY32F071_HAL_Driver/Src/py32f071_ll_i2c.c.obj (__aeabi_idiv)
/opt/toolchain/bin/../lib/gcc/arm-none-eabi/13.3.1/thumb/v6-m/nofp/libgcc.a(_dvmd_tls.o)
                              /opt/toolchain/bin/../lib/gcc/arm-none-eabi/13.3.1/thumb/v6-m/nofp/libgcc.a(_udivsi3.o) (__aeabi_idiv0)
/opt/toolchain/bin/../lib/gcc/arm-none-eabi/13.3.1/thumb/v6-m/nofp/libgcc.a(_clzsi2.o)
                              CMakeFiles/N7SIX.rescueops.dir/App/board.c.obj (__clzsi2)
/opt/toolchain/bin/../lib/gcc/arm-none-eabi/13.3.1/../../../../arm-none-eabi/lib/thumb/v6-m/nofp/libg_nano.a(libc_a-exit.o)
                              /opt/toolchain/bin/../lib/gcc/arm-none-eabi/13.3.1/../../../../arm-none-eabi/lib/thumb/v6-m/nofp/crt0.o (exit)
/opt/toolchain/bin/../lib/gcc/arm-none-eabi/13.3.1/../../../../arm-none-eabi/lib/thumb/v6-m/nofp/libg_nano.a(libc_a-init.o)
                              /opt/toolchain/bin/../lib/gcc/arm-none-eabi/13.3.1/../../../../arm-none-eabi/lib/thumb/v6-m/nofp/crt0.o (__libc_init_array)
/opt/toolchain/bin/../lib/gcc/arm-none-eabi/13.3.1/../../../../arm-none-eabi/lib/thumb/v6-m/nofp/libg_nano.a(libc_a-memmove.o)
                              CMakeFiles/N7SIX.rescueops.dir/App/app/app.c.obj (memmove)
/opt/toolchain/bin/../lib/gcc/arm-none-eabi/13.3.1/../../../../arm-none-eabi/lib/thumb/v6-m/nofp/libg_nano.a(libc_a-memset.o)
                              /opt/toolchain/bin/../lib/gcc/arm-none-eabi/13.3.1/../../../../arm-none-eabi/lib/thumb/v6-m/nofp/crt0.o (memset)
/opt/toolchain/bin/../lib/gcc/arm-none-eabi/13.3.1/../../../../arm-none-eabi/lib/thumb/v6-m/nofp/libg_nano.a(libc_a-strcpy.o)
                              CMakeFiles/N7SIX.rescueops.dir/App/settings.c.obj (strcpy)
/opt/toolchain/bin/../lib/gcc/arm-none-eabi/13.3.1/../../../../arm-none-eabi/lib/thumb/v6-m/nofp/libg_nano.a(libc_a-memcpy-stub.o)
                              CMakeFiles/N7SIX.rescueops.dir/App/driver/bk4829.c.obj (memcpy)
/opt/toolchain/bin/../lib/gcc/arm-none-eabi/13.3.1/../../../../arm-none-eabi/lib/thumb/v6-m/nofp/libg_nano.a(libc_a-strlen.o)
                              CMakeFiles/N7SIX.rescueops.dir/App/app/app.c.obj (strlen)
/opt/toolchain/bin/../lib/gcc/arm-none-eabi/13.3.1/../../../../arm-none-eabi/lib/thumb/v6-m/nofp/libg_nano.a(libc_a-findfp.o)
                              /opt/toolchain/bin/../lib/gcc/arm-none-eabi/13.3.1/../../../../arm-none-eabi/lib/thumb/v6-m/nofp/libg_nano.a(libc_a-exit.o) (__stdio_exit_handler)
/opt/toolchain/bin/../lib/gcc/arm-none-eabi/13.3.1/../../../../arm-none-eabi/lib/thumb/v6-m/nofp/libg_nano.a(libc_a-strncpy.o)
                              CMakeFiles/N7SIX.rescueops.dir/App/app/generic.c.obj (strncpy)
/opt/toolchain/bin/../lib/gcc/arm-none-eabi/13.3.1/../../../../arm-none-eabi/lib/thumb/v6-m/nofp/libg_nano.a(libc_a-stdio.o)
                              /opt/toolchain/bin/../lib/gcc/arm-none-eabi/13.3.1/../../../../arm-none-eabi/lib/thumb/v6-m/nofp/libg_nano.a(libc_a-findfp.o) (__sread)
/opt/toolchain/bin/../lib/gcc/arm-none-eabi/13.3.1/../../../../arm-none-eabi/lib/thumb/v6-m/nofp/libg_nano.a(libc_a-lseekr.o)
                              /opt/toolchain/bin/../lib/gcc/arm-none-eabi/13.3.1/../../../../arm-none-eabi/lib/thumb/v6-m/nofp/libg_nano.a(libc_a-stdio.o) (_lseek_r)
/opt/toolchain/bin/../lib/gcc/arm-none-eabi/13.3.1/../../../../arm-none-eabi/lib/thumb/v6-m/nofp/libg_nano.a(libc_a-readr.o)
                              /opt/toolchain/bin/../lib/gcc/arm-none-eabi/13.3.1/../../../../arm-none-eabi/lib/thumb/v6-m/nofp/libg_nano.a(libc_a-stdio.o) (_read_r)
/opt/toolchain/bin/../lib/gcc/arm-none-eabi/13.3.1/../../../../arm-none-eabi/lib/thumb/v6-m/nofp/libg_nano.a(libc_a-fwalk.o)
[...]
Memory Configuration

Name             Origin             Length             Attributes
RAM              0x20000000         0x00004000         xrw
FLASH            0x08002800         0x0001d800         xr
*default*        0x00000000         0xffffffff

Linker script and memory map

LOAD /opt/toolchain/bin/../lib/gcc/arm-none-eabi/13.3.1/thumb/v6-m/nofp/crti.o
LOAD /opt/toolchain/bin/../lib/gcc/arm-none-eabi/13.3.1/thumb/v6-m/nofp/crtbegin.o
LOAD /opt/toolchain/bin/../lib/gcc/arm-none-eabi/13.3.1/../../../../arm-none-eabi/lib/thumb/v6-m/nofp/crt0.o
LOAD CMakeFiles/N7SIX.rescueops.dir/Core/Src/main.c.obj
LOAD CMakeFiles/N7SIX.rescueops.dir/Core/Src/py32f071_it.c.obj
LOAD CMakeFiles/N7SIX.rescueops.dir/Core/Src/system_py32f071.c.obj
LOAD CMakeFiles/N7SIX.rescueops.dir/Core/startup_py32f071xx.s.obj
LOAD CMakeFiles/N7SIX.rescueops.dir/Drivers/PY32F071_HAL_Driver/Src/py32f071_ll_rcc.c.obj
LOAD CMakeFiles/N7SIX.rescueops.dir/Drivers/PY32F071_HAL_Driver/Src/py32f071_ll_pwr.c.obj
LOAD CMakeFiles/N7SIX.rescueops.dir/Drivers/PY32F071_HAL_Driver/Src/py32f071_ll_dma.c.obj
LOAD CMakeFiles/N7SIX.rescueops.dir/Drivers/PY32F071_HAL_Driver/Src/py32f071_ll_gpio.c.obj
LOAD CMakeFiles/N7SIX.rescueops.dir/Drivers/PY32F071_HAL_Driver/Src/py32f071_ll_utils.c.obj
LOAD CMakeFiles/N7SIX.rescueops.dir/Drivers/PY32F071_HAL_Driver/Src/py32f071_ll_adc.c.obj
LOAD CMakeFiles/N7SIX.rescueops.dir/Drivers/PY32F071_HAL_Driver/Src/py32f071_ll_comp.c.obj
LOAD CMakeFiles/N7SIX.rescueops.dir/Drivers/PY32F071_HAL_Driver/Src/py32f071_ll_crc.c.obj
LOAD CMakeFiles/N7SIX.rescueops.dir/Drivers/PY32F071_HAL_Driver/Src/py32f071_ll_dac.c.obj
LOAD CMakeFiles/N7SIX.rescueops.dir/Drivers/PY32F071_HAL_Driver/Src/py32f071_ll_exti.c.obj
LOAD CMakeFiles/N7SIX.rescueops.dir/Drivers/PY32F071_HAL_Driver/Src/py32f071_ll_i2c.c.obj
LOAD CMakeFiles/N7SIX.rescueops.dir/Drivers/PY32F071_HAL_Driver/Src/py32f071_ll_rtc.c.obj
LOAD CMakeFiles/N7SIX.rescueops.dir/Drivers/PY32F071_HAL_Driver/Src/py32f071_ll_spi.c.obj
LOAD CMakeFiles/N7SIX.rescueops.dir/Drivers/PY32F071_HAL_Driver/Src/py32f071_ll_tim.c.obj
LOAD CMakeFiles/N7SIX.rescueops.dir/Drivers/PY32F071_HAL_Driver/Src/py32f071_ll_lptim.c.obj
LOAD CMakeFiles/N7SIX.rescueops.dir/Drivers/PY32F071_HAL_Driver/Src/py32f071_ll_usart.c.obj
LOAD CMakeFiles/N7SIX.rescueops.dir/App/driver/backlight.c.obj
LOAD CMakeFiles/N7SIX.rescueops.dir/App/driver/bk4829.c.obj
LOAD CMakeFiles/N7SIX.rescueops.dir/App/driver/py25q16.c.obj
LOAD CMakeFiles/N7SIX.rescueops.dir/App/driver/gpio.c.obj
LOAD CMakeFiles/N7SIX.rescueops.dir/App/driver/i2c.c.obj
LOAD CMakeFiles/N7SIX.rescueops.dir/App/driver/keyboard.c.obj
LOAD CMakeFiles/N7SIX.rescueops.dir/App/driver/st7565.c.obj
LOAD CMakeFiles/N7SIX.rescueops.dir/App/driver/system.c.obj
LOAD CMakeFiles/N7SIX.rescueops.dir/App/driver/systick.c.obj
LOAD CMakeFiles/N7SIX.rescueops.dir/App/app/action.c.obj
LOAD CMakeFiles/N7SIX.rescueops.dir/App/app/app.c.obj
LOAD CMakeFiles/N7SIX.rescueops.dir/App/app/chFrScanner.c.obj
LOAD CMakeFiles/N7SIX.rescueops.dir/App/app/common.c.obj
LOAD CMakeFiles/N7SIX.rescueops.dir/App/app/dtmf.c.obj
LOAD CMakeFiles/N7SIX.rescueops.dir/App/app/generic.c.obj
LOAD CMakeFiles/N7SIX.rescueops.dir/App/app/main.c.obj
LOAD CMakeFiles/N7SIX.rescueops.dir/App/app/menu.c.obj
LOAD CMakeFiles/N7SIX.rescueops.dir/App/app/scanner.c.obj
LOAD CMakeFiles/N7SIX.rescueops.dir/App/audio.c.obj
LOAD CMakeFiles/N7SIX.rescueops.dir/App/bitmaps.c.obj
LOAD CMakeFiles/N7SIX.rescueops.dir/App/board.c.obj
LOAD CMakeFiles/N7SIX.rescueops.dir/App/dcs.c.obj
LOAD CMakeFiles/N7SIX.rescueops.dir/App/font.c.obj
LOAD CMakeFiles/N7SIX.rescueops.dir/App/frequencies.c.obj
LOAD CMakeFiles/N7SIX.rescueops.dir/App/functions.c.obj
LOAD CMakeFiles/N7SIX.rescueops.dir/App/helper/battery.c.obj
LOAD CMakeFiles/N7SIX.rescueops.dir/App/helper/boot.c.obj
LOAD CMakeFiles/N7SIX.rescueops.dir/App/misc.c.obj
LOAD CMakeFiles/N7SIX.rescueops.dir/App/radio.c.obj
LOAD CMakeFiles/N7SIX.rescueops.dir/App/scheduler.c.obj
LOAD CMakeFiles/N7SIX.rescueops.dir/App/settings.c.obj
LOAD CMakeFiles/N7SIX.rescueops.dir/App/ui/battery.c.obj
LOAD CMakeFiles/N7SIX.rescueops.dir/App/ui/helper.c.obj
LOAD CMakeFiles/N7SIX.rescueops.dir/App/ui/inputbox.c.obj
LOAD CMakeFiles/N7SIX.rescueops.dir/App/ui/main.c.obj
LOAD CMakeFiles/N7SIX.rescueops.dir/App/ui/menu.c.obj
LOAD CMakeFiles/N7SIX.rescueops.dir/App/ui/scanner.c.obj
LOAD CMakeFiles/N7SIX.rescueops.dir/App/ui/status.c.obj
LOAD CMakeFiles/N7SIX.rescueops.dir/App/ui/ui.c.obj
LOAD CMakeFiles/N7SIX.rescueops.dir/App/ui/welcome.c.obj
LOAD CMakeFiles/N7SIX.rescueops.dir/App/version.c.obj
LOAD CMakeFiles/N7SIX.rescueops.dir/App/main.c.obj
LOAD CMakeFiles/N7SIX.rescueops.dir/App/external/printf/printf.c.obj
LOAD CMakeFiles/N7SIX.rescueops.dir/App/driver/crc.c.obj
LOAD CMakeFiles/N7SIX.rescueops.dir/App/driver/eeprom_compat.c.obj
LOAD CMakeFiles/N7SIX.rescueops.dir/App/driver/uart.c.obj
LOAD CMakeFiles/N7SIX.rescueops.dir/App/app/uart.c.obj
LOAD CMakeFiles/N7SIX.rescueops.dir/App/driver/vcp.c.obj
LOAD CMakeFiles/N7SIX.rescueops.dir/App/usb/usbd_cdc_if.c.obj
LOAD CMakeFiles/N7SIX.rescueops.dir/App/app/aircopy.c.obj
LOAD CMakeFiles/N7SIX.rescueops.dir/App/ui/aircopy.c.obj
LOAD CMakeFiles/N7SIX.rescueops.dir/App/app/flashlight.c.obj
LOAD CMakeFiles/N7SIX.rescueops.dir/App/screenshot.c.obj
LOAD CMakeFiles/N7SIX.rescueops.dir/Middlewares/CherryUSB/core/usbd_core.c.obj
LOAD CMakeFiles/N7SIX.rescueops.dir/Middlewares/CherryUSB/port/usb_dc_py32.c.obj
LOAD CMakeFiles/N7SIX.rescueops.dir/Middlewares/CherryUSB/class/cdc/usbd_cdc.c.obj
LOAD /opt/toolchain/bin/../lib/gcc/arm-none-eabi/13.3.1/../../../../arm-none-eabi/lib/thumb/v6-m/nofp/libm.a
START GROUP
LOAD /opt/toolchain/bin/../lib/gcc/arm-none-eabi/13.3.1/thumb/v6-m/nofp/libgcc.a
LOAD /opt/toolchain/bin/../lib/gcc/arm-none-eabi/13.3.1/../../../../arm-none-eabi/lib/thumb/v6-m/nofp/libg_nano.a
LOAD /opt/toolchain/bin/../lib/gcc/arm-none-eabi/13.3.1/../../../../arm-none-eabi/lib/thumb/v6-m/nofp/libc_nano.a
END GROUP
START GROUP
LOAD /opt/toolchain/bin/../lib/gcc/arm-none-eabi/13.3.1/thumb/v6-m/nofp/libgcc.a
LOAD /opt/toolchain/bin/../lib/gcc/arm-none-eabi/13.3.1/../../../../arm-none-eabi/lib/thumb/v6-m/nofp/libc_nano.a
END GROUP
LOAD /opt/toolchain/bin/../lib/gcc/arm-none-eabi/13.3.1/thumb/v6-m/nofp/crtend.o
LOAD /opt/toolchain/bin/../lib/gcc/arm-none-eabi/13.3.1/thumb/v6-m/nofp/crtn.o
                0x20004000                        _estack = (ORIGIN (RAM) + LENGTH (RAM))
                0x00000200                        _Min_Heap_Size = 0x200
                0x00000400                        _Min_Stack_Size = 0x400

.isr_vector     0x08002800       0xc0
                0x08002800                        . = ALIGN (0x4)
 *(.isr_vector)
 .isr_vector    0x08002800       0xc0 CMakeFiles/N7SIX.rescueops.dir/Core/startup_py32f071xx.s.obj
                0x08002800                g_pfnVectors
                0x080028c0                        . = ALIGN (0x4)

.text           0x080028c0     0xeeb8
                0x080028c0                        . = ALIGN (0x4)
 *(.text)
 .text          0x080028c0       0x14 /opt/toolchain/bin/../lib/gcc/arm-none-eabi/13.3.1/thumb/v6-m/nofp/libgcc.a(_thumb1_case_sqi.o)
                0x080028c0                __gnu_thumb1_case_sqi
 .text          0x080028d4       0x14 /opt/toolchain/bin/../lib/gcc/arm-none-eabi/13.3.1/thumb/v6-m/nofp/libgcc.a(_thumb1_case_uqi.o)
                0x080028d4                __gnu_thumb1_case_uqi
 .text          0x080028e8       0x14 /opt/toolchain/bin/../lib/gcc/arm-none-eabi/13.3.1/thumb/v6-m/nofp/libgcc.a(_thumb1_case_shi.o)
                0x080028e8                __gnu_thumb1_case_shi
 .text          0x080028fc       0x14 /opt/toolchain/bin/../lib/gcc/arm-none-eabi/13.3.1/thumb/v6-m/nofp/libgcc.a(_thumb1_case_uhi.o)
                0x080028fc                __gnu_thumb1_case_uhi
 .text          0x08002910      0x114 /opt/toolchain/bin/../lib/gcc/arm-none-eabi/13.3.1/thumb/v6-m/nofp/libgcc.a(_udivsi3.o)
                0x08002910                __udivsi3
                0x08002910                __aeabi_uidiv
                0x08002a1c                __aeabi_uidivmod
 .text          0x08002a24      0x1d4 /opt/toolchain/bin/../lib/gcc/arm-none-eabi/13.3.1/thumb/v6-m/nofp/libgcc.a(_divsi3.o)
                0x08002a24                __aeabi_idiv
                0x08002a24                __divsi3
                0x08002bf0                __aeabi_idivmod
 .text          0x08002bf8        0x4 /opt/toolchain/bin/../lib/gcc/arm-none-eabi/13.3.1/thumb/v6-m/nofp/libgcc.a(_dvmd_tls.o)
                0x08002bf8                __aeabi_ldiv0
                0x08002bf8                __aeabi_idiv0
 .text          0x08002bfc       0x3c /opt/toolchain/bin/../lib/gcc/arm-none-eabi/13.3.1/thumb/v6-m/nofp/libgcc.a(_clzsi2.o)
                0x08002bfc                __clzsi2
 .text          0x08002c38        0xe /opt/toolchain/bin/../lib/gcc/arm-none-eabi/13.3.1/../../../../arm-none-eabi/lib/thumb/v6-m/nofp/libg_nano.a(libc_a-strlen.o)
                0x08002c38                strlen
 *(.text*)
 *fill*         0x08002c46        0x2 
 .text.deregister_tm_clones
                0x08002c48       0x20 /opt/toolchain/bin/../lib/gcc/arm-none-eabi/13.3.1/thumb/v6-m/nofp/crtbegin.o
 .text.register_tm_clones
                0x08002c68       0x28 /opt/toolchain/bin/../lib/gcc/arm-none-eabi/13.3.1/thumb/v6-m/nofp/crtbegin.o
 .text.__do_global_dtors_aux
                0x08002c90       0x2c /opt/toolchain/bin/../lib/gcc/arm-none-eabi/13.3.1/thumb/v6-m/nofp/crtbegin.o
 .text.frame_dummy
                0x08002cbc       0x24 /opt/toolchain/bin/../lib/gcc/arm-none-eabi/13.3.1/thumb/v6-m/nofp/crtbegin.o
 .text.startup.main
                0x08002ce0       0x3c CMakeFiles/N7SIX.rescueops.dir/Core/Src/main.c.obj
                0x08002ce0                main
 .text.NMI_Handler
                0x08002d1c        0x2 CMakeFiles/N7SIX.rescueops.dir/Core/Src/py32f071_it.c.obj
                0x08002d1c                NMI_Handler
 .text.HardFault_Handler
                0x08002d1e        0x2 CMakeFiles/N7SIX.rescueops.dir/Core/Src/py32f071_it.c.obj
                0x08002d1e                HardFault_Handler
 .text.SVC_Handler
                0x08002d20        0x2 CMakeFiles/N7SIX.rescueops.dir/Core/Src/py32f071_it.c.obj
                0x08002d20                SVC_Handler
 .text.PendSV_Handler
                0x08002d22        0x2 CMakeFiles/N7SIX.rescueops.dir/Core/Src/py32f071_it.c.obj
                0x08002d22                PendSV_Handler
 .text.SystemInit
                0x08002d24       0x10 CMakeFiles/N7SIX.rescueops.dir/Core/Src/system_py32f071.c.obj
                0x08002d24                SystemInit
 .text.Reset_Handler
                0x08002d34       0x50 CMakeFiles/N7SIX.rescueops.dir/Core/startup_py32f071xx.s.obj
                0x08002d34                Reset_Handler
 .text.Default_Handler
                0x08002d84        0x2 CMakeFiles/N7SIX.rescueops.dir/Core/startup_py32f071xx.s.obj
                0x08002d84                TIM1_CC_IRQHandler
                0x08002d84                PVD_IRQHandler
                0x08002d84                I2C1_IRQHandler
                0x08002d84                SPI1_IRQHandler
                0x08002d84                EXTI2_3_IRQHandler
                0x08002d84                I2C2_IRQHandler
                0x08002d84                TIM17_IRQHandler
                0x08002d84                USART3_IRQHandler
                0x08002d84                RTC_IRQHandler
                0x08002d84                LCD_IRQHandler
                0x08002d84                TIM16_IRQHandler
                0x08002d84                TIM3_IRQHandler
                0x08002d84                EXTI4_15_IRQHandler
                0x08002d84                RCC_IRQHandler
                0x08002d84                DMA1_Channel1_IRQHandler
                0x08002d84                Default_Handler
                0x08002d84                TIM14_IRQHandler
                0x08002d84                TIM7_IRQHandler
                0x08002d84                TIM15_IRQHandler
                0x08002d84                EXTI0_1_IRQHandler
                0x08002d84                SPI2_IRQHandler
                0x08002d84                WWDG_IRQHandler
                0x08002d84                TIM2_IRQHandler
                0x08002d84                DMA1_Channel2_3_IRQHandler
                0x08002d84                ADC_COMP_IRQHandler
                0x08002d84                USART2_IRQHandler
                0x08002d84                TIM6_LPTIM1_DAC_IRQHandler
                0x08002d84                FLASH_IRQHandler
                0x08002d84                USART1_IRQHandler
                0x08002d84                TIM1_BRK_UP_TRG_COM_IRQHandler
 *fill*         0x08002d86        0x2 
 .text.RCC_GetHCLKClockFreq
                0x08002d88       0x20 CMakeFiles/N7SIX.rescueops.dir/Drivers/PY32F071_HAL_Driver/Src/py32f071_ll_rcc.c.obj
                0x08002d88                RCC_GetHCLKClockFreq
 .text.RCC_GetPCLK1ClockFreq
                0x08002da8       0x20 CMakeFiles/N7SIX.rescueops.dir/Drivers/PY32F071_HAL_Driver/Src/py32f071_ll_rcc.c.obj
                0x08002da8                RCC_GetPCLK1ClockFreq
 .text.RCC_PLL_GetFreqDomain_SYS
                0x08002dc8       0x38 CMakeFiles/N7SIX.rescueops.dir/Drivers/PY32F071_HAL_Driver/Src/py32f071_ll_rcc.c.obj
                0x08002dc8                RCC_PLL_GetFreqDomain_SYS
 .text.RCC_GetSystemClockFreq
                0x08002e00       0x50 CMakeFiles/N7SIX.rescueops.dir/Drivers/PY32F071_HAL_Driver/Src/py32f071_ll_rcc.c.obj
                0x08002e00                RCC_GetSystemClockFreq
 .text.LL_RCC_GetSystemClocksFreq
                0x08002e50       0x18 CMakeFiles/N7SIX.rescueops.dir/Drivers/PY32F071_HAL_Driver/Src/py32f071_ll_rcc.c.obj
                0x08002e50                LL_RCC_GetSystemClocksFreq
 .text.LL_DMA_Init
                0x08002e68       0x4c CMakeFiles/N7SIX.rescueops.dir/Drivers/PY32F071_HAL_Driver/Src/py32f071_ll_dma.c.obj
                0x08002e68                LL_DMA_Init
 .text.LL_DMA_StructInit
                0x08002eb4       0x18 CMakeFiles/N7SIX.rescueops.dir/Drivers/PY32F071_HAL_Driver/Src/py32f071_ll_dma.c.obj
                0x08002eb4                LL_DMA_StructInit
 .text.LL_GPIO_Init
                0x08002ecc       0xa4 CMakeFiles/N7SIX.rescueops.dir/Drivers/PY32F071_HAL_Driver/Src/py32f071_ll_gpio.c.obj
                0x08002ecc                LL_GPIO_Init
 .text.LL_GPIO_StructInit
                0x08002f70       0x18 CMakeFiles/N7SIX.rescueops.dir/Drivers/PY32F071_HAL_Driver/Src/py32f071_ll_gpio.c.obj
                0x08002f70                LL_GPIO_StructInit
 .text.LL_SetSystemCoreClock
                0x08002f88        0xc CMakeFiles/N7SIX.rescueops.dir/Drivers/PY32F071_HAL_Driver/Src/py32f071_ll_utils.c.obj
                0x08002f88                LL_SetSystemCoreClock
 .text.LL_SPI_Init
                0x08002f94       0x68 CMakeFiles/N7SIX.rescueops.dir/Drivers/PY32F071_HAL_Driver/Src/py32f071_ll_spi.c.obj
                0x08002f94                LL_SPI_Init
 .text.LL_SPI_StructInit
                0x08002ffc       0x1a CMakeFiles/N7SIX.rescueops.dir/Drivers/PY32F071_HAL_Driver/Src/py32f071_ll_spi.c.obj
                0x08002ffc                LL_SPI_StructInit
 *fill*         0x08003016        0x2 
 .text.LL_USART_Init
                0x08003018       0xe4 CMakeFiles/N7SIX.rescueops.dir/Drivers/PY32F071_HAL_Driver/Src/py32f071_ll_usart.c.obj
                0x08003018                LL_USART_Init
 .text.LL_USART_StructInit
                0x080030fc       0x18 CMakeFiles/N7SIX.rescueops.dir/Drivers/PY32F071_HAL_Driver/Src/py32f071_ll_usart.c.obj
                0x080030fc                LL_USART_StructInit
 .text.BACKLIGHT_Sound
                0x08003114       0x28 CMakeFiles/N7SIX.rescueops.dir/App/driver/backlight.c.obj
 .text.BACKLIGHT_InitHardware
                0x0800313c       0xc4 CMakeFiles/N7SIX.rescueops.dir/App/driver/backlight.c.obj
                0x0800313c                BACKLIGHT_InitHardware
 .text.BACKLIGHT_IsOn
                0x08003200        0xc CMakeFiles/N7SIX.rescueops.dir/App/driver/backlight.c.obj
                0x08003200                BACKLIGHT_IsOn
 .text.BACKLIGHT_SetBrightness
                0x0800320c       0xbc CMakeFiles/N7SIX.rescueops.dir/App/driver/backlight.c.obj
                0x0800320c                BACKLIGHT_SetBrightness
 .text.BACKLIGHT_TurnOff
                0x080032c8       0x24 CMakeFiles/N7SIX.rescueops.dir/App/driver/backlight.c.obj
                0x080032c8                BACKLIGHT_TurnOff
 .text.BACKLIGHT_TurnOn
                0x080032ec       0x9c CMakeFiles/N7SIX.rescueops.dir/App/driver/backlight.c.obj
                0x080032ec                BACKLIGHT_TurnOn
 .text.BK4819_WriteU8
                0x08003388       0x54 CMakeFiles/N7SIX.rescueops.dir/App/driver/bk4829.c.obj
                0x08003388                BK4819_WriteU8
 .text.BK4819_ReadRegister
                0x080033dc       0x98 CMakeFiles/N7SIX.rescueops.dir/App/driver/bk4829.c.obj
                0x080033dc                BK4819_ReadRegister
 .text.BK4819_WriteU16
                0x08003474       0x54 CMakeFiles/N7SIX.rescueops.dir/App/driver/bk4829.c.obj
                0x08003474                BK4819_WriteU16
 .text.BK4819_WriteRegister
                0x080034c8       0x4c CMakeFiles/N7SIX.rescueops.dir/App/driver/bk4829.c.obj
                0x080034c8                BK4819_WriteRegister
 .text.BK4819_Init
                0x08003514      0x1d0 CMakeFiles/N7SIX.rescueops.dir/App/driver/bk4829.c.obj
                0x08003514                BK4819_Init
 .text.BK4819_SetAGC
                0x080036e4       0x30 CMakeFiles/N7SIX.rescueops.dir/App/driver/bk4829.c.obj
                0x080036e4                BK4819_SetAGC
 .text.BK4819_InitAGC
                0x08003714       0x64 CMakeFiles/N7SIX.rescueops.dir/App/driver/bk4829.c.obj
                0x08003714                BK4819_InitAGC
 .text.BK4819_ToggleGpioOut
                0x08003778       0x2c CMakeFiles/N7SIX.rescueops.dir/App/driver/bk4829.c.obj
                0x08003778                BK4819_ToggleGpioOut
 .text.BK4819_SetCDCSSCodeWord
                0x080037a4       0x38 CMakeFiles/N7SIX.rescueops.dir/App/driver/bk4829.c.obj
                0x080037a4                BK4819_SetCDCSSCodeWord
 .text.BK4819_SetCTCSSFrequency
                0x080037dc       0x48 CMakeFiles/N7SIX.rescueops.dir/App/driver/bk4829.c.obj
                0x080037dc                BK4819_SetCTCSSFrequency
 .text.BK4819_SetTailDetection
                0x08003824       0x24 CMakeFiles/N7SIX.rescueops.dir/App/driver/bk4829.c.obj
                0x08003824                BK4819_SetTailDetection
 .text.BK4819_EnableVox
                0x08003848       0x48 CMakeFiles/N7SIX.rescueops.dir/App/driver/bk4829.c.obj
                0x08003848                BK4819_EnableVox
 .text.BK4819_SetFilterBandwidth
                0x08003890       0x1c CMakeFiles/N7SIX.rescueops.dir/App/driver/bk4829.c.obj
                0x08003890                BK4819_SetFilterBandwidth
 .text.BK4819_SetupPowerAmplifier
                0x080038ac       0x20 CMakeFiles/N7SIX.rescueops.dir/App/driver/bk4829.c.obj
                0x080038ac                BK4819_SetupPowerAmplifier
 .text.BK4819_SetFrequency
                0x080038cc       0x16 CMakeFiles/N7SIX.rescueops.dir/App/driver/bk4829.c.obj
                0x080038cc                BK4819_SetFrequency
 *fill*         0x080038e2        0x2 
 .text.BK4819_SetAF
                0x080038e4       0x14 CMakeFiles/N7SIX.rescueops.dir/App/driver/bk4829.c.obj
                0x080038e4                BK4819_SetAF
 .text.BK4819_SetRegValue
                0x080038f8       0x2e CMakeFiles/N7SIX.rescueops.dir/App/driver/bk4829.c.obj
                0x080038f8                BK4819_SetRegValue
 *fill*         0x08003926        0x2 
 .text.BK4819_RX_TurnOn
                0x08003928       0x24 CMakeFiles/N7SIX.rescueops.dir/App/driver/bk4829.c.obj
                0x08003928                BK4819_RX_TurnOn
 .text.BK4819_SetupSquelch
                0x0800394c       0x56 CMakeFiles/N7SIX.rescueops.dir/App/driver/bk4829.c.obj
                0x0800394c                BK4819_SetupSquelch
 *fill*         0x080039a2        0x2 
 .text.BK4819_PickRXFilterPathBasedOnFrequency
                0x080039a4       0x30 CMakeFiles/N7SIX.rescueops.dir/App/driver/bk4829.c.obj
                0x080039a4                BK4819_PickRXFilterPathBasedOnFrequency
 .text.BK4819_DisableScramble
                0x080039d4       0x1e CMakeFiles/N7SIX.rescueops.dir/App/driver/bk4829.c.obj
                0x080039d4                BK4819_DisableScramble
 *fill*         0x080039f2        0x2 
 .text.BK4819_SetCompander
                0x080039f4       0x54 CMakeFiles/N7SIX.rescueops.dir/App/driver/bk4829.c.obj
                0x080039f4                BK4819_SetCompander
 .text.BK4819_DisableVox
                0x08003a48       0x16 CMakeFiles/N7SIX.rescueops.dir/App/driver/bk4829.c.obj
                0x08003a48                BK4819_DisableVox
 .text.BK4819_DisableDTMF
                0x08003a5e        0xc CMakeFiles/N7SIX.rescueops.dir/App/driver/bk4829.c.obj
                0x08003a5e                BK4819_DisableDTMF
 *fill*         0x08003a6a        0x2 
 .text.BK4819_EnableDTMF
                0x08003a6c       0x1c CMakeFiles/N7SIX.rescueops.dir/App/driver/bk4829.c.obj
                0x08003a6c                BK4819_EnableDTMF
 .text.BK4819_EnterTxMute
                0x08003a88       0x10 CMakeFiles/N7SIX.rescueops.dir/App/driver/bk4829.c.obj
                0x08003a88                BK4819_EnterTxMute
 .text.BK4819_PlayTone
                0x08003a98       0x58 CMakeFiles/N7SIX.rescueops.dir/App/driver/bk4829.c.obj
                0x08003a98                BK4819_PlayTone
 .text.BK4819_ExitTxMute
                0x08003af0       0x10 CMakeFiles/N7SIX.rescueops.dir/App/driver/bk4829.c.obj
                0x08003af0                BK4819_ExitTxMute
 .text.BK4819_Sleep
                0x08003b00       0x16 CMakeFiles/N7SIX.rescueops.dir/App/driver/bk4829.c.obj
                0x08003b00                BK4819_Sleep
 *fill*         0x08003b16        0x2 
 .text.BK4819_TurnsOffTones_TurnsOnRX
                0x08003b18       0x2c CMakeFiles/N7SIX.rescueops.dir/App/driver/bk4829.c.obj
                0x08003b18                BK4819_TurnsOffTones_TurnsOnRX
 .text.BK4819_SetupAircopy
                0x08003b44       0x44 CMakeFiles/N7SIX.rescueops.dir/App/driver/bk4829.c.obj
                0x08003b44                BK4819_SetupAircopy
 .text.BK4819_Idle
                0x08003b88        0xc CMakeFiles/N7SIX.rescueops.dir/App/driver/bk4829.c.obj
                0x08003b88                BK4819_Idle
 .text.BK4819_ResetFSK
                0x08003b94       0x1e CMakeFiles/N7SIX.rescueops.dir/App/driver/bk4829.c.obj
                0x08003b94                BK4819_ResetFSK
 .text.BK4819_ExitBypass
                0x08003bb2       0x20 CMakeFiles/N7SIX.rescueops.dir/App/driver/bk4829.c.obj
                0x08003bb2                BK4819_ExitBypass
 *fill*         0x08003bd2        0x2 
 .text.BK4819_TxOn_Beep
                0x08003bd4       0x38 CMakeFiles/N7SIX.rescueops.dir/App/driver/bk4829.c.obj
                0x08003bd4                BK4819_TxOn_Beep
 .text.BK4819_PrepareTransmit
                0x08003c0c       0x10 CMakeFiles/N7SIX.rescueops.dir/App/driver/bk4829.c.obj
                0x08003c0c                BK4819_PrepareTransmit
 .text.BK4819_ExitSubAu
                0x08003c1c        0xc CMakeFiles/N7SIX.rescueops.dir/App/driver/bk4829.c.obj
                0x08003c1c                BK4819_ExitSubAu
 .text.BK4819_Conditional_RX_TurnOn_and_GPIO6_Enable
                0x08003c28       0x1c CMakeFiles/N7SIX.rescueops.dir/App/driver/bk4829.c.obj
                0x08003c28                BK4819_Conditional_RX_TurnOn_and_GPIO6_Enable
 .text.BK4819_ExitDTMF_TX
                0x08003c44       0x30 CMakeFiles/N7SIX.rescueops.dir/App/driver/bk4829.c.obj
                0x08003c44                BK4819_ExitDTMF_TX
 .text.BK4819_EnableTXLink
                0x08003c74       0x10 CMakeFiles/N7SIX.rescueops.dir/App/driver/bk4829.c.obj
                0x08003c74                BK4819_EnableTXLink
 .text.BK4819_PlaySingleTone
                0x08003c84       0x94 CMakeFiles/N7SIX.rescueops.dir/App/driver/bk4829.c.obj
                0x08003c84                BK4819_PlaySingleTone
 .text.BK4819_EnterDTMF_TX
                0x08003d18       0x2c CMakeFiles/N7SIX.rescueops.dir/App/driver/bk4829.c.obj
                0x08003d18                BK4819_EnterDTMF_TX
 .text.BK4819_PlayDTMF
                0x08003d44       0x7c CMakeFiles/N7SIX.rescueops.dir/App/driver/bk4829.c.obj
                0x08003d44                BK4819_PlayDTMF
 .text.BK4819_PlayDTMFString
                0x08003dc0       0x5a CMakeFiles/N7SIX.rescueops.dir/App/driver/bk4829.c.obj
                0x08003dc0                BK4819_PlayDTMFString
 *fill*         0x08003e1a        0x2 
 .text.BK4819_TransmitTone
                0x08003e1c       0x48 CMakeFiles/N7SIX.rescueops.dir/App/driver/bk4829.c.obj
                0x08003e1c                BK4819_TransmitTone
 .text.BK4819_GenTail
                0x08003e64       0x40 CMakeFiles/N7SIX.rescueops.dir/App/driver/bk4829.c.obj
                0x08003e64                BK4819_GenTail
 .text.BK4819_PlayCDCSSTail
                0x08003ea4       0x18 CMakeFiles/N7SIX.rescueops.dir/App/driver/bk4829.c.obj
                0x08003ea4                BK4819_PlayCDCSSTail
 .text.BK4819_PlayCTCSSTail
                0x08003ebc       0x18 CMakeFiles/N7SIX.rescueops.dir/App/driver/bk4829.c.obj
                0x08003ebc                BK4819_PlayCTCSSTail
 .text.BK4819_GetRSSI
                0x08003ed4        0xe CMakeFiles/N7SIX.rescueops.dir/App/driver/bk4829.c.obj
                0x08003ed4                BK4819_GetRSSI
 .text.BK4819_GetRSSI_dBm
                0x08003ee2        0xe CMakeFiles/N7SIX.rescueops.dir/App/driver/bk4829.c.obj
                0x08003ee2                BK4819_GetRSSI_dBm
 .text.BK4819_GetVoiceAmplitudeOut
                0x08003ef0        0xa CMakeFiles/N7SIX.rescueops.dir/App/driver/bk4829.c.obj
                0x08003ef0                BK4819_GetVoiceAmplitudeOut
 *fill*         0x08003efa        0x2 
 .text.BK4819_GetFrequencyScanResult
                0x08003efc       0x30 CMakeFiles/N7SIX.rescueops.dir/App/driver/bk4829.c.obj
                0x08003efc                BK4819_GetFrequencyScanResult
 .text.BK4819_GetCxCSSScanResult
                0x08003f2c       0x58 CMakeFiles/N7SIX.rescueops.dir/App/driver/bk4829.c.obj
                0x08003f2c                BK4819_GetCxCSSScanResult
 .text.BK4819_DisableFrequencyScan
                0x08003f84        0xe CMakeFiles/N7SIX.rescueops.dir/App/driver/bk4829.c.obj
                0x08003f84                BK4819_DisableFrequencyScan
 *fill*         0x08003f92        0x2 
 .text.BK4819_EnableFrequencyScan
                0x08003f94       0x10 CMakeFiles/N7SIX.rescueops.dir/App/driver/bk4829.c.obj
                0x08003f94                BK4819_EnableFrequencyScan
 .text.BK4819_SetScanFrequency
                0x08003fa4       0x16 CMakeFiles/N7SIX.rescueops.dir/App/driver/bk4829.c.obj
                0x08003fa4                BK4819_SetScanFrequency
 .text.BK4819_Disable
                0x08003fba        0x8 CMakeFiles/N7SIX.rescueops.dir/App/driver/bk4829.c.obj
                0x08003fba                BK4819_Disable
 .text.BK4819_StopScan
                0x08003fc2        0xc CMakeFiles/N7SIX.rescueops.dir/App/driver/bk4829.c.obj
                0x08003fc2                BK4819_StopScan
 .text.BK4819_GetDTMF_5TONE_Code
                0x08003fce        0xe CMakeFiles/N7SIX.rescueops.dir/App/driver/bk4829.c.obj
                0x08003fce                BK4819_GetDTMF_5TONE_Code
 .text.BK4819_GetCDCSSCodeType
                0x08003fdc        0xe CMakeFiles/N7SIX.rescueops.dir/App/driver/bk4829.c.obj
                0x08003fdc                BK4819_GetCDCSSCodeType
 .text.BK4819_GetCTCType
                0x08003fea        0xe CMakeFiles/N7SIX.rescueops.dir/App/driver/bk4829.c.obj
                0x08003fea                BK4819_GetCTCType
 .text.BK4819_SendFSKData
                0x08003ff8       0x7c CMakeFiles/N7SIX.rescueops.dir/App/driver/bk4829.c.obj
                0x08003ff8                BK4819_SendFSKData
 .text.BK4819_PrepareFSKReceive
                0x08004074       0x40 CMakeFiles/N7SIX.rescueops.dir/App/driver/bk4829.c.obj
                0x08004074                BK4819_PrepareFSKReceive
 .text.BK4819_PlayRogerMDC
                0x080040b4       0x78 CMakeFiles/N7SIX.rescueops.dir/App/driver/bk4829.c.obj
                0x080040b4                BK4819_PlayRogerMDC
 .text.BK4819_PlayRoger
                0x0800412c       0x80 CMakeFiles/N7SIX.rescueops.dir/App/driver/bk4829.c.obj
                0x0800412c                BK4819_PlayRoger
 .text.BK4819_PlayDTMFEx
                0x080041ac       0x3c CMakeFiles/N7SIX.rescueops.dir/App/driver/bk4829.c.obj
                0x080041ac                BK4819_PlayDTMFEx
 .text.SPI_WriteByte
                0x080041e8       0x20 CMakeFiles/N7SIX.rescueops.dir/App/driver/py25q16.c.obj
 .text.WriteAddr
                0x08004208       0x1c CMakeFiles/N7SIX.rescueops.dir/App/driver/py25q16.c.obj
 .text.WaitWIP  0x08004224       0x30 CMakeFiles/N7SIX.rescueops.dir/App/driver/py25q16.c.obj
 .text.SectorErase
                0x08004254       0x2e CMakeFiles/N7SIX.rescueops.dir/App/driver/py25q16.c.obj
 *fill*         0x08004282        0x2 
 .text.SectorProgram
                0x08004284      0x12c CMakeFiles/N7SIX.rescueops.dir/App/driver/py25q16.c.obj
 .text.PY25Q16_Init
                0x080043b0       0xf0 CMakeFiles/N7SIX.rescueops.dir/App/driver/py25q16.c.obj
                0x080043b0                PY25Q16_Init
 .text.PY25Q16_ReadBuffer
                0x080044a0       0xf4 CMakeFiles/N7SIX.rescueops.dir/App/driver/py25q16.c.obj
                0x080044a0                PY25Q16_ReadBuffer
 .text.PY25Q16_WriteBuffer
                0x08004594       0xdc CMakeFiles/N7SIX.rescueops.dir/App/driver/py25q16.c.obj
                0x08004594                PY25Q16_WriteBuffer
 .text.PY25Q16_SectorErase
                0x08004670       0x2c CMakeFiles/N7SIX.rescueops.dir/App/driver/py25q16.c.obj
                0x08004670                PY25Q16_SectorErase
 .text.DMA1_Channel4_5_6_7_IRQHandler
                0x0800469c       0x64 CMakeFiles/N7SIX.rescueops.dir/App/driver/py25q16.c.obj
                0x0800469c                DMA1_Channel4_5_6_7_IRQHandler
 .text.KEYBOARD_Poll
                0x08004700       0x8c CMakeFiles/N7SIX.rescueops.dir/App/driver/keyboard.c.obj
                0x08004700                KEYBOARD_Poll
 .text.SPI_WriteByte.isra.0
                0x0800478c       0x1c CMakeFiles/N7SIX.rescueops.dir/App/driver/st7565.c.obj
 .text.map      0x080047a8       0x1c CMakeFiles/N7SIX.rescueops.dir/App/driver/st7565.c.obj
                0x080047a8                map
 .text.ST7565_Gauge
                0x080047c4       0x50 CMakeFiles/N7SIX.rescueops.dir/App/driver/st7565.c.obj
                0x080047c4                ST7565_Gauge
 .text.ST7565_HardwareReset
                0x08004814        0x2 CMakeFiles/N7SIX.rescueops.dir/App/driver/st7565.c.obj
                0x08004814                ST7565_HardwareReset
 .text.ST7565_SelectColumnAndLine
                0x08004816       0x28 CMakeFiles/N7SIX.rescueops.dir/App/driver/st7565.c.obj
                0x08004816                ST7565_SelectColumnAndLine
 .text.DrawLine
                0x0800483e       0x30 CMakeFiles/N7SIX.rescueops.dir/App/driver/st7565.c.obj
 *fill*         0x0800486e        0x2 
 .text.ST7565_DrawLine
                0x08004870       0x18 CMakeFiles/N7SIX.rescueops.dir/App/driver/st7565.c.obj
                0x08004870                ST7565_DrawLine
 .text.ST7565_WriteByte
                0x08004888       0x10 CMakeFiles/N7SIX.rescueops.dir/App/driver/st7565.c.obj
                0x08004888                ST7565_WriteByte
 .text.ST7565_BlitScreen
                0x08004898       0x5c CMakeFiles/N7SIX.rescueops.dir/App/driver/st7565.c.obj
 .text.ST7565_BlitFullScreen
                0x080048f4        0xa CMakeFiles/N7SIX.rescueops.dir/App/driver/st7565.c.obj
                0x080048f4                ST7565_BlitFullScreen
 .text.ST7565_BlitLine
                0x080048fe        0xc CMakeFiles/N7SIX.rescueops.dir/App/driver/st7565.c.obj
                0x080048fe                ST7565_BlitLine
 .text.ST7565_BlitStatusLine
                0x0800490a        0xa CMakeFiles/N7SIX.rescueops.dir/App/driver/st7565.c.obj
                0x0800490a                ST7565_BlitStatusLine
 .text.ST7565_FillScreen
                0x08004914       0x54 CMakeFiles/N7SIX.rescueops.dir/App/driver/st7565.c.obj
                0x08004914                ST7565_FillScreen
 .text.ST7565_Cmd
                0x08004968       0x34 CMakeFiles/N7SIX.rescueops.dir/App/driver/st7565.c.obj
 .text.ST7565_FixInterfGlitch
                0x0800499c       0x24 CMakeFiles/N7SIX.rescueops.dir/App/driver/st7565.c.obj
                0x0800499c                ST7565_FixInterfGlitch
 .text.ST7565_ContrastAndInv
                0x080049c0       0x28 CMakeFiles/N7SIX.rescueops.dir/App/driver/st7565.c.obj
                0x080049c0                ST7565_ContrastAndInv
 .text.ST7565_Init
                0x080049e8      0x10c CMakeFiles/N7SIX.rescueops.dir/App/driver/st7565.c.obj
                0x080049e8                ST7565_Init
 .text.ST7565_ShutDown
                0x08004af4       0x24 CMakeFiles/N7SIX.rescueops.dir/App/driver/st7565.c.obj
                0x08004af4                ST7565_ShutDown
 .text.SYSTEM_DelayMs
                0x08004b18        0xe CMakeFiles/N7SIX.rescueops.dir/App/driver/system.c.obj
                0x08004b18                SYSTEM_DelayMs
 *fill*         0x08004b26        0x2 
 .text.SYSTICK_Init
                0x08004b28       0x40 CMakeFiles/N7SIX.rescueops.dir/App/driver/systick.c.obj
                0x08004b28                SYSTICK_Init
 .text.SYSTICK_DelayUs
                0x08004b68       0x34 CMakeFiles/N7SIX.rescueops.dir/App/driver/systick.c.obj
                0x08004b68                SYSTICK_DelayUs
 .text.ACTION_Power
                0x08004b9c       0x34 CMakeFiles/N7SIX.rescueops.dir/App/app/action.c.obj
                0x08004b9c                ACTION_Power
 .text.ACTION_SwitchDemodul
                0x08004bd0       0x24 CMakeFiles/N7SIX.rescueops.dir/App/app/action.c.obj
                0x08004bd0                ACTION_SwitchDemodul
 .text.ACTION_Vox
                0x08004bf4       0x28 CMakeFiles/N7SIX.rescueops.dir/App/app/action.c.obj
                0x08004bf4                ACTION_Vox
 .text.ACTION_Ptt
                0x08004c1c       0x10 CMakeFiles/N7SIX.rescueops.dir/App/app/action.c.obj
                0x08004c1c                ACTION_Ptt
 .text.ACTION_Power_High
                0x08004c2c       0x1c CMakeFiles/N7SIX.rescueops.dir/App/app/action.c.obj
                0x08004c2c                ACTION_Power_High
 .text.ACTION_Remove_Offset
                0x08004c48       0x1c CMakeFiles/N7SIX.rescueops.dir/App/app/action.c.obj
                0x08004c48                ACTION_Remove_Offset
 .text.ACTION_BackLight
                0x08004c64       0x28 CMakeFiles/N7SIX.rescueops.dir/App/app/action.c.obj
                0x08004c64                ACTION_BackLight
 .text.ACTION_Mute
                0x08004c8c       0x48 CMakeFiles/N7SIX.rescueops.dir/App/app/action.c.obj
                0x08004c8c                ACTION_Mute
 .text.ACTION_Monitor
                0x08004cd4       0xc4 CMakeFiles/N7SIX.rescueops.dir/App/app/action.c.obj
                0x08004cd4                ACTION_Monitor
 .text.ACTION_Wn
                0x08004d98       0x5c CMakeFiles/N7SIX.rescueops.dir/App/app/action.c.obj
                0x08004d98                ACTION_Wn
 .text.ACTION_1750
                0x08004df4       0x48 CMakeFiles/N7SIX.rescueops.dir/App/app/action.c.obj
 .text.ACTION_Scan
                0x08004e3c       0xe0 CMakeFiles/N7SIX.rescueops.dir/App/app/action.c.obj
                0x08004e3c                ACTION_Scan
 .text.ACTION_ScanRestart
                0x08004f1c        0xa CMakeFiles/N7SIX.rescueops.dir/App/app/action.c.obj
 *fill*         0x08004f26        0x2 
 .text.ACTION_Handle
                0x08004f28       0xd0 CMakeFiles/N7SIX.rescueops.dir/App/app/action.c.obj
                0x08004f28                ACTION_Handle
 .text.ACTION_Update
                0x08004ff8       0x20 CMakeFiles/N7SIX.rescueops.dir/App/app/action.c.obj
                0x08004ff8                ACTION_Update
 .text.ACTION_RxMode
                0x08005018       0x34 CMakeFiles/N7SIX.rescueops.dir/App/app/action.c.obj
                0x08005018                ACTION_RxMode
 .text.ACTION_MainOnly
                0x0800504c       0x40 CMakeFiles/N7SIX.rescueops.dir/App/app/action.c.obj
                0x0800504c                ACTION_MainOnly
 .text.ACTION_BackLightOnDemand
                0x0800508c       0x48 CMakeFiles/N7SIX.rescueops.dir/App/app/action.c.obj
                0x0800508c                ACTION_BackLightOnDemand
 .text.NOAA_IncreaseChannel
                0x080050d4       0x18 CMakeFiles/N7SIX.rescueops.dir/App/app/app.c.obj
 .text.DualwatchAlternate
                0x080050ec       0xac CMakeFiles/N7SIX.rescueops.dir/App/app/app.c.obj
 .text.HandleReceive
                0x08005198      0x224 CMakeFiles/N7SIX.rescueops.dir/App/app/app.c.obj
 .text.CheckForIncoming
                0x080053bc       0xc0 CMakeFiles/N7SIX.rescueops.dir/App/app/app.c.obj
 .text.HandlePowerSave
                0x0800547c       0x14 CMakeFiles/N7SIX.rescueops.dir/App/app/app.c.obj
 .text.APP_StartListening
                0x08005490      0x154 CMakeFiles/N7SIX.rescueops.dir/App/app/app.c.obj
                0x08005490                APP_StartListening
 .text.HandleIncoming
                0x080055e4       0xc8 CMakeFiles/N7SIX.rescueops.dir/App/app/app.c.obj
 .text.APP_SetFreqByStepAndLimits
                0x080056ac       0x2c CMakeFiles/N7SIX.rescueops.dir/App/app/app.c.obj
                0x080056ac                APP_SetFreqByStepAndLimits
 .text.APP_SetFrequencyByStep
                0x080056d8       0x1c CMakeFiles/N7SIX.rescueops.dir/App/app/app.c.obj
                0x080056d8                APP_SetFrequencyByStep
 .text.APP_EndTransmission
                0x080056f4       0x28 CMakeFiles/N7SIX.rescueops.dir/App/app/app.c.obj
                0x080056f4                APP_EndTransmission
 .text.cancelUserInputModes
                0x0800571c       0x7c CMakeFiles/N7SIX.rescueops.dir/App/app/app.c.obj
                0x0800571c                cancelUserInputModes
 .text.ProcessKey
                0x08005798      0x62c CMakeFiles/N7SIX.rescueops.dir/App/app/app.c.obj
 .text.APP_Update
                0x08005dc4      0x4f4 CMakeFiles/N7SIX.rescueops.dir/App/app/app.c.obj
                0x08005dc4                APP_Update
 .text.APP_TimeSlice10ms
                0x080062b8      0x5e4 CMakeFiles/N7SIX.rescueops.dir/App/app/app.c.obj
                0x080062b8                APP_TimeSlice10ms
 .text.APP_TimeSlice500ms
                0x0800689c      0x404 CMakeFiles/N7SIX.rescueops.dir/App/app/app.c.obj
                0x0800689c                APP_TimeSlice500ms
 .text.NextMemChannel
                0x08006ca0      0x10c CMakeFiles/N7SIX.rescueops.dir/App/app/chFrScanner.c.obj
 .text.NextFreqChannel
                0x08006dac       0x60 CMakeFiles/N7SIX.rescueops.dir/App/app/chFrScanner.c.obj
 .text.CHFRSCANNER_Start
                0x08006e0c       0xb4 CMakeFiles/N7SIX.rescueops.dir/App/app/chFrScanner.c.obj
                0x08006e0c                CHFRSCANNER_Start
 .text.CHFRSCANNER_ContinueScanning
                0x08006ec0       0x6c CMakeFiles/N7SIX.rescueops.dir/App/app/chFrScanner.c.obj
                0x08006ec0                CHFRSCANNER_ContinueScanning
 .text.CHFRSCANNER_Found
                0x08006f2c       0x78 CMakeFiles/N7SIX.rescueops.dir/App/app/chFrScanner.c.obj
                0x08006f2c                CHFRSCANNER_Found
 .text.CHFRSCANNER_Stop
                0x08006fa4       0xb4 CMakeFiles/N7SIX.rescueops.dir/App/app/chFrScanner.c.obj
                0x08006fa4                CHFRSCANNER_Stop
 .text.COMMON_KeypadLockToggle
                0x08007058       0x30 CMakeFiles/N7SIX.rescueops.dir/App/app/common.c.obj
                0x08007058                COMMON_KeypadLockToggle
 .text.COMMON_SwitchVFOs
                0x08007088       0x54 CMakeFiles/N7SIX.rescueops.dir/App/app/common.c.obj
                0x08007088                COMMON_SwitchVFOs
 .text.COMMON_SwitchVFOMode
                0x080070dc       0x5c CMakeFiles/N7SIX.rescueops.dir/App/app/common.c.obj
                0x080070dc                COMMON_SwitchVFOMode
 .text.DTMF_SendEndOfTransmission
                0x08007138       0xa4 CMakeFiles/N7SIX.rescueops.dir/App/app/dtmf.c.obj
                0x08007138                DTMF_SendEndOfTransmission
 .text.DTMF_ValidateCodes
                0x080071dc       0x50 CMakeFiles/N7SIX.rescueops.dir/App/app/dtmf.c.obj
                0x080071dc                DTMF_ValidateCodes
 .text.DTMF_GetCharacter
                0x0800722c       0x20 CMakeFiles/N7SIX.rescueops.dir/App/app/dtmf.c.obj
                0x0800722c                DTMF_GetCharacter
 .text.DTMF_clear_input_box
                0x0800724c       0x24 CMakeFiles/N7SIX.rescueops.dir/App/app/dtmf.c.obj
                0x0800724c                DTMF_clear_input_box
 .text.DTMF_Append
                0x08007270       0x34 CMakeFiles/N7SIX.rescueops.dir/App/app/dtmf.c.obj
                0x08007270                DTMF_Append
 .text.DTMF_Reply
                0x080072a4       0xb8 CMakeFiles/N7SIX.rescueops.dir/App/app/dtmf.c.obj
                0x080072a4                DTMF_Reply
 .text.GENERIC_Key_F
                0x0800735c       0x70 CMakeFiles/N7SIX.rescueops.dir/App/app/generic.c.obj
                0x0800735c                GENERIC_Key_F
 .text.GENERIC_Key_PTT
                0x080073cc      0x16c CMakeFiles/N7SIX.rescueops.dir/App/app/generic.c.obj
                0x080073cc                GENERIC_Key_PTT
 .text.processFKeyFunction
                0x08007538      0x38c CMakeFiles/N7SIX.rescueops.dir/App/app/main.c.obj
 .text.MAIN_Key_UP_DOWN.part.0
                0x080078c4      0x108 CMakeFiles/N7SIX.rescueops.dir/App/app/main.c.obj
 .text.channelMove
                0x080079cc       0x60 CMakeFiles/N7SIX.rescueops.dir/App/app/main.c.obj
                0x080079cc                channelMove
 .text.channelMoveSwitch
                0x08007a2c       0x68 CMakeFiles/N7SIX.rescueops.dir/App/app/main.c.obj
                0x08007a2c                channelMoveSwitch
 .text.MAIN_ProcessKeys
                0x08007a94      0x5f0 CMakeFiles/N7SIX.rescueops.dir/App/app/main.c.obj
                0x08007a94                MAIN_ProcessKeys
 .text.MENU_StartCssScan
                0x08008084       0x24 CMakeFiles/N7SIX.rescueops.dir/App/app/menu.c.obj
                0x08008084                MENU_StartCssScan
 .text.MENU_StopCssScan
                0x080080a8       0x20 CMakeFiles/N7SIX.rescueops.dir/App/app/menu.c.obj
                0x080080a8                MENU_StopCssScan
 .text.MENU_GetLimits
                0x080080c8       0xe8 CMakeFiles/N7SIX.rescueops.dir/App/app/menu.c.obj
                0x080080c8                MENU_GetLimits
 .text.MENU_Key_UP_DOWN
                0x080081b0      0x1c8 CMakeFiles/N7SIX.rescueops.dir/App/app/menu.c.obj
 .text.MENU_AcceptSetting
                0x08008378      0x5cc CMakeFiles/N7SIX.rescueops.dir/App/app/menu.c.obj
                0x08008378                MENU_AcceptSetting
 .text.MENU_ShowCurrentSetting
                0x08008944      0x410 CMakeFiles/N7SIX.rescueops.dir/App/app/menu.c.obj
                0x08008944                MENU_ShowCurrentSetting
 .text.MENU_CssScanFound
                0x08008d54       0x3c CMakeFiles/N7SIX.rescueops.dir/App/app/menu.c.obj
                0x08008d54                MENU_CssScanFound
 .text.MENU_ProcessKeys
                0x08008d90      0x55c CMakeFiles/N7SIX.rescueops.dir/App/app/menu.c.obj
                0x08008d90                MENU_ProcessKeys
 .text.SCANNER_Key_UP_DOWN
                0x080092ec       0x68 CMakeFiles/N7SIX.rescueops.dir/App/app/scanner.c.obj
 .text.SCANNER_Start
                0x08009354      0x120 CMakeFiles/N7SIX.rescueops.dir/App/app/scanner.c.obj
                0x08009354                SCANNER_Start
 .text.SCANNER_IsScanning
                0x08009474       0x20 CMakeFiles/N7SIX.rescueops.dir/App/app/scanner.c.obj
                0x08009474                SCANNER_IsScanning
 .text.SCANNER_Stop
                0x08009494       0x50 CMakeFiles/N7SIX.rescueops.dir/App/app/scanner.c.obj
                0x08009494                SCANNER_Stop
 .text.SCANNER_ProcessKeys
                0x080094e4      0x2bc CMakeFiles/N7SIX.rescueops.dir/App/app/scanner.c.obj
                0x080094e4                SCANNER_ProcessKeys
 .text.SCANNER_TimeSlice10ms
                0x080097a0      0x184 CMakeFiles/N7SIX.rescueops.dir/App/app/scanner.c.obj
                0x080097a0                SCANNER_TimeSlice10ms
 .text.SCANNER_TimeSlice500ms
                0x08009924       0x48 CMakeFiles/N7SIX.rescueops.dir/App/app/scanner.c.obj
                0x08009924                SCANNER_TimeSlice500ms
 .text.AUDIO_PlayBeep
                0x0800996c      0x154 CMakeFiles/N7SIX.rescueops.dir/App/audio.c.obj
                0x0800996c                AUDIO_PlayBeep
 .text.BOARD_GPIO_Init
                0x08009ac0       0xbc CMakeFiles/N7SIX.rescueops.dir/App/board.c.obj
                0x08009ac0                BOARD_GPIO_Init
 .text.BOARD_ADC_Init
                0x08009b7c      0x1bc CMakeFiles/N7SIX.rescueops.dir/App/board.c.obj
                0x08009b7c                BOARD_ADC_Init
 .text.BOARD_ADC_GetBatteryInfo
                0x08009d38       0x2c CMakeFiles/N7SIX.rescueops.dir/App/board.c.obj
                0x08009d38                BOARD_ADC_GetBatteryInfo
 .text.BOARD_Init
                0x08009d64       0x1c CMakeFiles/N7SIX.rescueops.dir/App/board.c.obj
                0x08009d64                BOARD_Init
 .text.DCS_GetGolayCodeWord
                0x08009d80       0x4c CMakeFiles/N7SIX.rescueops.dir/App/dcs.c.obj
                0x08009d80                DCS_GetGolayCodeWord
 .text.DCS_GetCdcssCode
                0x08009dcc       0x5c CMakeFiles/N7SIX.rescueops.dir/App/dcs.c.obj
                0x08009dcc                DCS_GetCdcssCode
 .text.DCS_GetCtcssCode
                0x08009e28       0x2c CMakeFiles/N7SIX.rescueops.dir/App/dcs.c.obj
                0x08009e28                DCS_GetCtcssCode
 .text.FREQUENCY_GetStepIdxFromSortedIdx
                0x08009e54        0xc CMakeFiles/N7SIX.rescueops.dir/App/frequencies.c.obj
                0x08009e54                FREQUENCY_GetStepIdxFromSortedIdx
 .text.FREQUENCY_GetSortedIdxFromStepIdx
                0x08009e60       0x1c CMakeFiles/N7SIX.rescueops.dir/App/frequencies.c.obj
                0x08009e60                FREQUENCY_GetSortedIdxFromStepIdx
 .text.FREQUENCY_GetBand
                0x08009e7c       0x1c CMakeFiles/N7SIX.rescueops.dir/App/frequencies.c.obj
                0x08009e7c                FREQUENCY_GetBand
 .text.FREQUENCY_CalculateOutputPower
                0x08009e98       0x36 CMakeFiles/N7SIX.rescueops.dir/App/frequencies.c.obj
                0x08009e98                FREQUENCY_CalculateOutputPower
 *fill*         0x08009ece        0x2 
 .text.FREQUENCY_RoundToStep
                0x08009ed0       0x64 CMakeFiles/N7SIX.rescueops.dir/App/frequencies.c.obj
                0x08009ed0                FREQUENCY_RoundToStep
 .text.TX_freq_check
                0x08009f34      0x1a4 CMakeFiles/N7SIX.rescueops.dir/App/frequencies.c.obj
                0x08009f34                TX_freq_check
 .text.RX_freq_check
                0x0800a0d8       0x34 CMakeFiles/N7SIX.rescueops.dir/App/frequencies.c.obj
                0x0800a0d8                RX_freq_check
 .text.FUNCTION_IsRx
                0x0800a10c       0x18 CMakeFiles/N7SIX.rescueops.dir/App/functions.c.obj
                0x0800a10c                FUNCTION_IsRx
 .text.FUNCTION_Init
                0x0800a124       0xa4 CMakeFiles/N7SIX.rescueops.dir/App/functions.c.obj
                0x0800a124                FUNCTION_Init
 .text.FUNCTION_Foreground
                0x0800a1c8       0x28 CMakeFiles/N7SIX.rescueops.dir/App/functions.c.obj
                0x0800a1c8                FUNCTION_Foreground
 .text.FUNCTION_PowerSave
                0x0800a1f0       0x80 CMakeFiles/N7SIX.rescueops.dir/App/functions.c.obj
                0x0800a1f0                FUNCTION_PowerSave
 .text.FUNCTION_Transmit
                0x0800a270       0xc0 CMakeFiles/N7SIX.rescueops.dir/App/functions.c.obj
                0x0800a270                FUNCTION_Transmit
 .text.FUNCTION_Select
                0x0800a330       0xc4 CMakeFiles/N7SIX.rescueops.dir/App/functions.c.obj
                0x0800a330                FUNCTION_Select
 .text.BATTERY_VoltsToPercent
                0x0800a3f4       0x7c CMakeFiles/N7SIX.rescueops.dir/App/helper/battery.c.obj
                0x0800a3f4                BATTERY_VoltsToPercent
 .text.BATTERY_GetReadings
                0x0800a470      0x154 CMakeFiles/N7SIX.rescueops.dir/App/helper/battery.c.obj
                0x0800a470                BATTERY_GetReadings
 .text.BATTERY_TimeSlice500ms
                0x0800a5c4       0xb4 CMakeFiles/N7SIX.rescueops.dir/App/helper/battery.c.obj
                0x0800a5c4                BATTERY_TimeSlice500ms
 .text.BOOT_GetMode
                0x0800a678       0x74 CMakeFiles/N7SIX.rescueops.dir/App/helper/boot.c.obj
                0x0800a678                BOOT_GetMode
 .text.BOOT_ProcessMode
                0x0800a6ec       0x90 CMakeFiles/N7SIX.rescueops.dir/App/helper/boot.c.obj
                0x0800a6ec                BOOT_ProcessMode
 .text.FUNCTION_NOP
                0x0800a77c        0x2 CMakeFiles/N7SIX.rescueops.dir/App/misc.c.obj
                0x0800a77c                FUNCTION_NOP
 *fill*         0x0800a77e        0x2 
 .text.NUMBER_AddWithWraparound
                0x0800a780       0x20 CMakeFiles/N7SIX.rescueops.dir/App/misc.c.obj
                0x0800a780                NUMBER_AddWithWraparound
 .text.StrToUL  0x0800a7a0       0x2a CMakeFiles/N7SIX.rescueops.dir/App/misc.c.obj
                0x0800a7a0                StrToUL
 *fill*         0x0800a7ca        0x2 
 .text.RADIO_SelectCurrentVfo
                0x0800a7cc       0x2c CMakeFiles/N7SIX.rescueops.dir/App/radio.c.obj
 .text.RADIO_CheckValidChannel
                0x0800a7f8       0x88 CMakeFiles/N7SIX.rescueops.dir/App/radio.c.obj
                0x0800a7f8                RADIO_CheckValidChannel
 .text.RADIO_FindNextChannel
                0x0800a880       0x3c CMakeFiles/N7SIX.rescueops.dir/App/radio.c.obj
                0x0800a880                RADIO_FindNextChannel
 .text.RADIO_ConfigureSquelchAndOutputPower
                0x0800a8bc      0x1d4 CMakeFiles/N7SIX.rescueops.dir/App/radio.c.obj
                0x0800a8bc                RADIO_ConfigureSquelchAndOutputPower
 .text.RADIO_InitInfo
                0x0800aa90       0x6c CMakeFiles/N7SIX.rescueops.dir/App/radio.c.obj
                0x0800aa90                RADIO_InitInfo
 .text.RADIO_ApplyOffset
                0x0800aafc       0x1c CMakeFiles/N7SIX.rescueops.dir/App/radio.c.obj
                0x0800aafc                RADIO_ApplyOffset
 .text.RADIO_ConfigureChannel
                0x0800ab18      0x400 CMakeFiles/N7SIX.rescueops.dir/App/radio.c.obj
                0x0800ab18                RADIO_ConfigureChannel
 .text.RADIO_SelectVfos
                0x0800af18       0x44 CMakeFiles/N7SIX.rescueops.dir/App/radio.c.obj
                0x0800af18                RADIO_SelectVfos
 .text.RADIO_ConfigureNOAA
                0x0800af5c       0x98 CMakeFiles/N7SIX.rescueops.dir/App/radio.c.obj
                0x0800af5c                RADIO_ConfigureNOAA
 .text.RADIO_SetTxParameters
                0x0800aff4       0xe4 CMakeFiles/N7SIX.rescueops.dir/App/radio.c.obj
                0x0800aff4                RADIO_SetTxParameters
 .text.RADIO_SetupAGC
                0x0800b0d8       0x38 CMakeFiles/N7SIX.rescueops.dir/App/radio.c.obj
                0x0800b0d8                RADIO_SetupAGC
 .text.RADIO_SetupRegisters
                0x0800b110      0x244 CMakeFiles/N7SIX.rescueops.dir/App/radio.c.obj
                0x0800b110                RADIO_SetupRegisters
 .text.RADIO_SetModulation
                0x0800b354      0x110 CMakeFiles/N7SIX.rescueops.dir/App/radio.c.obj
                0x0800b354                RADIO_SetModulation
 .text.RADIO_SetVfoState
                0x0800b464       0x4c CMakeFiles/N7SIX.rescueops.dir/App/radio.c.obj
                0x0800b464                RADIO_SetVfoState
 .text.RADIO_PrepareTX
                0x0800b4b0      0x140 CMakeFiles/N7SIX.rescueops.dir/App/radio.c.obj
                0x0800b4b0                RADIO_PrepareTX
 .text.RADIO_SendCssTail
                0x0800b5f0       0x28 CMakeFiles/N7SIX.rescueops.dir/App/radio.c.obj
                0x0800b5f0                RADIO_SendCssTail
 .text.RADIO_SendEndOfTransmission
                0x0800b618       0x24 CMakeFiles/N7SIX.rescueops.dir/App/radio.c.obj
                0x0800b618                RADIO_SendEndOfTransmission
 .text.SysTick_Handler
                0x0800b63c      0x23c CMakeFiles/N7SIX.rescueops.dir/App/scheduler.c.obj
                0x0800b63c                SysTick_Handler
 .text.SETTINGS_InitEEPROM
                0x0800b878      0x5f4 CMakeFiles/N7SIX.rescueops.dir/App/settings.c.obj
                0x0800b878                SETTINGS_InitEEPROM
 .text.SETTINGS_LoadCalibration
                0x0800be6c      0x168 CMakeFiles/N7SIX.rescueops.dir/App/settings.c.obj
                0x0800be6c                SETTINGS_LoadCalibration
 .text.SETTINGS_FetchChannelFrequency
                0x0800bfd4       0x10 CMakeFiles/N7SIX.rescueops.dir/App/settings.c.obj
                0x0800bfd4                SETTINGS_FetchChannelFrequency
 .text.SETTINGS_FetchChannelName
                0x0800bfe4       0x52 CMakeFiles/N7SIX.rescueops.dir/App/settings.c.obj
                0x0800bfe4                SETTINGS_FetchChannelName
 *fill*         0x0800c036        0x2 
 .text.SETTINGS_FactoryReset
                0x0800c038       0xdc CMakeFiles/N7SIX.rescueops.dir/App/settings.c.obj
                0x0800c038                SETTINGS_FactoryReset
 .text.SETTINGS_SaveVfoIndices
                0x0800c114       0x34 CMakeFiles/N7SIX.rescueops.dir/App/settings.c.obj
                0x0800c114                SETTINGS_SaveVfoIndices
 .text.SETTINGS_SaveSettings
                0x0800c148      0x364 CMakeFiles/N7SIX.rescueops.dir/App/settings.c.obj
                0x0800c148                SETTINGS_SaveSettings
 .text.SETTINGS_SaveBatteryCalibration
                0x0800c4ac       0x14 CMakeFiles/N7SIX.rescueops.dir/App/settings.c.obj
                0x0800c4ac                SETTINGS_SaveBatteryCalibration
 .text.SETTINGS_SaveChannelName
                0x0800c4c0       0x44 CMakeFiles/N7SIX.rescueops.dir/App/settings.c.obj
                0x0800c4c0                SETTINGS_SaveChannelName
 .text.SETTINGS_UpdateChannel
                0x0800c504       0xcc CMakeFiles/N7SIX.rescueops.dir/App/settings.c.obj
                0x0800c504                SETTINGS_UpdateChannel
 .text.SETTINGS_SaveChannel
                0x0800c5d0       0xda CMakeFiles/N7SIX.rescueops.dir/App/settings.c.obj
                0x0800c5d0                SETTINGS_SaveChannel
 *fill*         0x0800c6aa        0x2 
 .text.SETTINGS_WriteBuildOptions
                0x0800c6ac       0x28 CMakeFiles/N7SIX.rescueops.dir/App/settings.c.obj
                0x0800c6ac                SETTINGS_WriteBuildOptions
 .text.SETTINGS_WriteCurrentState
                0x0800c6d4       0x44 CMakeFiles/N7SIX.rescueops.dir/App/settings.c.obj
                0x0800c6d4                SETTINGS_WriteCurrentState
 .text.SETTINGS_ResetTxLock
                0x0800c718       0x46 CMakeFiles/N7SIX.rescueops.dir/App/settings.c.obj
                0x0800c718                SETTINGS_ResetTxLock
 *fill*         0x0800c75e        0x2 
 .text.UI_DrawBattery
                0x0800c760       0x50 CMakeFiles/N7SIX.rescueops.dir/App/ui/battery.c.obj
                0x0800c760                UI_DrawBattery
 .text.UI_DisplayBattery
                0x0800c7b0       0x1c CMakeFiles/N7SIX.rescueops.dir/App/ui/battery.c.obj
                0x0800c7b0                UI_DisplayBattery
 .text.UI_GenerateChannelStringEx
                0x0800c7cc       0x60 CMakeFiles/N7SIX.rescueops.dir/App/ui/helper.c.obj
                0x0800c7cc                UI_GenerateChannelStringEx
 .text.UI_PrintStringBuffer
                0x0800c82c       0x4c CMakeFiles/N7SIX.rescueops.dir/App/ui/helper.c.obj
                0x0800c82c                UI_PrintStringBuffer
 .text.UI_PrintString
                0x0800c878       0x90 CMakeFiles/N7SIX.rescueops.dir/App/ui/helper.c.obj
                0x0800c878                UI_PrintString
 .text.UI_PrintStringSmall
                0x0800c908       0x40 CMakeFiles/N7SIX.rescueops.dir/App/ui/helper.c.obj
                0x0800c908                UI_PrintStringSmall
 .text.UI_PrintStringSmallNormal
                0x0800c948       0x14 CMakeFiles/N7SIX.rescueops.dir/App/ui/helper.c.obj
                0x0800c948                UI_PrintStringSmallNormal
 .text.UI_PrintStringSmallBold
                0x0800c95c       0x14 CMakeFiles/N7SIX.rescueops.dir/App/ui/helper.c.obj
                0x0800c95c                UI_PrintStringSmallBold
 .text.UI_PrintStringSmallBufferNormal
                0x0800c970       0x10 CMakeFiles/N7SIX.rescueops.dir/App/ui/helper.c.obj
                0x0800c970                UI_PrintStringSmallBufferNormal
 .text.UI_DisplayFrequency
                0x0800c980       0xcc CMakeFiles/N7SIX.rescueops.dir/App/ui/helper.c.obj
                0x0800c980                UI_DisplayFrequency
 .text.UI_DrawPixelBuffer
                0x0800ca4c       0x2e CMakeFiles/N7SIX.rescueops.dir/App/ui/helper.c.obj
                0x0800ca4c                UI_DrawPixelBuffer
 *fill*         0x0800ca7a        0x2 
 .text.PutPixel
                0x0800ca7c       0x18 CMakeFiles/N7SIX.rescueops.dir/App/ui/helper.c.obj
                0x0800ca7c                PutPixel
 .text.PutPixelStatus
                0x0800ca94       0x18 CMakeFiles/N7SIX.rescueops.dir/App/ui/helper.c.obj
                0x0800ca94                PutPixelStatus
 .text.GUI_DisplaySmallest
                0x0800caac       0x7c CMakeFiles/N7SIX.rescueops.dir/App/ui/helper.c.obj
                0x0800caac                GUI_DisplaySmallest
 .text.UI_DrawLineBuffer
                0x0800cb28       0x94 CMakeFiles/N7SIX.rescueops.dir/App/ui/helper.c.obj
                0x0800cb28                UI_DrawLineBuffer
 .text.UI_DisplayClear
                0x0800cbbc       0x14 CMakeFiles/N7SIX.rescueops.dir/App/ui/helper.c.obj
                0x0800cbbc                UI_DisplayClear
 .text.UI_DisplayPopup
                0x0800cbd0       0x2c CMakeFiles/N7SIX.rescueops.dir/App/ui/helper.c.obj
                0x0800cbd0                UI_DisplayPopup
 .text.INPUTBOX_Append
                0x0800cbfc       0x30 CMakeFiles/N7SIX.rescueops.dir/App/ui/inputbox.c.obj
                0x0800cbfc                INPUTBOX_Append
 .text.INPUTBOX_GetAscii
                0x0800cc2c       0x28 CMakeFiles/N7SIX.rescueops.dir/App/ui/inputbox.c.obj
                0x0800cc2c                INPUTBOX_GetAscii
 .text.DrawLevelBar
                0x0800cc54       0x88 CMakeFiles/N7SIX.rescueops.dir/App/ui/main.c.obj
 .text.log2_approx
                0x0800ccdc       0x10 CMakeFiles/N7SIX.rescueops.dir/App/ui/main.c.obj
                0x0800ccdc                log2_approx
 .text.UI_DisplayAudioBar
                0x0800ccec       0xdc CMakeFiles/N7SIX.rescueops.dir/App/ui/main.c.obj
                0x0800ccec                UI_DisplayAudioBar
 .text.DisplayRSSIBar
                0x0800cdc8      0x1e0 CMakeFiles/N7SIX.rescueops.dir/App/ui/main.c.obj
                0x0800cdc8                DisplayRSSIBar
 .text.UI_MAIN_TimeSlice500ms
                0x0800cfa8       0xa4 CMakeFiles/N7SIX.rescueops.dir/App/ui/main.c.obj
                0x0800cfa8                UI_MAIN_TimeSlice500ms
 .text.UI_DisplayMain
                0x0800d04c      0xd30 CMakeFiles/N7SIX.rescueops.dir/App/ui/main.c.obj
                0x0800d04c                UI_DisplayMain
 .text.UI_MENU_GetCurrentMenuId
                0x0800dd7c       0x1c CMakeFiles/N7SIX.rescueops.dir/App/ui/menu.c.obj
                0x0800dd7c                UI_MENU_GetCurrentMenuId
 .text.UI_MENU_GetMenuIdx
                0x0800dd98       0x20 CMakeFiles/N7SIX.rescueops.dir/App/ui/menu.c.obj
                0x0800dd98                UI_MENU_GetMenuIdx
 .text.UI_DisplayMenu
                0x0800ddb8      0xb04 CMakeFiles/N7SIX.rescueops.dir/App/ui/menu.c.obj
                0x0800ddb8                UI_DisplayMenu
 .text.UI_DisplayScanner
                0x0800e8bc      0x194 CMakeFiles/N7SIX.rescueops.dir/App/ui/scanner.c.obj
                0x0800e8bc                UI_DisplayScanner
 .text.convertTime.constprop.0
                0x0800ea50       0x64 CMakeFiles/N7SIX.rescueops.dir/App/ui/status.c.obj
 .text.UI_DisplayStatus
                0x0800eab4      0x2d8 CMakeFiles/N7SIX.rescueops.dir/App/ui/status.c.obj
                0x0800eab4                UI_DisplayStatus
 .text.GUI_DisplayScreen
                0x0800ed8c       0x1c CMakeFiles/N7SIX.rescueops.dir/App/ui/ui.c.obj
                0x0800ed8c                GUI_DisplayScreen
 .text.GUI_SelectNextDisplay
                0x0800eda8       0x74 CMakeFiles/N7SIX.rescueops.dir/App/ui/ui.c.obj
                0x0800eda8                GUI_SelectNextDisplay
 .text.UI_DisplayReleaseKeys
                0x0800ee1c       0x48 CMakeFiles/N7SIX.rescueops.dir/App/ui/welcome.c.obj
                0x0800ee1c                UI_DisplayReleaseKeys
 .text.UI_DisplayWelcome
                0x0800ee64      0x190 CMakeFiles/N7SIX.rescueops.dir/App/ui/welcome.c.obj
                0x0800ee64                UI_DisplayWelcome
 .text.Main     0x0800eff4      0x324 CMakeFiles/N7SIX.rescueops.dir/App/main.c.obj
                0x0800eff4                Main
 .text._out_buffer
                0x0800f318        0x8 CMakeFiles/N7SIX.rescueops.dir/App/external/printf/printf.c.obj
 .text._out_null
                0x0800f320        0x2 CMakeFiles/N7SIX.rescueops.dir/App/external/printf/printf.c.obj
 .text._ntoa_long
                0x0800f322      0x1c2 CMakeFiles/N7SIX.rescueops.dir/App/external/printf/printf.c.obj
 .text._vsnprintf
                0x0800f4e4      0x42c CMakeFiles/N7SIX.rescueops.dir/App/external/printf/printf.c.obj
 .text.sprintf_
                0x0800f910       0x28 CMakeFiles/N7SIX.rescueops.dir/App/external/printf/printf.c.obj
                0x0800f910                sprintf_
 .text.CRC_Init
                0x0800f938        0x2 CMakeFiles/N7SIX.rescueops.dir/App/driver/crc.c.obj
                0x0800f938                CRC_Init
 *fill*         0x0800f93a        0x2 
 .text.CRC_Calculate
                0x0800f93c       0x3c CMakeFiles/N7SIX.rescueops.dir/App/driver/crc.c.obj
                0x0800f93c                CRC_Calculate
 .text.AddrTranslate
                0x0800f978       0x70 CMakeFiles/N7SIX.rescueops.dir/App/driver/eeprom_compat.c.obj
 .text.EEPROM_ReadBuffer
                0x0800f9e8       0x52 CMakeFiles/N7SIX.rescueops.dir/App/driver/eeprom_compat.c.obj
                0x0800f9e8                EEPROM_ReadBuffer
 .text.EEPROM_WriteBuffer
                0x0800fa3a       0x4a CMakeFiles/N7SIX.rescueops.dir/App/driver/eeprom_compat.c.obj
                0x0800fa3a                EEPROM_WriteBuffer
 .text.UART_Init
                0x0800fa84      0x130 CMakeFiles/N7SIX.rescueops.dir/App/driver/uart.c.obj
                0x0800fa84                UART_Init
 .text.UART_Send
                0x0800fbb4       0x20 CMakeFiles/N7SIX.rescueops.dir/App/driver/uart.c.obj
                0x0800fbb4                UART_Send
 .text.UART_IsCableConnected
                0x0800fbd4       0x24 CMakeFiles/N7SIX.rescueops.dir/App/driver/uart.c.obj
                0x0800fbd4                UART_IsCableConnected
 .text.SendReply
                0x0800fbf8       0xd0 CMakeFiles/N7SIX.rescueops.dir/App/app/uart.c.obj
 .text.UART_IsCommandAvailable
                0x0800fcc8      0x184 CMakeFiles/N7SIX.rescueops.dir/App/app/uart.c.obj
                0x0800fcc8                UART_IsCommandAvailable
 .text.UART_HandleCommand
                0x0800fe4c      0x1dc CMakeFiles/N7SIX.rescueops.dir/App/app/uart.c.obj
                0x0800fe4c                UART_HandleCommand
 .text.VCP_Init
                0x08010028       0x74 CMakeFiles/N7SIX.rescueops.dir/App/driver/vcp.c.obj
                0x08010028                VCP_Init
 .text.usbd_cdc_acm_bulk_out
                0x0801009c       0x68 CMakeFiles/N7SIX.rescueops.dir/App/usb/usbd_cdc_if.c.obj
                0x0801009c                usbd_cdc_acm_bulk_out
 .text.usbd_cdc_acm_bulk_in
                0x08010104       0x28 CMakeFiles/N7SIX.rescueops.dir/App/usb/usbd_cdc_if.c.obj
                0x08010104                usbd_cdc_acm_bulk_in
 .text.usbd_configure_done_callback
                0x0801012c       0x14 CMakeFiles/N7SIX.rescueops.dir/App/usb/usbd_cdc_if.c.obj
                0x0801012c                usbd_configure_done_callback
 .text.cdc_acm_init
                0x08010140       0x60 CMakeFiles/N7SIX.rescueops.dir/App/usb/usbd_cdc_if.c.obj
                0x08010140                cdc_acm_init
 .text.usbd_cdc_acm_set_dtr
                0x080101a0       0x14 CMakeFiles/N7SIX.rescueops.dir/App/usb/usbd_cdc_if.c.obj
                0x080101a0                usbd_cdc_acm_set_dtr
 .text.cdc_acm_data_send_with_dtr_async
                0x080101b4       0x12 CMakeFiles/N7SIX.rescueops.dir/App/usb/usbd_cdc_if.c.obj
                0x080101b4                cdc_acm_data_send_with_dtr_async
 *fill*         0x080101c6        0x2 
 .text.AIRCOPY_clear
                0x080101c8       0x18 CMakeFiles/N7SIX.rescueops.dir/App/app/aircopy.c.obj
 .text.AIRCOPY_SendMessage
                0x080101e0       0xb4 CMakeFiles/N7SIX.rescueops.dir/App/app/aircopy.c.obj
                0x080101e0                AIRCOPY_SendMessage
 .text.AIRCOPY_StorePacket
                0x08010294       0xe0 CMakeFiles/N7SIX.rescueops.dir/App/app/aircopy.c.obj
                0x08010294                AIRCOPY_StorePacket
 .text.AIRCOPY_ProcessKeys
                0x08010374      0x158 CMakeFiles/N7SIX.rescueops.dir/App/app/aircopy.c.obj
                0x08010374                AIRCOPY_ProcessKeys
 .text.UI_DisplayAircopy
                0x080104cc      0x1f8 CMakeFiles/N7SIX.rescueops.dir/App/ui/aircopy.c.obj
                0x080104cc                UI_DisplayAircopy
 .text.FlashlightTimeSlice
                0x080106c4       0xa4 CMakeFiles/N7SIX.rescueops.dir/App/app/flashlight.c.obj
                0x080106c4                FlashlightTimeSlice
 .text.ACTION_FlashLight
                0x08010768       0x38 CMakeFiles/N7SIX.rescueops.dir/App/app/flashlight.c.obj
                0x08010768                ACTION_FlashLight
 .text.getScreenShot
                0x080107a0      0x1a4 CMakeFiles/N7SIX.rescueops.dir/App/screenshot.c.obj
                0x080107a0                getScreenShot
 .text.usbd_class_event_notify_handler
                0x08010944       0x24 CMakeFiles/N7SIX.rescueops.dir/Middlewares/CherryUSB/core/usbd_core.c.obj
 .text.usbd_set_endpoint
                0x08010968       0x2c CMakeFiles/N7SIX.rescueops.dir/Middlewares/CherryUSB/core/usbd_core.c.obj
 .text.usbd_setup_request_handler.constprop.0
                0x08010994      0x380 CMakeFiles/N7SIX.rescueops.dir/Middlewares/CherryUSB/core/usbd_core.c.obj
 .text.usbd_event_resume_handler
                0x08010d14        0xc CMakeFiles/N7SIX.rescueops.dir/Middlewares/CherryUSB/core/usbd_core.c.obj
                0x08010d14                usbd_event_resume_handler
 .text.usbd_event_suspend_handler
                0x08010d20        0xc CMakeFiles/N7SIX.rescueops.dir/Middlewares/CherryUSB/core/usbd_core.c.obj
                0x08010d20                usbd_event_suspend_handler
 .text.usbd_event_reset_handler
                0x08010d2c       0x38 CMakeFiles/N7SIX.rescueops.dir/Middlewares/CherryUSB/core/usbd_core.c.obj
                0x08010d2c                usbd_event_reset_handler
 .text.usbd_event_ep0_setup_complete_handler
                0x08010d64       0x94 CMakeFiles/N7SIX.rescueops.dir/Middlewares/CherryUSB/core/usbd_core.c.obj
                0x08010d64                usbd_event_ep0_setup_complete_handler
 .text.usbd_event_ep_in_complete_handler
                0x08010df8       0x58 CMakeFiles/N7SIX.rescueops.dir/Middlewares/CherryUSB/core/usbd_core.c.obj
                0x08010df8                usbd_event_ep_in_complete_handler
 .text.usbd_event_ep_out_complete_handler
                0x08010e50       0x64 CMakeFiles/N7SIX.rescueops.dir/Middlewares/CherryUSB/core/usbd_core.c.obj
                0x08010e50                usbd_event_ep_out_complete_handler
 .text.usbd_desc_register
                0x08010eb4       0x14 CMakeFiles/N7SIX.rescueops.dir/Middlewares/CherryUSB/core/usbd_core.c.obj
                0x08010eb4                usbd_desc_register
 .text.usbd_add_interface
                0x08010ec8       0x2c CMakeFiles/N7SIX.rescueops.dir/Middlewares/CherryUSB/core/usbd_core.c.obj
                0x08010ec8                usbd_add_interface
 .text.usbd_add_endpoint
                0x08010ef4       0x2c CMakeFiles/N7SIX.rescueops.dir/Middlewares/CherryUSB/core/usbd_core.c.obj
                0x08010ef4                usbd_add_endpoint
 .text.usbd_initialize
                0x08010f20        0x8 CMakeFiles/N7SIX.rescueops.dir/Middlewares/CherryUSB/core/usbd_core.c.obj
                0x08010f20                usbd_initialize
 .text.pyusb_write_packet
                0x08010f28       0x20 CMakeFiles/N7SIX.rescueops.dir/Middlewares/CherryUSB/port/usb_dc_py32.c.obj
 .text.usbd_ep0_set_zlp_flag
                0x08010f48        0xc CMakeFiles/N7SIX.rescueops.dir/Middlewares/CherryUSB/port/usb_dc_py32.c.obj
                0x08010f48                usbd_ep0_set_zlp_flag
 .text.usb_dc_low_level_init
                0x08010f54        0x2 CMakeFiles/N7SIX.rescueops.dir/Middlewares/CherryUSB/port/usb_dc_py32.c.obj
                0x08010f54                usb_dc_low_level_init
 *fill*         0x08010f56        0x2 
 .text.usb_dc_init
                0x08010f58       0x20 CMakeFiles/N7SIX.rescueops.dir/Middlewares/CherryUSB/port/usb_dc_py32.c.obj
                0x08010f58                usb_dc_init
 .text.usbd_set_address
                0x08010f78       0x18 CMakeFiles/N7SIX.rescueops.dir/Middlewares/CherryUSB/port/usb_dc_py32.c.obj
                0x08010f78                usbd_set_address
 .text.usbd_ep_open
                0x08010f90      0x124 CMakeFiles/N7SIX.rescueops.dir/Middlewares/CherryUSB/port/usb_dc_py32.c.obj
                0x08010f90                usbd_ep_open
 .text.usbd_ep_close
                0x080110b4        0x4 CMakeFiles/N7SIX.rescueops.dir/Middlewares/CherryUSB/port/usb_dc_py32.c.obj
                0x080110b4                usbd_ep_close
 .text.usbd_ep_set_stall
                0x080110b8       0x4c CMakeFiles/N7SIX.rescueops.dir/Middlewares/CherryUSB/port/usb_dc_py32.c.obj
                0x080110b8                usbd_ep_set_stall
 .text.usbd_ep_clear_stall
                0x08011104       0x50 CMakeFiles/N7SIX.rescueops.dir/Middlewares/CherryUSB/port/usb_dc_py32.c.obj
                0x08011104                usbd_ep_clear_stall
 .text.usbd_ep_is_stalled
                0x08011154       0x34 CMakeFiles/N7SIX.rescueops.dir/Middlewares/CherryUSB/port/usb_dc_py32.c.obj
                0x08011154                usbd_ep_is_stalled
 .text.usbd_ep_start_write
                0x08011188      0x10c CMakeFiles/N7SIX.rescueops.dir/Middlewares/CherryUSB/port/usb_dc_py32.c.obj
                0x08011188                usbd_ep_start_write
 .text.usbd_ep_start_read
                0x08011294       0x94 CMakeFiles/N7SIX.rescueops.dir/Middlewares/CherryUSB/port/usb_dc_py32.c.obj
                0x08011294                usbd_ep_start_read
 .text.USB_IRQHandler
                0x08011328      0x2a8 CMakeFiles/N7SIX.rescueops.dir/Middlewares/CherryUSB/port/usb_dc_py32.c.obj
                0x08011328                USB_IRQHandler
 .text.cdc_notify_handler
                0x080115d0        0x2 CMakeFiles/N7SIX.rescueops.dir/Middlewares/CherryUSB/class/cdc/usbd_cdc.c.obj
 *fill*         0x080115d2        0x2 
 .text.usbd_cdc_acm_init_intf
                0x080115d4       0x18 CMakeFiles/N7SIX.rescueops.dir/Middlewares/CherryUSB/class/cdc/usbd_cdc.c.obj
                0x080115d4                usbd_cdc_acm_init_intf
 .text.usbd_cdc_acm_set_line_coding
                0x080115ec        0x2 CMakeFiles/N7SIX.rescueops.dir/Middlewares/CherryUSB/class/cdc/usbd_cdc.c.obj
                0x080115ec                usbd_cdc_acm_set_line_coding
 .text.usbd_cdc_acm_get_line_coding
                0x080115ee       0x1c CMakeFiles/N7SIX.rescueops.dir/Middlewares/CherryUSB/class/cdc/usbd_cdc.c.obj
                0x080115ee                usbd_cdc_acm_get_line_coding
 .text.usbd_cdc_acm_set_rts
                0x0801160a        0x2 CMakeFiles/N7SIX.rescueops.dir/Middlewares/CherryUSB/class/cdc/usbd_cdc.c.obj
                0x0801160a                usbd_cdc_acm_set_rts
 .text.cdc_acm_class_interface_request_handler
                0x0801160c       0x70 CMakeFiles/N7SIX.rescueops.dir/Middlewares/CherryUSB/class/cdc/usbd_cdc.c.obj
 .text.__libc_init_array
                0x0801167c       0x48 /opt/toolchain/bin/../lib/gcc/arm-none-eabi/13.3.1/../../../../arm-none-eabi/lib/thumb/v6-m/nofp/libg_nano.a(libc_a-init.o)
                0x0801167c                __libc_init_array
 .text.memmove  0x080116c4       0x24 /opt/toolchain/bin/../lib/gcc/arm-none-eabi/13.3.1/../../../../arm-none-eabi/lib/thumb/v6-m/nofp/libg_nano.a(libc_a-memmove.o)
                0x080116c4                memmove
 .text.memset   0x080116e8       0x10 /opt/toolchain/bin/../lib/gcc/arm-none-eabi/13.3.1/../../../../arm-none-eabi/lib/thumb/v6-m/nofp/libg_nano.a(libc_a-memset.o)
                0x080116e8                memset
 .text.strcpy   0x080116f8       0x10 /opt/toolchain/bin/../lib/gcc/arm-none-eabi/13.3.1/../../../../arm-none-eabi/lib/thumb/v6-m/nofp/libg_nano.a(libc_a-strcpy.o)
                0x080116f8                strcpy
 .text.memcpy   0x08011708       0x12 /opt/toolchain/bin/../lib/gcc/arm-none-eabi/13.3.1/../../../../arm-none-eabi/lib/thumb/v6-m/nofp/libg_nano.a(libc_a-memcpy-stub.o)
                0x08011708                memcpy
 .text.strncpy  0x0801171a       0x28 /opt/toolchain/bin/../lib/gcc/arm-none-eabi/13.3.1/../../../../arm-none-eabi/lib/thumb/v6-m/nofp/libg_nano.a(libc_a-strncpy.o)
                0x0801171a                strncpy
 .text.memcmp   0x08011742       0x1c /opt/toolchain/bin/../lib/gcc/arm-none-eabi/13.3.1/../../../../arm-none-eabi/lib/thumb/v6-m/nofp/libg_nano.a(libc_a-memcmp.o)
                0x08011742                memcmp
 *(.glue_7)
 .glue_7        0x0801175e        0x0 linker stubs
 *(.glue_7t)
 .glue_7t       0x0801175e        0x0 linker stubs
 *(.eh_frame)
 *fill*         0x0801175e        0x2 
 .eh_frame      0x08011760        0x0 /opt/toolchain/bin/../lib/gcc/arm-none-eabi/13.3.1/thumb/v6-m/nofp/crtbegin.o
 *(.init)
 .init          0x08011760        0x4 /opt/toolchain/bin/../lib/gcc/arm-none-eabi/13.3.1/thumb/v6-m/nofp/crti.o
                0x08011760                _init
 .init          0x08011764        0x8 /opt/toolchain/bin/../lib/gcc/arm-none-eabi/13.3.1/thumb/v6-m/nofp/crtn.o
 *(.fini)
 .fini          0x0801176c        0x4 /opt/toolchain/bin/../lib/gcc/arm-none-eabi/13.3.1/thumb/v6-m/nofp/crti.o
                0x0801176c                _fini
 .fini          0x08011770        0x8 /opt/toolchain/bin/../lib/gcc/arm-none-eabi/13.3.1/thumb/v6-m/nofp/crtn.o
                0x08011778                        . = ALIGN (0x4)
                0x08011778                        _etext = .

.vfp11_veneer   0x08011778        0x0
 .vfp11_veneer  0x08011778        0x0 linker stubs

.v4_bx          0x08011778        0x0
 .v4_bx         0x08011778        0x0 linker stubs

.iplt           0x08011778        0x0
 .iplt          0x08011778        0x0 /opt/toolchain/bin/../lib/gcc/arm-none-eabi/13.3.1/thumb/v6-m/nofp/crtbegin.o

.rodata         0x08011778     0x1dac
                0x08011778                        . = ALIGN (0x4)
 *(.rodata)
 .rodata        0x08011778       0x64 CMakeFiles/N7SIX.rescueops.dir/App/driver/bk4829.c.obj
 .rodata        0x080117dc       0x14 CMakeFiles/N7SIX.rescueops.dir/App/app/menu.c.obj
 .rodata        0x080117f0       0x70 CMakeFiles/N7SIX.rescueops.dir/App/ui/main.c.obj
 .rodata        0x08011860        0xc CMakeFiles/N7SIX.rescueops.dir/App/driver/vcp.c.obj
 *(.rodata*)
 .rodata.HSIFreqTable
                0x0801186c       0x20 CMakeFiles/N7SIX.rescueops.dir/Core/Src/system_py32f071.c.obj
                0x0801186c                HSIFreqTable
 .rodata.APBPrescTable
                0x0801188c       0x20 CMakeFiles/N7SIX.rescueops.dir/Core/Src/system_py32f071.c.obj
                0x0801188c                APBPrescTable
 .rodata.AHBPrescTable
                0x080118ac       0x40 CMakeFiles/N7SIX.rescueops.dir/Core/Src/system_py32f071.c.obj
                0x080118ac                AHBPrescTable
 .rodata.CHANNEL_OFFSET_TAB
                0x080118ec        0x7 CMakeFiles/N7SIX.rescueops.dir/Drivers/PY32F071_HAL_Driver/Src/py32f071_ll_dma.c.obj
 .rodata.value  0x080118f3        0xb CMakeFiles/N7SIX.rescueops.dir/App/driver/backlight.c.obj
                0x080118f3                value
 .rodata.BK4819_Init.str1.1
                0x080118fe      0x571 CMakeFiles/N7SIX.rescueops.dir/App/driver/bk4829.c.obj
                                 0x11 (size before relaxing)
 *fill*         0x08011e6f        0x1 
 .rodata.CSWTCH.58
                0x08011e70        0x8 CMakeFiles/N7SIX.rescueops.dir/App/driver/bk4829.c.obj
 .rodata.FSK_RogerTable
                0x08011e78        0xe CMakeFiles/N7SIX.rescueops.dir/App/driver/bk4829.c.obj
 .rodata.keyboard
                0x08011e86       0x14 CMakeFiles/N7SIX.rescueops.dir/App/driver/keyboard.c.obj
 *fill*         0x08011e9a        0x2 
 .rodata.HandleFunction_fn_table
                0x08011e9c       0x1c CMakeFiles/N7SIX.rescueops.dir/App/app/app.c.obj
 .rodata.CSWTCH.19
                0x08011eb8        0x6 CMakeFiles/N7SIX.rescueops.dir/App/app/dtmf.c.obj
 .rodata.MENU_Key_UP_DOWN.str1.1
                0x08011ebe        0xf CMakeFiles/N7SIX.rescueops.dir/App/app/menu.c.obj
 .rodata.CSWTCH.15
                0x08011ebe       0x10 CMakeFiles/N7SIX.rescueops.dir/App/audio.c.obj
 .rodata.BITMAP_NOAA
                0x08011ece        0xc CMakeFiles/N7SIX.rescueops.dir/App/bitmaps.c.obj
                0x08011ece                BITMAP_NOAA
 .rodata.BITMAP_PowerUser
                0x08011eda        0x3 CMakeFiles/N7SIX.rescueops.dir/App/bitmaps.c.obj
                0x08011eda                BITMAP_PowerUser
 .rodata.BITMAP_compand
                0x08011edd        0x6 CMakeFiles/N7SIX.rescueops.dir/App/bitmaps.c.obj
                0x08011edd                BITMAP_compand
 .rodata.BITMAP_ScanListAll
                0x08011ee3       0x13 CMakeFiles/N7SIX.rescueops.dir/App/bitmaps.c.obj
                0x08011ee3                BITMAP_ScanListAll
 .rodata.BITMAP_ScanList123
                0x08011ef6       0x13 CMakeFiles/N7SIX.rescueops.dir/App/bitmaps.c.obj
                0x08011ef6                BITMAP_ScanList123
 .rodata.BITMAP_ScanListE
                0x08011f09        0x7 CMakeFiles/N7SIX.rescueops.dir/App/bitmaps.c.obj
                0x08011f09                BITMAP_ScanListE
 .rodata.BITMAP_ScanList3
                0x08011f10        0x7 CMakeFiles/N7SIX.rescueops.dir/App/bitmaps.c.obj
                0x08011f10                BITMAP_ScanList3
 .rodata.BITMAP_ScanList2
                0x08011f17        0x7 CMakeFiles/N7SIX.rescueops.dir/App/bitmaps.c.obj
                0x08011f17                BITMAP_ScanList2
 .rodata.BITMAP_ScanList1
                0x08011f1e        0x7 CMakeFiles/N7SIX.rescueops.dir/App/bitmaps.c.obj
                0x08011f1e                BITMAP_ScanList1
 .rodata.BITMAP_ScanList0
                0x08011f25        0x7 CMakeFiles/N7SIX.rescueops.dir/App/bitmaps.c.obj
                0x08011f25                BITMAP_ScanList0
 .rodata.BITMAP_VFO_NotDefault
                0x08011f2c        0x7 CMakeFiles/N7SIX.rescueops.dir/App/bitmaps.c.obj
                0x08011f2c                BITMAP_VFO_NotDefault
 .rodata.BITMAP_VFO_Default
                0x08011f33        0x7 CMakeFiles/N7SIX.rescueops.dir/App/bitmaps.c.obj
                0x08011f33                BITMAP_VFO_Default
 .rodata.BITMAP_VFO_Lock
                0x08011f3a        0x7 CMakeFiles/N7SIX.rescueops.dir/App/bitmaps.c.obj
                0x08011f3a                BITMAP_VFO_Lock
 .rodata.BITMAP_Antenna
                0x08011f41        0x5 CMakeFiles/N7SIX.rescueops.dir/App/bitmaps.c.obj
                0x08011f41                BITMAP_Antenna
 .rodata.gFontVox
                0x08011f46        0xc CMakeFiles/N7SIX.rescueops.dir/App/bitmaps.c.obj
                0x08011f46                gFontVox
 .rodata.BITMAP_BatteryLevel1
                0x08011f52       0x11 CMakeFiles/N7SIX.rescueops.dir/App/bitmaps.c.obj
                0x08011f52                BITMAP_BatteryLevel1
 .rodata.BITMAP_BatteryLevel
                0x08011f63        0x2 CMakeFiles/N7SIX.rescueops.dir/App/bitmaps.c.obj
                0x08011f63                BITMAP_BatteryLevel
 .rodata.gFontHold
                0x08011f65        0xa CMakeFiles/N7SIX.rescueops.dir/App/bitmaps.c.obj
                0x08011f65                gFontHold
 .rodata.gFontRO
                0x08011f6f        0xc CMakeFiles/N7SIX.rescueops.dir/App/bitmaps.c.obj
                0x08011f6f                gFontRO
 .rodata.gFontDWR
                0x08011f7b       0x12 CMakeFiles/N7SIX.rescueops.dir/App/bitmaps.c.obj
                0x08011f7b                gFontDWR
 .rodata.gFontMO
                0x08011f8d        0xc CMakeFiles/N7SIX.rescueops.dir/App/bitmaps.c.obj
                0x08011f8d                gFontMO
 .rodata.gFontXB
                0x08011f99        0xc CMakeFiles/N7SIX.rescueops.dir/App/bitmaps.c.obj
                0x08011f99                gFontXB
 .rodata.gFontMute
                0x08011fa5        0xc CMakeFiles/N7SIX.rescueops.dir/App/bitmaps.c.obj
                0x08011fa5                gFontMute
 .rodata.gFontLight
                0x08011fb1        0x9 CMakeFiles/N7SIX.rescueops.dir/App/bitmaps.c.obj
                0x08011fb1                gFontLight
 .rodata.gFontKeyLock
                0x08011fba        0x9 CMakeFiles/N7SIX.rescueops.dir/App/bitmaps.c.obj
                0x08011fba                gFontKeyLock
 .rodata.gFontS
                0x08011fc3        0x6 CMakeFiles/N7SIX.rescueops.dir/App/bitmaps.c.obj
                0x08011fc3                gFontS
 .rodata.gFontF
                0x08011fc9        0x8 CMakeFiles/N7SIX.rescueops.dir/App/bitmaps.c.obj
                0x08011fc9                gFontF
 .rodata.gFontPttClassic
                0x08011fd1        0xc CMakeFiles/N7SIX.rescueops.dir/App/bitmaps.c.obj
                0x08011fd1                gFontPttClassic
 .rodata.gFontPttOnePush
                0x08011fdd        0xc CMakeFiles/N7SIX.rescueops.dir/App/bitmaps.c.obj
                0x08011fdd                gFontPttOnePush
 .rodata.gFontPowerSave
                0x08011fe9        0xc CMakeFiles/N7SIX.rescueops.dir/App/bitmaps.c.obj
                0x08011fe9                gFontPowerSave
 *fill*         0x08011ff5        0x1 
 .rodata.DCS_Options
                0x08011ff6       0xd0 CMakeFiles/N7SIX.rescueops.dir/App/dcs.c.obj
                0x08011ff6                DCS_Options
 .rodata.CTCSS_Options
                0x080120c6       0x64 CMakeFiles/N7SIX.rescueops.dir/App/dcs.c.obj
                0x080120c6                CTCSS_Options
 .rodata.gFont3x5
                0x0801212a      0x120 CMakeFiles/N7SIX.rescueops.dir/App/font.c.obj
                0x0801212a                gFont3x5
 .rodata.gFontSmallBold
                0x0801224a      0x234 CMakeFiles/N7SIX.rescueops.dir/App/font.c.obj
                0x0801224a                gFontSmallBold
 .rodata.gFontSmall
                0x0801247e      0x234 CMakeFiles/N7SIX.rescueops.dir/App/font.c.obj
                0x0801247e                gFontSmall
 .rodata.gFontBigDigits
                0x080126b2       0xdc CMakeFiles/N7SIX.rescueops.dir/App/font.c.obj
                0x080126b2                gFontBigDigits
 .rodata.gFontBig
                0x0801278e      0x524 CMakeFiles/N7SIX.rescueops.dir/App/font.c.obj
                0x0801278e                gFontBig
 .rodata.StepSortedIndexes
                0x08012cb2       0x18 CMakeFiles/N7SIX.rescueops.dir/App/frequencies.c.obj
                0x08012cb2                StepSortedIndexes
 .rodata.gStepFrequencyTable
                0x08012cca       0x30 CMakeFiles/N7SIX.rescueops.dir/App/frequencies.c.obj
                0x08012cca                gStepFrequencyTable
 *fill*         0x08012cfa        0x2 
 .rodata.NoaaFrequencyTable
                0x08012cfc       0x28 CMakeFiles/N7SIX.rescueops.dir/App/frequencies.c.obj
                0x08012cfc                NoaaFrequencyTable
 .rodata.frequencyBandTable
                0x08012d24       0x38 CMakeFiles/N7SIX.rescueops.dir/App/frequencies.c.obj
                0x08012d24                frequencyBandTable
 .rodata.BX4819_band2
                0x08012d5c        0x8 CMakeFiles/N7SIX.rescueops.dir/App/frequencies.c.obj
                0x08012d5c                BX4819_band2
 .rodata.BX4819_band1
                0x08012d64        0x8 CMakeFiles/N7SIX.rescueops.dir/App/frequencies.c.obj
                0x08012d64                BX4819_band1
 .rodata.BATTERY_GetReadings.str1.1
                0x08012d6c        0x6 CMakeFiles/N7SIX.rescueops.dir/App/helper/battery.c.obj
 .rodata.Voltage2PercentageTable
                0x08012d6c       0x8c CMakeFiles/N7SIX.rescueops.dir/App/helper/battery.c.obj
                0x08012d6c                Voltage2PercentageTable
 .rodata.gMicGain_dB2
                0x08012df8        0x5 CMakeFiles/N7SIX.rescueops.dir/App/misc.c.obj
                0x08012df8                gMicGain_dB2
 *fill*         0x08012dfd        0x1 
 .rodata.NOAA_countdown_3_10ms
                0x08012dfe        0x2 CMakeFiles/N7SIX.rescueops.dir/App/misc.c.obj
                0x08012dfe                NOAA_countdown_3_10ms
 .rodata.NOAA_countdown_2_10ms
                0x08012e00        0x2 CMakeFiles/N7SIX.rescueops.dir/App/misc.c.obj
                0x08012e00                NOAA_countdown_2_10ms
 .rodata.NOAA_countdown_10ms
                0x08012e02        0x2 CMakeFiles/N7SIX.rescueops.dir/App/misc.c.obj
                0x08012e02                NOAA_countdown_10ms
 .rodata.vox_stop_count_down_10ms
                0x08012e04        0x2 CMakeFiles/N7SIX.rescueops.dir/App/misc.c.obj
                0x08012e04                vox_stop_count_down_10ms
 .rodata.power_save2_10ms
                0x08012e06        0x2 CMakeFiles/N7SIX.rescueops.dir/App/misc.c.obj
                0x08012e06                power_save2_10ms
 .rodata.power_save1_10ms
                0x08012e08        0x2 CMakeFiles/N7SIX.rescueops.dir/App/misc.c.obj
                0x08012e08                power_save1_10ms
 .rodata.battery_save_count_10ms
                0x08012e0a        0x2 CMakeFiles/N7SIX.rescueops.dir/App/misc.c.obj
                0x08012e0a                battery_save_count_10ms
 .rodata.scan_pause_delay_in_5_10ms
                0x08012e0c        0x2 CMakeFiles/N7SIX.rescueops.dir/App/misc.c.obj
                0x08012e0c                scan_pause_delay_in_5_10ms
 .rodata.scan_pause_delay_in_3_10ms
                0x08012e0e        0x2 CMakeFiles/N7SIX.rescueops.dir/App/misc.c.obj
                0x08012e0e                scan_pause_delay_in_3_10ms
 .rodata.scan_pause_delay_in_2_10ms
                0x08012e10        0x2 CMakeFiles/N7SIX.rescueops.dir/App/misc.c.obj
                0x08012e10                scan_pause_delay_in_2_10ms
 .rodata.scan_pause_delay_in_1_10ms
                0x08012e12        0x2 CMakeFiles/N7SIX.rescueops.dir/App/misc.c.obj
                0x08012e12                scan_pause_delay_in_1_10ms
 .rodata.dual_watch_count_toggle_10ms
                0x08012e14        0x2 CMakeFiles/N7SIX.rescueops.dir/App/misc.c.obj
                0x08012e14                dual_watch_count_toggle_10ms
 .rodata.dual_watch_count_after_vox_10ms
                0x08012e16        0x2 CMakeFiles/N7SIX.rescueops.dir/App/misc.c.obj
                0x08012e16                dual_watch_count_after_vox_10ms
 .rodata.dual_watch_count_noaa_10ms
                0x08012e18        0x2 CMakeFiles/N7SIX.rescueops.dir/App/misc.c.obj
                0x08012e18                dual_watch_count_noaa_10ms
 .rodata.dual_watch_count_after_2_10ms
                0x08012e1a        0x2 CMakeFiles/N7SIX.rescueops.dir/App/misc.c.obj
                0x08012e1a                dual_watch_count_after_2_10ms
 .rodata.dual_watch_count_after_rx_10ms
                0x08012e1c        0x2 CMakeFiles/N7SIX.rescueops.dir/App/misc.c.obj
                0x08012e1c                dual_watch_count_after_rx_10ms
 .rodata.dual_watch_count_after_tx_10ms
                0x08012e1e        0x2 CMakeFiles/N7SIX.rescueops.dir/App/misc.c.obj
                0x08012e1e                dual_watch_count_after_tx_10ms
 .rodata.scan_delay_10ms
                0x08012e20        0x1 CMakeFiles/N7SIX.rescueops.dir/App/misc.c.obj
                0x08012e20                scan_delay_10ms
 *fill*         0x08012e21        0x1 
 .rodata.key_debounce_10ms
                0x08012e22        0x2 CMakeFiles/N7SIX.rescueops.dir/App/misc.c.obj
                0x08012e22                key_debounce_10ms
 .rodata.key_repeat_10ms
                0x08012e24        0x2 CMakeFiles/N7SIX.rescueops.dir/App/misc.c.obj
                0x08012e24                key_repeat_10ms
 .rodata.key_repeat_delay_10ms
                0x08012e26        0x2 CMakeFiles/N7SIX.rescueops.dir/App/misc.c.obj
                0x08012e26                key_repeat_delay_10ms
 .rodata.key_input_timeout_500ms
                0x08012e28        0x1 CMakeFiles/N7SIX.rescueops.dir/App/misc.c.obj
                0x08012e28                key_input_timeout_500ms
 .rodata.DTMF_RX_live_timeout_500ms
                0x08012e29        0x1 CMakeFiles/N7SIX.rescueops.dir/App/misc.c.obj
                0x08012e29                DTMF_RX_live_timeout_500ms
 .rodata.menu_timeout_long_500ms
                0x08012e2a        0x2 CMakeFiles/N7SIX.rescueops.dir/App/misc.c.obj
                0x08012e2a                menu_timeout_long_500ms
 .rodata.menu_timeout_500ms
                0x08012e2c        0x1 CMakeFiles/N7SIX.rescueops.dir/App/misc.c.obj
                0x08012e2c                menu_timeout_500ms
 .rodata.vfo_state_resume_countdown_500ms
                0x08012e2d        0x1 CMakeFiles/N7SIX.rescueops.dir/App/misc.c.obj
                0x08012e2d                vfo_state_resume_countdown_500ms
 .rodata.dividers.1
                0x08012e2e        0x6 CMakeFiles/N7SIX.rescueops.dir/App/radio.c.obj
 .rodata.gModulationStr
                0x08012e34        0xc CMakeFiles/N7SIX.rescueops.dir/App/radio.c.obj
                0x08012e34                gModulationStr
 .rodata.str1.1
                0x08012e40       0x18 CMakeFiles/N7SIX.rescueops.dir/App/radio.c.obj
 .rodata.afDacGainRegSpec
                0x08012e40        0xc CMakeFiles/N7SIX.rescueops.dir/App/radio.c.obj
 .rodata.afcDisableRegSpec
                0x08012e4c        0xc CMakeFiles/N7SIX.rescueops.dir/App/radio.c.obj
 .rodata.SETTINGS_InitEEPROM.str1.1
                0x08012e58        0xc CMakeFiles/N7SIX.rescueops.dir/App/settings.c.obj
 .rodata.SETTINGS_UpdateChannel.str1.1
                0x08012e58        0x1 CMakeFiles/N7SIX.rescueops.dir/App/settings.c.obj
 .rodata.UI_GenerateChannelStringEx.str1.1
                0x08012e58       0x12 CMakeFiles/N7SIX.rescueops.dir/App/ui/helper.c.obj
 .rodata.UI_DisplayPopup.str1.1
                0x08012e58        0xb CMakeFiles/N7SIX.rescueops.dir/App/ui/helper.c.obj
 .rodata.DisplayRSSIBar.str1.1
                0x08012e58       0x1d CMakeFiles/N7SIX.rescueops.dir/App/ui/main.c.obj
 .rodata.UI_DisplayMain.str1.1
                0x08012e58       0xae CMakeFiles/N7SIX.rescueops.dir/App/ui/main.c.obj
 .rodata.str1.1
                0x08012e58       0x4b CMakeFiles/N7SIX.rescueops.dir/App/ui/main.c.obj
 .rodata.dBmCorrTable
                0x08012e58        0x7 CMakeFiles/N7SIX.rescueops.dir/App/ui/main.c.obj
                0x08012e58                dBmCorrTable
 .rodata.UI_DisplayMenu.str1.1
                0x08012e5f      0x175 CMakeFiles/N7SIX.rescueops.dir/App/ui/menu.c.obj
 .rodata.gSubMenu_SIDEFUNCTIONS_size
                0x08012e5f        0x1 CMakeFiles/N7SIX.rescueops.dir/App/ui/menu.c.obj
                0x08012e5f                gSubMenu_SIDEFUNCTIONS_size
 .rodata.str1.1
                0x08012e60      0x1de CMakeFiles/N7SIX.rescueops.dir/App/ui/menu.c.obj
 .rodata.gSubMenu_SIDEFUNCTIONS
                0x08012e60       0x90 CMakeFiles/N7SIX.rescueops.dir/App/ui/menu.c.obj
                0x08012e60                gSubMenu_SIDEFUNCTIONS
 .rodata.gSubMenu_SET_KEY
                0x08012ef0       0x2d CMakeFiles/N7SIX.rescueops.dir/App/ui/menu.c.obj
                0x08012ef0                gSubMenu_SET_KEY
 .rodata.gSubMenu_SET_NFM
                0x08012f1d       0x12 CMakeFiles/N7SIX.rescueops.dir/App/ui/menu.c.obj
                0x08012f1d                gSubMenu_SET_NFM
 .rodata.gSubMenu_SET_MET
                0x08012f2f       0x10 CMakeFiles/N7SIX.rescueops.dir/App/ui/menu.c.obj