Archive member included to satisfy reference by file (symbol)

/opt/toolchain/bin/../lib/gcc/arm-none-eabi/13.3.1/../../../../arm-none-eabi/lib/thumb/v6-m/nofp/libg_nano.a(libc_a-exit.o)
                              /opt/toolchain/bin/../lib/gcc/arm-none-eabi/13.3.1/../../../../arm-none-eabi/lib/thumb/v6-m/nofp/crt0.o (exit)
/opt/toolchain/bin/../lib/gcc/arm-none-eabi/13.3.1/../../../../arm-none-eabi/lib/thumb/v6-m/nofp/libg_nano.a(libc_a-errno.o)
                              CMakeFiles/n7six.ApeX-k1.v7.6.9B.dir/App/driver/syscalls.c.obj (symbol from plugin) (__errno)
/opt/toolchain/bin/../lib/gcc/arm-none-eabi/13.3.1/../../../../arm-none-eabi/lib/thumb/v6-m/nofp/libg_nano.a(libc_a-init.o)
                              /opt/toolchain/bin/../lib/gcc/arm-none-eabi/13.3.1/../../../../arm-none-eabi/lib/thumb/v6-m/nofp/crt0.o (__libc_init_array)
/opt/toolchain/bin/../lib/gcc/arm-none-eabi/13.3.1/../../../../arm-none-eabi/lib/thumb/v6-m/nofp/libg_nano.a(libc_a-memset.o)
                              /opt/toolchain/bin/../lib/gcc/arm-none-eabi/13.3.1/../../../../arm-none-eabi/lib/thumb/v6-m/nofp/crt0.o (memset)
/opt/toolchain/bin/../lib/gcc/arm-none-eabi/13.3.1/../../../../arm-none-eabi/lib/thumb/v6-m/nofp/libg_nano.a(libc_a-impure.o)
                              /opt/toolchain/bin/../lib/gcc/arm-none-eabi/13.3.1/../../../../arm-none-eabi/lib/thumb/v6-m/nofp/libg_nano.a(libc_a-errno.o) (_impure_ptr)
/opt/toolchain/bin/../lib/gcc/arm-none-eabi/13.3.1/../../../../arm-none-eabi/lib/thumb/v6-m/nofp/libg_nano.a(libc_a-findfp.o)
                              /opt/toolchain/bin/../lib/gcc/arm-none-eabi/13.3.1/../../../../arm-none-eabi/lib/thumb/v6-m/nofp/libg_nano.a(libc_a-exit.o) (__stdio_exit_handler)
/opt/toolchain/bin/../lib/gcc/arm-none-eabi/13.3.1/../../../../arm-none-eabi/lib/thumb/v6-m/nofp/libg_nano.a(libc_a-stdio.o)
                              /opt/toolchain/bin/../lib/gcc/arm-none-eabi/13.3.1/../../../../arm-none-eabi/lib/thumb/v6-m/nofp/libg_nano.a(libc_a-findfp.o) (__sread)
/opt/toolchain/bin/../lib/gcc/arm-none-eabi/13.3.1/../../../../arm-none-eabi/lib/thumb/v6-m/nofp/libg_nano.a(libc_a-lseekr.o)
                              /opt/toolchain/bin/../lib/gcc/arm-none-eabi/13.3.1/../../../../arm-none-eabi/lib/thumb/v6-m/nofp/libg_nano.a(libc_a-stdio.o) (_lseek_r)
/opt/toolchain/bin/../lib/gcc/arm-none-eabi/13.3.1/../../../../arm-none-eabi/lib/thumb/v6-m/nofp/libg_nano.a(libc_a-readr.o)
                              /opt/toolchain/bin/../lib/gcc/arm-none-eabi/13.3.1/../../../../arm-none-eabi/lib/thumb/v6-m/nofp/libg_nano.a(libc_a-stdio.o) (_read_r)
/opt/toolchain/bin/../lib/gcc/arm-none-eabi/13.3.1/../../../../arm-none-eabi/lib/thumb/v6-m/nofp/libg_nano.a(libc_a-fwalk.o)
                              /opt/toolchain/bin/../lib/gcc/arm-none-eabi/13.3.1/../../../../arm-none-eabi/lib/thumb/v6-m/nofp/libg_nano.a(libc_a-findfp.o) (_fwalk_sglue)
/opt/toolchain/bin/../lib/gcc/arm-none-eabi/13.3.1/../../../../arm-none-eabi/lib/thumb/v6-m/nofp/libg_nano.a(libc_a-writer.o)
                              /opt/toolchain/bin/../lib/gcc/arm-none-eabi/13.3.1/../../../../arm-none-eabi/lib/thumb/v6-m/nofp/libg_nano.a(libc_a-stdio.o) (_write_r)
/opt/toolchain/bin/../lib/gcc/arm-none-eabi/13.3.1/../../../../arm-none-eabi/lib/thumb/v6-m/nofp/libg_nano.a(libc_a-lock.o)
                              /opt/toolchain/bin/../lib/gcc/arm-none-eabi/13.3.1/../../../../arm-none-eabi/lib/thumb/v6-m/nofp/libg_nano.a(libc_a-findfp.o) (__retarget_lock_init_recursive)
/opt/toolchain/bin/../lib/gcc/arm-none-eabi/13.3.1/../../../../arm-none-eabi/lib/thumb/v6-m/nofp/libg_nano.a(libc_a-fflush.o)
                              /opt/toolchain/bin/../lib/gcc/arm-none-eabi/13.3.1/../../../../arm-none-eabi/lib/thumb/v6-m/nofp/libg_nano.a(libc_a-findfp.o) (_fflush_r)
/opt/toolchain/bin/../lib/gcc/arm-none-eabi/13.3.1/../../../../arm-none-eabi/lib/thumb/v6-m/nofp/libg_nano.a(libc_a-mallocr.o)
                              /opt/toolchain/bin/../lib/gcc/arm-none-eabi/13.3.1/../../../../arm-none-eabi/lib/thumb/v6-m/nofp/libg_nano.a(libc_a-findfp.o) (_malloc_r)
/opt/toolchain/bin/../lib/gcc/arm-none-eabi/13.3.1/../../../../arm-none-eabi/lib/thumb/v6-m/nofp/libg_nano.a(libc_a-closer.o)
                              /opt/toolchain/bin/../lib/gcc/arm-none-eabi/13.3.1/../../../../arm-none-eabi/lib/thumb/v6-m/nofp/libg_nano.a(libc_a-stdio.o) (_close_r)
/opt/toolchain/bin/../lib/gcc/arm-none-eabi/13.3.1/../../../../arm-none-eabi/lib/thumb/v6-m/nofp/libg_nano.a(libc_a-reent.o)
                              /opt/toolchain/bin/../lib/gcc/arm-none-eabi/13.3.1/../../../../arm-none-eabi/lib/thumb/v6-m/nofp/libg_nano.a(libc_a-lseekr.o) (errno)
/opt/toolchain/bin/../lib/gcc/arm-none-eabi/13.3.1/../../../../arm-none-eabi/lib/thumb/v6-m/nofp/libg_nano.a(libc_a-mlock.o)
                              /opt/toolchain/bin/../lib/gcc/arm-none-eabi/13.3.1/../../../../arm-none-eabi/lib/thumb/v6-m/nofp/libg_nano.a(libc_a-mallocr.o) (__malloc_lock)
[...]
Memory Configuration

Name             Origin             Length             Attributes
RAM              0x20000000         0x00004000         xrw
FLASH            0x08002800         0x0001d800         xr
*default*        0x00000000         0xffffffff

Linker script and memory map

LOAD /opt/toolchain/bin/../lib/gcc/arm-none-eabi/13.3.1/thumb/v6-m/nofp/crti.o
LOAD /opt/toolchain/bin/../lib/gcc/arm-none-eabi/13.3.1/thumb/v6-m/nofp/crtbegin.o
LOAD /opt/toolchain/bin/../lib/gcc/arm-none-eabi/13.3.1/../../../../arm-none-eabi/lib/thumb/v6-m/nofp/crt0.o
LOAD CMakeFiles/n7six.ApeX-k1.v7.6.9B.dir/Core/Src/main.c.obj
LOAD /tmp/ccesgztz.ltrans0.ltrans.o
LOAD /tmp/ccesgztz.ltrans1.ltrans.o
LOAD /tmp/ccesgztz.ltrans2.ltrans.o
LOAD CMakeFiles/n7six.ApeX-k1.v7.6.9B.dir/Core/Src/py32f071_it.c.obj
LOAD CMakeFiles/n7six.ApeX-k1.v7.6.9B.dir/Core/Src/system_py32f071.c.obj
LOAD CMakeFiles/n7six.ApeX-k1.v7.6.9B.dir/Core/startup_py32f071xx.s.obj
LOAD CMakeFiles/n7six.ApeX-k1.v7.6.9B.dir/Drivers/PY32F071_HAL_Driver/Src/py32f071_ll_rcc.c.obj
LOAD CMakeFiles/n7six.ApeX-k1.v7.6.9B.dir/Drivers/PY32F071_HAL_Driver/Src/py32f071_ll_pwr.c.obj
LOAD CMakeFiles/n7six.ApeX-k1.v7.6.9B.dir/Drivers/PY32F071_HAL_Driver/Src/py32f071_ll_dma.c.obj
LOAD CMakeFiles/n7six.ApeX-k1.v7.6.9B.dir/Drivers/PY32F071_HAL_Driver/Src/py32f071_ll_gpio.c.obj
LOAD CMakeFiles/n7six.ApeX-k1.v7.6.9B.dir/Drivers/PY32F071_HAL_Driver/Src/py32f071_ll_utils.c.obj
LOAD CMakeFiles/n7six.ApeX-k1.v7.6.9B.dir/Drivers/PY32F071_HAL_Driver/Src/py32f071_ll_adc.c.obj
LOAD CMakeFiles/n7six.ApeX-k1.v7.6.9B.dir/Drivers/PY32F071_HAL_Driver/Src/py32f071_ll_comp.c.obj
LOAD CMakeFiles/n7six.ApeX-k1.v7.6.9B.dir/Drivers/PY32F071_HAL_Driver/Src/py32f071_ll_crc.c.obj
LOAD CMakeFiles/n7six.ApeX-k1.v7.6.9B.dir/Drivers/PY32F071_HAL_Driver/Src/py32f071_ll_dac.c.obj
LOAD CMakeFiles/n7six.ApeX-k1.v7.6.9B.dir/Drivers/PY32F071_HAL_Driver/Src/py32f071_ll_exti.c.obj
LOAD CMakeFiles/n7six.ApeX-k1.v7.6.9B.dir/Drivers/PY32F071_HAL_Driver/Src/py32f071_ll_i2c.c.obj
LOAD CMakeFiles/n7six.ApeX-k1.v7.6.9B.dir/Drivers/PY32F071_HAL_Driver/Src/py32f071_ll_rtc.c.obj
LOAD CMakeFiles/n7six.ApeX-k1.v7.6.9B.dir/Drivers/PY32F071_HAL_Driver/Src/py32f071_ll_spi.c.obj
LOAD CMakeFiles/n7six.ApeX-k1.v7.6.9B.dir/Drivers/PY32F071_HAL_Driver/Src/py32f071_ll_tim.c.obj
LOAD CMakeFiles/n7six.ApeX-k1.v7.6.9B.dir/Drivers/PY32F071_HAL_Driver/Src/py32f071_ll_lptim.c.obj
LOAD CMakeFiles/n7six.ApeX-k1.v7.6.9B.dir/Drivers/PY32F071_HAL_Driver/Src/py32f071_ll_usart.c.obj
LOAD CMakeFiles/n7six.ApeX-k1.v7.6.9B.dir/App/driver/backlight.c.obj
LOAD CMakeFiles/n7six.ApeX-k1.v7.6.9B.dir/App/driver/bk4829.c.obj
LOAD CMakeFiles/n7six.ApeX-k1.v7.6.9B.dir/App/driver/py25q16.c.obj
LOAD CMakeFiles/n7six.ApeX-k1.v7.6.9B.dir/App/driver/gpio.c.obj
LOAD CMakeFiles/n7six.ApeX-k1.v7.6.9B.dir/App/driver/i2c.c.obj
LOAD CMakeFiles/n7six.ApeX-k1.v7.6.9B.dir/App/driver/keyboard.c.obj
LOAD CMakeFiles/n7six.ApeX-k1.v7.6.9B.dir/App/driver/st7565.c.obj
LOAD CMakeFiles/n7six.ApeX-k1.v7.6.9B.dir/App/driver/system.c.obj
LOAD CMakeFiles/n7six.ApeX-k1.v7.6.9B.dir/App/driver/systick.c.obj
LOAD CMakeFiles/n7six.ApeX-k1.v7.6.9B.dir/App/driver/syscalls.c.obj
LOAD CMakeFiles/n7six.ApeX-k1.v7.6.9B.dir/App/app/action.c.obj
LOAD CMakeFiles/n7six.ApeX-k1.v7.6.9B.dir/App/app/app.c.obj
LOAD CMakeFiles/n7six.ApeX-k1.v7.6.9B.dir/App/app/chFrScanner.c.obj
LOAD CMakeFiles/n7six.ApeX-k1.v7.6.9B.dir/App/app/common.c.obj
LOAD CMakeFiles/n7six.ApeX-k1.v7.6.9B.dir/App/app/dtmf.c.obj
LOAD CMakeFiles/n7six.ApeX-k1.v7.6.9B.dir/App/app/generic.c.obj
LOAD CMakeFiles/n7six.ApeX-k1.v7.6.9B.dir/App/app/main.c.obj
LOAD CMakeFiles/n7six.ApeX-k1.v7.6.9B.dir/App/app/menu.c.obj
LOAD CMakeFiles/n7six.ApeX-k1.v7.6.9B.dir/App/app/scanner.c.obj
LOAD CMakeFiles/n7six.ApeX-k1.v7.6.9B.dir/App/audio.c.obj
LOAD CMakeFiles/n7six.ApeX-k1.v7.6.9B.dir/App/bitmaps.c.obj
LOAD CMakeFiles/n7six.ApeX-k1.v7.6.9B.dir/App/board.c.obj
LOAD CMakeFiles/n7six.ApeX-k1.v7.6.9B.dir/App/dcs.c.obj
LOAD CMakeFiles/n7six.ApeX-k1.v7.6.9B.dir/App/font.c.obj
LOAD CMakeFiles/n7six.ApeX-k1.v7.6.9B.dir/App/frequencies.c.obj
LOAD CMakeFiles/n7six.ApeX-k1.v7.6.9B.dir/App/functions.c.obj
LOAD CMakeFiles/n7six.ApeX-k1.v7.6.9B.dir/App/helper/battery.c.obj
LOAD CMakeFiles/n7six.ApeX-k1.v7.6.9B.dir/App/helper/boot.c.obj
LOAD CMakeFiles/n7six.ApeX-k1.v7.6.9B.dir/App/misc.c.obj
LOAD CMakeFiles/n7six.ApeX-k1.v7.6.9B.dir/App/radio.c.obj
LOAD CMakeFiles/n7six.ApeX-k1.v7.6.9B.dir/App/scheduler.c.obj
LOAD CMakeFiles/n7six.ApeX-k1.v7.6.9B.dir/App/settings.c.obj
LOAD CMakeFiles/n7six.ApeX-k1.v7.6.9B.dir/App/ui/battery.c.obj
LOAD CMakeFiles/n7six.ApeX-k1.v7.6.9B.dir/App/ui/helper.c.obj
LOAD CMakeFiles/n7six.ApeX-k1.v7.6.9B.dir/App/ui/inputbox.c.obj
LOAD CMakeFiles/n7six.ApeX-k1.v7.6.9B.dir/App/ui/main.c.obj
LOAD CMakeFiles/n7six.ApeX-k1.v7.6.9B.dir/App/ui/menu.c.obj
LOAD CMakeFiles/n7six.ApeX-k1.v7.6.9B.dir/App/ui/scanner.c.obj
LOAD CMakeFiles/n7six.ApeX-k1.v7.6.9B.dir/App/ui/status.c.obj
LOAD CMakeFiles/n7six.ApeX-k1.v7.6.9B.dir/App/ui/ui.c.obj
LOAD CMakeFiles/n7six.ApeX-k1.v7.6.9B.dir/App/ui/welcome.c.obj
LOAD CMakeFiles/n7six.ApeX-k1.v7.6.9B.dir/App/version.c.obj
LOAD CMakeFiles/n7six.ApeX-k1.v7.6.9B.dir/App/main.c.obj
LOAD CMakeFiles/n7six.ApeX-k1.v7.6.9B.dir/App/external/printf/printf.c.obj
LOAD CMakeFiles/n7six.ApeX-k1.v7.6.9B.dir/App/driver/crc.c.obj
LOAD CMakeFiles/n7six.ApeX-k1.v7.6.9B.dir/App/driver/eeprom_compat.c.obj
LOAD CMakeFiles/n7six.ApeX-k1.v7.6.9B.dir/App/driver/uart.c.obj
LOAD CMakeFiles/n7six.ApeX-k1.v7.6.9B.dir/App/app/uart.c.obj
LOAD CMakeFiles/n7six.ApeX-k1.v7.6.9B.dir/App/driver/vcp.c.obj
LOAD CMakeFiles/n7six.ApeX-k1.v7.6.9B.dir/App/usb/usbd_cdc_if.c.obj
LOAD CMakeFiles/n7six.ApeX-k1.v7.6.9B.dir/App/driver/bk1080.c.obj
LOAD CMakeFiles/n7six.ApeX-k1.v7.6.9B.dir/App/app/fm.c.obj
LOAD CMakeFiles/n7six.ApeX-k1.v7.6.9B.dir/App/ui/fmradio.c.obj
LOAD CMakeFiles/n7six.ApeX-k1.v7.6.9B.dir/App/app/aircopy.c.obj
LOAD CMakeFiles/n7six.ApeX-k1.v7.6.9B.dir/App/ui/aircopy.c.obj
LOAD CMakeFiles/n7six.ApeX-k1.v7.6.9B.dir/App/app/flashlight.c.obj
LOAD CMakeFiles/n7six.ApeX-k1.v7.6.9B.dir/App/app/spectrum.c.obj
LOAD CMakeFiles/n7six.ApeX-k1.v7.6.9B.dir/App/app/waterfall.c.obj
LOAD CMakeFiles/n7six.ApeX-k1.v7.6.9B.dir/App/app/cw.c.obj
LOAD CMakeFiles/n7six.ApeX-k1.v7.6.9B.dir/App/app/cwapp.c.obj
LOAD CMakeFiles/n7six.ApeX-k1.v7.6.9B.dir/App/app/cwkeyer.c.obj
LOAD CMakeFiles/n7six.ApeX-k1.v7.6.9B.dir/App/app/cwmacro.c.obj
LOAD CMakeFiles/n7six.ApeX-k1.v7.6.9B.dir/App/app/cwhardware.c.obj
LOAD CMakeFiles/n7six.ApeX-k1.v7.6.9B.dir/App/app/cwdecoder.c.obj
LOAD CMakeFiles/n7six.ApeX-k1.v7.6.9B.dir/App/screenshot.c.obj
LOAD CMakeFiles/n7six.ApeX-k1.v7.6.9B.dir/App/app/beam.c.obj
LOAD CMakeFiles/n7six.ApeX-k1.v7.6.9B.dir/Middlewares/CherryUSB/core/usbd_core.c.obj
LOAD CMakeFiles/n7six.ApeX-k1.v7.6.9B.dir/Middlewares/CherryUSB/port/usb_dc_py32.c.obj
LOAD CMakeFiles/n7six.ApeX-k1.v7.6.9B.dir/Middlewares/CherryUSB/class/cdc/usbd_cdc.c.obj
LOAD /opt/toolchain/bin/../lib/gcc/arm-none-eabi/13.3.1/../../../../arm-none-eabi/lib/thumb/v6-m/nofp/libm.a
START GROUP
LOAD /opt/toolchain/bin/../lib/gcc/arm-none-eabi/13.3.1/thumb/v6-m/nofp/libgcc.a
LOAD /opt/toolchain/bin/../lib/gcc/arm-none-eabi/13.3.1/../../../../arm-none-eabi/lib/thumb/v6-m/nofp/libg_nano.a
LOAD /opt/toolchain/bin/../lib/gcc/arm-none-eabi/13.3.1/../../../../arm-none-eabi/lib/thumb/v6-m/nofp/libc_nano.a
END GROUP
START GROUP
LOAD /opt/toolchain/bin/../lib/gcc/arm-none-eabi/13.3.1/thumb/v6-m/nofp/libgcc.a
LOAD /opt/toolchain/bin/../lib/gcc/arm-none-eabi/13.3.1/../../../../arm-none-eabi/lib/thumb/v6-m/nofp/libc_nano.a
END GROUP
LOAD /opt/toolchain/bin/../lib/gcc/arm-none-eabi/13.3.1/thumb/v6-m/nofp/crtend.o
LOAD /opt/toolchain/bin/../lib/gcc/arm-none-eabi/13.3.1/thumb/v6-m/nofp/crtn.o
                0x20004000                        _estack = (ORIGIN (RAM) + LENGTH (RAM))
                0x00000200                        _Min_Heap_Size = 0x200
                0x00000300                        _Min_Stack_Size = 0x300

.isr_vector     0x08002800       0xc0
                0x08002800                        . = ALIGN (0x4)
 *(.isr_vector)
 .isr_vector    0x08002800       0xc0 CMakeFiles/n7six.ApeX-k1.v7.6.9B.dir/Core/startup_py32f071xx.s.obj
                0x08002800                g_pfnVectors
                0x080028c0                        . = ALIGN (0x4)

.text           0x080028c0    0x17738
                0x080028c0                        . = ALIGN (0x4)
 *(.text)
 .text          0x080028c0       0x14 /opt/toolchain/bin/../lib/gcc/arm-none-eabi/13.3.1/../../../../arm-none-eabi/lib/thumb/v6-m/nofp/libg_nano.a(libc_a-strcmp.o)
                0x080028c0                strcmp
 .text          0x080028d4        0xe /opt/toolchain/bin/../lib/gcc/arm-none-eabi/13.3.1/../../../../arm-none-eabi/lib/thumb/v6-m/nofp/libg_nano.a(libc_a-strlen.o)
                0x080028d4                strlen
 *fill*         0x080028e2        0x2 
 .text          0x080028e4       0x14 /opt/toolchain/bin/../lib/gcc/arm-none-eabi/13.3.1/thumb/v6-m/nofp/libgcc.a(_thumb1_case_sqi.o)
                0x080028e4                __gnu_thumb1_case_sqi
 .text          0x080028f8       0x14 /opt/toolchain/bin/../lib/gcc/arm-none-eabi/13.3.1/thumb/v6-m/nofp/libgcc.a(_thumb1_case_uqi.o)
                0x080028f8                __gnu_thumb1_case_uqi
 .text          0x0800290c       0x14 /opt/toolchain/bin/../lib/gcc/arm-none-eabi/13.3.1/thumb/v6-m/nofp/libgcc.a(_thumb1_case_shi.o)
                0x0800290c                __gnu_thumb1_case_shi
 .text          0x08002920       0x14 /opt/toolchain/bin/../lib/gcc/arm-none-eabi/13.3.1/thumb/v6-m/nofp/libgcc.a(_thumb1_case_uhi.o)
                0x08002920                __gnu_thumb1_case_uhi
 .text          0x08002934      0x114 /opt/toolchain/bin/../lib/gcc/arm-none-eabi/13.3.1/thumb/v6-m/nofp/libgcc.a(_udivsi3.o)
                0x08002934                __udivsi3
                0x08002934                __aeabi_uidiv
                0x08002a40                __aeabi_uidivmod
 .text          0x08002a48      0x1d4 /opt/toolchain/bin/../lib/gcc/arm-none-eabi/13.3.1/thumb/v6-m/nofp/libgcc.a(_divsi3.o)
                0x08002a48                __aeabi_idiv
                0x08002a48                __divsi3
                0x08002c14                __aeabi_idivmod
 .text          0x08002c1c        0x4 /opt/toolchain/bin/../lib/gcc/arm-none-eabi/13.3.1/thumb/v6-m/nofp/libgcc.a(_dvmd_tls.o)
                0x08002c1c                __aeabi_ldiv0
                0x08002c1c                __aeabi_idiv0
 .text          0x08002c20       0x3c /opt/toolchain/bin/../lib/gcc/arm-none-eabi/13.3.1/thumb/v6-m/nofp/libgcc.a(_clzsi2.o)
                0x08002c20                __clzsi2
 *(.text*)
 .text.deregister_tm_clones
                0x08002c5c       0x20 /opt/toolchain/bin/../lib/gcc/arm-none-eabi/13.3.1/thumb/v6-m/nofp/crtbegin.o
 .text.register_tm_clones
                0x08002c7c       0x28 /opt/toolchain/bin/../lib/gcc/arm-none-eabi/13.3.1/thumb/v6-m/nofp/crtbegin.o
 .text.__do_global_dtors_aux
                0x08002ca4       0x2c /opt/toolchain/bin/../lib/gcc/arm-none-eabi/13.3.1/thumb/v6-m/nofp/crtbegin.o
 .text.frame_dummy
                0x08002cd0       0x24 /opt/toolchain/bin/../lib/gcc/arm-none-eabi/13.3.1/thumb/v6-m/nofp/crtbegin.o
 .text.LL_APB1_GRP1_EnableClock.lto_priv.0
                0x08002cf4       0x1c /tmp/ccesgztz.ltrans0.ltrans.o
 .text.LL_APB1_GRP2_EnableClock.lto_priv.0
                0x08002d10       0x1c /tmp/ccesgztz.ltrans0.ltrans.o
 .text.BK4819_WriteU8
                0x08002d2c      0x124 /tmp/ccesgztz.ltrans0.ltrans.o
 .text.LL_IOP_GRP1_EnableClock.lto_priv.0
                0x08002e50       0x1c /tmp/ccesgztz.ltrans0.ltrans.o
 .text.SPI_WriteByte.lto_priv.0
                0x08002e6c       0x20 /tmp/ccesgztz.ltrans0.ltrans.o
 .text.WriteAddr
                0x08002e8c       0x1c /tmp/ccesgztz.ltrans0.ltrans.o
 .text.ACTION_1750
                0x08002ea8       0x48 /tmp/ccesgztz.ltrans0.ltrans.o
 .text.ACTION_Power
                0x08002ef0       0x34 /tmp/ccesgztz.ltrans0.ltrans.o
 .text.ACTION_SwitchDemodul
                0x08002f24       0x24 /tmp/ccesgztz.ltrans0.ltrans.o
 .text.ACTION_Vox
                0x08002f48       0x28 /tmp/ccesgztz.ltrans0.ltrans.o
 .text.ACTION_RxMode
                0x08002f70       0x44 /tmp/ccesgztz.ltrans0.ltrans.o
 .text.ACTION_MainOnly
                0x08002fb4       0x60 /tmp/ccesgztz.ltrans0.ltrans.o
 .text.ACTION_Ptt
                0x08003014       0x2c /tmp/ccesgztz.ltrans0.ltrans.o
 .text.ACTION_Power_High
                0x08003040       0x1c /tmp/ccesgztz.ltrans0.ltrans.o
 .text.ACTION_Remove_Offset
                0x0800305c       0x1c /tmp/ccesgztz.ltrans0.ltrans.o
 .text.ScreenSaverRandom
                0x08003078       0x20 /tmp/ccesgztz.ltrans0.ltrans.o
 .text.ScreenSaverDrawMatrixGlyph
                0x08003098       0x88 /tmp/ccesgztz.ltrans0.ltrans.o
 .text.ScreenSaverExit
                0x08003120       0x24 /tmp/ccesgztz.ltrans0.ltrans.o
 .text.ScanRangeSkipSync
                0x08003144       0x4c /tmp/ccesgztz.ltrans0.ltrans.o
 .text.ScanRangeSkipSampleForFrequency
                0x08003190       0x4c /tmp/ccesgztz.ltrans0.ltrans.o
 .text.ScanRssiSparklinePush
                0x080031dc       0x34 /tmp/ccesgztz.ltrans0.ltrans.o
 .text.ScanFastResetState
                0x08003210       0x28 /tmp/ccesgztz.ltrans0.ltrans.o
 .text.ScanFastIsCandidate
                0x08003238       0x98 /tmp/ccesgztz.ltrans0.ltrans.o
 .text.AdvanceMemScanList
                0x080032d0       0x1c /tmp/ccesgztz.ltrans0.ltrans.o
 .text.CHFRSCANNER_ScanRange
                0x080032ec       0x54 /tmp/ccesgztz.ltrans0.ltrans.o
 .text.COMMON_KeypadLockToggle
                0x08003340       0x30 /tmp/ccesgztz.ltrans0.ltrans.o
 .text.COMMON_SwitchVFOs
                0x08003370       0x70 /tmp/ccesgztz.ltrans0.ltrans.o
 .text.DTMF_GetCharacter
                0x080033e0       0x20 /tmp/ccesgztz.ltrans0.ltrans.o
 .text.DualwatchAlternate
                0x08003400       0x50 /tmp/ccesgztz.ltrans0.ltrans.o
 .text.CheckForIncoming
                0x08003450       0x94 /tmp/ccesgztz.ltrans0.ltrans.o
 .text.HandlePowerSave
                0x080034e4       0x14 /tmp/ccesgztz.ltrans0.ltrans.o
 .text.ScanRssiSparklineReset
                0x080034f8       0x24 /tmp/ccesgztz.ltrans0.ltrans.o
 .text.BACKLIGHT_Sound
                0x0800351c       0x2c /tmp/ccesgztz.ltrans0.ltrans.o
 .text.ST7565_WriteByte
                0x08003548       0x10 /tmp/ccesgztz.ltrans0.ltrans.o
 .text.ST7565_Cmd
                0x08003558       0x34 /tmp/ccesgztz.ltrans0.ltrans.o
 .text.ACTION_RxA
                0x0800358c       0x40 /tmp/ccesgztz.ltrans0.ltrans.o
 .text.ACTION_Wn
                0x080035cc       0x58 /tmp/ccesgztz.ltrans0.ltrans.o
 .text.APP_SetFreqByStepAndLimits
                0x08003624       0x2a /tmp/ccesgztz.ltrans0.ltrans.o
 *fill*         0x0800364e        0x2 
 .text.ScanRangeNextFrequency
                0x08003650       0x7c /tmp/ccesgztz.ltrans0.ltrans.o
 .text.APP_EndTransmission
                0x080036cc       0x28 /tmp/ccesgztz.ltrans0.ltrans.o
 .text.APP_HandleEndTransmission
                0x080036f4       0x38 /tmp/ccesgztz.ltrans0.ltrans.o
 .text.channelMoveSwitch
                0x0800372c       0xc0 /tmp/ccesgztz.ltrans0.ltrans.o
 .text.CHFRSCANNER_Stop
                0x080037ec       0xc4 /tmp/ccesgztz.ltrans0.ltrans.o
 .text.COMMON_SwitchVFOMode
                0x080038b0       0x80 /tmp/ccesgztz.ltrans0.ltrans.o
 .text.NMI_Handler
                0x08003930        0x2 /tmp/ccesgztz.ltrans0.ltrans.o
                0x08003930                NMI_Handler
 .text.HardFault_Handler
                0x08003932        0x2 /tmp/ccesgztz.ltrans0.ltrans.o
                0x08003932                HardFault_Handler
 .text.SVC_Handler
                0x08003934        0x2 /tmp/ccesgztz.ltrans0.ltrans.o
                0x08003934                SVC_Handler
 .text.PendSV_Handler
                0x08003936        0x2 /tmp/ccesgztz.ltrans0.ltrans.o
                0x08003936                PendSV_Handler
 .text.SystemInit
                0x08003938       0x10 /tmp/ccesgztz.ltrans0.ltrans.o
                0x08003938                SystemInit
 .text.BACKLIGHT_SetBrightness
                0x08003948       0x54 /tmp/ccesgztz.ltrans0.ltrans.o
                0x08003948                BACKLIGHT_SetBrightness
 .text.BACKLIGHT_TurnOff
                0x0800399c       0x28 /tmp/ccesgztz.ltrans0.ltrans.o
                0x0800399c                BACKLIGHT_TurnOff
 .text.BK4819_ReadRegister
                0x080039c4      0x214 /tmp/ccesgztz.ltrans0.ltrans.o
                0x080039c4                BK4819_ReadRegister
 .text.BK4819_GetCxCSSScanResult
                0x08003bd8       0x58 /tmp/ccesgztz.ltrans0.ltrans.o
 .text.HandleReceive
                0x08003c30      0x208 /tmp/ccesgztz.ltrans0.ltrans.o
 .text.BK4819_WriteRegister
                0x08003e38      0x2a8 /tmp/ccesgztz.ltrans0.ltrans.o
                0x08003e38                BK4819_WriteRegister
 .text.BK4819_PlayDTMF
                0x080040e0       0x7c /tmp/ccesgztz.ltrans0.ltrans.o
 .text.BK4819_ToggleGpioOut
                0x0800415c       0x2c /tmp/ccesgztz.ltrans0.ltrans.o
                0x0800415c                BK4819_ToggleGpioOut
 .text.BK4819_SetCDCSSCodeWord
                0x08004188       0x38 /tmp/ccesgztz.ltrans0.ltrans.o
                0x08004188                BK4819_SetCDCSSCodeWord
 .text.BK4819_SetCTCSSFrequency
                0x080041c0       0x48 /tmp/ccesgztz.ltrans0.ltrans.o
                0x080041c0                BK4819_SetCTCSSFrequency
 .text.BK4819_EnableVox
                0x08004208       0x48 /tmp/ccesgztz.ltrans0.ltrans.o
                0x08004208                BK4819_EnableVox
 .text.BK4819_SetFrequency
                0x08004250       0x16 /tmp/ccesgztz.ltrans0.ltrans.o
                0x08004250                BK4819_SetFrequency
 *fill*         0x08004266        0x2 
 .text.BK4819_SetAF
                0x08004268       0x14 /tmp/ccesgztz.ltrans0.ltrans.o
                0x08004268                BK4819_SetAF
 .text.BK4819_RX_TurnOn
                0x0800427c       0x24 /tmp/ccesgztz.ltrans0.ltrans.o
                0x0800427c                BK4819_RX_TurnOn
 .text.BK4819_DisableScramble
                0x080042a0       0x1e /tmp/ccesgztz.ltrans0.ltrans.o
                0x080042a0                BK4819_DisableScramble
 *fill*         0x080042be        0x2 
 .text.BK4819_SetCompander
                0x080042c0       0x54 /tmp/ccesgztz.ltrans0.ltrans.o
                0x080042c0                BK4819_SetCompander
 .text.BK4819_DisableVox
                0x08004314       0x16 /tmp/ccesgztz.ltrans0.ltrans.o
                0x08004314                BK4819_DisableVox
 .text.BK4819_DisableDTMF
                0x0800432a        0xc /tmp/ccesgztz.ltrans0.ltrans.o
                0x0800432a                BK4819_DisableDTMF
 *fill*         0x08004336        0x2 
 .text.BK4819_EnableDTMF
                0x08004338       0x1c /tmp/ccesgztz.ltrans0.ltrans.o
                0x08004338                BK4819_EnableDTMF
 .text.BK4819_EnterTxMute
                0x08004354       0x10 /tmp/ccesgztz.ltrans0.ltrans.o
                0x08004354                BK4819_EnterTxMute
 .text.BK4819_ExitTxMute
                0x08004364       0x10 /tmp/ccesgztz.ltrans0.ltrans.o
                0x08004364                BK4819_ExitTxMute
 .text.BK4819_Sleep
                0x08004374       0x16 /tmp/ccesgztz.ltrans0.ltrans.o
                0x08004374                BK4819_Sleep
 *fill*         0x0800438a        0x2 
 .text.BK4819_TurnsOffTones_TurnsOnRX
                0x0800438c       0x2c /tmp/ccesgztz.ltrans0.ltrans.o
                0x0800438c                BK4819_TurnsOffTones_TurnsOnRX
 .text.BK4819_SetupAircopy
                0x080043b8       0x44 /tmp/ccesgztz.ltrans0.ltrans.o
                0x080043b8                BK4819_SetupAircopy
 .text.BK4819_Idle
                0x080043fc        0xc /tmp/ccesgztz.ltrans0.ltrans.o
                0x080043fc                BK4819_Idle
                0x080043fc                BK4819_Disable
 .text.BK4819_Conditional_RX_TurnOn_and_GPIO6_Enable
                0x08004408       0x1c /tmp/ccesgztz.ltrans0.ltrans.o
                0x08004408                BK4819_Conditional_RX_TurnOn_and_GPIO6_Enable
 .text.BK4819_ExitDTMF_TX
                0x08004424       0x30 /tmp/ccesgztz.ltrans0.ltrans.o
                0x08004424                BK4819_ExitDTMF_TX
 .text.BK4819_EnableTXLink
                0x08004454       0x10 /tmp/ccesgztz.ltrans0.ltrans.o
                0x08004454                BK4819_EnableTXLink
 .text.BK4819_EnterDTMF_TX
                0x08004464       0x2c /tmp/ccesgztz.ltrans0.ltrans.o
                0x08004464                BK4819_EnterDTMF_TX
 .text.BK4819_GetRSSI
                0x08004490        0xe /tmp/ccesgztz.ltrans0.ltrans.o
                0x08004490                BK4819_GetRSSI
 *fill*         0x0800449e        0x2 
 .text.BK4819_SetRxAudioGain
                0x080044a0       0x24 /tmp/ccesgztz.ltrans0.ltrans.o
                0x080044a0                BK4819_SetRxAudioGain
 .text.ACTION_Mute
                0x080044c4       0x4c /tmp/ccesgztz.ltrans0.ltrans.o
 .text.BK4819_SetScanFrequency
                0x08004510       0x16 /tmp/ccesgztz.ltrans0.ltrans.o
                0x08004510                BK4819_SetScanFrequency
 .text.BK4819_PickRXFilterPathBasedOnFrequency.part.0
                0x08004526       0x14 /tmp/ccesgztz.ltrans0.ltrans.o
                0x08004526                BK4819_PickRXFilterPathBasedOnFrequency.part.0
 *fill*         0x0800453a        0x2 
 .text.BK4819_PickRXFilterPathBasedOnFrequency
                0x0800453c       0x34 /tmp/ccesgztz.ltrans0.ltrans.o
                0x0800453c                BK4819_PickRXFilterPathBasedOnFrequency
 .text.ACTION_FM
                0x08004570       0xac /tmp/ccesgztz.ltrans0.ltrans.o
                0x08004570                ACTION_FM
 .text.ScanFastTune
                0x0800461c       0x4c /tmp/ccesgztz.ltrans0.ltrans.o
 .text.PY25Q16_ReadBuffer
                0x08004668       0xf8 /tmp/ccesgztz.ltrans0.ltrans.o
                0x08004668                PY25Q16_ReadBuffer
 .text.KEYBOARD_ProcessProtocolByte
                0x08004760       0x98 /tmp/ccesgztz.ltrans0.ltrans.o
                0x08004760                KEYBOARD_ProcessProtocolByte
 .text.HideFKeyIcon
                0x080047f8       0x18 /tmp/ccesgztz.ltrans0.ltrans.o
                0x080047f8                HideFKeyIcon
 .text.DrawLine.lto_priv.0
                0x08004810       0x4c /tmp/ccesgztz.ltrans0.ltrans.o
                0x08004810                DrawLine.lto_priv.0
 .text.ST7565_BlitScreen
                0x0800485c       0x5c /tmp/ccesgztz.ltrans0.ltrans.o
 .text.ST7565_BlitFullScreen
                0x080048b8        0xa /tmp/ccesgztz.ltrans0.ltrans.o
                0x080048b8                ST7565_BlitFullScreen
 .text.ST7565_BlitLine
                0x080048c2       0x12 /tmp/ccesgztz.ltrans0.ltrans.o
                0x080048c2                ST7565_BlitLine
 .text.ST7565_BlitStatusLine
                0x080048d4        0xa /tmp/ccesgztz.ltrans0.ltrans.o
                0x080048d4                ST7565_BlitStatusLine
 *fill*         0x080048de        0x2 
 .text.ScreenSaverRenderMatrix
                0x080048e0       0xb4 /tmp/ccesgztz.ltrans0.ltrans.o
 .text.ScreenSaverTryDisplay
                0x08004994       0xcc /tmp/ccesgztz.ltrans0.ltrans.o
 .text.ST7565_ContrastAndInv
                0x08004a60       0x24 /tmp/ccesgztz.ltrans0.ltrans.o
                0x08004a60                ST7565_ContrastAndInv
 .text.ST7565_FixInterfGlitch
                0x08004a84       0x24 /tmp/ccesgztz.ltrans0.ltrans.o
                0x08004a84                ST7565_FixInterfGlitch
 .text.SYSTICK_DelayUs
                0x08004aa8       0x38 /tmp/ccesgztz.ltrans0.ltrans.o
                0x08004aa8                SYSTICK_DelayUs
 .text.BACKLIGHT_Update
                0x08004ae0       0xec /tmp/ccesgztz.ltrans0.ltrans.o
                0x08004ae0                BACKLIGHT_Update
 .text.BACKLIGHT_TurnOn
                0x08004bcc       0xa0 /tmp/ccesgztz.ltrans0.ltrans.o
                0x08004bcc                BACKLIGHT_TurnOn
 .text.ACTION_BackLight
                0x08004c6c       0x28 /tmp/ccesgztz.ltrans0.ltrans.o
                0x08004c6c                ACTION_BackLight
 .text.BK4819_PlayToneRaw
                0x08004c94       0x30 /tmp/ccesgztz.ltrans0.ltrans.o
                0x08004c94                BK4819_PlayToneRaw
 .text.BK4819_PlaySingleTone
                0x08004cc4       0x78 /tmp/ccesgztz.ltrans0.ltrans.o
                0x08004cc4                BK4819_PlaySingleTone
 .text.BK4819_ResetFSK
                0x08004d3c       0x24 /tmp/ccesgztz.ltrans0.ltrans.o
                0x08004d3c                BK4819_ResetFSK
 .text.BK4819_PrepareFSKReceive
                0x08004d60       0x40 /tmp/ccesgztz.ltrans0.ltrans.o
                0x08004d60                BK4819_PrepareFSKReceive
 .text.BK4819_TransmitTone
                0x08004da0       0x4c /tmp/ccesgztz.ltrans0.ltrans.o
                0x08004da0                BK4819_TransmitTone
 .text.BK4819_PlayDTMFString.part.0
                0x08004dec       0x5e /tmp/ccesgztz.ltrans0.ltrans.o
                0x08004dec                BK4819_PlayDTMFString.part.0
 *fill*         0x08004e4a        0x2 
 .text.WaitWIP  0x08004e4c       0x30 /tmp/ccesgztz.ltrans0.ltrans.o
 .text.SectorErase
                0x08004e7c       0x2e /tmp/ccesgztz.ltrans0.ltrans.o
 *fill*         0x08004eaa        0x2 
 .text.PY25Q16_SectorErase
                0x08004eac       0x28 /tmp/ccesgztz.ltrans0.ltrans.o
                0x08004eac                PY25Q16_SectorErase
 .text.SectorProgram
                0x08004ed4      0x12c /tmp/ccesgztz.ltrans0.ltrans.o
 .text.PY25Q16_WriteBuffer
                0x08005000       0xec /tmp/ccesgztz.ltrans0.ltrans.o
                0x08005000                PY25Q16_WriteBuffer
 .text.DMA1_Channel4_5_6_7_IRQHandler
                0x080050ec       0x88 /tmp/ccesgztz.ltrans0.ltrans.o
                0x080050ec                DMA1_Channel4_5_6_7_IRQHandler
 .text.I2C_Start
                0x08005174       0x30 /tmp/ccesgztz.ltrans0.ltrans.o
                0x08005174                I2C_Start
 .text.I2C_Stop
                0x080051a4       0x30 /tmp/ccesgztz.ltrans0.ltrans.o
                0x080051a4                I2C_Stop
 .text.I2C_Read
                0x080051d4       0x98 /tmp/ccesgztz.ltrans0.ltrans.o
                0x080051d4                I2C_Read
 .text.I2C_Write
                0x0800526c       0xa8 /tmp/ccesgztz.ltrans0.ltrans.o
                0x0800526c                I2C_Write
 .text.KEYBOARD_Poll
                0x08005314       0xd4 /tmp/ccesgztz.ltrans0.ltrans.o
                0x08005314                KEYBOARD_Poll
 .text.ScanFastReadRssi
                0x080053e8       0x28 /tmp/ccesgztz.ltrans0.ltrans.o
 .text.ScanFastReadCandidateRssi
                0x08005410       0x8c /tmp/ccesgztz.ltrans0.ltrans.o
 .text.NextFreqChannel
                0x0800549c      0x1b0 /tmp/ccesgztz.ltrans0.ltrans.o
 .text.NextMemChannel
                0x0800564c      0x3dc /tmp/ccesgztz.ltrans0.ltrans.o
 .text.CHFRSCANNER_Start
                0x08005a28      0x118 /tmp/ccesgztz.ltrans0.ltrans.o
 .text.CHFRSCANNER_ManualResume
                0x08005b40       0x34 /tmp/ccesgztz.ltrans0.ltrans.o
 .text._sbrk_r  0x08005b74       0x38 /tmp/ccesgztz.ltrans0.ltrans.o
                0x08005b74                _sbrk_r
 .text.ACTION_Handle
                0x08005bac       0xe4 /tmp/ccesgztz.ltrans0.ltrans.o
                0x08005bac                ACTION_Handle
 .text.ACTION_BackLightOnDemand
                0x08005c90       0x4c /tmp/ccesgztz.ltrans0.ltrans.o
                0x08005c90                ACTION_BackLightOnDemand
 .text.__NVIC_SystemReset.lto_priv.0.lto_priv.0
                0x08005cdc       0x1c /tmp/ccesgztz.ltrans0.ltrans.o
                0x08005cdc                __NVIC_SystemReset.lto_priv.1.lto_priv.0
                0x08005cdc                __NVIC_SystemReset.lto_priv.0.lto_priv.0
                0x08005cdc                __NVIC_SystemReset.lto_priv.2.lto_priv.0
 .text.APP_StartListening
                0x08005cf8      0x164 /tmp/ccesgztz.ltrans0.ltrans.o
                0x08005cf8                APP_StartListening
 .text.ACTION_Monitor
                0x08005e5c       0x84 /tmp/ccesgztz.ltrans0.ltrans.o
 .text.HandleIncoming
                0x08005ee0       0xa8 /tmp/ccesgztz.ltrans0.ltrans.o
 .text.CHFRSCANNER_ContinueScanning
                0x08005f88       0x94 /tmp/ccesgztz.ltrans0.ltrans.o
 .text.processFKeyFunction
                0x0800601c      0x4ec /tmp/ccesgztz.ltrans0.ltrans.o
 .text.DTMF_clear_input_box_memory
                0x08006508       0x14 /tmp/ccesgztz.ltrans0.ltrans.o
                0x08006508                DTMF_clear_input_box_memory
 .text.ACTION_Scan
                0x0800651c      0x150 /tmp/ccesgztz.ltrans0.ltrans.o
                0x0800651c                ACTION_Scan
 .text.ACTION_ScanRestart
                0x0800666c        0xa /tmp/ccesgztz.ltrans0.ltrans.o
 *fill*         0x08006676        0x2 
 .text.DTMF_clear_input_box
                0x08006678       0x24 /tmp/ccesgztz.ltrans0.ltrans.o
                0x08006678                DTMF_clear_input_box
 .text.cancelUserInputModes
                0x0800669c       0x64 /tmp/ccesgztz.ltrans0.ltrans.o
 .text.GENERIC_Key_F
                0x08006700       0x9c /tmp/ccesgztz.ltrans0.ltrans.o
                0x08006700                GENERIC_Key_F
 .text.GENERIC_Key_PTT
                0x0800679c      0x154 /tmp/ccesgztz.ltrans0.ltrans.o
                0x0800679c                GENERIC_Key_PTT
 .text.ProcessKey
                0x080068f0      0x97c /tmp/ccesgztz.ltrans0.ltrans.o
 .text.StopTransmitting
                0x0800726c       0x34 /tmp/ccesgztz.ltrans0.ltrans.o
 .text.APP_TimeSlice10ms.part.0
                0x080072a0     0x1c88 /tmp/ccesgztz.ltrans0.ltrans.o
 .text.startup.main
                0x08008f28     0x1cd4 /tmp/ccesgztz.ltrans0.ltrans.o
                0x08008f28                main
 .text.MAIN_ProcessKeys
                0x0800abfc      0xc10 /tmp/ccesgztz.ltrans0.ltrans.o
 .text.MENU_GetLimits
                0x0800b80c      0x110 /tmp/ccesgztz.ltrans1.ltrans.o
 .text.DCS_GetGolayCodeWord
                0x0800b91c       0x4c /tmp/ccesgztz.ltrans1.ltrans.o
 .text.FUNCTION_NOP
                0x0800b968        0x2 /tmp/ccesgztz.ltrans1.ltrans.o
                0x0800b968                FUNCTION_NOP
 *fill*         0x0800b96a        0x2 
 .text.MR_FindInCache
                0x0800b96c       0x1c /tmp/ccesgztz.ltrans1.ltrans.o
 .text.MR_FindOldestCacheEntry
                0x0800b988       0x24 /tmp/ccesgztz.ltrans1.ltrans.o
 .text.RADIO_SelectCurrentVfo
                0x0800b9ac       0x34 /tmp/ccesgztz.ltrans1.ltrans.o
 .text.ScanProgress_ResetSession
                0x0800b9e0       0x34 /tmp/ccesgztz.ltrans1.ltrans.o
 .text.DrawLevelBar
                0x0800ba14       0x88 /tmp/ccesgztz.ltrans1.ltrans.o
 .text.UI_GetDaysInMonth
                0x0800ba9c       0x38 /tmp/ccesgztz.ltrans1.ltrans.o
 .text.UI_DrawBattery
                0x0800bad4       0x50 /tmp/ccesgztz.ltrans1.ltrans.o
 .text.UI_FormatFrequency
                0x0800bb24       0x2c /tmp/ccesgztz.ltrans1.ltrans.o
 .text.UI_GenerateChannelStringEx
                0x0800bb50       0x74 /tmp/ccesgztz.ltrans1.ltrans.o
 .text.SCANNER_StartCssScanAtFrequency.lto_priv.0
                0x0800bbc4       0x6c /tmp/ccesgztz.ltrans1.ltrans.o
                0x0800bbc4                SCANNER_StartCssScanAtFrequency.lto_priv.0
 .text.SCANNER_IsScanning
                0x0800bc30       0x20 /tmp/ccesgztz.ltrans1.ltrans.o
                0x0800bc30                SCANNER_IsScanning
 .text.AUDIO_PlayBeep
                0x0800bc50      0x16c /tmp/ccesgztz.ltrans1.ltrans.o
                0x0800bc50                AUDIO_PlayBeep
 .text.DCS_GetCdcssCode
                0x0800bdbc       0x5c /tmp/ccesgztz.ltrans1.ltrans.o
                0x0800bdbc                DCS_GetCdcssCode
 .text.DCS_GetCtcssCode
                0x0800be18       0x2c /tmp/ccesgztz.ltrans1.ltrans.o
                0x0800be18                DCS_GetCtcssCode
 .text.FREQUENCY_GetBand
                0x0800be44       0x1c /tmp/ccesgztz.ltrans1.ltrans.o
                0x0800be44                FREQUENCY_GetBand
 .text.FREQUENCY_RoundToStep
                0x0800be60       0x64 /tmp/ccesgztz.ltrans1.ltrans.o
                0x0800be60                FREQUENCY_RoundToStep
 .text.TX_freq_check
                0x0800bec4      0x1a4 /tmp/ccesgztz.ltrans1.ltrans.o
                0x0800bec4                TX_freq_check
 .text.FUNCTION_IsRx
                0x0800c068       0x18 /tmp/ccesgztz.ltrans1.ltrans.o
                0x0800c068                FUNCTION_IsRx
 .text.FUNCTION_Init
                0x0800c080       0x90 /tmp/ccesgztz.ltrans1.ltrans.o
                0x0800c080                FUNCTION_Init
 .text.BATTERY_VoltsToPercent
                0x0800c110       0x80 /tmp/ccesgztz.ltrans1.ltrans.o
                0x0800c110                BATTERY_VoltsToPercent
 .text.StrToUL  0x0800c190       0x2a /tmp/ccesgztz.ltrans1.ltrans.o
                0x0800c190                StrToUL
 *fill*         0x0800c1ba        0x2 
 .text.MR_SaveChannelAttributesToFlash
                0x0800c1bc       0x20 /tmp/ccesgztz.ltrans1.ltrans.o
                0x0800c1bc                MR_SaveChannelAttributesToFlash
 .text.MR_GetChannelAttributes
                0x0800c1dc       0x74 /tmp/ccesgztz.ltrans1.ltrans.o
                0x0800c1dc                MR_GetChannelAttributes
 .text.MR_SetChannelAttributes
                0x0800c250       0x9c /tmp/ccesgztz.ltrans1.ltrans.o
                0x0800c250                MR_SetChannelAttributes
 .text.RADIO_CheckValidList
                0x0800c2ec       0x30 /tmp/ccesgztz.ltrans1.ltrans.o
                0x0800c2ec                RADIO_CheckValidList
 .text.RADIO_NextValidList
                0x0800c31c       0x5c /tmp/ccesgztz.ltrans1.ltrans.o
                0x0800c31c                RADIO_NextValidList
 .text.RADIO_CheckValidChannel
                0x0800c378       0x74 /tmp/ccesgztz.ltrans1.ltrans.o
                0x0800c378                RADIO_CheckValidChannel
 .text.RADIO_FindNextChannel
                0x0800c3ec       0x48 /tmp/ccesgztz.ltrans1.ltrans.o
                0x0800c3ec                RADIO_FindNextChannel
 .text.RADIO_ValidateAndSetCode
                0x0800c434       0x20 /tmp/ccesgztz.ltrans1.ltrans.o
                0x0800c434                RADIO_ValidateAndSetCode
 .text.RADIO_ConfigureSquelchAndOutputPower
                0x0800c454      0x1d0 /tmp/ccesgztz.ltrans1.ltrans.o
                0x0800c454                RADIO_ConfigureSquelchAndOutputPower
 .text.RADIO_InitInfo
                0x0800c624       0x58 /tmp/ccesgztz.ltrans1.ltrans.o
                0x0800c624                RADIO_InitInfo
 .text.RADIO_ApplyOffset
                0x0800c67c       0x1c /tmp/ccesgztz.ltrans1.ltrans.o
                0x0800c67c                RADIO_ApplyOffset
 .text.RADIO_SelectVfos
                0x0800c698       0x54 /tmp/ccesgztz.ltrans1.ltrans.o
                0x0800c698                RADIO_SelectVfos
 .text.RADIO_SetTxParameters
                0x0800c6ec      0x158 /tmp/ccesgztz.ltrans1.ltrans.o
                0x0800c6ec                RADIO_SetTxParameters
 .text.RADIO_SetupAGC
                0x0800c844       0x90 /tmp/ccesgztz.ltrans1.ltrans.o
                0x0800c844                RADIO_SetupAGC
 .text.RADIO_SetModulation
                0x0800c8d4      0x158 /tmp/ccesgztz.ltrans1.ltrans.o
                0x0800c8d4                RADIO_SetModulation
 .text.RADIO_SetVfoState
                0x0800ca2c       0x4c /tmp/ccesgztz.ltrans1.ltrans.o
                0x0800ca2c                RADIO_SetVfoState
 .text.SysTick_Handler
                0x0800ca78      0x2a0 /tmp/ccesgztz.ltrans1.ltrans.o
                0x0800ca78                SysTick_Handler
 .text.SETTINGS_InitEEPROM
                0x0800cd18      0x764 /tmp/ccesgztz.ltrans1.ltrans.o
                0x0800cd18                SETTINGS_InitEEPROM
 .text.SETTINGS_LoadCalibration
                0x0800d47c      0x148 /tmp/ccesgztz.ltrans1.ltrans.o
                0x0800d47c                SETTINGS_LoadCalibration
 .text.SETTINGS_FetchChannelName
                0x0800d5c4       0x4a /tmp/ccesgztz.ltrans1.ltrans.o
                0x0800d5c4                SETTINGS_FetchChannelName
 *fill*         0x0800d60e        0x2 
 .text.RADIO_ConfigureChannel
                0x0800d610      0x3a4 /tmp/ccesgztz.ltrans1.ltrans.o
                0x0800d610                RADIO_ConfigureChannel
 .text.SETTINGS_SaveFM
                0x0800d9b4       0x5c /tmp/ccesgztz.ltrans1.ltrans.o
                0x0800d9b4                SETTINGS_SaveFM
 .text.SETTINGS_SaveVfoIndices
                0x0800da10       0x18 /tmp/ccesgztz.ltrans1.ltrans.o
                0x0800da10                SETTINGS_SaveVfoIndices
 .text.SETTINGS_SaveVfoIndicesFlush
                0x0800da28       0x5c /tmp/ccesgztz.ltrans1.ltrans.o
                0x0800da28                SETTINGS_SaveVfoIndicesFlush
 .text.SETTINGS_SaveSettings
                0x0800da84      0x3b0 /tmp/ccesgztz.ltrans1.ltrans.o
                0x0800da84                SETTINGS_SaveSettings
 .text.SETTINGS_SaveChannelName
                0x0800de34       0x40 /tmp/ccesgztz.ltrans1.ltrans.o
                0x0800de34                SETTINGS_SaveChannelName
 .text.SETTINGS_SaveChannel
                0x0800de74       0xdc /tmp/ccesgztz.ltrans1.ltrans.o
                0x0800de74                SETTINGS_SaveChannel
 .text.SETTINGS_WriteCurrentState
                0x0800df50       0x8c /tmp/ccesgztz.ltrans1.ltrans.o
                0x0800df50                SETTINGS_WriteCurrentState
 .text.UI_DisplayBattery
                0x0800dfdc       0x2c /tmp/ccesgztz.ltrans1.ltrans.o
                0x0800dfdc                UI_DisplayBattery
 .text.UI_PrintStringBuffer
                0x0800e008       0x3e /tmp/ccesgztz.ltrans1.ltrans.o
                0x0800e008                UI_PrintStringBuffer
 *fill*         0x0800e046        0x2 
 .text.UI_PrintString
                0x0800e048       0x88 /tmp/ccesgztz.ltrans1.ltrans.o
                0x0800e048                UI_PrintString
 .text.UI_PrintStringSmallNormal
                0x0800e0d0       0x40 /tmp/ccesgztz.ltrans1.ltrans.o
                0x0800e0d0                UI_PrintStringSmallNormal
 .text.UI_PrintScanRangeCss
                0x0800e110       0xa0 /tmp/ccesgztz.ltrans1.ltrans.o
 .text.UI_PrintStringSmallBold
                0x0800e1b0       0x40 /tmp/ccesgztz.ltrans1.ltrans.o
                0x0800e1b0                UI_PrintStringSmallBold
 .text.UI_DisplayFrequency
                0x0800e1f0       0x9c /tmp/ccesgztz.ltrans1.ltrans.o
                0x0800e1f0                UI_DisplayFrequency
 .text.UI_DrawPixelBuffer
                0x0800e28c       0x22 /tmp/ccesgztz.ltrans1.ltrans.o
                0x0800e28c                UI_DrawPixelBuffer
 *fill*         0x0800e2ae        0x2 
 .text.GUI_DisplaySmallest
                0x0800e2b0       0x84 /tmp/ccesgztz.ltrans1.ltrans.o
                0x0800e2b0                GUI_DisplaySmallest
 .text.UI_DisplayUnlockKeyboard
                0x0800e334       0x30 /tmp/ccesgztz.ltrans1.ltrans.o
                0x0800e334                UI_DisplayUnlockKeyboard
 .text.UI_DisplayClear
                0x0800e364       0x14 /tmp/ccesgztz.ltrans1.ltrans.o
                0x0800e364                UI_DisplayClear
 .text.UI_DisplayScanner
                0x0800e378      0x174 /tmp/ccesgztz.ltrans1.ltrans.o
                0x0800e378                UI_DisplayScanner
 .text.UI_StatusClear
                0x0800e4ec       0x14 /tmp/ccesgztz.ltrans1.ltrans.o
                0x0800e4ec                UI_StatusClear
 .text.INPUTBOX_Append
                0x0800e500       0x30 /tmp/ccesgztz.ltrans1.ltrans.o
                0x0800e500                INPUTBOX_Append
 .text.INPUTBOX_GetAscii
                0x0800e530       0x28 /tmp/ccesgztz.ltrans1.ltrans.o
                0x0800e530                INPUTBOX_GetAscii
 .text.UI_MAIN_NotifyScanProgressDataChanged
                0x0800e558       0x14 /tmp/ccesgztz.ltrans1.ltrans.o
                0x0800e558                UI_MAIN_NotifyScanProgressDataChanged
 .text.DisplayRSSIBar
                0x0800e56c      0x218 /tmp/ccesgztz.ltrans1.ltrans.o
                0x0800e56c                DisplayRSSIBar
 .text.UI_DisplayMain
                0x0800e784     0x16a8 /tmp/ccesgztz.ltrans1.ltrans.o
                0x0800e784                UI_DisplayMain
 .text.UI_MENU_GetCurrentMenuId
                0x0800fe2c       0x1c /tmp/ccesgztz.ltrans1.ltrans.o
                0x0800fe2c                UI_MENU_GetCurrentMenuId
 .text.MENU_ShowCurrentSetting
                0x0800fe48      0x474 /tmp/ccesgztz.ltrans1.ltrans.o
                0x0800fe48                MENU_ShowCurrentSetting
 .text.MENU_IsEditingName
                0x080102bc       0x34 /tmp/ccesgztz.ltrans1.ltrans.o
 .text.BATTERY_GetReadings
                0x080102f0      0x14c /tmp/ccesgztz.ltrans1.ltrans.o
                0x080102f0                BATTERY_GetReadings
 .text.UI_DisplayMenu
                0x0801043c     0x1040 /tmp/ccesgztz.ltrans1.ltrans.o
                0x0801043c                UI_DisplayMenu
 .text.UI_MENU_GetMenuIdx
                0x0801147c       0x20 /tmp/ccesgztz.ltrans1.ltrans.o
                0x0801147c                UI_MENU_GetMenuIdx
 .text.UI_DisplayStatus.part.0
                0x0801149c      0x330 /tmp/ccesgztz.ltrans1.ltrans.o
                0x0801149c                UI_DisplayStatus.part.0
 .text.FUNCTION_Select
                0x080117cc      0x274 /tmp/ccesgztz.ltrans1.ltrans.o
                0x080117cc                FUNCTION_Select
 .text.RADIO_SetupRegisters
                0x08011a40      0x278 /tmp/ccesgztz.ltrans1.ltrans.o
                0x08011a40                RADIO_SetupRegisters
 .text.VFO_RestoreBackup.part.0.lto_priv.0
                0x08011cb8       0x54 /tmp/ccesgztz.ltrans1.ltrans.o
                0x08011cb8                VFO_RestoreBackup.part.0.lto_priv.0
 .text.MENU_AcceptSetting
                0x08011d0c      0x754 /tmp/ccesgztz.ltrans1.ltrans.o
                0x08011d0c                MENU_AcceptSetting
 .text.RADIO_SendEndOfTransmission
                0x08012460      0x1e0 /tmp/ccesgztz.ltrans1.ltrans.o
                0x08012460                RADIO_SendEndOfTransmission
 .text.RADIO_PrepareTX
                0x08012640      0x140 /tmp/ccesgztz.ltrans1.ltrans.o
                0x08012640                RADIO_PrepareTX
 .text.SCANNER_Start
                0x08012780      0x120 /tmp/ccesgztz.ltrans1.ltrans.o
                0x08012780                SCANNER_Start
 .text.SCANNER_Stop
                0x080128a0       0x60 /tmp/ccesgztz.ltrans1.ltrans.o
                0x080128a0                SCANNER_Stop
 .text.MENU_ProcessKeys
                0x08012900      0x7f0 /tmp/ccesgztz.ltrans1.ltrans.o
                0x08012900                MENU_ProcessKeys
 .text.SCANNER_ProcessKeys
                0x080130f0      0x328 /tmp/ccesgztz.ltrans1.ltrans.o
                0x080130f0                SCANNER_ProcessKeys
 .text._out_buffer
                0x08013418        0x8 /tmp/ccesgztz.ltrans2.ltrans.o
 .text._out_null
                0x08013420        0x2 /tmp/ccesgztz.ltrans2.ltrans.o
 .text._ntoa_long
                0x08013422      0x1c2 /tmp/ccesgztz.ltrans2.ltrans.o
 .text.AddrTranslate
                0x080135e4       0x70 /tmp/ccesgztz.ltrans2.ltrans.o
 .text.FM_CheckValidChannel
                0x08013654       0x3c /tmp/ccesgztz.ltrans2.ltrans.o
 .text.FM_FindNextChannel
                0x08013690       0x34 /tmp/ccesgztz.ltrans2.ltrans.o
 .text.FM_WrapFrequency
                0x080136c4       0x30 /tmp/ccesgztz.ltrans2.ltrans.o
 .text.ACTION_FlashLight
                0x080136f4       0x30 /tmp/ccesgztz.ltrans2.ltrans.o
                0x080136f4                ACTION_FlashLight
 .text.Rssi2DBm
                0x08013724       0x1c /tmp/ccesgztz.ltrans2.ltrans.o
 .text.SetState
                0x08013740       0x28 /tmp/ccesgztz.ltrans2.ltrans.o
 .text.NormalizeScanFrequency
                0x08013768       0x50 /tmp/ccesgztz.ltrans2.ltrans.o
 .text.IsPeakOverOpenLevel
                0x080137b8       0x34 /tmp/ccesgztz.ltrans2.ltrans.o
 .text.ResetPeak
                0x080137ec       0x10 /tmp/ccesgztz.ltrans2.ltrans.o
 .text.GetScanStep
                0x080137fc       0x14 /tmp/ccesgztz.ltrans2.ltrans.o
 .text.GetStepsCount
                0x08013810       0x38 /tmp/ccesgztz.ltrans2.ltrans.o
 .text.GetBW    0x08013848       0x10 /tmp/ccesgztz.ltrans2.ltrans.o
 .text.GetFStart
                0x08013858       0x24 /tmp/ccesgztz.ltrans2.ltrans.o
 .text.GetFEnd  0x0801387c       0x28 /tmp/ccesgztz.ltrans2.ltrans.o
 .text.ResetScanStats
                0x080138a4       0x18 /tmp/ccesgztz.ltrans2.ltrans.o
 .text.InitScanPosition
                0x080138bc       0xbc /tmp/ccesgztz.ltrans2.ltrans.o
 .text.AutoTriggerLevel
                0x08013978       0x9c /tmp/ccesgztz.ltrans2.ltrans.o
 .text.UpdatePeakInfo
                0x08013a14       0x3c /tmp/ccesgztz.ltrans2.ltrans.o
 .text.dbm2rssi
                0x08013a50       0x1c /tmp/ccesgztz.ltrans2.ltrans.o
 .text.ClampRssiTriggerLevel
                0x08013a6c       0x28 /tmp/ccesgztz.ltrans2.ltrans.o
 .text.UpdateDbMax
                0x08013a94       0x6c /tmp/ccesgztz.ltrans2.ltrans.o
 .text.ResetFreqInput
                0x08013b00       0x1c /tmp/ccesgztz.ltrans2.ltrans.o
 .text.CalcCrest
                0x08013b1c       0x42 /tmp/ccesgztz.ltrans2.ltrans.o
 *fill*         0x08013b5e        0x2 
 .text.NextScanStep
                0x08013b60       0x3c /tmp/ccesgztz.ltrans2.ltrans.o
 .text.NextScanStepInterlaced
                0x08013b9c       0x58 /tmp/ccesgztz.ltrans2.ltrans.o
 .text.dbmToLevel
                0x08013bf4       0x3c /tmp/ccesgztz.ltrans2.ltrans.o
 .text.rssiToDbm
                0x08013c30       0x30 /tmp/ccesgztz.ltrans2.ltrans.o
 .text.HistorySetPixel
                0x08013c60       0x2c /tmp/ccesgztz.ltrans2.ltrans.o
 .text.SCREENSHOT_Chunk
                0x08013c8c       0x68 /tmp/ccesgztz.ltrans2.ltrans.o
 .text.usbd_class_event_notify_handler
                0x08013cf4       0x24 /tmp/ccesgztz.ltrans2.ltrans.o
 .text.pyusb_write_packet
                0x08013d18       0x20 /tmp/ccesgztz.ltrans2.ltrans.o
 .text.cdc_notify_handler.lto_priv.0
                0x08013d38        0x2 /tmp/ccesgztz.ltrans2.ltrans.o
                0x08013d38                cdc_notify_handler.lto_priv.0
 *fill*         0x08013d3a        0x2 
 .text.Rssi2PX.constprop.0
                0x08013d3c       0x68 /tmp/ccesgztz.ltrans2.ltrans.o
 .text._vsnprintf.constprop.0
                0x08013da4      0x450 /tmp/ccesgztz.ltrans2.ltrans.o
 .text.usbd_ep_start_read.isra.0
                0x080141f4       0x80 /tmp/ccesgztz.ltrans2.ltrans.o
 .text.usbd_ep_start_write.isra.0
                0x08014274       0xfc /tmp/ccesgztz.ltrans2.ltrans.o
 .text.usbd_cdc_acm_bulk_in
                0x08014370       0x28 /tmp/ccesgztz.ltrans2.ltrans.o
                0x08014370                usbd_cdc_acm_bulk_in
 .text.usbd_event_ep_in_complete_handler.part.0
                0x08014398       0x40 /tmp/ccesgztz.ltrans2.ltrans.o
 .text.usbd_ep_set_stall.isra.0
                0x080143d8       0x48 /tmp/ccesgztz.ltrans2.ltrans.o
 .text.usbd_ep_open.isra.0
                0x08014420      0x120 /tmp/ccesgztz.ltrans2.ltrans.o
 .text.usbd_set_endpoint
                0x08014540       0x22 /tmp/ccesgztz.ltrans2.ltrans.o
 *fill*         0x08014562        0x2 
 .text.usbd_setup_request_handler.constprop.0
                0x08014564      0x354 /tmp/ccesgztz.ltrans2.ltrans.o
 .text.usbd_event_ep_out_complete_handler
                0x080148b8       0x64 /tmp/ccesgztz.ltrans2.ltrans.o
 .text.ResetBlacklist
                0x0801491c       0x3c /tmp/ccesgztz.ltrans2.ltrans.o
 .text.FinalizeCompletedSweep
                0x08014958       0x88 /tmp/ccesgztz.ltrans2.ltrans.o
 .text.WATERFALL_Init
                0x080149e0       0x48 /tmp/ccesgztz.ltrans2.ltrans.o
 .text.SaveSettings
                0x08014a28       0x7c /tmp/ccesgztz.ltrans2.ltrans.o
 .text.usbd_cdc_acm_bulk_out
                0x08014aa4       0x60 /tmp/ccesgztz.ltrans2.ltrans.o
                0x08014aa4                usbd_cdc_acm_bulk_out
 .text.cdc_acm_class_interface_request_handler.lto_priv.0
                0x08014b04       0x58 /tmp/ccesgztz.ltrans2.ltrans.o
                0x08014b04                cdc_acm_class_interface_request_handler.lto_priv.0
 .text.CW_ReadGpioDeglitched.constprop.0
                0x08014b5c       0x3e /tmp/ccesgztz.ltrans2.ltrans.o
 *fill*         0x08014b9a        0x2 
 .text.GetRegMenuValue
                0x08014b9c       0x20 /tmp/ccesgztz.ltrans2.ltrans.o
 .text.SetF     0x08014bbc       0x34 /tmp/ccesgztz.ltrans2.ltrans.o
 .text.TuneToPeak
                0x08014bf0       0x20 /tmp/ccesgztz.ltrans2.ltrans.o
 .text.ToggleRX
                0x08014c10      0x148 /tmp/ccesgztz.ltrans2.ltrans.o
 .text.RelaunchScan
                0x08014d58       0x60 /tmp/ccesgztz.ltrans2.ltrans.o
 .text.RearmRuntimeState
                0x08014db8       0x8c /tmp/ccesgztz.ltrans2.ltrans.o
 .text.OnKeyDown
                0x08014e44      0x2a8 /tmp/ccesgztz.ltrans2.ltrans.o
 .text.Measure  0x080150ec       0x8c /tmp/ccesgztz.ltrans2.ltrans.o
 .text.CW_DrawWrappedTxText
                0x08015178       0xbc /tmp/ccesgztz.ltrans2.ltrans.o
 .text.GUI_DisplayScreen
                0x08015234       0x1c /tmp/ccesgztz.ltrans2.ltrans.o
                0x08015234                GUI_DisplayScreen
 .text.GUI_SelectNextDisplay
                0x08015250       0x6c /tmp/ccesgztz.ltrans2.ltrans.o
                0x08015250                GUI_SelectNextDisplay
 .text.ACTION_Beam
                0x080152bc       0x30 /tmp/ccesgztz.ltrans2.ltrans.o
                0x080152bc                ACTION_Beam
 .text.UI_LoadLogo.lto_priv.0
                0x080152ec       0x2c /tmp/ccesgztz.ltrans2.ltrans.o
                0x080152ec                UI_LoadLogo.lto_priv.0
 .text.sprintf_
                0x08015318       0x1a /tmp/ccesgztz.ltrans2.ltrans.o
                0x08015318                sprintf_
 *fill*         0x08015332        0x2 
 .text.UI_DisplayFM
                0x08015334      0x200 /tmp/ccesgztz.ltrans2.ltrans.o
 .text.CW_DrawStatusLine
                0x08015534       0x78 /tmp/ccesgztz.ltrans2.ltrans.o
 .text.FormatFrequency.constprop.0
                0x080155ac       0x30 /tmp/ccesgztz.ltrans2.ltrans.o
 .text.DrawF    0x080155dc      0x110 /tmp/ccesgztz.ltrans2.ltrans.o
 .text.snprintf_
                0x080156ec       0x16 /tmp/ccesgztz.ltrans2.ltrans.o
                0x080156ec                snprintf_
 *fill*         0x08015702        0x2 
 .text.CRC_Calculate
                0x08015704       0x3c /tmp/ccesgztz.ltrans2.ltrans.o
                0x08015704                CRC_Calculate
 .text.EEPROM_ReadBuffer
                0x08015740       0x52 /tmp/ccesgztz.ltrans2.ltrans.o
                0x08015740                EEPROM_ReadBuffer
 .text.EEPROM_WriteBuffer
                0x08015792       0x4a /tmp/ccesgztz.ltrans2.ltrans.o
                0x08015792                EEPROM_WriteBuffer
 .text.UART_Send
                0x080157dc       0x34 /tmp/ccesgztz.ltrans2.ltrans.o
                0x080157dc                UART_Send
 .text.SendReply
                0x08015810       0xd0 /tmp/ccesgztz.ltrans2.ltrans.o
 .text.SCREENSHOT_Send
                0x080158e0       0x4c /tmp/ccesgztz.ltrans2.ltrans.o
 .text.UART_IsCommandAvailable
                0x0801592c      0x1c0 /tmp/ccesgztz.ltrans2.ltrans.o
                0x0801592c                UART_IsCommandAvailable
 .text.UART_HandleCommand
                0x08015aec      0x1a8 /tmp/ccesgztz.ltrans2.ltrans.o
                0x08015aec                UART_HandleCommand
 .text.BK1080_ReadRegister
                0x08015c94       0x42 /tmp/ccesgztz.ltrans2.ltrans.o
                0x08015c94                BK1080_ReadRegister
 .text.BK1080_WriteRegister
                0x08015cd6       0x32 /tmp/ccesgztz.ltrans2.ltrans.o
                0x08015cd6                BK1080_WriteRegister
 .text.BK1080_Init0
                0x08015d08       0x10 /tmp/ccesgztz.ltrans2.ltrans.o
                0x08015d08                BK1080_Init0
 .text.BK1080_SetFrequency
                0x08015d18       0x48 /tmp/ccesgztz.ltrans2.ltrans.o
 .text.FM_SetFrequency
                0x08015d60       0x18 /tmp/ccesgztz.ltrans2.ltrans.o
 .text.FM_ConfigureChannelState
                0x08015d78       0x3c /tmp/ccesgztz.ltrans2.ltrans.o
                0x08015d78                FM_ConfigureChannelState
 .text.Key_FUNC
                0x08015db4       0xb4 /tmp/ccesgztz.ltrans2.ltrans.o
 .text.FM_Tune  0x08015e68       0x70 /tmp/ccesgztz.ltrans2.ltrans.o
                0x08015e68                FM_Tune
 .text.FM_PlayAndUpdate
                0x08015ed8       0x64 /tmp/ccesgztz.ltrans2.ltrans.o
                0x08015ed8                FM_PlayAndUpdate
 .text.FM_ProcessKeys
                0x08015f3c      0x3a4 /tmp/ccesgztz.ltrans2.ltrans.o
                0x08015f3c                FM_ProcessKeys
 .text.FM_Start
                0x080162e0      0x100 /tmp/ccesgztz.ltrans2.ltrans.o
                0x080162e0                FM_Start
 .text.AIRCOPY_GetCurrentMap
                0x080163e0       0x20 /tmp/ccesgztz.ltrans2.ltrans.o
                0x080163e0                AIRCOPY_GetCurrentMap
 .text.UI_DisplayAircopy
                0x08016400      0x240 /tmp/ccesgztz.ltrans2.ltrans.o
 .text.AIRCOPY_Obfuscate
                0x08016640       0x2c /tmp/ccesgztz.ltrans2.ltrans.o
                0x08016640                AIRCOPY_Obfuscate
 .text.CW_Render
                0x0801666c      0x244 /tmp/ccesgztz.ltrans2.ltrans.o
                0x0801666c                CW_Render
 .text.CW_EncoderProcessElement
                0x080168b0      0x150 /tmp/ccesgztz.ltrans2.ltrans.o
                0x080168b0                CW_EncoderProcessElement
 .text.CW_ReadKeys
                0x08016a00       0xd8 /tmp/ccesgztz.ltrans2.ltrans.o
                0x08016a00                CW_ReadKeys
 .text.CW_AppendDecodedText.lto_priv.0
                0x08016ad8       0x58 /tmp/ccesgztz.ltrans2.ltrans.o
                0x08016ad8                CW_AppendDecodedText.lto_priv.0
 .text.CW_PushTraceSample.lto_priv.0
                0x08016b30       0x34 /tmp/ccesgztz.ltrans2.ltrans.o
                0x08016b30                CW_PushTraceSample.lto_priv.0
 .text.CW_DecodeCharacter.lto_priv.0
                0x08016b64      0x120 /tmp/ccesgztz.ltrans2.ltrans.o
                0x08016b64                CW_DecodeCharacter.lto_priv.0
 .text.CW_Decoder_Reset
                0x08016c84       0xd0 /tmp/ccesgztz.ltrans2.ltrans.o
                0x08016c84                CW_Decoder_Reset
 .text.CW_UpdateTiming.lto_priv.0
                0x08016d54       0x5c /tmp/ccesgztz.ltrans2.ltrans.o
                0x08016d54                CW_UpdateTiming.lto_priv.0
 .text.CW_Stop  0x08016db0       0xfc /tmp/ccesgztz.ltrans2.ltrans.o
                0x08016db0                CW_Stop
 .text.SCREENSHOT_ParseInput
                0x08016eac       0xbc /tmp/ccesgztz.ltrans2.ltrans.o
                0x08016eac                SCREENSHOT_ParseInput
 .text.SCREENSHOT_Update
                0x08016f68      0x17c /tmp/ccesgztz.ltrans2.ltrans.o
                0x08016f68                SCREENSHOT_Update
 .text.AIRCOPY_CheckComplete.lto_priv.0
                0x080170e4       0x38 /tmp/ccesgztz.ltrans2.ltrans.o
                0x080170e4                AIRCOPY_CheckComplete.lto_priv.0
 .text.AIRCOPY_InitTransfer
                0x0801711c       0x4c /tmp/ccesgztz.ltrans2.ltrans.o
 .text.AIRCOPY_ProcessKeys
                0x08017168      0x14c /tmp/ccesgztz.ltrans2.ltrans.o
                0x08017168                AIRCOPY_ProcessKeys
 .text.usbd_add_endpoint
                0x080172b4       0x2c /tmp/ccesgztz.ltrans2.ltrans.o
                0x080172b4                usbd_add_endpoint
 .text.USB_IRQHandler
                0x080172e0      0x3b0 /tmp/ccesgztz.ltrans2.ltrans.o
                0x080172e0                USB_IRQHandler
 .text.CW_AppendChar.constprop.0
                0x08017690       0x24 /tmp/ccesgztz.ltrans2.ltrans.o
                0x08017690                CW_AppendChar.constprop.0
 .text.LL_AHB1_GRP1_EnableClock.constprop.0
                0x080176b4       0x1c /tmp/ccesgztz.ltrans2.ltrans.o
                0x080176b4                LL_AHB1_GRP1_EnableClock.constprop.0
 .text.ST7565_FillScreen.constprop.0
                0x080176d0       0x28 /tmp/ccesgztz.ltrans2.ltrans.o
                0x080176d0                ST7565_FillScreen.constprop.0
 .text.UI_DrawLineBuffer.constprop.0
                0x080176f8       0x84 /tmp/ccesgztz.ltrans2.ltrans.o
                0x080176f8                UI_DrawLineBuffer.constprop.0
 .text.SETTINGS_LoadEepromDtmf.constprop.0
                0x0801777c       0x74 /tmp/ccesgztz.ltrans2.ltrans.o
                0x0801777c                SETTINGS_LoadEepromDtmf.constprop.0
 .text.UI_PrintStringSmallNormalInverse.constprop.0
                0x080177f0       0x78 /tmp/ccesgztz.ltrans2.ltrans.o
                0x080177f0                UI_PrintStringSmallNormalInverse.constprop.0
 .text.BK4819_SendFSKData.constprop.0
                0x08017868       0x8c /tmp/ccesgztz.ltrans2.ltrans.o
                0x08017868                BK4819_SendFSKData.constprop.0
 .text.SETTINGS_UpdateChannel.constprop.0
                0x080178f4       0xb4 /tmp/ccesgztz.ltrans2.ltrans.o
                0x080178f4                SETTINGS_UpdateChannel.constprop.0
 .text.BOARD_ADC_GetBatteryInfo.constprop.0
                0x080179a8       0x30 /tmp/ccesgztz.ltrans2.ltrans.o
                0x080179a8                BOARD_ADC_GetBatteryInfo.constprop.0
 .text.LL_DMA_ConfigTransfer.constprop.0
                0x080179d8       0x20 /tmp/ccesgztz.ltrans2.ltrans.o
                0x080179d8                LL_DMA_ConfigTransfer.constprop.0
 .text.LL_DMA_SetDataLength.constprop.0
                0x080179f8       0x1c /tmp/ccesgztz.ltrans2.ltrans.o
                0x080179f8                LL_DMA_SetDataLength.constprop.0
 .text.GUI_DisplaySmallestInverse.constprop.0
                0x08017a14       0x5c /tmp/ccesgztz.ltrans2.ltrans.o
                0x08017a14                GUI_DisplaySmallestInverse.constprop.0
 .text.IsEmptyName.constprop.0
                0x08017a70       0x30 /tmp/ccesgztz.ltrans2.ltrans.o
                0x08017a70                IsEmptyName.constprop.0
 .text.LL_DMA_DisableChannel.constprop.0
                0x08017aa0       0x1c /tmp/ccesgztz.ltrans2.ltrans.o
                0x08017aa0                LL_DMA_DisableChannel.constprop.0
 .text.LL_DMA_EnableChannel.constprop.0
                0x08017abc       0x1c /tmp/ccesgztz.ltrans2.ltrans.o
                0x08017abc                LL_DMA_EnableChannel.constprop.0
 .text.SPI_WriteByte.isra.0
                0x08017ad8       0x1c /tmp/ccesgztz.ltrans2.ltrans.o
                0x08017ad8                SPI_WriteByte.isra.0
 .text.BK4819_SetFilterBandwidth.isra.0
                0x08017af4       0x1c /tmp/ccesgztz.ltrans2.ltrans.o
                0x08017af4                BK4819_SetFilterBandwidth.isra.0
 .text.APP_RunSpectrum
                0x08017b10     0x16a0 /tmp/ccesgztz.ltrans2.ltrans.o
                0x08017b10                APP_RunSpectrum
 .text.LL_GPIO_Init.isra.0
                0x080191b0       0xa2 /tmp/ccesgztz.ltrans2.ltrans.o
                0x080191b0                LL_GPIO_Init.isra.0
 *fill*         0x08019252        0x2 
 .text.Reset_Handler
                0x08019254       0x50 CMakeFiles/n7six.ApeX-k1.v7.6.9B.dir/Core/startup_py32f071xx.s.obj
                0x08019254                Reset_Handler
 .text.Default_Handler
                0x080192a4        0x2 CMakeFiles/n7six.ApeX-k1.v7.6.9B.dir/Core/startup_py32f071xx.s.obj
                0x080192a4                TIM1_CC_IRQHandler
                0x080192a4                PVD_IRQHandler
                0x080192a4                I2C1_IRQHandler
                0x080192a4                SPI1_IRQHandler
                0x080192a4                EXTI2_3_IRQHandler
                0x080192a4                I2C2_IRQHandler
                0x080192a4                TIM17_IRQHandler
                0x080192a4                USART3_IRQHandler
                0x080192a4                RTC_IRQHandler
                0x080192a4                LCD_IRQHandler
                0x080192a4                TIM16_IRQHandler
                0x080192a4                TIM3_IRQHandler
                0x080192a4                EXTI4_15_IRQHandler
                0x080192a4                RCC_IRQHandler
                0x080192a4                DMA1_Channel1_IRQHandler
                0x080192a4                Default_Handler
                0x080192a4                TIM14_IRQHandler
                0x080192a4                TIM7_IRQHandler
                0x080192a4                TIM15_IRQHandler
                0x080192a4                EXTI0_1_IRQHandler
                0x080192a4                SPI2_IRQHandler
                0x080192a4                WWDG_IRQHandler
                0x080192a4                TIM2_IRQHandler
                0x080192a4                DMA1_Channel2_3_IRQHandler
                0x080192a4                ADC_COMP_IRQHandler
                0x080192a4                USART2_IRQHandler
                0x080192a4                TIM6_LPTIM1_DAC_IRQHandler
                0x080192a4                FLASH_IRQHandler
                0x080192a4                USART1_IRQHandler
                0x080192a4                TIM1_BRK_UP_TRG_COM_IRQHandler
 *fill*         0x080192a6        0x2 
 .text.__errno  0x080192a8        0xc /opt/toolchain/bin/../lib/gcc/arm-none-eabi/13.3.1/../../../../arm-none-eabi/lib/thumb/v6-m/nofp/libg_nano.a(libc_a-errno.o)
                0x080192a8                __errno
 .text.__libc_init_array
                0x080192b4       0x48 /opt/toolchain/bin/../lib/gcc/arm-none-eabi/13.3.1/../../../../arm-none-eabi/lib/thumb/v6-m/nofp/libg_nano.a(libc_a-init.o)
                0x080192b4                __libc_init_array
 .text.memset   0x080192fc       0x10 /opt/toolchain/bin/../lib/gcc/arm-none-eabi/13.3.1/../../../../arm-none-eabi/lib/thumb/v6-m/nofp/libg_nano.a(libc_a-memset.o)
                0x080192fc                memset
 .text.__seofread
                0x0801930c        0x4 /opt/toolchain/bin/../lib/gcc/arm-none-eabi/13.3.1/../../../../arm-none-eabi/lib/thumb/v6-m/nofp/libg_nano.a(libc_a-stdio.o)
                0x0801930c                __seofread
 .text.__retarget_lock_acquire_recursive
                0x08019310        0x2 /opt/toolchain/bin/../lib/gcc/arm-none-eabi/13.3.1/../../../../arm-none-eabi/lib/thumb/v6-m/nofp/libg_nano.a(libc_a-lock.o)
                0x08019310                __retarget_lock_acquire_recursive
 .text.__retarget_lock_release_recursive
                0x08019312        0x2 /opt/toolchain/bin/../lib/gcc/arm-none-eabi/13.3.1/../../../../arm-none-eabi/lib/thumb/v6-m/nofp/libg_nano.a(libc_a-lock.o)
                0x08019312                __retarget_lock_release_recursive
 .text.sbrk_aligned
                0x08019314       0x44 /opt/toolchain/bin/../lib/gcc/arm-none-eabi/13.3.1/../../../../arm-none-eabi/lib/thumb/v6-m/nofp/libg_nano.a(libc_a-mallocr.o)
 .text._malloc_r
                0x08019358      0x100 /opt/toolchain/bin/../lib/gcc/arm-none-eabi/13.3.1/../../../../arm-none-eabi/lib/thumb/v6-m/nofp/libg_nano.a(libc_a-mallocr.o)
                0x08019358                _malloc_r
 .text.__malloc_lock
                0x08019458       0x10 /opt/toolchain/bin/../lib/gcc/arm-none-eabi/13.3.1/../../../../arm-none-eabi/lib/thumb/v6-m/nofp/libg_nano.a(libc_a-mlock.o)
                0x08019458                __malloc_lock
 .text.__malloc_unlock
                0x08019468       0x10 /opt/toolchain/bin/../lib/gcc/arm-none-eabi/13.3.1/../../../../arm-none-eabi/lib/thumb/v6-m/nofp/libg_nano.a(libc_a-mlock.o)
                0x08019468                __malloc_unlock
 .text._free_r  0x08019478       0x94 /opt/toolchain/bin/../lib/gcc/arm-none-eabi/13.3.1/../../../../arm-none-eabi/lib/thumb/v6-m/nofp/libg_nano.a(libc_a-freer.o)
                0x08019478                _free_r
 .text.memmove  0x0801950c       0x24 /opt/toolchain/bin/../lib/gcc/arm-none-eabi/13.3.1/../../../../arm-none-eabi/lib/thumb/v6-m/nofp/libg_nano.a(libc_a-memmove.o)
                0x0801950c                memmove
 .text.strcat   0x08019530       0x1a /opt/toolchain/bin/../lib/gcc/arm-none-eabi/13.3.1/../../../../arm-none-eabi/lib/thumb/v6-m/nofp/libg_nano.a(libc_a-strcat.o)
                0x08019530                strcat
 .text.strcpy   0x0801954a       0x10 /opt/toolchain/bin/../lib/gcc/arm-none-eabi/13.3.1/../../../../arm-none-eabi/lib/thumb/v6-m/nofp/libg_nano.a(libc_a-strcpy.o)
                0x0801954a                strcpy
 .text.memcpy   0x0801955a       0x12 /opt/toolchain/bin/../lib/gcc/arm-none-eabi/13.3.1/../../../../arm-none-eabi/lib/thumb/v6-m/nofp/libg_nano.a(libc_a-memcpy-stub.o)
                0x0801955a                memcpy
 .text.strncpy  0x0801956c       0x28 /opt/toolchain/bin/../lib/gcc/arm-none-eabi/13.3.1/../../../../arm-none-eabi/lib/thumb/v6-m/nofp/libg_nano.a(libc_a-strncpy.o)
                0x0801956c                strncpy
 .text.sscanf   0x08019594       0x54 /opt/toolchain/bin/../lib/gcc/arm-none-eabi/13.3.1/../../../../arm-none-eabi/lib/thumb/v6-m/nofp/libg_nano.a(libc_a-sscanf.o)
                0x08019594                sscanf
                0x08019594                siscanf
 .text.memcmp   0x080195e8       0x1c /opt/toolchain/bin/../lib/gcc/arm-none-eabi/13.3.1/../../../../arm-none-eabi/lib/thumb/v6-m/nofp/libg_nano.a(libc_a-memcmp.o)
                0x080195e8                memcmp
 .text._sungetc_r
                0x08019604       0x78 /opt/toolchain/bin/../lib/gcc/arm-none-eabi/13.3.1/../../../../arm-none-eabi/lib/thumb/v6-m/nofp/libg_nano.a(libc_a-nano-svfscanf.o)
                0x08019604                _sungetc_r
 .text.__ssrefill_r
                0x0801967c       0x3e /opt/toolchain/bin/../lib/gcc/arm-none-eabi/13.3.1/../../../../arm-none-eabi/lib/thumb/v6-m/nofp/libg_nano.a(libc_a-nano-svfscanf.o)
                0x0801967c                __ssrefill_r
 *fill*         0x080196ba        0x2 
 .text.__ssvfscanf_r
                0x080196bc      0x2c8 /opt/toolchain/bin/../lib/gcc/arm-none-eabi/13.3.1/../../../../arm-none-eabi/lib/thumb/v6-m/nofp/libg_nano.a(libc_a-nano-svfscanf.o)
                0x080196bc                __ssvfscanf_r
                0x080196bc                __ssvfiscanf_r
 .text._scanf_chars
                0x08019984       0xc0 /opt/toolchain/bin/../lib/gcc/arm-none-eabi/13.3.1/../../../../arm-none-eabi/lib/thumb/v6-m/nofp/libg_nano.a(libc_a-nano-vfscanf_i.o)
                0x08019984                _scanf_chars
 .text._scanf_i
                0x08019a44      0x200 /opt/toolchain/bin/../lib/gcc/arm-none-eabi/13.3.1/../../../../arm-none-eabi/lib/thumb/v6-m/nofp/libg_nano.a(libc_a-nano-vfscanf_i.o)
                0x08019a44                _scanf_i
 .text.memchr   0x08019c44       0x16 /opt/toolchain/bin/../lib/gcc/arm-none-eabi/13.3.1/../../../../arm-none-eabi/lib/thumb/v6-m/nofp/libg_nano.a(libc_a-memchr-stub.o)
                0x08019c44                memchr
 .text.__sccl   0x08019c5a       0x72 /opt/toolchain/bin/../lib/gcc/arm-none-eabi/13.3.1/../../../../arm-none-eabi/lib/thumb/v6-m/nofp/libg_nano.a(libc_a-sccl.o)
                0x08019c5a                __sccl
 .text.__submore
                0x08019ccc       0x7c /opt/toolchain/bin/../lib/gcc/arm-none-eabi/13.3.1/../../../../arm-none-eabi/lib/thumb/v6-m/nofp/libg_nano.a(libc_a-ungetc.o)
                0x08019ccc                __submore
 .text._realloc_r
                0x08019d48       0x60 /opt/toolchain/bin/../lib/gcc/arm-none-eabi/13.3.1/../../../../arm-none-eabi/lib/thumb/v6-m/nofp/libg_nano.a(libc_a-reallocr.o)
                0x08019d48                _realloc_r
 .text._strtol_l.isra.0
                0x08019da8      0x114 /opt/toolchain/bin/../lib/gcc/arm-none-eabi/13.3.1/../../../../arm-none-eabi/lib/thumb/v6-m/nofp/libg_nano.a(libc_a-strtol.o)
 .text._strtol_r
                0x08019ebc        0x8 /opt/toolchain/bin/../lib/gcc/arm-none-eabi/13.3.1/../../../../arm-none-eabi/lib/thumb/v6-m/nofp/libg_nano.a(libc_a-strtol.o)
                0x08019ebc                _strtol_r
 .text._strtoul_l.isra.0
                0x08019ec4      0x104 /opt/toolchain/bin/../lib/gcc/arm-none-eabi/13.3.1/../../../../arm-none-eabi/lib/thumb/v6-m/nofp/libg_nano.a(libc_a-strtoul.o)
 .text._strtoul_r
                0x08019fc8        0x8 /opt/toolchain/bin/../lib/gcc/arm-none-eabi/13.3.1/../../../../arm-none-eabi/lib/thumb/v6-m/nofp/libg_nano.a(libc_a-strtoul.o)
                0x08019fc8                _strtoul_r
 .text._malloc_usable_size_r
                0x08019fd0       0x10 /opt/toolchain/bin/../lib/gcc/arm-none-eabi/13.3.1/../../../../arm-none-eabi/lib/thumb/v6-m/nofp/libg_nano.a(libc_a-msizer.o)
                0x08019fd0                _malloc_usable_size_r
 *(.glue_7)
 .glue_7        0x08019fe0        0x0 linker stubs
 *(.glue_7t)
 .glue_7t       0x08019fe0        0x0 linker stubs
 *(.eh_frame)
 .eh_frame      0x08019fe0        0x0 /opt/toolchain/bin/../lib/gcc/arm-none-eabi/13.3.1/thumb/v6-m/nofp/crtbegin.o
 *(.init)
 .init          0x08019fe0        0x4 /opt/toolchain/bin/../lib/gcc/arm-none-eabi/13.3.1/thumb/v6-m/nofp/crti.o
                0x08019fe0                _init
 .init          0x08019fe4        0x8 /opt/toolchain/bin/../lib/gcc/arm-none-eabi/13.3.1/thumb/v6-m/nofp/crtn.o
 *(.fini)
 .fini          0x08019fec        0x4 /opt/toolchain/bin/../lib/gcc/arm-none-eabi/13.3.1/thumb/v6-m/nofp/crti.o
                0x08019fec                _fini
 .fini          0x08019ff0        0x8 /opt/toolchain/bin/../lib/gcc/arm-none-eabi/13.3.1/thumb/v6-m/nofp/crtn.o
                0x08019ff8                        . = ALIGN (0x4)
                0x08019ff8                        _etext = .

.vfp11_veneer   0x08019ff8        0x0
 .vfp11_veneer  0x08019ff8        0x0 linker stubs

.v4_bx          0x08019ff8        0x0
 .v4_bx         0x08019ff8        0x0 linker stubs

.iplt           0x08019ff8        0x0
 .iplt          0x08019ff8        0x0 /opt/toolchain/bin/../lib/gcc/arm-none-eabi/13.3.1/thumb/v6-m/nofp/crtbegin.o

.rodata         0x08019ff8     0x298c
                0x08019ff8                        . = ALIGN (0x4)
 *(.rodata)
 .rodata        0x08019ff8       0x4c /tmp/ccesgztz.ltrans0.ltrans.o
 .rodata        0x0801a044       0xb0 /tmp/ccesgztz.ltrans1.ltrans.o
 .rodata        0x0801a0f4        0xc /opt/toolchain/bin/../lib/gcc/arm-none-eabi/13.3.1/../../../../arm-none-eabi/lib/thumb/v6-m/nofp/libg_nano.a(libc_a-nano-vfscanf_i.o)
 *(.rodata*)
 .rodata.ScanFastIsCandidate.cst2
                0x0801a100        0x8 /tmp/ccesgztz.ltrans0.ltrans.o
                                  0x4 (size before relaxing)
 .rodata.ScanFastReadCandidateRssi.cst2
                0x0801a108        0x4 /tmp/ccesgztz.ltrans0.ltrans.o
 .rodata.APP_TimeSlice10ms.part.0.str1.1
                0x0801a108      0x9c3 /tmp/ccesgztz.ltrans0.ltrans.o
                                  0x2 (size before relaxing)
 .rodata.main.str1.1
                0x0801aacb       0x55 /tmp/ccesgztz.ltrans0.ltrans.o
 .rodata.CW_KEY_CHARS
                0x0801aacb       0x2d /tmp/ccesgztz.ltrans0.ltrans.o
 .rodata.CW_KEY_CHAR_COUNT
                0x0801aaf8        0x9 /tmp/ccesgztz.ltrans0.ltrans.o
 .rodata.wpmTable.0
                0x0801ab01        0xa /tmp/ccesgztz.ltrans0.ltrans.o
 .rodata.StepSortedIndexes
                0x0801ab0b       0x18 /tmp/ccesgztz.ltrans0.ltrans.o
                0x0801ab0b                StepSortedIndexes
 .rodata.CSWTCH.19
                0x0801ab23        0x6 /tmp/ccesgztz.ltrans0.ltrans.o
 *fill*         0x0801ab29        0x3 
 .rodata.frequencyBandTable
                0x0801ab2c       0x38 /tmp/ccesgztz.ltrans0.ltrans.o
                0x0801ab2c                frequencyBandTable
 .rodata.str1.1
                0x0801ab64      0x122 /tmp/ccesgztz.ltrans0.ltrans.o
 .rodata.CW_CHAR_MAP
                0x0801ab64      0x1b0 /tmp/ccesgztz.ltrans0.ltrans.o
                0x0801ab64                CW_CHAR_MAP
 .rodata.gStepFrequencyTable
                0x0801ad14       0x30 /tmp/ccesgztz.ltrans0.ltrans.o
                0x0801ad14                gStepFrequencyTable
 .rodata.ProcessKeysFunctions
                0x0801ad44       0x14 /tmp/ccesgztz.ltrans0.ltrans.o
 .rodata.glyphs.1
                0x0801ad58       0x18 /tmp/ccesgztz.ltrans0.ltrans.o
 .rodata.action_opt_table
                0x0801ad70       0x60 /tmp/ccesgztz.ltrans0.ltrans.o
 .rodata.cmds   0x0801add0        0xb /tmp/ccesgztz.ltrans0.ltrans.o
 .rodata.keyboard
                0x0801addb       0x14 /tmp/ccesgztz.ltrans0.ltrans.o
 .rodata.value  0x0801adef        0xb /tmp/ccesgztz.ltrans0.ltrans.o
 .rodata.CHANNEL_OFFSET_TAB.lto_priv.0
                0x0801adfa        0x7 /tmp/ccesgztz.ltrans0.ltrans.o
                0x0801adfa                CHANNEL_OFFSET_TAB.lto_priv.0
                0x0801adfa                CHANNEL_OFFSET_TAB.lto_priv.1
 *fill*         0x0801ae01        0x3 
 .rodata.HSIFreqTable
                0x0801ae04       0x20 /tmp/ccesgztz.ltrans0.ltrans.o
 .rodata.AHBPrescTable
                0x0801ae24       0x40 /tmp/ccesgztz.ltrans0.ltrans.o
 .rodata.APBPrescTable
                0x0801ae64       0x20 /tmp/ccesgztz.ltrans0.ltrans.o
 .rodata.cdc_descriptor
                0x0801ae84       0x9e /tmp/ccesgztz.ltrans0.ltrans.o
 .rodata.Edition
                0x0801af22        0x5 /tmp/ccesgztz.ltrans0.ltrans.o
                0x0801af22                Edition
 .rodata.Version
                0x0801af27        0xe /tmp/ccesgztz.ltrans0.ltrans.o
                0x0801af27                Version
 *fill*         0x0801af35        0x3 
 .rodata.HandleFunction_fn_table
                0x0801af38       0x1c /tmp/ccesgztz.ltrans0.ltrans.o
 .rodata.lim.1.lto_priv.0
                0x0801af54        0x8 /tmp/ccesgztz.ltrans0.ltrans.o
                0x0801af54                lim.1.lto_priv.0
 .rodata.lim.0.lto_priv.0
                0x0801af5c        0x8 /tmp/ccesgztz.ltrans0.ltrans.o
                0x0801af5c                lim.0.lto_priv.0
 .rodata.MenuList
                0x0801af64      0x270 /tmp/ccesgztz.ltrans0.ltrans.o
                0x0801af64                MenuList
 .rodata.UART_Version
                0x0801b1d4       0x28 /tmp/ccesgztz.ltrans0.ltrans.o
 .rodata.UI_DrawBattery.str1.1
                0x0801b1fc        0x3 /tmp/ccesgztz.ltrans1.ltrans.o
 .rodata.UI_FormatFrequency.str1.1
                0x0801b1fc        0x9 /tmp/ccesgztz.ltrans1.ltrans.o
 .rodata.UI_GenerateChannelStringEx.str1.1
                0x0801b1fc       0x17 /tmp/ccesgztz.ltrans1.ltrans.o
 .rodata.SETTINGS_InitEEPROM.str1.1
                0x0801b1fc       0x14 /tmp/ccesgztz.ltrans1.ltrans.o
 .rodata.UI_PrintScanRangeCss.str1.1
                0x0801b1fc       0x1a /tmp/ccesgztz.ltrans1.ltrans.o
 .rodata.UI_DisplayUnlockKeyboard.str1.1
                0x0801b1fc       0x10 /tmp/ccesgztz.ltrans1.ltrans.o
 .rodata.UI_DisplayScanner.str1.1
                0x0801b1fc       0x61 /tmp/ccesgztz.ltrans1.ltrans.o
 .rodata.DisplayRSSIBar.str1.1
                0x0801b1fc       0x1a /tmp/ccesgztz.ltrans1.ltrans.o
 .rodata.DisplayRSSIBar.cst2
                0x0801b1fc        0x2 /tmp/ccesgztz.ltrans1.ltrans.o
 .rodata.UI_DisplayMain.str1.1
                0x0801b1fc       0xeb /tmp/ccesgztz.ltrans1.ltrans.o
 .rodata.UI_DisplayMenu.str1.1
                0x0801b1fc      0x1cc /tmp/ccesgztz.ltrans1.ltrans.o
 .rodata.UI_DisplayStatus.part.0.str1.1
                0x0801b1fc       0x22 /tmp/ccesgztz.ltrans1.ltrans.o
 .rodata.MENU_ProcessKeys.str1.1
                0x0801b1fc       0x10 /tmp/ccesgztz.ltrans1.ltrans.o
 .rodata.gFontLight
                0x0801b1fc        0x9 /tmp/ccesgztz.ltrans1.ltrans.o
 .rodata.gFontLightOff
                0x0801b205        0x9 /tmp/ccesgztz.ltrans1.ltrans.o
 .rodata.gFontMute
                0x0801b20e        0xc /tmp/ccesgztz.ltrans1.ltrans.o
 .rodata.gFontF
                0x0801b21a        0x8 /tmp/ccesgztz.ltrans1.ltrans.o
 .rodata.gFontKeyLock
                0x0801b222        0x9 /tmp/ccesgztz.ltrans1.ltrans.o
 .rodata.gFontPttClassic
                0x0801b22b        0xc /tmp/ccesgztz.ltrans1.ltrans.o
 .rodata.gFontPttOnePush
                0x0801b237        0xc /tmp/ccesgztz.ltrans1.ltrans.o
 .rodata.gFontVox
                0x0801b243        0xc /tmp/ccesgztz.ltrans1.ltrans.o
 .rodata.gFontMO
                0x0801b24f        0xc /tmp/ccesgztz.ltrans1.ltrans.o
 .rodata.gFontXB
                0x0801b25b        0xc /tmp/ccesgztz.ltrans1.ltrans.o
 .rodata.gFontDWR
                0x0801b267       0x12 /tmp/ccesgztz.ltrans1.ltrans.o
 .rodata.gFontHold
                0x0801b279        0xa /tmp/ccesgztz.ltrans1.ltrans.o
 .rodata.gFontRO
                0x0801b283        0xc /tmp/ccesgztz.ltrans1.ltrans.o
 .rodata.gFontPowerSave
                0x0801b28f        0xc /tmp/ccesgztz.ltrans1.ltrans.o
 .rodata.str1.1
                0x0801b29b      0x473 /tmp/ccesgztz.ltrans1.ltrans.o
 *fill*         0x0801b29b        0x1 
 .rodata.CSWTCH.21
                0x0801b29c        0xc /tmp/ccesgztz.ltrans1.ltrans.o
 .rodata.months.1
                0x0801b2a8       0x30 /tmp/ccesgztz.ltrans1.ltrans.o
 .rodata.BITMAP_QR_GitHub_Compressed
                0x0801b2d8       0x89 /tmp/ccesgztz.ltrans1.ltrans.o
 .rodata.BITMAP_QR_GitHub_Wiki_Compressed
                0x0801b361       0x89 /tmp/ccesgztz.ltrans1.ltrans.o
 .rodata.CTCSS_ExtraIdx
                0x0801b3ea        0xc /tmp/ccesgztz.ltrans1.ltrans.o
 .rodata.DCS_ExtraIdx
                0x0801b3f6       0x15 /tmp/ccesgztz.ltrans1.ltrans.o
 *fill*         0x0801b40b        0x1 
 .rodata.gSubMenu_SET_KEY
                0x0801b40c       0x14 /tmp/ccesgztz.ltrans1.ltrans.o
 .rodata.gSubMenu_SET_NFM
                0x0801b420        0x8 /tmp/ccesgztz.ltrans1.ltrans.o
 .rodata.gSubMenu_SET_SCN
                0x0801b428        0x8 /tmp/ccesgztz.ltrans1.ltrans.o
 .rodata.gSubMenu_SET_MET
                0x0801b430        0x8 /tmp/ccesgztz.ltrans1.ltrans.o
 .rodata.gSubMenu_SET_LCK
                0x0801b438        0x8 /tmp/ccesgztz.ltrans1.ltrans.o
 .rodata.gSubMenu_SET_TOT
                0x0801b440       0x10 /tmp/ccesgztz.ltrans1.ltrans.o
 .rodata.gSubMenu_SET_PTT
                0x0801b450        0x8 /tmp/ccesgztz.ltrans1.ltrans.o
 .rodata.gSubMenu_SET_NAV
                0x0801b458        0x8 /tmp/ccesgztz.ltrans1.ltrans.o
 .rodata.gSubMenu_F_LOCK
                0x0801b460       0x2c /tmp/ccesgztz.ltrans1.ltrans.o
 .rodata.gSubMenu_RESET
                0x0801b48c        0x8 /tmp/ccesgztz.ltrans1.ltrans.o
 .rodata.gSubMenu_BATTYP
                0x0801b494       0x14 /tmp/ccesgztz.ltrans1.ltrans.o
 .rodata.BuildCommit
                0x0801b4a8        0x8 /tmp/ccesgztz.ltrans1.ltrans.o
 .rodata.BuildTime
                0x0801b4b0        0x9 /tmp/ccesgztz.ltrans1.ltrans.o
 .rodata.BuildDate
                0x0801b4b9        0xc /tmp/ccesgztz.ltrans1.ltrans.o
 *fill*         0x0801b4c5        0x3 
 .rodata.gSubMenu_ROGER
                0x0801b4c8        0xc /tmp/ccesgztz.ltrans1.ltrans.o
 .rodata.gSubMenu_PONMSG
                0x0801b4d4       0x18 /tmp/ccesgztz.ltrans1.ltrans.o
 .rodata.gSubMenu_BAT_TXT
                0x0801b4ec        0xc /tmp/ccesgztz.ltrans1.ltrans.o
 .rodata.gSubMenu_PTT_ID
                0x0801b4f8       0x14 /tmp/ccesgztz.ltrans1.ltrans.o
 .rodata.gSubMenu_MDF
                0x0801b50c       0x10 /tmp/ccesgztz.ltrans1.ltrans.o
 .rodata.gSubMenu_RXMode
                0x0801b51c       0x10 /tmp/ccesgztz.ltrans1.ltrans.o
 .rodata.gSubMenu_SET_SAV
                0x0801b52c       0x10 /tmp/ccesgztz.ltrans1.ltrans.o
 .rodata.gSubMenu_RX_TX
                0x0801b53c       0x10 /tmp/ccesgztz.ltrans1.ltrans.o
 .rodata.gSubMenu_W_N
                0x0801b54c        0x8 /tmp/ccesgztz.ltrans1.ltrans.o
 .rodata.gSubMenu_SFT_D
                0x0801b554        0xc /tmp/ccesgztz.ltrans1.ltrans.o
 .rodata.gSubMenu_SET_PWR
                0x0801b560       0x1c /tmp/ccesgztz.ltrans1.ltrans.o
 .rodata.gSubMenu_TXP
                0x0801b57c       0x20 /tmp/ccesgztz.ltrans1.ltrans.o
 .rodata.gSubMenu_OFF_ON
                0x0801b59c        0x8 /tmp/ccesgztz.ltrans1.ltrans.o
 .rodata.days_per_month.0
                0x0801b5a4       0x30 /tmp/ccesgztz.ltrans1.ltrans.o
 .rodata.CSWTCH.270
                0x0801b5d4       0x18 /tmp/ccesgztz.ltrans1.ltrans.o
 .rodata.gModulationStr
                0x0801b5ec        0xc /tmp/ccesgztz.ltrans1.ltrans.o
                0x0801b5ec                gModulationStr
 .rodata.VfoStateStr
                0x0801b5f8       0x1c /tmp/ccesgztz.ltrans1.ltrans.o
 .rodata.gSubMenu_SET_AUD_FM
                0x0801b614       0x14 /tmp/ccesgztz.ltrans1.ltrans.o
 .rodata.gSubMenu_SET_AUD_AM
                0x0801b628        0xc /tmp/ccesgztz.ltrans1.ltrans.o
 .rodata.BITMAP_VFO_Empty
                0x0801b634        0x7 /tmp/ccesgztz.ltrans1.ltrans.o
 .rodata.BITMAP_VFO_Default
                0x0801b63b        0x7 /tmp/ccesgztz.ltrans1.ltrans.o
 .rodata.gFont3x5
                0x0801b642      0x120 /tmp/ccesgztz.ltrans1.ltrans.o
 .rodata.gFontBigDigits
                0x0801b762       0xdc /tmp/ccesgztz.ltrans1.ltrans.o
 .rodata.gFontSmallBold
                0x0801b83e      0x234 /tmp/ccesgztz.ltrans1.ltrans.o
 .rodata.gFontSmall
                0x0801ba72      0x234 /tmp/ccesgztz.ltrans1.ltrans.o
                0x0801ba72                gFontSmall
 .rodata.gFontBig
                0x0801bca6      0x524 /tmp/ccesgztz.ltrans1.ltrans.o
 .rodata.gMicGain_dB2
                0x0801c1ca        0x9 /tmp/ccesgztz.ltrans1.ltrans.o
 *fill*         0x0801c1d3        0x1 
 .rodata.FSK_RogerTable
                0x0801c1d4        0xe /tmp/ccesgztz.ltrans1.ltrans.o
 .rodata.am_profiles.2
                0x0801c1e2       0x18 /tmp/ccesgztz.ltrans1.ltrans.o
 .rodata.fm_profiles.1
                0x0801c1fa       0x14 /tmp/ccesgztz.ltrans1.ltrans.o
 .rodata.dividers_band5.3
                0x0801c20e        0x6 /tmp/ccesgztz.ltrans1.ltrans.o
 .rodata.dividers_band2.4
                0x0801c214        0x6 /tmp/ccesgztz.ltrans1.ltrans.o
 .rodata.Voltage2PercentageTable
                0x0801c21a       0x8c /tmp/ccesgztz.ltrans1.ltrans.o
 .rodata.CTCSS_Options
                0x0801c2a6       0x64 /tmp/ccesgztz.ltrans1.ltrans.o
 .rodata.DCS_Options
                0x0801c30a       0xd0 /tmp/ccesgztz.ltrans1.ltrans.o
 .rodata.BEEP_Classic_array
                0x0801c3da       0x2a /tmp/ccesgztz.ltrans1.ltrans.o
 .rodata.char_map
                0x0801c404       0x28 /tmp/ccesgztz.ltrans1.ltrans.o
 .rodata.gSubMenu_SIDEFUNCTIONS
                0x0801c42c       0xa8 /tmp/ccesgztz.ltrans1.ltrans.o
 .rodata.IsPeakOverOpenLevel.cst2
                0x0801c4d4        0x2 /tmp/ccesgztz.ltrans2.ltrans.o
 .rodata.CW_DrawWrappedTxText.str1.1
                0x0801c4d4       0x17 /tmp/ccesgztz.ltrans2.ltrans.o
 .rodata.UI_DisplayFM.str1.1
                0x0801c4d4       0x61 /tmp/ccesgztz.ltrans2.ltrans.o
 .rodata.CW_DrawStatusLine.str1.1
                0x0801c4d4       0x17 /tmp/ccesgztz.ltrans2.ltrans.o
 .rodata.FormatFrequency.constprop.0.str1.1
                0x0801c4d4        0x8 /tmp/ccesgztz.ltrans2.ltrans.o
 .rodata.DrawF.str1.1
                0x0801c4d4        0x9 /tmp/ccesgztz.ltrans2.ltrans.o
 .rodata.UI_DisplayAircopy.str1.1
                0x0801c4d4       0x76 /tmp/ccesgztz.ltrans2.ltrans.o
 .rodata.CW_Render.str1.1
                0x0801c4d4        0x4 /tmp/ccesgztz.ltrans2.ltrans.o
 .rodata.CW_DecodeCharacter.lto_priv.0.str1.1
                0x0801c4d4        0x4 /tmp/ccesgztz.ltrans2.ltrans.o
 .rodata.APP_RunSpectrum.str1.1
                0x0801c4d4       0x5d /tmp/ccesgztz.ltrans2.ltrans.o
 .rodata.VGAOptions
                0x0801c4d4        0x8 /tmp/ccesgztz.ltrans2.ltrans.o
 .rodata.LNAOptions
                0x0801c4dc        0x8 /tmp/ccesgztz.ltrans2.ltrans.o
 .rodata.LNAsOptions
                0x0801c4e4        0x4 /tmp/ccesgztz.ltrans2.ltrans.o
 .rodata.AIRCOPY_Segments_Settings
                0x0801c4e8       0x12 /tmp/ccesgztz.ltrans2.ltrans.o
 .rodata.AIRCOPY_Segments_Bank7
                0x0801c4fa       0x12 /tmp/ccesgztz.ltrans2.ltrans.o
 .rodata.AIRCOPY_Segments_Bank6
                0x0801c50c       0x12 /tmp/ccesgztz.ltrans2.ltrans.o
 .rodata.AIRCOPY_Segments_Bank5
                0x0801c51e       0x12 /tmp/ccesgztz.ltrans2.ltrans.o
 .rodata.AIRCOPY_Segments_Bank4
                0x0801c530       0x12 /tmp/ccesgztz.ltrans2.ltrans.o
 .rodata.AIRCOPY_Segments_Bank3
                0x0801c542       0x12 /tmp/ccesgztz.ltrans2.ltrans.o
 .rodata.AIRCOPY_Segments_Bank2
                0x0801c554       0x12 /tmp/ccesgztz.ltrans2.ltrans.o
 .rodata.AIRCOPY_Segments_Bank1
                0x0801c566       0x12 /tmp/ccesgztz.ltrans2.ltrans.o
 .rodata.AIRCOPY_Segments_Bank0
                0x0801c578       0x12 /tmp/ccesgztz.ltrans2.ltrans.o
 *fill*         0x0801c58a        0x2 
 .rodata.AIRCOPY_Map_Settings
                0x0801c58c        0x8 /tmp/ccesgztz.ltrans2.ltrans.o
 .rodata.AIRCOPY_Map_Bank7
                0x0801c594        0x8 /tmp/ccesgztz.ltrans2.ltrans.o
 .rodata.AIRCOPY_Map_Bank6
                0x0801c59c        0x8 /tmp/ccesgztz.ltrans2.ltrans.o
 .rodata.AIRCOPY_Map_Bank5
                0x0801c5a4        0x8 /tmp/ccesgztz.ltrans2.ltrans.o
 .rodata.AIRCOPY_Map_Bank4
                0x0801c5ac        0x8 /tmp/ccesgztz.ltrans2.ltrans.o
 .rodata.AIRCOPY_Map_Bank3
                0x0801c5b4        0x8 /tmp/ccesgztz.ltrans2.ltrans.o
 .rodata.AIRCOPY_Map_Bank2
                0x0801c5bc        0x8 /tmp/ccesgztz.ltrans2.ltrans.o
 .rodata.AIRCOPY_Map_Bank1
                0x0801c5c4        0x8 /tmp/ccesgztz.ltrans2.ltrans.o
 .rodata.AIRCOPY_Map_Bank0
                0x0801c5cc        0x8 /tmp/ccesgztz.ltrans2.ltrans.o
 .rodata.CSWTCH.64
                0x0801c5d4        0x8 /tmp/ccesgztz.ltrans2.ltrans.o
 .rodata.MORSE_TREE
                0x0801c5dc       0x40 /tmp/ccesgztz.ltrans2.ltrans.o
 .rodata.MORSE_TABLE
                0x0801c61c       0x87 /tmp/ccesgztz.ltrans2.ltrans.o
 .rodata.modulationTypeTuneSteps
                0x0801c6a3        0x3 /tmp/ccesgztz.ltrans2.ltrans.o
 .rodata.str1.1
                0x0801c6a6       0x29 /tmp/ccesgztz.ltrans2.ltrans.o
 *fill*         0x0801c6a6        0x2 
 .rodata.autoSensitivityLabel
                0x0801c6a8        0xc /tmp/ccesgztz.ltrans2.ltrans.o
 .rodata.U8RssiMap
                0x0801c6b4        0xa /tmp/ccesgztz.ltrans2.ltrans.o
 *fill*         0x0801c6be        0x2 
 .rodata.regOptions
                0x0801c6c0       0x20 /tmp/ccesgztz.ltrans2.ltrans.o
 .rodata.bayer4x4
                0x0801c6e0       0x10 /tmp/ccesgztz.ltrans2.ltrans.o
 .rodata.registers_to_save
                0x0801c6f0        0x7 /tmp/ccesgztz.ltrans2.ltrans.o
 *fill*         0x0801c6f7        0x1 
 .rodata.bwOptions
                0x0801c6f8        0xc /tmp/ccesgztz.ltrans2.ltrans.o
 .rodata.autoTriggerMarginRssi
                0x0801c704        0x3 /tmp/ccesgztz.ltrans2.ltrans.o
 *fill*         0x0801c707        0x1 
 .rodata.listenBWRegValues
                0x0801c708        0x6 /tmp/ccesgztz.ltrans2.ltrans.o
 .rodata.scanStepBWRegValues
                0x0801c70e       0x1e /tmp/ccesgztz.ltrans2.ltrans.o
 .rodata.scanStepValues
                0x0801c72c       0x1e /tmp/ccesgztz.ltrans2.ltrans.o
 *fill*         0x0801c74a        0x2 
 .rodata.registerSpecs
                0x0801c74c       0x30 /tmp/ccesgztz.ltrans2.ltrans.o
 .rodata.Obfuscation.lto_priv.1
                0x0801c77c       0x10 /tmp/ccesgztz.ltrans2.ltrans.o
 .rodata.AIRCOPY_AvailableMaps
                0x0801c78c       0x24 /tmp/ccesgztz.ltrans2.ltrans.o
 .rodata.BK1080_RegisterTable
                0x0801c7b0       0x44 /tmp/ccesgztz.ltrans2.ltrans.o
 .rodata.Obfuscation.lto_priv.0
                0x0801c7f4       0x10 /tmp/ccesgztz.ltrans2.ltrans.o
 .rodata.ADDR_MAPPINGS
                0x0801c804       0x68 /tmp/ccesgztz.ltrans2.ltrans.o
 .rodata.UI_DisplayFunctions
                0x0801c86c       0x14 /tmp/ccesgztz.ltrans2.ltrans.o
 .rodata.__ssvfscanf_r.str1.1
                0x0801c880        0x4 /opt/toolchain/bin/../lib/gcc/arm-none-eabi/13.3.1/../../../../arm-none-eabi/lib/thumb/v6-m/nofp/libg_nano.a(libc_a-nano-svfscanf.o)
 .rodata._scanf_i.str1.1
                0x0801c880       0x12 /opt/toolchain/bin/../lib/gcc/arm-none-eabi/13.3.1/../../../../arm-none-eabi/lib/thumb/v6-m/nofp/libg_nano.a(libc_a-nano-vfscanf_i.o)
 .rodata.str1.1
                0x0801c880        0x9 /opt/toolchain/bin/../lib/gcc/arm-none-eabi/13.3.1/../../../../arm-none-eabi/lib/thumb/v6-m/nofp/libg_nano.a(libc_a-nano-vfscanf_i.o)
 .rodata._ctype_
                0x0801c880      0x101 /opt/toolchain/bin/../lib/gcc/arm-none-eabi/13.3.1/../../../../arm-none-eabi/lib/thumb/v6-m/nofp/libg_nano.a(libc_a-ctype_.o)
                0x0801c880                _ctype_
                0x0801c984                        . = ALIGN (0x4)
 *fill*         0x0801c981        0x3 

.rel.dyn        0x0801c984        0x0
 .rel.iplt      0x0801c984        0x0 /opt/toolchain/bin/../lib/gcc/arm-none-eabi/13.3.1/thumb/v6-m/nofp/crtbegin.o

.ARM.extab
 *(.ARM.extab* .gnu.linkonce.armextab.*)

.ARM            0x0801c984        0x0
                0x0801c984                        __exidx_start = .
 *(.ARM.exidx*)
                0x0801c984                        __exidx_end = .

.preinit_array  0x0801c984        0x0
                0x0801c984                        PROVIDE (__preinit_array_start = .)
 *(.preinit_array*)
                0x0801c984                        PROVIDE (__preinit_array_end = .)

.init_array     0x0801c984        0x4
                0x0801c984                        PROVIDE (__init_array_start = .)
 *(SORT_BY_NAME(.init_array.*))
 *(.init_array*)
 .init_array    0x0801c984        0x4 /opt/toolchain/bin/../lib/gcc/arm-none-eabi/13.3.1/thumb/v6-m/nofp/crtbegin.o
                0x0801c988                        PROVIDE (__init_array_end = .)

.fini_array     0x0801c988        0x4
                [!provide]                        PROVIDE (__fini_array_start = .)
 *(SORT_BY_NAME(.fini_array.*))
 *(.fini_array*)
 .fini_array    0x0801c988        0x4 /opt/toolchain/bin/../lib/gcc/arm-none-eabi/13.3.1/thumb/v6-m/nofp/crtbegin.o
                [!provide]                        PROVIDE (__fini_array_end = .)
                0x0801c98c                        _sidata = LOADADDR (.data)

.data           0x20000000       0xec load address 0x0801c98c
                0x20000000                        . = ALIGN (0x4)
                0x20000000                        _sdata = .
 *(.data)
 *(.data*)
 .data.gCW_UpperCase
                0x20000000        0x1 /tmp/ccesgztz.ltrans0.ltrans.o
 .data.gCW_WPM  0x20000001        0x1 /tmp/ccesgztz.ltrans0.ltrans.o
                0x20000001                gCW_WPM
 .data.gSquelchLevelOriginal
                0x20000002        0x1 /tmp/ccesgztz.ltrans0.ltrans.o
                0x20000002                gSquelchLevelOriginal
 .data.gSetting_set_scn
                0x20000003        0x1 /tmp/ccesgztz.ltrans0.ltrans.o
                0x20000003                gSetting_set_scn
 .data.scanFastNoiseFloor
                0x20000004        0x2 /tmp/ccesgztz.ltrans0.ltrans.o
 .data.gAircopySendCountdown.2
                0x20000006        0x1 /tmp/ccesgztz.ltrans0.ltrans.o
 .data.scanRangeCssCandidate
                0x20000007        0x1 /tmp/ccesgztz.ltrans0.ltrans.o
 .data.gScanRangeCssCode
                0x20000008        0x1 /tmp/ccesgztz.ltrans0.ltrans.o
                0x20000008                gScanRangeCssCode
 *fill*         0x20000009        0x1 
 .data.g_scope_floor.2
                0x2000000a        0x2 /tmp/ccesgztz.ltrans0.ltrans.o
 .data.gCW_ToneFreq
                0x2000000c        0x2 /tmp/ccesgztz.ltrans0.ltrans.o
 .data.gCW_InterElemMs
                0x2000000e        0x2 /tmp/ccesgztz.ltrans0.ltrans.o
                0x2000000e                gCW_InterElemMs
 .data.gCW_DahMs
                0x20000010        0x2 /tmp/ccesgztz.ltrans0.ltrans.o
                0x20000010                gCW_DahMs
 .data.gCW_InterCharMs
                0x20000012        0x2 /tmp/ccesgztz.ltrans0.ltrans.o
                0x20000012                gCW_InterCharMs
 .data.gCW_InterWordMs
                0x20000014        0x2 /tmp/ccesgztz.ltrans0.ltrans.o
                0x20000014                gCW_InterWordMs
 .data.s_last_key_input_mode
                0x20000016        0x1 /tmp/ccesgztz.ltrans0.ltrans.o
 .data.s_cfg_dirty
                0x20000017        0x1 /tmp/ccesgztz.ltrans0.ltrans.o
 .data.gCW_RxCurrentRssi.lto_priv.0
                0x20000018        0x2 /tmp/ccesgztz.ltrans0.ltrans.o
                0x20000018                gCW_RxCurrentRssi.lto_priv.0
 .data.gCW_RxNoiseFloor
                0x2000001a        0x2 /tmp/ccesgztz.ltrans0.ltrans.o
 .data.gCW_DitMs
                0x2000001c        0x2 /tmp/ccesgztz.ltrans0.ltrans.o
                0x2000001c                gCW_DitMs
 .data.dBmCorrTable
                0x2000001e        0x7 /tmp/ccesgztz.ltrans0.ltrans.o
                0x2000001e                dBmCorrTable
 *fill*         0x20000025        0x1 
 .data.gBeamCopiedChannel
                0x20000026        0x2 /tmp/ccesgztz.ltrans0.ltrans.o
                0x20000026                gBeamCopiedChannel
 .data.gScreenSaverWakeKey
                0x20000028        0x1 /tmp/ccesgztz.ltrans0.ltrans.o
 .data.gSleepWakeKey
                0x20000029        0x1 /tmp/ccesgztz.ltrans0.ltrans.o
 .data.gMatrixRandom
                0x2000002a        0x2 /tmp/ccesgztz.ltrans0.ltrans.o
 .data.gSetting_set_ctr
                0x2000002c        0x1 /tmp/ccesgztz.ltrans0.ltrans.o
                0x2000002c                gSetting_set_ctr
 .data.gKeyFromSerial
                0x2000002d        0x1 /tmp/ccesgztz.ltrans0.ltrans.o
 *fill*         0x2000002e        0x2 
 .data.SectorCacheAddr