Archive member included to satisfy reference by file (symbol)

/opt/toolchain/bin/../lib/gcc/arm-none-eabi/13.3.1/thumb/v6-m/nofp/libgcc.a(_thumb1_case_sqi.o)
                              CMakeFiles/N7SIX.bandscope.dir/App/app/menu.c.obj (__gnu_thumb1_case_sqi)
/opt/toolchain/bin/../lib/gcc/arm-none-eabi/13.3.1/thumb/v6-m/nofp/libgcc.a(_thumb1_case_uqi.o)
                              CMakeFiles/N7SIX.bandscope.dir/Drivers/PY32F071_HAL_Driver/Src/py32f071_ll_dma.c.obj (__gnu_thumb1_case_uqi)
/opt/toolchain/bin/../lib/gcc/arm-none-eabi/13.3.1/thumb/v6-m/nofp/libgcc.a(_thumb1_case_shi.o)
                              CMakeFiles/N7SIX.bandscope.dir/App/app/main.c.obj (__gnu_thumb1_case_shi)
/opt/toolchain/bin/../lib/gcc/arm-none-eabi/13.3.1/thumb/v6-m/nofp/libgcc.a(_thumb1_case_uhi.o)
                              CMakeFiles/N7SIX.bandscope.dir/App/app/main.c.obj (__gnu_thumb1_case_uhi)
/opt/toolchain/bin/../lib/gcc/arm-none-eabi/13.3.1/thumb/v6-m/nofp/libgcc.a(_udivsi3.o)
                              CMakeFiles/N7SIX.bandscope.dir/Drivers/PY32F071_HAL_Driver/Src/py32f071_ll_rcc.c.obj (__aeabi_uidiv)
/opt/toolchain/bin/../lib/gcc/arm-none-eabi/13.3.1/thumb/v6-m/nofp/libgcc.a(_divsi3.o)
                              CMakeFiles/N7SIX.bandscope.dir/Drivers/PY32F071_HAL_Driver/Src/py32f071_ll_i2c.c.obj (__aeabi_idiv)
/opt/toolchain/bin/../lib/gcc/arm-none-eabi/13.3.1/thumb/v6-m/nofp/libgcc.a(_dvmd_tls.o)
                              /opt/toolchain/bin/../lib/gcc/arm-none-eabi/13.3.1/thumb/v6-m/nofp/libgcc.a(_udivsi3.o) (__aeabi_idiv0)
/opt/toolchain/bin/../lib/gcc/arm-none-eabi/13.3.1/thumb/v6-m/nofp/libgcc.a(_clzsi2.o)
                              CMakeFiles/N7SIX.bandscope.dir/App/board.c.obj (__clzsi2)
/opt/toolchain/bin/../lib/gcc/arm-none-eabi/13.3.1/thumb/v6-m/nofp/libgcc.a(_muldi3.o)
                              CMakeFiles/N7SIX.bandscope.dir/App/app/spectrum.c.obj (__aeabi_lmul)
/opt/toolchain/bin/../lib/gcc/arm-none-eabi/13.3.1/../../../../arm-none-eabi/lib/thumb/v6-m/nofp/libg_nano.a(libc_a-exit.o)
                              /opt/toolchain/bin/../lib/gcc/arm-none-eabi/13.3.1/../../../../arm-none-eabi/lib/thumb/v6-m/nofp/crt0.o (exit)
/opt/toolchain/bin/../lib/gcc/arm-none-eabi/13.3.1/../../../../arm-none-eabi/lib/thumb/v6-m/nofp/libg_nano.a(libc_a-init.o)
                              /opt/toolchain/bin/../lib/gcc/arm-none-eabi/13.3.1/../../../../arm-none-eabi/lib/thumb/v6-m/nofp/crt0.o (__libc_init_array)
/opt/toolchain/bin/../lib/gcc/arm-none-eabi/13.3.1/../../../../arm-none-eabi/lib/thumb/v6-m/nofp/libg_nano.a(libc_a-memmove.o)
                              CMakeFiles/N7SIX.bandscope.dir/App/app/app.c.obj (memmove)
/opt/toolchain/bin/../lib/gcc/arm-none-eabi/13.3.1/../../../../arm-none-eabi/lib/thumb/v6-m/nofp/libg_nano.a(libc_a-memset.o)
                              /opt/toolchain/bin/../lib/gcc/arm-none-eabi/13.3.1/../../../../arm-none-eabi/lib/thumb/v6-m/nofp/crt0.o (memset)
/opt/toolchain/bin/../lib/gcc/arm-none-eabi/13.3.1/../../../../arm-none-eabi/lib/thumb/v6-m/nofp/libg_nano.a(libc_a-strcpy.o)
                              CMakeFiles/N7SIX.bandscope.dir/App/settings.c.obj (strcpy)
/opt/toolchain/bin/../lib/gcc/arm-none-eabi/13.3.1/../../../../arm-none-eabi/lib/thumb/v6-m/nofp/libg_nano.a(libc_a-memcpy-stub.o)
                              CMakeFiles/N7SIX.bandscope.dir/App/driver/bk4829.c.obj (memcpy)
/opt/toolchain/bin/../lib/gcc/arm-none-eabi/13.3.1/../../../../arm-none-eabi/lib/thumb/v6-m/nofp/libg_nano.a(libc_a-strlen.o)
                              CMakeFiles/N7SIX.bandscope.dir/App/app/app.c.obj (strlen)
/opt/toolchain/bin/../lib/gcc/arm-none-eabi/13.3.1/../../../../arm-none-eabi/lib/thumb/v6-m/nofp/libg_nano.a(libc_a-findfp.o)
                              /opt/toolchain/bin/../lib/gcc/arm-none-eabi/13.3.1/../../../../arm-none-eabi/lib/thumb/v6-m/nofp/libg_nano.a(libc_a-exit.o) (__stdio_exit_handler)
/opt/toolchain/bin/../lib/gcc/arm-none-eabi/13.3.1/../../../../arm-none-eabi/lib/thumb/v6-m/nofp/libg_nano.a(libc_a-strncpy.o)
                              CMakeFiles/N7SIX.bandscope.dir/App/app/generic.c.obj (strncpy)
/opt/toolchain/bin/../lib/gcc/arm-none-eabi/13.3.1/../../../../arm-none-eabi/lib/thumb/v6-m/nofp/libg_nano.a(libc_a-stdio.o)
                              /opt/toolchain/bin/../lib/gcc/arm-none-eabi/13.3.1/../../../../arm-none-eabi/lib/thumb/v6-m/nofp/libg_nano.a(libc_a-findfp.o) (__sread)
/opt/toolchain/bin/../lib/gcc/arm-none-eabi/13.3.1/../../../../arm-none-eabi/lib/thumb/v6-m/nofp/libg_nano.a(libc_a-lseekr.o)
                              /opt/toolchain/bin/../lib/gcc/arm-none-eabi/13.3.1/../../../../arm-none-eabi/lib/thumb/v6-m/nofp/libg_nano.a(libc_a-stdio.o) (_lseek_r)
/opt/toolchain/bin/../lib/gcc/arm-none-eabi/13.3.1/../../../../arm-none-eabi/lib/thumb/v6-m/nofp/libg_nano.a(libc_a-readr.o)
                              /opt/toolchain/bin/../lib/gcc/arm-none-eabi/13.3.1/../../../../arm-none-eabi/lib/thumb/v6-m/nofp/libg_nano.a(libc_a-stdio.o) (_read_r)
[...]
Memory Configuration

Name             Origin             Length             Attributes
RAM              0x20000000         0x00004000         xrw
FLASH            0x08002800         0x0001d800         xr
*default*        0x00000000         0xffffffff

Linker script and memory map

LOAD /opt/toolchain/bin/../lib/gcc/arm-none-eabi/13.3.1/thumb/v6-m/nofp/crti.o
LOAD /opt/toolchain/bin/../lib/gcc/arm-none-eabi/13.3.1/thumb/v6-m/nofp/crtbegin.o
LOAD /opt/toolchain/bin/../lib/gcc/arm-none-eabi/13.3.1/../../../../arm-none-eabi/lib/thumb/v6-m/nofp/crt0.o
LOAD CMakeFiles/N7SIX.bandscope.dir/Core/Src/main.c.obj
LOAD CMakeFiles/N7SIX.bandscope.dir/Core/Src/py32f071_it.c.obj
LOAD CMakeFiles/N7SIX.bandscope.dir/Core/Src/system_py32f071.c.obj
LOAD CMakeFiles/N7SIX.bandscope.dir/Core/startup_py32f071xx.s.obj
LOAD CMakeFiles/N7SIX.bandscope.dir/Drivers/PY32F071_HAL_Driver/Src/py32f071_ll_rcc.c.obj
LOAD CMakeFiles/N7SIX.bandscope.dir/Drivers/PY32F071_HAL_Driver/Src/py32f071_ll_pwr.c.obj
LOAD CMakeFiles/N7SIX.bandscope.dir/Drivers/PY32F071_HAL_Driver/Src/py32f071_ll_dma.c.obj
LOAD CMakeFiles/N7SIX.bandscope.dir/Drivers/PY32F071_HAL_Driver/Src/py32f071_ll_gpio.c.obj
LOAD CMakeFiles/N7SIX.bandscope.dir/Drivers/PY32F071_HAL_Driver/Src/py32f071_ll_utils.c.obj
LOAD CMakeFiles/N7SIX.bandscope.dir/Drivers/PY32F071_HAL_Driver/Src/py32f071_ll_adc.c.obj
LOAD CMakeFiles/N7SIX.bandscope.dir/Drivers/PY32F071_HAL_Driver/Src/py32f071_ll_comp.c.obj
LOAD CMakeFiles/N7SIX.bandscope.dir/Drivers/PY32F071_HAL_Driver/Src/py32f071_ll_crc.c.obj
LOAD CMakeFiles/N7SIX.bandscope.dir/Drivers/PY32F071_HAL_Driver/Src/py32f071_ll_dac.c.obj
LOAD CMakeFiles/N7SIX.bandscope.dir/Drivers/PY32F071_HAL_Driver/Src/py32f071_ll_exti.c.obj
LOAD CMakeFiles/N7SIX.bandscope.dir/Drivers/PY32F071_HAL_Driver/Src/py32f071_ll_i2c.c.obj
LOAD CMakeFiles/N7SIX.bandscope.dir/Drivers/PY32F071_HAL_Driver/Src/py32f071_ll_rtc.c.obj
LOAD CMakeFiles/N7SIX.bandscope.dir/Drivers/PY32F071_HAL_Driver/Src/py32f071_ll_spi.c.obj
LOAD CMakeFiles/N7SIX.bandscope.dir/Drivers/PY32F071_HAL_Driver/Src/py32f071_ll_tim.c.obj
LOAD CMakeFiles/N7SIX.bandscope.dir/Drivers/PY32F071_HAL_Driver/Src/py32f071_ll_lptim.c.obj
LOAD CMakeFiles/N7SIX.bandscope.dir/Drivers/PY32F071_HAL_Driver/Src/py32f071_ll_usart.c.obj
LOAD CMakeFiles/N7SIX.bandscope.dir/App/driver/backlight.c.obj
LOAD CMakeFiles/N7SIX.bandscope.dir/App/driver/bk4829.c.obj
LOAD CMakeFiles/N7SIX.bandscope.dir/App/driver/py25q16.c.obj
LOAD CMakeFiles/N7SIX.bandscope.dir/App/driver/gpio.c.obj
LOAD CMakeFiles/N7SIX.bandscope.dir/App/driver/i2c.c.obj
LOAD CMakeFiles/N7SIX.bandscope.dir/App/driver/keyboard.c.obj
LOAD CMakeFiles/N7SIX.bandscope.dir/App/driver/st7565.c.obj
LOAD CMakeFiles/N7SIX.bandscope.dir/App/driver/system.c.obj
LOAD CMakeFiles/N7SIX.bandscope.dir/App/driver/systick.c.obj
LOAD CMakeFiles/N7SIX.bandscope.dir/App/app/action.c.obj
LOAD CMakeFiles/N7SIX.bandscope.dir/App/app/app.c.obj
LOAD CMakeFiles/N7SIX.bandscope.dir/App/app/chFrScanner.c.obj
LOAD CMakeFiles/N7SIX.bandscope.dir/App/app/common.c.obj
LOAD CMakeFiles/N7SIX.bandscope.dir/App/app/dtmf.c.obj
LOAD CMakeFiles/N7SIX.bandscope.dir/App/app/generic.c.obj
LOAD CMakeFiles/N7SIX.bandscope.dir/App/app/main.c.obj
LOAD CMakeFiles/N7SIX.bandscope.dir/App/app/menu.c.obj
LOAD CMakeFiles/N7SIX.bandscope.dir/App/app/scanner.c.obj
LOAD CMakeFiles/N7SIX.bandscope.dir/App/audio.c.obj
LOAD CMakeFiles/N7SIX.bandscope.dir/App/bitmaps.c.obj
LOAD CMakeFiles/N7SIX.bandscope.dir/App/board.c.obj
LOAD CMakeFiles/N7SIX.bandscope.dir/App/dcs.c.obj
LOAD CMakeFiles/N7SIX.bandscope.dir/App/font.c.obj
LOAD CMakeFiles/N7SIX.bandscope.dir/App/frequencies.c.obj
LOAD CMakeFiles/N7SIX.bandscope.dir/App/functions.c.obj
LOAD CMakeFiles/N7SIX.bandscope.dir/App/helper/battery.c.obj
LOAD CMakeFiles/N7SIX.bandscope.dir/App/helper/boot.c.obj
LOAD CMakeFiles/N7SIX.bandscope.dir/App/misc.c.obj
LOAD CMakeFiles/N7SIX.bandscope.dir/App/radio.c.obj
LOAD CMakeFiles/N7SIX.bandscope.dir/App/scheduler.c.obj
LOAD CMakeFiles/N7SIX.bandscope.dir/App/settings.c.obj
LOAD CMakeFiles/N7SIX.bandscope.dir/App/ui/battery.c.obj
LOAD CMakeFiles/N7SIX.bandscope.dir/App/ui/helper.c.obj
LOAD CMakeFiles/N7SIX.bandscope.dir/App/ui/inputbox.c.obj
LOAD CMakeFiles/N7SIX.bandscope.dir/App/ui/main.c.obj
LOAD CMakeFiles/N7SIX.bandscope.dir/App/ui/menu.c.obj
LOAD CMakeFiles/N7SIX.bandscope.dir/App/ui/scanner.c.obj
LOAD CMakeFiles/N7SIX.bandscope.dir/App/ui/status.c.obj
LOAD CMakeFiles/N7SIX.bandscope.dir/App/ui/ui.c.obj
LOAD CMakeFiles/N7SIX.bandscope.dir/App/ui/welcome.c.obj
LOAD CMakeFiles/N7SIX.bandscope.dir/App/version.c.obj
LOAD CMakeFiles/N7SIX.bandscope.dir/App/main.c.obj
LOAD CMakeFiles/N7SIX.bandscope.dir/App/external/printf/printf.c.obj
LOAD CMakeFiles/N7SIX.bandscope.dir/App/driver/crc.c.obj
LOAD CMakeFiles/N7SIX.bandscope.dir/App/driver/eeprom_compat.c.obj
LOAD CMakeFiles/N7SIX.bandscope.dir/App/driver/uart.c.obj
LOAD CMakeFiles/N7SIX.bandscope.dir/App/app/uart.c.obj
LOAD CMakeFiles/N7SIX.bandscope.dir/App/driver/vcp.c.obj
LOAD CMakeFiles/N7SIX.bandscope.dir/App/usb/usbd_cdc_if.c.obj
LOAD CMakeFiles/N7SIX.bandscope.dir/App/app/aircopy.c.obj
LOAD CMakeFiles/N7SIX.bandscope.dir/App/ui/aircopy.c.obj
LOAD CMakeFiles/N7SIX.bandscope.dir/App/app/flashlight.c.obj
LOAD CMakeFiles/N7SIX.bandscope.dir/App/app/spectrum.c.obj
LOAD CMakeFiles/N7SIX.bandscope.dir/App/screenshot.c.obj
LOAD CMakeFiles/N7SIX.bandscope.dir/Middlewares/CherryUSB/core/usbd_core.c.obj
LOAD CMakeFiles/N7SIX.bandscope.dir/Middlewares/CherryUSB/port/usb_dc_py32.c.obj
LOAD CMakeFiles/N7SIX.bandscope.dir/Middlewares/CherryUSB/class/cdc/usbd_cdc.c.obj
LOAD /opt/toolchain/bin/../lib/gcc/arm-none-eabi/13.3.1/../../../../arm-none-eabi/lib/thumb/v6-m/nofp/libm.a
START GROUP
LOAD /opt/toolchain/bin/../lib/gcc/arm-none-eabi/13.3.1/thumb/v6-m/nofp/libgcc.a
LOAD /opt/toolchain/bin/../lib/gcc/arm-none-eabi/13.3.1/../../../../arm-none-eabi/lib/thumb/v6-m/nofp/libg_nano.a
LOAD /opt/toolchain/bin/../lib/gcc/arm-none-eabi/13.3.1/../../../../arm-none-eabi/lib/thumb/v6-m/nofp/libc_nano.a
END GROUP
START GROUP
LOAD /opt/toolchain/bin/../lib/gcc/arm-none-eabi/13.3.1/thumb/v6-m/nofp/libgcc.a
LOAD /opt/toolchain/bin/../lib/gcc/arm-none-eabi/13.3.1/../../../../arm-none-eabi/lib/thumb/v6-m/nofp/libc_nano.a
END GROUP
LOAD /opt/toolchain/bin/../lib/gcc/arm-none-eabi/13.3.1/thumb/v6-m/nofp/crtend.o
LOAD /opt/toolchain/bin/../lib/gcc/arm-none-eabi/13.3.1/thumb/v6-m/nofp/crtn.o
                0x20004000                        _estack = (ORIGIN (RAM) + LENGTH (RAM))
                0x00000200                        _Min_Heap_Size = 0x200
                0x00000400                        _Min_Stack_Size = 0x400

.isr_vector     0x08002800       0xc0
                0x08002800                        . = ALIGN (0x4)
 *(.isr_vector)
 .isr_vector    0x08002800       0xc0 CMakeFiles/N7SIX.bandscope.dir/Core/startup_py32f071xx.s.obj
                0x08002800                g_pfnVectors
                0x080028c0                        . = ALIGN (0x4)

.text           0x080028c0    0x106ac
                0x080028c0                        . = ALIGN (0x4)
 *(.text)
 .text          0x080028c0       0x14 /opt/toolchain/bin/../lib/gcc/arm-none-eabi/13.3.1/thumb/v6-m/nofp/libgcc.a(_thumb1_case_sqi.o)
                0x080028c0                __gnu_thumb1_case_sqi
 .text          0x080028d4       0x14 /opt/toolchain/bin/../lib/gcc/arm-none-eabi/13.3.1/thumb/v6-m/nofp/libgcc.a(_thumb1_case_uqi.o)
                0x080028d4                __gnu_thumb1_case_uqi
 .text          0x080028e8       0x14 /opt/toolchain/bin/../lib/gcc/arm-none-eabi/13.3.1/thumb/v6-m/nofp/libgcc.a(_thumb1_case_shi.o)
                0x080028e8                __gnu_thumb1_case_shi
 .text          0x080028fc       0x14 /opt/toolchain/bin/../lib/gcc/arm-none-eabi/13.3.1/thumb/v6-m/nofp/libgcc.a(_thumb1_case_uhi.o)
                0x080028fc                __gnu_thumb1_case_uhi
 .text          0x08002910      0x114 /opt/toolchain/bin/../lib/gcc/arm-none-eabi/13.3.1/thumb/v6-m/nofp/libgcc.a(_udivsi3.o)
                0x08002910                __udivsi3
                0x08002910                __aeabi_uidiv
                0x08002a1c                __aeabi_uidivmod
 .text          0x08002a24      0x1d4 /opt/toolchain/bin/../lib/gcc/arm-none-eabi/13.3.1/thumb/v6-m/nofp/libgcc.a(_divsi3.o)
                0x08002a24                __aeabi_idiv
                0x08002a24                __divsi3
                0x08002bf0                __aeabi_idivmod
 .text          0x08002bf8        0x4 /opt/toolchain/bin/../lib/gcc/arm-none-eabi/13.3.1/thumb/v6-m/nofp/libgcc.a(_dvmd_tls.o)
                0x08002bf8                __aeabi_ldiv0
                0x08002bf8                __aeabi_idiv0
 .text          0x08002bfc       0x3c /opt/toolchain/bin/../lib/gcc/arm-none-eabi/13.3.1/thumb/v6-m/nofp/libgcc.a(_clzsi2.o)
                0x08002bfc                __clzsi2
 .text          0x08002c38        0xe /opt/toolchain/bin/../lib/gcc/arm-none-eabi/13.3.1/../../../../arm-none-eabi/lib/thumb/v6-m/nofp/libg_nano.a(libc_a-strlen.o)
                0x08002c38                strlen
 *(.text*)
 *fill*         0x08002c46        0x2 
 .text.deregister_tm_clones
                0x08002c48       0x20 /opt/toolchain/bin/../lib/gcc/arm-none-eabi/13.3.1/thumb/v6-m/nofp/crtbegin.o
 .text.register_tm_clones
                0x08002c68       0x28 /opt/toolchain/bin/../lib/gcc/arm-none-eabi/13.3.1/thumb/v6-m/nofp/crtbegin.o
 .text.__do_global_dtors_aux
                0x08002c90       0x2c /opt/toolchain/bin/../lib/gcc/arm-none-eabi/13.3.1/thumb/v6-m/nofp/crtbegin.o
 .text.frame_dummy
                0x08002cbc       0x24 /opt/toolchain/bin/../lib/gcc/arm-none-eabi/13.3.1/thumb/v6-m/nofp/crtbegin.o
 .text.startup.main
                0x08002ce0       0x3c CMakeFiles/N7SIX.bandscope.dir/Core/Src/main.c.obj
                0x08002ce0                main
 .text.NMI_Handler
                0x08002d1c        0x2 CMakeFiles/N7SIX.bandscope.dir/Core/Src/py32f071_it.c.obj
                0x08002d1c                NMI_Handler
 .text.HardFault_Handler
                0x08002d1e        0x2 CMakeFiles/N7SIX.bandscope.dir/Core/Src/py32f071_it.c.obj
                0x08002d1e                HardFault_Handler
 .text.SVC_Handler
                0x08002d20        0x2 CMakeFiles/N7SIX.bandscope.dir/Core/Src/py32f071_it.c.obj
                0x08002d20                SVC_Handler
 .text.PendSV_Handler
                0x08002d22        0x2 CMakeFiles/N7SIX.bandscope.dir/Core/Src/py32f071_it.c.obj
                0x08002d22                PendSV_Handler
 .text.SystemInit
                0x08002d24       0x10 CMakeFiles/N7SIX.bandscope.dir/Core/Src/system_py32f071.c.obj
                0x08002d24                SystemInit
 .text.Reset_Handler
                0x08002d34       0x50 CMakeFiles/N7SIX.bandscope.dir/Core/startup_py32f071xx.s.obj
                0x08002d34                Reset_Handler
 .text.Default_Handler
                0x08002d84        0x2 CMakeFiles/N7SIX.bandscope.dir/Core/startup_py32f071xx.s.obj
                0x08002d84                TIM1_CC_IRQHandler
                0x08002d84                PVD_IRQHandler
                0x08002d84                I2C1_IRQHandler
                0x08002d84                SPI1_IRQHandler
                0x08002d84                EXTI2_3_IRQHandler
                0x08002d84                I2C2_IRQHandler
                0x08002d84                TIM17_IRQHandler
                0x08002d84                USART3_IRQHandler
                0x08002d84                RTC_IRQHandler
                0x08002d84                LCD_IRQHandler
                0x08002d84                TIM16_IRQHandler
                0x08002d84                TIM3_IRQHandler
                0x08002d84                EXTI4_15_IRQHandler
                0x08002d84                RCC_IRQHandler
                0x08002d84                DMA1_Channel1_IRQHandler
                0x08002d84                Default_Handler
                0x08002d84                TIM14_IRQHandler
                0x08002d84                TIM7_IRQHandler
                0x08002d84                TIM15_IRQHandler
                0x08002d84                EXTI0_1_IRQHandler
                0x08002d84                SPI2_IRQHandler
                0x08002d84                WWDG_IRQHandler
                0x08002d84                TIM2_IRQHandler
                0x08002d84                DMA1_Channel2_3_IRQHandler
                0x08002d84                ADC_COMP_IRQHandler
                0x08002d84                USART2_IRQHandler
                0x08002d84                TIM6_LPTIM1_DAC_IRQHandler
                0x08002d84                FLASH_IRQHandler
                0x08002d84                USART1_IRQHandler
                0x08002d84                TIM1_BRK_UP_TRG_COM_IRQHandler
 *fill*         0x08002d86        0x2 
 .text.RCC_GetHCLKClockFreq
                0x08002d88       0x20 CMakeFiles/N7SIX.bandscope.dir/Drivers/PY32F071_HAL_Driver/Src/py32f071_ll_rcc.c.obj
                0x08002d88                RCC_GetHCLKClockFreq
 .text.RCC_GetPCLK1ClockFreq
                0x08002da8       0x20 CMakeFiles/N7SIX.bandscope.dir/Drivers/PY32F071_HAL_Driver/Src/py32f071_ll_rcc.c.obj
                0x08002da8                RCC_GetPCLK1ClockFreq
 .text.RCC_PLL_GetFreqDomain_SYS
                0x08002dc8       0x38 CMakeFiles/N7SIX.bandscope.dir/Drivers/PY32F071_HAL_Driver/Src/py32f071_ll_rcc.c.obj
                0x08002dc8                RCC_PLL_GetFreqDomain_SYS
 .text.RCC_GetSystemClockFreq
                0x08002e00       0x50 CMakeFiles/N7SIX.bandscope.dir/Drivers/PY32F071_HAL_Driver/Src/py32f071_ll_rcc.c.obj
                0x08002e00                RCC_GetSystemClockFreq
 .text.LL_RCC_GetSystemClocksFreq
                0x08002e50       0x18 CMakeFiles/N7SIX.bandscope.dir/Drivers/PY32F071_HAL_Driver/Src/py32f071_ll_rcc.c.obj
                0x08002e50                LL_RCC_GetSystemClocksFreq
 .text.LL_DMA_Init
                0x08002e68       0x4c CMakeFiles/N7SIX.bandscope.dir/Drivers/PY32F071_HAL_Driver/Src/py32f071_ll_dma.c.obj
                0x08002e68                LL_DMA_Init
 .text.LL_DMA_StructInit
                0x08002eb4       0x18 CMakeFiles/N7SIX.bandscope.dir/Drivers/PY32F071_HAL_Driver/Src/py32f071_ll_dma.c.obj
                0x08002eb4                LL_DMA_StructInit
 .text.LL_GPIO_Init
                0x08002ecc       0xa4 CMakeFiles/N7SIX.bandscope.dir/Drivers/PY32F071_HAL_Driver/Src/py32f071_ll_gpio.c.obj
                0x08002ecc                LL_GPIO_Init
 .text.LL_GPIO_StructInit
                0x08002f70       0x18 CMakeFiles/N7SIX.bandscope.dir/Drivers/PY32F071_HAL_Driver/Src/py32f071_ll_gpio.c.obj
                0x08002f70                LL_GPIO_StructInit
 .text.LL_SetSystemCoreClock
                0x08002f88        0xc CMakeFiles/N7SIX.bandscope.dir/Drivers/PY32F071_HAL_Driver/Src/py32f071_ll_utils.c.obj
                0x08002f88                LL_SetSystemCoreClock
 .text.LL_SPI_Init
                0x08002f94       0x68 CMakeFiles/N7SIX.bandscope.dir/Drivers/PY32F071_HAL_Driver/Src/py32f071_ll_spi.c.obj
                0x08002f94                LL_SPI_Init
 .text.LL_SPI_StructInit
                0x08002ffc       0x1a CMakeFiles/N7SIX.bandscope.dir/Drivers/PY32F071_HAL_Driver/Src/py32f071_ll_spi.c.obj
                0x08002ffc                LL_SPI_StructInit
 *fill*         0x08003016        0x2 
 .text.LL_USART_Init
                0x08003018       0xe4 CMakeFiles/N7SIX.bandscope.dir/Drivers/PY32F071_HAL_Driver/Src/py32f071_ll_usart.c.obj
                0x08003018                LL_USART_Init
 .text.LL_USART_StructInit
                0x080030fc       0x18 CMakeFiles/N7SIX.bandscope.dir/Drivers/PY32F071_HAL_Driver/Src/py32f071_ll_usart.c.obj
                0x080030fc                LL_USART_StructInit
 .text.BACKLIGHT_Sound
                0x08003114       0x28 CMakeFiles/N7SIX.bandscope.dir/App/driver/backlight.c.obj
 .text.BACKLIGHT_InitHardware
                0x0800313c       0xc4 CMakeFiles/N7SIX.bandscope.dir/App/driver/backlight.c.obj
                0x0800313c                BACKLIGHT_InitHardware
 .text.BACKLIGHT_IsOn
                0x08003200        0xc CMakeFiles/N7SIX.bandscope.dir/App/driver/backlight.c.obj
                0x08003200                BACKLIGHT_IsOn
 .text.BACKLIGHT_SetBrightness
                0x0800320c       0xbc CMakeFiles/N7SIX.bandscope.dir/App/driver/backlight.c.obj
                0x0800320c                BACKLIGHT_SetBrightness
 .text.BACKLIGHT_TurnOff
                0x080032c8       0x24 CMakeFiles/N7SIX.bandscope.dir/App/driver/backlight.c.obj
                0x080032c8                BACKLIGHT_TurnOff
 .text.BACKLIGHT_TurnOn
                0x080032ec       0x9c CMakeFiles/N7SIX.bandscope.dir/App/driver/backlight.c.obj
                0x080032ec                BACKLIGHT_TurnOn
 .text.BK4819_WriteU8
                0x08003388       0x54 CMakeFiles/N7SIX.bandscope.dir/App/driver/bk4829.c.obj
                0x08003388                BK4819_WriteU8
 .text.BK4819_ReadRegister
                0x080033dc       0x98 CMakeFiles/N7SIX.bandscope.dir/App/driver/bk4829.c.obj
                0x080033dc                BK4819_ReadRegister
 .text.BK4819_WriteU16
                0x08003474       0x54 CMakeFiles/N7SIX.bandscope.dir/App/driver/bk4829.c.obj
                0x08003474                BK4819_WriteU16
 .text.BK4819_WriteRegister
                0x080034c8       0x4c CMakeFiles/N7SIX.bandscope.dir/App/driver/bk4829.c.obj
                0x080034c8                BK4819_WriteRegister
 .text.BK4819_Init
                0x08003514      0x1d0 CMakeFiles/N7SIX.bandscope.dir/App/driver/bk4829.c.obj
                0x08003514                BK4819_Init
 .text.BK4819_SetAGC
                0x080036e4       0x30 CMakeFiles/N7SIX.bandscope.dir/App/driver/bk4829.c.obj
                0x080036e4                BK4819_SetAGC
 .text.BK4819_InitAGC
                0x08003714       0x64 CMakeFiles/N7SIX.bandscope.dir/App/driver/bk4829.c.obj
                0x08003714                BK4819_InitAGC
 .text.BK4819_ToggleGpioOut
                0x08003778       0x2c CMakeFiles/N7SIX.bandscope.dir/App/driver/bk4829.c.obj
                0x08003778                BK4819_ToggleGpioOut
 .text.BK4819_SetCDCSSCodeWord
                0x080037a4       0x38 CMakeFiles/N7SIX.bandscope.dir/App/driver/bk4829.c.obj
                0x080037a4                BK4819_SetCDCSSCodeWord
 .text.BK4819_SetCTCSSFrequency
                0x080037dc       0x48 CMakeFiles/N7SIX.bandscope.dir/App/driver/bk4829.c.obj
                0x080037dc                BK4819_SetCTCSSFrequency
 .text.BK4819_SetTailDetection
                0x08003824       0x24 CMakeFiles/N7SIX.bandscope.dir/App/driver/bk4829.c.obj
                0x08003824                BK4819_SetTailDetection
 .text.BK4819_SetFilterBandwidth
                0x08003848       0x1c CMakeFiles/N7SIX.bandscope.dir/App/driver/bk4829.c.obj
                0x08003848                BK4819_SetFilterBandwidth
 .text.BK4819_SetupPowerAmplifier
                0x08003864       0x20 CMakeFiles/N7SIX.bandscope.dir/App/driver/bk4829.c.obj
                0x08003864                BK4819_SetupPowerAmplifier
 .text.BK4819_SetFrequency
                0x08003884       0x16 CMakeFiles/N7SIX.bandscope.dir/App/driver/bk4829.c.obj
                0x08003884                BK4819_SetFrequency
 *fill*         0x0800389a        0x2 
 .text.BK4819_SetAF
                0x0800389c       0x14 CMakeFiles/N7SIX.bandscope.dir/App/driver/bk4829.c.obj
                0x0800389c                BK4819_SetAF
 .text.BK4819_SetRegValue
                0x080038b0       0x2e CMakeFiles/N7SIX.bandscope.dir/App/driver/bk4829.c.obj
                0x080038b0                BK4819_SetRegValue
 *fill*         0x080038de        0x2 
 .text.BK4819_RX_TurnOn
                0x080038e0       0x24 CMakeFiles/N7SIX.bandscope.dir/App/driver/bk4829.c.obj
                0x080038e0                BK4819_RX_TurnOn
 .text.BK4819_SetupSquelch
                0x08003904       0x56 CMakeFiles/N7SIX.bandscope.dir/App/driver/bk4829.c.obj
                0x08003904                BK4819_SetupSquelch
 *fill*         0x0800395a        0x2 
 .text.BK4819_PickRXFilterPathBasedOnFrequency
                0x0800395c       0x30 CMakeFiles/N7SIX.bandscope.dir/App/driver/bk4829.c.obj
                0x0800395c                BK4819_PickRXFilterPathBasedOnFrequency
 .text.BK4819_DisableScramble
                0x0800398c       0x1e CMakeFiles/N7SIX.bandscope.dir/App/driver/bk4829.c.obj
                0x0800398c                BK4819_DisableScramble
 *fill*         0x080039aa        0x2 
 .text.BK4819_SetCompander
                0x080039ac       0x54 CMakeFiles/N7SIX.bandscope.dir/App/driver/bk4829.c.obj
                0x080039ac                BK4819_SetCompander
 .text.BK4819_DisableVox
                0x08003a00       0x16 CMakeFiles/N7SIX.bandscope.dir/App/driver/bk4829.c.obj
                0x08003a00                BK4819_DisableVox
 .text.BK4819_DisableDTMF
                0x08003a16        0xc CMakeFiles/N7SIX.bandscope.dir/App/driver/bk4829.c.obj
                0x08003a16                BK4819_DisableDTMF
 *fill*         0x08003a22        0x2 
 .text.BK4819_EnableDTMF
                0x08003a24       0x1c CMakeFiles/N7SIX.bandscope.dir/App/driver/bk4829.c.obj
                0x08003a24                BK4819_EnableDTMF
 .text.BK4819_EnterTxMute
                0x08003a40       0x10 CMakeFiles/N7SIX.bandscope.dir/App/driver/bk4829.c.obj
                0x08003a40                BK4819_EnterTxMute
 .text.BK4819_PlayTone
                0x08003a50       0x58 CMakeFiles/N7SIX.bandscope.dir/App/driver/bk4829.c.obj
                0x08003a50                BK4819_PlayTone
 .text.BK4819_ExitTxMute
                0x08003aa8       0x10 CMakeFiles/N7SIX.bandscope.dir/App/driver/bk4829.c.obj
                0x08003aa8                BK4819_ExitTxMute
 .text.BK4819_Sleep
                0x08003ab8       0x16 CMakeFiles/N7SIX.bandscope.dir/App/driver/bk4829.c.obj
                0x08003ab8                BK4819_Sleep
 *fill*         0x08003ace        0x2 
 .text.BK4819_TurnsOffTones_TurnsOnRX
                0x08003ad0       0x2c CMakeFiles/N7SIX.bandscope.dir/App/driver/bk4829.c.obj
                0x08003ad0                BK4819_TurnsOffTones_TurnsOnRX
 .text.BK4819_SetupAircopy
                0x08003afc       0x44 CMakeFiles/N7SIX.bandscope.dir/App/driver/bk4829.c.obj
                0x08003afc                BK4819_SetupAircopy
 .text.BK4819_Idle
                0x08003b40        0xc CMakeFiles/N7SIX.bandscope.dir/App/driver/bk4829.c.obj
                0x08003b40                BK4819_Idle
 .text.BK4819_ResetFSK
                0x08003b4c       0x1e CMakeFiles/N7SIX.bandscope.dir/App/driver/bk4829.c.obj
                0x08003b4c                BK4819_ResetFSK
 .text.BK4819_ExitBypass
                0x08003b6a       0x20 CMakeFiles/N7SIX.bandscope.dir/App/driver/bk4829.c.obj
                0x08003b6a                BK4819_ExitBypass
 *fill*         0x08003b8a        0x2 
 .text.BK4819_TxOn_Beep
                0x08003b8c       0x38 CMakeFiles/N7SIX.bandscope.dir/App/driver/bk4829.c.obj
                0x08003b8c                BK4819_TxOn_Beep
 .text.BK4819_PrepareTransmit
                0x08003bc4       0x10 CMakeFiles/N7SIX.bandscope.dir/App/driver/bk4829.c.obj
                0x08003bc4                BK4819_PrepareTransmit
 .text.BK4819_ExitSubAu
                0x08003bd4        0xc CMakeFiles/N7SIX.bandscope.dir/App/driver/bk4829.c.obj
                0x08003bd4                BK4819_ExitSubAu
 .text.BK4819_Conditional_RX_TurnOn_and_GPIO6_Enable
                0x08003be0       0x1c CMakeFiles/N7SIX.bandscope.dir/App/driver/bk4829.c.obj
                0x08003be0                BK4819_Conditional_RX_TurnOn_and_GPIO6_Enable
 .text.BK4819_ExitDTMF_TX
                0x08003bfc       0x30 CMakeFiles/N7SIX.bandscope.dir/App/driver/bk4829.c.obj
                0x08003bfc                BK4819_ExitDTMF_TX
 .text.BK4819_EnableTXLink
                0x08003c2c       0x10 CMakeFiles/N7SIX.bandscope.dir/App/driver/bk4829.c.obj
                0x08003c2c                BK4819_EnableTXLink
 .text.BK4819_PlaySingleTone
                0x08003c3c       0x94 CMakeFiles/N7SIX.bandscope.dir/App/driver/bk4829.c.obj
                0x08003c3c                BK4819_PlaySingleTone
 .text.BK4819_EnterDTMF_TX
                0x08003cd0       0x2c CMakeFiles/N7SIX.bandscope.dir/App/driver/bk4829.c.obj
                0x08003cd0                BK4819_EnterDTMF_TX
 .text.BK4819_PlayDTMF
                0x08003cfc       0x7c CMakeFiles/N7SIX.bandscope.dir/App/driver/bk4829.c.obj
                0x08003cfc                BK4819_PlayDTMF
 .text.BK4819_PlayDTMFString
                0x08003d78       0x5a CMakeFiles/N7SIX.bandscope.dir/App/driver/bk4829.c.obj
                0x08003d78                BK4819_PlayDTMFString
 *fill*         0x08003dd2        0x2 
 .text.BK4819_TransmitTone
                0x08003dd4       0x48 CMakeFiles/N7SIX.bandscope.dir/App/driver/bk4829.c.obj
                0x08003dd4                BK4819_TransmitTone
 .text.BK4819_GenTail
                0x08003e1c       0x40 CMakeFiles/N7SIX.bandscope.dir/App/driver/bk4829.c.obj
                0x08003e1c                BK4819_GenTail
 .text.BK4819_PlayCDCSSTail
                0x08003e5c       0x18 CMakeFiles/N7SIX.bandscope.dir/App/driver/bk4829.c.obj
                0x08003e5c                BK4819_PlayCDCSSTail
 .text.BK4819_PlayCTCSSTail
                0x08003e74       0x18 CMakeFiles/N7SIX.bandscope.dir/App/driver/bk4829.c.obj
                0x08003e74                BK4819_PlayCTCSSTail
 .text.BK4819_GetRSSI
                0x08003e8c        0xe CMakeFiles/N7SIX.bandscope.dir/App/driver/bk4829.c.obj
                0x08003e8c                BK4819_GetRSSI
 .text.BK4819_GetRSSI_dBm
                0x08003e9a        0xe CMakeFiles/N7SIX.bandscope.dir/App/driver/bk4829.c.obj
                0x08003e9a                BK4819_GetRSSI_dBm
 .text.BK4819_GetVoiceAmplitudeOut
                0x08003ea8        0xa CMakeFiles/N7SIX.bandscope.dir/App/driver/bk4829.c.obj
                0x08003ea8                BK4819_GetVoiceAmplitudeOut
 *fill*         0x08003eb2        0x2 
 .text.BK4819_GetFrequencyScanResult
                0x08003eb4       0x30 CMakeFiles/N7SIX.bandscope.dir/App/driver/bk4829.c.obj
                0x08003eb4                BK4819_GetFrequencyScanResult
 .text.BK4819_GetCxCSSScanResult
                0x08003ee4       0x58 CMakeFiles/N7SIX.bandscope.dir/App/driver/bk4829.c.obj
                0x08003ee4                BK4819_GetCxCSSScanResult
 .text.BK4819_DisableFrequencyScan
                0x08003f3c        0xe CMakeFiles/N7SIX.bandscope.dir/App/driver/bk4829.c.obj
                0x08003f3c                BK4819_DisableFrequencyScan
 *fill*         0x08003f4a        0x2 
 .text.BK4819_EnableFrequencyScan
                0x08003f4c       0x10 CMakeFiles/N7SIX.bandscope.dir/App/driver/bk4829.c.obj
                0x08003f4c                BK4819_EnableFrequencyScan
 .text.BK4819_SetScanFrequency
                0x08003f5c       0x16 CMakeFiles/N7SIX.bandscope.dir/App/driver/bk4829.c.obj
                0x08003f5c                BK4819_SetScanFrequency
 .text.BK4819_Disable
                0x08003f72        0x8 CMakeFiles/N7SIX.bandscope.dir/App/driver/bk4829.c.obj
                0x08003f72                BK4819_Disable
 .text.BK4819_StopScan
                0x08003f7a        0xc CMakeFiles/N7SIX.bandscope.dir/App/driver/bk4829.c.obj
                0x08003f7a                BK4819_StopScan
 .text.BK4819_GetDTMF_5TONE_Code
                0x08003f86        0xe CMakeFiles/N7SIX.bandscope.dir/App/driver/bk4829.c.obj
                0x08003f86                BK4819_GetDTMF_5TONE_Code
 .text.BK4819_GetCDCSSCodeType
                0x08003f94        0xe CMakeFiles/N7SIX.bandscope.dir/App/driver/bk4829.c.obj
                0x08003f94                BK4819_GetCDCSSCodeType
 .text.BK4819_GetCTCType
                0x08003fa2        0xe CMakeFiles/N7SIX.bandscope.dir/App/driver/bk4829.c.obj
                0x08003fa2                BK4819_GetCTCType
 .text.BK4819_SendFSKData
                0x08003fb0       0x7c CMakeFiles/N7SIX.bandscope.dir/App/driver/bk4829.c.obj
                0x08003fb0                BK4819_SendFSKData
 .text.BK4819_PrepareFSKReceive
                0x0800402c       0x40 CMakeFiles/N7SIX.bandscope.dir/App/driver/bk4829.c.obj
                0x0800402c                BK4819_PrepareFSKReceive
 .text.BK4819_PlayRogerMDC
                0x0800406c       0x78 CMakeFiles/N7SIX.bandscope.dir/App/driver/bk4829.c.obj
                0x0800406c                BK4819_PlayRogerMDC
 .text.BK4819_PlayRoger
                0x080040e4       0x80 CMakeFiles/N7SIX.bandscope.dir/App/driver/bk4829.c.obj
                0x080040e4                BK4819_PlayRoger
 .text.BK4819_PlayDTMFEx
                0x08004164       0x3c CMakeFiles/N7SIX.bandscope.dir/App/driver/bk4829.c.obj
                0x08004164                BK4819_PlayDTMFEx
 .text.SPI_WriteByte
                0x080041a0       0x20 CMakeFiles/N7SIX.bandscope.dir/App/driver/py25q16.c.obj
 .text.WriteAddr
                0x080041c0       0x1c CMakeFiles/N7SIX.bandscope.dir/App/driver/py25q16.c.obj
 .text.WaitWIP  0x080041dc       0x30 CMakeFiles/N7SIX.bandscope.dir/App/driver/py25q16.c.obj
 .text.SectorErase
                0x0800420c       0x2e CMakeFiles/N7SIX.bandscope.dir/App/driver/py25q16.c.obj
 *fill*         0x0800423a        0x2 
 .text.SectorProgram
                0x0800423c      0x12c CMakeFiles/N7SIX.bandscope.dir/App/driver/py25q16.c.obj
 .text.PY25Q16_Init
                0x08004368       0xf0 CMakeFiles/N7SIX.bandscope.dir/App/driver/py25q16.c.obj
                0x08004368                PY25Q16_Init
 .text.PY25Q16_ReadBuffer
                0x08004458       0xf4 CMakeFiles/N7SIX.bandscope.dir/App/driver/py25q16.c.obj
                0x08004458                PY25Q16_ReadBuffer
 .text.PY25Q16_WriteBuffer
                0x0800454c       0xdc CMakeFiles/N7SIX.bandscope.dir/App/driver/py25q16.c.obj
                0x0800454c                PY25Q16_WriteBuffer
 .text.PY25Q16_SectorErase
                0x08004628       0x2c CMakeFiles/N7SIX.bandscope.dir/App/driver/py25q16.c.obj
                0x08004628                PY25Q16_SectorErase
 .text.DMA1_Channel4_5_6_7_IRQHandler
                0x08004654       0x64 CMakeFiles/N7SIX.bandscope.dir/App/driver/py25q16.c.obj
                0x08004654                DMA1_Channel4_5_6_7_IRQHandler
 .text.KEYBOARD_Poll
                0x080046b8       0x8c CMakeFiles/N7SIX.bandscope.dir/App/driver/keyboard.c.obj
                0x080046b8                KEYBOARD_Poll
 .text.SPI_WriteByte.isra.0
                0x08004744       0x1c CMakeFiles/N7SIX.bandscope.dir/App/driver/st7565.c.obj
 .text.map      0x08004760       0x1c CMakeFiles/N7SIX.bandscope.dir/App/driver/st7565.c.obj
                0x08004760                map
 .text.ST7565_Gauge
                0x0800477c       0x50 CMakeFiles/N7SIX.bandscope.dir/App/driver/st7565.c.obj
                0x0800477c                ST7565_Gauge
 .text.ST7565_HardwareReset
                0x080047cc        0x2 CMakeFiles/N7SIX.bandscope.dir/App/driver/st7565.c.obj
                0x080047cc                ST7565_HardwareReset
 .text.ST7565_SelectColumnAndLine
                0x080047ce       0x28 CMakeFiles/N7SIX.bandscope.dir/App/driver/st7565.c.obj
                0x080047ce                ST7565_SelectColumnAndLine
 .text.DrawLine
                0x080047f6       0x30 CMakeFiles/N7SIX.bandscope.dir/App/driver/st7565.c.obj
 *fill*         0x08004826        0x2 
 .text.ST7565_DrawLine
                0x08004828       0x18 CMakeFiles/N7SIX.bandscope.dir/App/driver/st7565.c.obj
                0x08004828                ST7565_DrawLine
 .text.ST7565_WriteByte
                0x08004840       0x10 CMakeFiles/N7SIX.bandscope.dir/App/driver/st7565.c.obj
                0x08004840                ST7565_WriteByte
 .text.ST7565_BlitScreen
                0x08004850       0x5c CMakeFiles/N7SIX.bandscope.dir/App/driver/st7565.c.obj
 .text.ST7565_BlitFullScreen
                0x080048ac        0xa CMakeFiles/N7SIX.bandscope.dir/App/driver/st7565.c.obj
                0x080048ac                ST7565_BlitFullScreen
 .text.ST7565_BlitLine
                0x080048b6        0xc CMakeFiles/N7SIX.bandscope.dir/App/driver/st7565.c.obj
                0x080048b6                ST7565_BlitLine
 .text.ST7565_BlitStatusLine
                0x080048c2        0xa CMakeFiles/N7SIX.bandscope.dir/App/driver/st7565.c.obj
                0x080048c2                ST7565_BlitStatusLine
 .text.ST7565_FillScreen
                0x080048cc       0x54 CMakeFiles/N7SIX.bandscope.dir/App/driver/st7565.c.obj
                0x080048cc                ST7565_FillScreen
 .text.ST7565_Cmd
                0x08004920       0x34 CMakeFiles/N7SIX.bandscope.dir/App/driver/st7565.c.obj
 .text.ST7565_FixInterfGlitch
                0x08004954       0x24 CMakeFiles/N7SIX.bandscope.dir/App/driver/st7565.c.obj
                0x08004954                ST7565_FixInterfGlitch
 .text.ST7565_ContrastAndInv
                0x08004978       0x28 CMakeFiles/N7SIX.bandscope.dir/App/driver/st7565.c.obj
                0x08004978                ST7565_ContrastAndInv
 .text.ST7565_Init
                0x080049a0      0x10c CMakeFiles/N7SIX.bandscope.dir/App/driver/st7565.c.obj
                0x080049a0                ST7565_Init
 .text.ST7565_ShutDown
                0x08004aac       0x24 CMakeFiles/N7SIX.bandscope.dir/App/driver/st7565.c.obj
                0x08004aac                ST7565_ShutDown
 .text.SYSTEM_DelayMs
                0x08004ad0        0xe CMakeFiles/N7SIX.bandscope.dir/App/driver/system.c.obj
                0x08004ad0                SYSTEM_DelayMs
 *fill*         0x08004ade        0x2 
 .text.SYSTICK_Init
                0x08004ae0       0x40 CMakeFiles/N7SIX.bandscope.dir/App/driver/systick.c.obj
                0x08004ae0                SYSTICK_Init
 .text.SYSTICK_DelayUs
                0x08004b20       0x34 CMakeFiles/N7SIX.bandscope.dir/App/driver/systick.c.obj
                0x08004b20                SYSTICK_DelayUs
 .text.ACTION_Power
                0x08004b54       0x34 CMakeFiles/N7SIX.bandscope.dir/App/app/action.c.obj
                0x08004b54                ACTION_Power
 .text.ACTION_SwitchDemodul
                0x08004b88       0x24 CMakeFiles/N7SIX.bandscope.dir/App/app/action.c.obj
                0x08004b88                ACTION_SwitchDemodul
 .text.ACTION_Ptt
                0x08004bac       0x10 CMakeFiles/N7SIX.bandscope.dir/App/app/action.c.obj
                0x08004bac                ACTION_Ptt
 .text.ACTION_BackLight
                0x08004bbc       0x28 CMakeFiles/N7SIX.bandscope.dir/App/app/action.c.obj
                0x08004bbc                ACTION_BackLight
 .text.ACTION_Mute
                0x08004be4       0x48 CMakeFiles/N7SIX.bandscope.dir/App/app/action.c.obj
                0x08004be4                ACTION_Mute
 .text.ACTION_Monitor
                0x08004c2c       0x74 CMakeFiles/N7SIX.bandscope.dir/App/app/action.c.obj
                0x08004c2c                ACTION_Monitor
 .text.ACTION_Wn
                0x08004ca0       0x5c CMakeFiles/N7SIX.bandscope.dir/App/app/action.c.obj
                0x08004ca0                ACTION_Wn
 .text.ACTION_1750
                0x08004cfc       0x48 CMakeFiles/N7SIX.bandscope.dir/App/app/action.c.obj
 .text.ACTION_Scan
                0x08004d44       0xd0 CMakeFiles/N7SIX.bandscope.dir/App/app/action.c.obj
                0x08004d44                ACTION_Scan
 .text.ACTION_ScanRestart
                0x08004e14        0xa CMakeFiles/N7SIX.bandscope.dir/App/app/action.c.obj
 *fill*         0x08004e1e        0x2 
 .text.ACTION_Handle
                0x08004e20       0xd0 CMakeFiles/N7SIX.bandscope.dir/App/app/action.c.obj
                0x08004e20                ACTION_Handle
 .text.ACTION_Update
                0x08004ef0       0x20 CMakeFiles/N7SIX.bandscope.dir/App/app/action.c.obj
                0x08004ef0                ACTION_Update
 .text.ACTION_RxMode
                0x08004f10       0x34 CMakeFiles/N7SIX.bandscope.dir/App/app/action.c.obj
                0x08004f10                ACTION_RxMode
 .text.ACTION_MainOnly
                0x08004f44       0x40 CMakeFiles/N7SIX.bandscope.dir/App/app/action.c.obj
                0x08004f44                ACTION_MainOnly
 .text.ACTION_BackLightOnDemand
                0x08004f84       0x48 CMakeFiles/N7SIX.bandscope.dir/App/app/action.c.obj
                0x08004f84                ACTION_BackLightOnDemand
 .text.DualwatchAlternate
                0x08004fcc       0x58 CMakeFiles/N7SIX.bandscope.dir/App/app/app.c.obj
 .text.HandleReceive
                0x08005024      0x1f0 CMakeFiles/N7SIX.bandscope.dir/App/app/app.c.obj
 .text.CheckForIncoming
                0x08005214       0x9c CMakeFiles/N7SIX.bandscope.dir/App/app/app.c.obj
 .text.HandlePowerSave
                0x080052b0       0x14 CMakeFiles/N7SIX.bandscope.dir/App/app/app.c.obj
 .text.APP_StartListening
                0x080052c4      0x104 CMakeFiles/N7SIX.bandscope.dir/App/app/app.c.obj
                0x080052c4                APP_StartListening
 .text.HandleIncoming
                0x080053c8       0xa4 CMakeFiles/N7SIX.bandscope.dir/App/app/app.c.obj
 .text.APP_SetFreqByStepAndLimits
                0x0800546c       0x2c CMakeFiles/N7SIX.bandscope.dir/App/app/app.c.obj
                0x0800546c                APP_SetFreqByStepAndLimits
 .text.APP_SetFrequencyByStep
                0x08005498       0x1c CMakeFiles/N7SIX.bandscope.dir/App/app/app.c.obj
                0x08005498                APP_SetFrequencyByStep
 .text.APP_EndTransmission
                0x080054b4       0x28 CMakeFiles/N7SIX.bandscope.dir/App/app/app.c.obj
                0x080054b4                APP_EndTransmission
 .text.cancelUserInputModes
                0x080054dc       0x7c CMakeFiles/N7SIX.bandscope.dir/App/app/app.c.obj
                0x080054dc                cancelUserInputModes
 .text.ProcessKey
                0x08005558      0x624 CMakeFiles/N7SIX.bandscope.dir/App/app/app.c.obj
 .text.APP_Update
                0x08005b7c      0x374 CMakeFiles/N7SIX.bandscope.dir/App/app/app.c.obj
                0x08005b7c                APP_Update
 .text.APP_TimeSlice10ms
                0x08005ef0      0x534 CMakeFiles/N7SIX.bandscope.dir/App/app/app.c.obj
                0x08005ef0                APP_TimeSlice10ms
 .text.APP_TimeSlice500ms
                0x08006424      0x404 CMakeFiles/N7SIX.bandscope.dir/App/app/app.c.obj
                0x08006424                APP_TimeSlice500ms
 .text.NextMemChannel
                0x08006828      0x10c CMakeFiles/N7SIX.bandscope.dir/App/app/chFrScanner.c.obj
 .text.NextFreqChannel
                0x08006934       0x60 CMakeFiles/N7SIX.bandscope.dir/App/app/chFrScanner.c.obj
 .text.CHFRSCANNER_Start
                0x08006994       0xb4 CMakeFiles/N7SIX.bandscope.dir/App/app/chFrScanner.c.obj
                0x08006994                CHFRSCANNER_Start
 .text.CHFRSCANNER_ContinueScanning
                0x08006a48       0x6c CMakeFiles/N7SIX.bandscope.dir/App/app/chFrScanner.c.obj
                0x08006a48                CHFRSCANNER_ContinueScanning
 .text.CHFRSCANNER_Found
                0x08006ab4       0x78 CMakeFiles/N7SIX.bandscope.dir/App/app/chFrScanner.c.obj
                0x08006ab4                CHFRSCANNER_Found
 .text.CHFRSCANNER_Stop
                0x08006b2c       0xb4 CMakeFiles/N7SIX.bandscope.dir/App/app/chFrScanner.c.obj
                0x08006b2c                CHFRSCANNER_Stop
 .text.COMMON_KeypadLockToggle
                0x08006be0       0x30 CMakeFiles/N7SIX.bandscope.dir/App/app/common.c.obj
                0x08006be0                COMMON_KeypadLockToggle
 .text.COMMON_SwitchVFOs
                0x08006c10       0x54 CMakeFiles/N7SIX.bandscope.dir/App/app/common.c.obj
                0x08006c10                COMMON_SwitchVFOs
 .text.COMMON_SwitchVFOMode
                0x08006c64       0x50 CMakeFiles/N7SIX.bandscope.dir/App/app/common.c.obj
                0x08006c64                COMMON_SwitchVFOMode
 .text.DTMF_SendEndOfTransmission
                0x08006cb4       0xa4 CMakeFiles/N7SIX.bandscope.dir/App/app/dtmf.c.obj
                0x08006cb4                DTMF_SendEndOfTransmission
 .text.DTMF_ValidateCodes
                0x08006d58       0x50 CMakeFiles/N7SIX.bandscope.dir/App/app/dtmf.c.obj
                0x08006d58                DTMF_ValidateCodes
 .text.DTMF_GetCharacter
                0x08006da8       0x20 CMakeFiles/N7SIX.bandscope.dir/App/app/dtmf.c.obj
                0x08006da8                DTMF_GetCharacter
 .text.DTMF_clear_input_box
                0x08006dc8       0x24 CMakeFiles/N7SIX.bandscope.dir/App/app/dtmf.c.obj
                0x08006dc8                DTMF_clear_input_box
 .text.DTMF_Append
                0x08006dec       0x34 CMakeFiles/N7SIX.bandscope.dir/App/app/dtmf.c.obj
                0x08006dec                DTMF_Append
 .text.DTMF_Reply
                0x08006e20       0xb8 CMakeFiles/N7SIX.bandscope.dir/App/app/dtmf.c.obj
                0x08006e20                DTMF_Reply
 .text.GENERIC_Key_F
                0x08006ed8       0x70 CMakeFiles/N7SIX.bandscope.dir/App/app/generic.c.obj
                0x08006ed8                GENERIC_Key_F
 .text.GENERIC_Key_PTT
                0x08006f48      0x164 CMakeFiles/N7SIX.bandscope.dir/App/app/generic.c.obj
                0x08006f48                GENERIC_Key_PTT
 .text.processFKeyFunction
                0x080070ac      0x35c CMakeFiles/N7SIX.bandscope.dir/App/app/main.c.obj
 .text.MAIN_Key_UP_DOWN.part.0
                0x08007408       0xd8 CMakeFiles/N7SIX.bandscope.dir/App/app/main.c.obj
 .text.channelMove
                0x080074e0       0x50 CMakeFiles/N7SIX.bandscope.dir/App/app/main.c.obj
                0x080074e0                channelMove
 .text.channelMoveSwitch
                0x08007530       0x68 CMakeFiles/N7SIX.bandscope.dir/App/app/main.c.obj
                0x08007530                channelMoveSwitch
 .text.MAIN_ProcessKeys
                0x08007598      0x56c CMakeFiles/N7SIX.bandscope.dir/App/app/main.c.obj
                0x08007598                MAIN_ProcessKeys
 .text.MENU_StartCssScan
                0x08007b04       0x24 CMakeFiles/N7SIX.bandscope.dir/App/app/menu.c.obj
                0x08007b04                MENU_StartCssScan
 .text.MENU_StopCssScan
                0x08007b28       0x20 CMakeFiles/N7SIX.bandscope.dir/App/app/menu.c.obj
                0x08007b28                MENU_StopCssScan
 .text.MENU_GetLimits
                0x08007b48       0xe4 CMakeFiles/N7SIX.bandscope.dir/App/app/menu.c.obj
                0x08007b48                MENU_GetLimits
 .text.MENU_Key_UP_DOWN
                0x08007c2c      0x1c8 CMakeFiles/N7SIX.bandscope.dir/App/app/menu.c.obj
 .text.MENU_AcceptSetting
                0x08007df4      0x58c CMakeFiles/N7SIX.bandscope.dir/App/app/menu.c.obj
                0x08007df4                MENU_AcceptSetting
 .text.MENU_ShowCurrentSetting
                0x08008380      0x3ec CMakeFiles/N7SIX.bandscope.dir/App/app/menu.c.obj
                0x08008380                MENU_ShowCurrentSetting
 .text.MENU_CssScanFound
                0x0800876c       0x3c CMakeFiles/N7SIX.bandscope.dir/App/app/menu.c.obj
                0x0800876c                MENU_CssScanFound
 .text.MENU_ProcessKeys
                0x080087a8      0x550 CMakeFiles/N7SIX.bandscope.dir/App/app/menu.c.obj
                0x080087a8                MENU_ProcessKeys
 .text.SCANNER_Key_UP_DOWN
                0x08008cf8       0x68 CMakeFiles/N7SIX.bandscope.dir/App/app/scanner.c.obj
 .text.SCANNER_Start
                0x08008d60      0x100 CMakeFiles/N7SIX.bandscope.dir/App/app/scanner.c.obj
                0x08008d60                SCANNER_Start
 .text.SCANNER_IsScanning
                0x08008e60       0x20 CMakeFiles/N7SIX.bandscope.dir/App/app/scanner.c.obj
                0x08008e60                SCANNER_IsScanning
 .text.SCANNER_Stop
                0x08008e80       0x50 CMakeFiles/N7SIX.bandscope.dir/App/app/scanner.c.obj
                0x08008e80                SCANNER_Stop
 .text.SCANNER_ProcessKeys
                0x08008ed0      0x2bc CMakeFiles/N7SIX.bandscope.dir/App/app/scanner.c.obj
                0x08008ed0                SCANNER_ProcessKeys
 .text.SCANNER_TimeSlice10ms
                0x0800918c      0x184 CMakeFiles/N7SIX.bandscope.dir/App/app/scanner.c.obj
                0x0800918c                SCANNER_TimeSlice10ms
 .text.SCANNER_TimeSlice500ms
                0x08009310       0x48 CMakeFiles/N7SIX.bandscope.dir/App/app/scanner.c.obj
                0x08009310                SCANNER_TimeSlice500ms
 .text.AUDIO_PlayBeep
                0x08009358      0x148 CMakeFiles/N7SIX.bandscope.dir/App/audio.c.obj
                0x08009358                AUDIO_PlayBeep
 .text.BOARD_GPIO_Init
                0x080094a0       0xbc CMakeFiles/N7SIX.bandscope.dir/App/board.c.obj
                0x080094a0                BOARD_GPIO_Init
 .text.BOARD_ADC_Init
                0x0800955c      0x1bc CMakeFiles/N7SIX.bandscope.dir/App/board.c.obj
                0x0800955c                BOARD_ADC_Init
 .text.BOARD_ADC_GetBatteryInfo
                0x08009718       0x2c CMakeFiles/N7SIX.bandscope.dir/App/board.c.obj
                0x08009718                BOARD_ADC_GetBatteryInfo
 .text.BOARD_Init
                0x08009744       0x1c CMakeFiles/N7SIX.bandscope.dir/App/board.c.obj
                0x08009744                BOARD_Init
 .text.DCS_GetGolayCodeWord
                0x08009760       0x4c CMakeFiles/N7SIX.bandscope.dir/App/dcs.c.obj
                0x08009760                DCS_GetGolayCodeWord
 .text.DCS_GetCdcssCode
                0x080097ac       0x5c CMakeFiles/N7SIX.bandscope.dir/App/dcs.c.obj
                0x080097ac                DCS_GetCdcssCode
 .text.DCS_GetCtcssCode
                0x08009808       0x2c CMakeFiles/N7SIX.bandscope.dir/App/dcs.c.obj
                0x08009808                DCS_GetCtcssCode
 .text.FREQUENCY_GetStepIdxFromSortedIdx
                0x08009834        0xc CMakeFiles/N7SIX.bandscope.dir/App/frequencies.c.obj
                0x08009834                FREQUENCY_GetStepIdxFromSortedIdx
 .text.FREQUENCY_GetSortedIdxFromStepIdx
                0x08009840       0x1c CMakeFiles/N7SIX.bandscope.dir/App/frequencies.c.obj
                0x08009840                FREQUENCY_GetSortedIdxFromStepIdx
 .text.FREQUENCY_GetBand
                0x0800985c       0x1c CMakeFiles/N7SIX.bandscope.dir/App/frequencies.c.obj
                0x0800985c                FREQUENCY_GetBand
 .text.FREQUENCY_CalculateOutputPower
                0x08009878       0x36 CMakeFiles/N7SIX.bandscope.dir/App/frequencies.c.obj
                0x08009878                FREQUENCY_CalculateOutputPower
 *fill*         0x080098ae        0x2 
 .text.FREQUENCY_RoundToStep
                0x080098b0       0x64 CMakeFiles/N7SIX.bandscope.dir/App/frequencies.c.obj
                0x080098b0                FREQUENCY_RoundToStep
 .text.TX_freq_check
                0x08009914      0x1a4 CMakeFiles/N7SIX.bandscope.dir/App/frequencies.c.obj
                0x08009914                TX_freq_check
 .text.RX_freq_check
                0x08009ab8       0x34 CMakeFiles/N7SIX.bandscope.dir/App/frequencies.c.obj
                0x08009ab8                RX_freq_check
 .text.FUNCTION_IsRx
                0x08009aec       0x18 CMakeFiles/N7SIX.bandscope.dir/App/functions.c.obj
                0x08009aec                FUNCTION_IsRx
 .text.FUNCTION_Init
                0x08009b04       0x84 CMakeFiles/N7SIX.bandscope.dir/App/functions.c.obj
                0x08009b04                FUNCTION_Init
 .text.FUNCTION_Foreground
                0x08009b88       0x28 CMakeFiles/N7SIX.bandscope.dir/App/functions.c.obj
                0x08009b88                FUNCTION_Foreground
 .text.FUNCTION_PowerSave
                0x08009bb0       0x80 CMakeFiles/N7SIX.bandscope.dir/App/functions.c.obj
                0x08009bb0                FUNCTION_PowerSave
 .text.FUNCTION_Transmit
                0x08009c30       0xc0 CMakeFiles/N7SIX.bandscope.dir/App/functions.c.obj
                0x08009c30                FUNCTION_Transmit
 .text.FUNCTION_Select
                0x08009cf0       0xc4 CMakeFiles/N7SIX.bandscope.dir/App/functions.c.obj
                0x08009cf0                FUNCTION_Select
 .text.BATTERY_VoltsToPercent
                0x08009db4       0x7c CMakeFiles/N7SIX.bandscope.dir/App/helper/battery.c.obj
                0x08009db4                BATTERY_VoltsToPercent
 .text.BATTERY_GetReadings
                0x08009e30      0x154 CMakeFiles/N7SIX.bandscope.dir/App/helper/battery.c.obj
                0x08009e30                BATTERY_GetReadings
 .text.BATTERY_TimeSlice500ms
                0x08009f84       0xb4 CMakeFiles/N7SIX.bandscope.dir/App/helper/battery.c.obj
                0x08009f84                BATTERY_TimeSlice500ms
 .text.BOOT_GetMode
                0x0800a038       0x64 CMakeFiles/N7SIX.bandscope.dir/App/helper/boot.c.obj
                0x0800a038                BOOT_GetMode
 .text.BOOT_ProcessMode
                0x0800a09c       0x90 CMakeFiles/N7SIX.bandscope.dir/App/helper/boot.c.obj
                0x0800a09c                BOOT_ProcessMode
 .text.FUNCTION_NOP
                0x0800a12c        0x2 CMakeFiles/N7SIX.bandscope.dir/App/misc.c.obj
                0x0800a12c                FUNCTION_NOP
 *fill*         0x0800a12e        0x2 
 .text.NUMBER_AddWithWraparound
                0x0800a130       0x20 CMakeFiles/N7SIX.bandscope.dir/App/misc.c.obj
                0x0800a130                NUMBER_AddWithWraparound
 .text.StrToUL  0x0800a150       0x2a CMakeFiles/N7SIX.bandscope.dir/App/misc.c.obj
                0x0800a150                StrToUL
 *fill*         0x0800a17a        0x2 
 .text.RADIO_SelectCurrentVfo
                0x0800a17c       0x2c CMakeFiles/N7SIX.bandscope.dir/App/radio.c.obj
 .text.RADIO_CheckValidChannel
                0x0800a1a8       0x84 CMakeFiles/N7SIX.bandscope.dir/App/radio.c.obj
                0x0800a1a8                RADIO_CheckValidChannel
 .text.RADIO_FindNextChannel
                0x0800a22c       0x3c CMakeFiles/N7SIX.bandscope.dir/App/radio.c.obj
                0x0800a22c                RADIO_FindNextChannel
 .text.RADIO_ConfigureSquelchAndOutputPower
                0x0800a268      0x1d4 CMakeFiles/N7SIX.bandscope.dir/App/radio.c.obj
                0x0800a268                RADIO_ConfigureSquelchAndOutputPower
 .text.RADIO_InitInfo
                0x0800a43c       0x6c CMakeFiles/N7SIX.bandscope.dir/App/radio.c.obj
                0x0800a43c                RADIO_InitInfo
 .text.RADIO_ApplyOffset
                0x0800a4a8       0x1c CMakeFiles/N7SIX.bandscope.dir/App/radio.c.obj
                0x0800a4a8                RADIO_ApplyOffset
 .text.RADIO_ConfigureChannel
                0x0800a4c4      0x38c CMakeFiles/N7SIX.bandscope.dir/App/radio.c.obj
                0x0800a4c4                RADIO_ConfigureChannel
 .text.RADIO_SelectVfos
                0x0800a850       0x44 CMakeFiles/N7SIX.bandscope.dir/App/radio.c.obj
                0x0800a850                RADIO_SelectVfos
 .text.RADIO_SetTxParameters
                0x0800a894       0xe4 CMakeFiles/N7SIX.bandscope.dir/App/radio.c.obj
                0x0800a894                RADIO_SetTxParameters
 .text.RADIO_SetupAGC
                0x0800a978       0x38 CMakeFiles/N7SIX.bandscope.dir/App/radio.c.obj
                0x0800a978                RADIO_SetupAGC
 .text.RADIO_SetupRegisters
                0x0800a9b0      0x1cc CMakeFiles/N7SIX.bandscope.dir/App/radio.c.obj
                0x0800a9b0                RADIO_SetupRegisters
 .text.RADIO_SetModulation
                0x0800ab7c      0x110 CMakeFiles/N7SIX.bandscope.dir/App/radio.c.obj
                0x0800ab7c                RADIO_SetModulation
 .text.RADIO_SetVfoState
                0x0800ac8c       0x4c CMakeFiles/N7SIX.bandscope.dir/App/radio.c.obj
                0x0800ac8c                RADIO_SetVfoState
 .text.RADIO_PrepareTX
                0x0800acd8      0x140 CMakeFiles/N7SIX.bandscope.dir/App/radio.c.obj
                0x0800acd8                RADIO_PrepareTX
 .text.RADIO_SendCssTail
                0x0800ae18       0x28 CMakeFiles/N7SIX.bandscope.dir/App/radio.c.obj
                0x0800ae18                RADIO_SendCssTail
 .text.RADIO_SendEndOfTransmission
                0x0800ae40       0x24 CMakeFiles/N7SIX.bandscope.dir/App/radio.c.obj
                0x0800ae40                RADIO_SendEndOfTransmission
 .text.SysTick_Handler
                0x0800ae64      0x1d8 CMakeFiles/N7SIX.bandscope.dir/App/scheduler.c.obj
                0x0800ae64                SysTick_Handler
 .text.SETTINGS_InitEEPROM
                0x0800b03c      0x58c CMakeFiles/N7SIX.bandscope.dir/App/settings.c.obj
                0x0800b03c                SETTINGS_InitEEPROM
 .text.SETTINGS_LoadCalibration
                0x0800b5c8      0x138 CMakeFiles/N7SIX.bandscope.dir/App/settings.c.obj
                0x0800b5c8                SETTINGS_LoadCalibration
 .text.SETTINGS_FetchChannelFrequency
                0x0800b700       0x10 CMakeFiles/N7SIX.bandscope.dir/App/settings.c.obj
                0x0800b700                SETTINGS_FetchChannelFrequency
 .text.SETTINGS_FetchChannelName
                0x0800b710       0x52 CMakeFiles/N7SIX.bandscope.dir/App/settings.c.obj
                0x0800b710                SETTINGS_FetchChannelName
 *fill*         0x0800b762        0x2 
 .text.SETTINGS_FactoryReset
                0x0800b764       0xac CMakeFiles/N7SIX.bandscope.dir/App/settings.c.obj
                0x0800b764                SETTINGS_FactoryReset
 .text.SETTINGS_SaveVfoIndices
                0x0800b810       0x3c CMakeFiles/N7SIX.bandscope.dir/App/settings.c.obj
                0x0800b810                SETTINGS_SaveVfoIndices
 .text.SETTINGS_SaveSettings
                0x0800b84c      0x340 CMakeFiles/N7SIX.bandscope.dir/App/settings.c.obj
                0x0800b84c                SETTINGS_SaveSettings
 .text.SETTINGS_SaveBatteryCalibration
                0x0800bb8c       0x14 CMakeFiles/N7SIX.bandscope.dir/App/settings.c.obj
                0x0800bb8c                SETTINGS_SaveBatteryCalibration
 .text.SETTINGS_SaveChannelName
                0x0800bba0       0x44 CMakeFiles/N7SIX.bandscope.dir/App/settings.c.obj
                0x0800bba0                SETTINGS_SaveChannelName
 .text.SETTINGS_UpdateChannel
                0x0800bbe4       0xc4 CMakeFiles/N7SIX.bandscope.dir/App/settings.c.obj
                0x0800bbe4                SETTINGS_UpdateChannel
 .text.SETTINGS_SaveChannel
                0x0800bca8       0xd0 CMakeFiles/N7SIX.bandscope.dir/App/settings.c.obj
                0x0800bca8                SETTINGS_SaveChannel
 .text.SETTINGS_WriteBuildOptions
                0x0800bd78       0x28 CMakeFiles/N7SIX.bandscope.dir/App/settings.c.obj
                0x0800bd78                SETTINGS_WriteBuildOptions
 .text.SETTINGS_WriteCurrentState
                0x0800bda0       0x44 CMakeFiles/N7SIX.bandscope.dir/App/settings.c.obj
                0x0800bda0                SETTINGS_WriteCurrentState
 .text.SETTINGS_ResetTxLock
                0x0800bde4       0x46 CMakeFiles/N7SIX.bandscope.dir/App/settings.c.obj
                0x0800bde4                SETTINGS_ResetTxLock
 *fill*         0x0800be2a        0x2 
 .text.UI_DrawBattery
                0x0800be2c       0x50 CMakeFiles/N7SIX.bandscope.dir/App/ui/battery.c.obj
                0x0800be2c                UI_DrawBattery
 .text.UI_DisplayBattery
                0x0800be7c       0x1c CMakeFiles/N7SIX.bandscope.dir/App/ui/battery.c.obj
                0x0800be7c                UI_DisplayBattery
 .text.UI_GenerateChannelStringEx
                0x0800be98       0x60 CMakeFiles/N7SIX.bandscope.dir/App/ui/helper.c.obj
                0x0800be98                UI_GenerateChannelStringEx
 .text.UI_PrintStringBuffer
                0x0800bef8       0x4c CMakeFiles/N7SIX.bandscope.dir/App/ui/helper.c.obj
                0x0800bef8                UI_PrintStringBuffer
 .text.UI_PrintString
                0x0800bf44       0x90 CMakeFiles/N7SIX.bandscope.dir/App/ui/helper.c.obj
                0x0800bf44                UI_PrintString
 .text.UI_PrintStringSmall
                0x0800bfd4       0x40 CMakeFiles/N7SIX.bandscope.dir/App/ui/helper.c.obj
                0x0800bfd4                UI_PrintStringSmall
 .text.UI_PrintStringSmallNormal
                0x0800c014       0x14 CMakeFiles/N7SIX.bandscope.dir/App/ui/helper.c.obj
                0x0800c014                UI_PrintStringSmallNormal
 .text.UI_PrintStringSmallBold
                0x0800c028       0x14 CMakeFiles/N7SIX.bandscope.dir/App/ui/helper.c.obj
                0x0800c028                UI_PrintStringSmallBold
 .text.UI_PrintStringSmallBufferNormal
                0x0800c03c       0x10 CMakeFiles/N7SIX.bandscope.dir/App/ui/helper.c.obj
                0x0800c03c                UI_PrintStringSmallBufferNormal
 .text.UI_DisplayFrequency
                0x0800c04c       0xcc CMakeFiles/N7SIX.bandscope.dir/App/ui/helper.c.obj
                0x0800c04c                UI_DisplayFrequency
 .text.UI_DrawPixelBuffer
                0x0800c118       0x2e CMakeFiles/N7SIX.bandscope.dir/App/ui/helper.c.obj
                0x0800c118                UI_DrawPixelBuffer
 *fill*         0x0800c146        0x2 
 .text.PutPixel
                0x0800c148       0x18 CMakeFiles/N7SIX.bandscope.dir/App/ui/helper.c.obj
                0x0800c148                PutPixel
 .text.PutPixelStatus
                0x0800c160       0x18 CMakeFiles/N7SIX.bandscope.dir/App/ui/helper.c.obj
                0x0800c160                PutPixelStatus
 .text.GUI_DisplaySmallest
                0x0800c178       0x7c CMakeFiles/N7SIX.bandscope.dir/App/ui/helper.c.obj
                0x0800c178                GUI_DisplaySmallest
 .text.UI_DrawLineBuffer
                0x0800c1f4       0x94 CMakeFiles/N7SIX.bandscope.dir/App/ui/helper.c.obj
                0x0800c1f4                UI_DrawLineBuffer
 .text.UI_DisplayClear
                0x0800c288       0x14 CMakeFiles/N7SIX.bandscope.dir/App/ui/helper.c.obj
                0x0800c288                UI_DisplayClear
 .text.UI_DisplayPopup
                0x0800c29c       0x2c CMakeFiles/N7SIX.bandscope.dir/App/ui/helper.c.obj
                0x0800c29c                UI_DisplayPopup
 .text.INPUTBOX_Append
                0x0800c2c8       0x30 CMakeFiles/N7SIX.bandscope.dir/App/ui/inputbox.c.obj
                0x0800c2c8                INPUTBOX_Append
 .text.INPUTBOX_GetAscii
                0x0800c2f8       0x28 CMakeFiles/N7SIX.bandscope.dir/App/ui/inputbox.c.obj
                0x0800c2f8                INPUTBOX_GetAscii
 .text.DrawLevelBar
                0x0800c320       0x88 CMakeFiles/N7SIX.bandscope.dir/App/ui/main.c.obj
 .text.log2_approx
                0x0800c3a8       0x10 CMakeFiles/N7SIX.bandscope.dir/App/ui/main.c.obj
                0x0800c3a8                log2_approx
 .text.UI_DisplayAudioBar
                0x0800c3b8       0xdc CMakeFiles/N7SIX.bandscope.dir/App/ui/main.c.obj
                0x0800c3b8                UI_DisplayAudioBar
 .text.DisplayRSSIBar
                0x0800c494      0x1e0 CMakeFiles/N7SIX.bandscope.dir/App/ui/main.c.obj
                0x0800c494                DisplayRSSIBar
 .text.UI_MAIN_TimeSlice500ms
                0x0800c674       0xa4 CMakeFiles/N7SIX.bandscope.dir/App/ui/main.c.obj
                0x0800c674                UI_MAIN_TimeSlice500ms
 .text.UI_DisplayMain
                0x0800c718      0xca4 CMakeFiles/N7SIX.bandscope.dir/App/ui/main.c.obj
                0x0800c718                UI_DisplayMain
 .text.UI_MENU_GetCurrentMenuId
                0x0800d3bc       0x1c CMakeFiles/N7SIX.bandscope.dir/App/ui/menu.c.obj
                0x0800d3bc                UI_MENU_GetCurrentMenuId
 .text.UI_MENU_GetMenuIdx
                0x0800d3d8       0x20 CMakeFiles/N7SIX.bandscope.dir/App/ui/menu.c.obj
                0x0800d3d8                UI_MENU_GetMenuIdx
 .text.UI_DisplayMenu
                0x0800d3f8      0xae8 CMakeFiles/N7SIX.bandscope.dir/App/ui/menu.c.obj
                0x0800d3f8                UI_DisplayMenu
 .text.UI_DisplayScanner
                0x0800dee0      0x194 CMakeFiles/N7SIX.bandscope.dir/App/ui/scanner.c.obj
                0x0800dee0                UI_DisplayScanner
 .text.convertTime.constprop.0
                0x0800e074       0x64 CMakeFiles/N7SIX.bandscope.dir/App/ui/status.c.obj
 .text.UI_DisplayStatus
                0x0800e0d8      0x288 CMakeFiles/N7SIX.bandscope.dir/App/ui/status.c.obj
                0x0800e0d8                UI_DisplayStatus
 .text.GUI_DisplayScreen
                0x0800e360       0x1c CMakeFiles/N7SIX.bandscope.dir/App/ui/ui.c.obj
                0x0800e360                GUI_DisplayScreen
 .text.GUI_SelectNextDisplay
                0x0800e37c       0x74 CMakeFiles/N7SIX.bandscope.dir/App/ui/ui.c.obj
                0x0800e37c                GUI_SelectNextDisplay
 .text.UI_DisplayReleaseKeys
                0x0800e3f0       0x48 CMakeFiles/N7SIX.bandscope.dir/App/ui/welcome.c.obj
                0x0800e3f0                UI_DisplayReleaseKeys
 .text.UI_DisplayWelcome
                0x0800e438      0x190 CMakeFiles/N7SIX.bandscope.dir/App/ui/welcome.c.obj
                0x0800e438                UI_DisplayWelcome
 .text.Main     0x0800e5c8      0x310 CMakeFiles/N7SIX.bandscope.dir/App/main.c.obj
                0x0800e5c8                Main
 .text._out_buffer
                0x0800e8d8        0x8 CMakeFiles/N7SIX.bandscope.dir/App/external/printf/printf.c.obj
 .text._out_null
                0x0800e8e0        0x2 CMakeFiles/N7SIX.bandscope.dir/App/external/printf/printf.c.obj
 .text._ntoa_long
                0x0800e8e2      0x1c2 CMakeFiles/N7SIX.bandscope.dir/App/external/printf/printf.c.obj
 .text._vsnprintf
                0x0800eaa4      0x42c CMakeFiles/N7SIX.bandscope.dir/App/external/printf/printf.c.obj
 .text.sprintf_
                0x0800eed0       0x28 CMakeFiles/N7SIX.bandscope.dir/App/external/printf/printf.c.obj
                0x0800eed0                sprintf_
 .text.CRC_Init
                0x0800eef8        0x2 CMakeFiles/N7SIX.bandscope.dir/App/driver/crc.c.obj
                0x0800eef8                CRC_Init
 *fill*         0x0800eefa        0x2 
 .text.CRC_Calculate
                0x0800eefc       0x3c CMakeFiles/N7SIX.bandscope.dir/App/driver/crc.c.obj
                0x0800eefc                CRC_Calculate
 .text.AddrTranslate
                0x0800ef38       0x70 CMakeFiles/N7SIX.bandscope.dir/App/driver/eeprom_compat.c.obj
 .text.EEPROM_ReadBuffer
                0x0800efa8       0x52 CMakeFiles/N7SIX.bandscope.dir/App/driver/eeprom_compat.c.obj
                0x0800efa8                EEPROM_ReadBuffer
 .text.EEPROM_WriteBuffer
                0x0800effa       0x4a CMakeFiles/N7SIX.bandscope.dir/App/driver/eeprom_compat.c.obj
                0x0800effa                EEPROM_WriteBuffer
 .text.UART_Init
                0x0800f044      0x130 CMakeFiles/N7SIX.bandscope.dir/App/driver/uart.c.obj
                0x0800f044                UART_Init
 .text.UART_Send
                0x0800f174       0x20 CMakeFiles/N7SIX.bandscope.dir/App/driver/uart.c.obj
                0x0800f174                UART_Send
 .text.UART_IsCableConnected
                0x0800f194       0x24 CMakeFiles/N7SIX.bandscope.dir/App/driver/uart.c.obj
                0x0800f194                UART_IsCableConnected
 .text.SendReply
                0x0800f1b8       0xd0 CMakeFiles/N7SIX.bandscope.dir/App/app/uart.c.obj
 .text.UART_IsCommandAvailable
                0x0800f288      0x184 CMakeFiles/N7SIX.bandscope.dir/App/app/uart.c.obj
                0x0800f288                UART_IsCommandAvailable
 .text.UART_HandleCommand
                0x0800f40c      0x1dc CMakeFiles/N7SIX.bandscope.dir/App/app/uart.c.obj
                0x0800f40c                UART_HandleCommand
 .text.VCP_Init
                0x0800f5e8       0x74 CMakeFiles/N7SIX.bandscope.dir/App/driver/vcp.c.obj
                0x0800f5e8                VCP_Init
 .text.usbd_cdc_acm_bulk_out
                0x0800f65c       0x68 CMakeFiles/N7SIX.bandscope.dir/App/usb/usbd_cdc_if.c.obj
                0x0800f65c                usbd_cdc_acm_bulk_out
 .text.usbd_cdc_acm_bulk_in
                0x0800f6c4       0x28 CMakeFiles/N7SIX.bandscope.dir/App/usb/usbd_cdc_if.c.obj
                0x0800f6c4                usbd_cdc_acm_bulk_in
 .text.usbd_configure_done_callback
                0x0800f6ec       0x14 CMakeFiles/N7SIX.bandscope.dir/App/usb/usbd_cdc_if.c.obj
                0x0800f6ec                usbd_configure_done_callback
 .text.cdc_acm_init
                0x0800f700       0x60 CMakeFiles/N7SIX.bandscope.dir/App/usb/usbd_cdc_if.c.obj
                0x0800f700                cdc_acm_init
 .text.usbd_cdc_acm_set_dtr
                0x0800f760       0x14 CMakeFiles/N7SIX.bandscope.dir/App/usb/usbd_cdc_if.c.obj
                0x0800f760                usbd_cdc_acm_set_dtr
 .text.cdc_acm_data_send_with_dtr_async
                0x0800f774       0x12 CMakeFiles/N7SIX.bandscope.dir/App/usb/usbd_cdc_if.c.obj
                0x0800f774                cdc_acm_data_send_with_dtr_async
 *fill*         0x0800f786        0x2 
 .text.AIRCOPY_clear
                0x0800f788       0x18 CMakeFiles/N7SIX.bandscope.dir/App/app/aircopy.c.obj
 .text.AIRCOPY_SendMessage
                0x0800f7a0       0xb4 CMakeFiles/N7SIX.bandscope.dir/App/app/aircopy.c.obj
                0x0800f7a0                AIRCOPY_SendMessage
 .text.AIRCOPY_StorePacket
                0x0800f854       0xe0 CMakeFiles/N7SIX.bandscope.dir/App/app/aircopy.c.obj
                0x0800f854                AIRCOPY_StorePacket
 .text.AIRCOPY_ProcessKeys
                0x0800f934      0x158 CMakeFiles/N7SIX.bandscope.dir/App/app/aircopy.c.obj
                0x0800f934                AIRCOPY_ProcessKeys
 .text.UI_DisplayAircopy
                0x0800fa8c      0x1f8 CMakeFiles/N7SIX.bandscope.dir/App/ui/aircopy.c.obj
                0x0800fa8c                UI_DisplayAircopy
 .text.ACTION_FlashLight
                0x0800fc84       0x24 CMakeFiles/N7SIX.bandscope.dir/App/app/flashlight.c.obj
                0x0800fc84                ACTION_FlashLight
 .text.FastRandom
                0x0800fca8       0x20 CMakeFiles/N7SIX.bandscope.dir/App/app/spectrum.c.obj
 .text.Rssi2DBm
                0x0800fcc8       0x1c CMakeFiles/N7SIX.bandscope.dir/App/app/spectrum.c.obj
 .text.ResetScanStats
                0x0800fce4       0x14 CMakeFiles/N7SIX.bandscope.dir/App/app/spectrum.c.obj
 .text.UpdatePeakInfo
                0x0800fcf8       0x90 CMakeFiles/N7SIX.bandscope.dir/App/app/spectrum.c.obj
 .text.MapMeasurementToDisplay
                0x0800fd88       0x20 CMakeFiles/N7SIX.bandscope.dir/App/app/spectrum.c.obj
 .text.GetCentroidFrequency
                0x0800fda8       0x94 CMakeFiles/N7SIX.bandscope.dir/App/app/spectrum.c.obj
 .text.SetRssiHistory
                0x0800fe3c       0x28 CMakeFiles/N7SIX.bandscope.dir/App/app/spectrum.c.obj
 .text.ToggleListeningBW
                0x0800fe64       0x20 CMakeFiles/N7SIX.bandscope.dir/App/app/spectrum.c.obj
 .text.GetRegMenuValue
                0x0800fe84       0x20 CMakeFiles/N7SIX.bandscope.dir/App/app/spectrum.c.obj
 .text.RestoreRegisters
                0x0800fea4       0x2c CMakeFiles/N7SIX.bandscope.dir/App/app/spectrum.c.obj
 .text.SetF     0x0800fed0       0x30 CMakeFiles/N7SIX.bandscope.dir/App/app/spectrum.c.obj
 .text.TuneToPeak
                0x0800ff00       0x28 CMakeFiles/N7SIX.bandscope.dir/App/app/spectrum.c.obj
 .text.ResetBlacklist
                0x0800ff28       0x3c CMakeFiles/N7SIX.bandscope.dir/App/app/spectrum.c.obj
 .text.ToggleBacklight
                0x0800ff64       0x20 CMakeFiles/N7SIX.bandscope.dir/App/app/spectrum.c.obj
 .text.DrawF    0x0800ff84       0xfc CMakeFiles/N7SIX.bandscope.dir/App/app/spectrum.c.obj
 .text.SetBandLed.part.0.constprop.0
                0x08010080       0x3c CMakeFiles/N7SIX.bandscope.dir/App/app/spectrum.c.obj
 .text.UpdateDBMax
                0x080100bc       0x70 CMakeFiles/N7SIX.bandscope.dir/App/app/spectrum.c.obj
 .text.SYSTEM_DelayUs
                0x0801012c       0x12 CMakeFiles/N7SIX.bandscope.dir/App/app/spectrum.c.obj
                0x0801012c                SYSTEM_DelayUs
 .text.DrawLine
                0x0801013e       0x8c CMakeFiles/N7SIX.bandscope.dir/App/app/spectrum.c.obj
                0x0801013e                DrawLine
 *fill*         0x080101ca        0x2 
 .text.LockAGC  0x080101cc       0x24 CMakeFiles/N7SIX.bandscope.dir/App/app/spectrum.c.obj
                0x080101cc                LockAGC
 .text.SetRegMenuValue
                0x080101f0       0x78 CMakeFiles/N7SIX.bandscope.dir/App/app/spectrum.c.obj
 .text.IsPeakOverLevel
                0x08010268       0x1c CMakeFiles/N7SIX.bandscope.dir/App/app/spectrum.c.obj
                0x08010268                IsPeakOverLevel
 .text.GetScanStep
                0x08010284       0x14 CMakeFiles/N7SIX.bandscope.dir/App/app/spectrum.c.obj
                0x08010284                GetScanStep
 .text.GetStepsCount
                0x08010298       0x38 CMakeFiles/N7SIX.bandscope.dir/App/app/spectrum.c.obj
                0x08010298                GetStepsCount
 .text.GetDisplayWidth
                0x080102d0       0x38 CMakeFiles/N7SIX.bandscope.dir/App/app/spectrum.c.obj
 .text.UpdateWaterfall
                0x08010308       0xf4 CMakeFiles/N7SIX.bandscope.dir/App/app/spectrum.c.obj
 .text.SpecIdxToX
                0x080103fc       0x1e CMakeFiles/N7SIX.bandscope.dir/App/app/spectrum.c.obj
 .text.GetBW    0x0801041a       0x10 CMakeFiles/N7SIX.bandscope.dir/App/app/spectrum.c.obj
                0x0801041a                GetBW
 *fill*         0x0801042a        0x2 
 .text.GetFStart
                0x0801042c       0x38 CMakeFiles/N7SIX.bandscope.dir/App/app/spectrum.c.obj
                0x0801042c                GetFStart
 .text.InitScan
                0x08010464       0x24 CMakeFiles/N7SIX.bandscope.dir/App/app/spectrum.c.obj
 .text.GetFEnd  0x08010488       0x3c CMakeFiles/N7SIX.bandscope.dir/App/app/spectrum.c.obj
                0x08010488                GetFEnd
 .text.GetBWRegValueForScan
                0x080104c4       0x14 CMakeFiles/N7SIX.bandscope.dir/App/app/spectrum.c.obj
                0x080104c4                GetBWRegValueForScan
 .text.ToggleRX
                0x080104d8      0x128 CMakeFiles/N7SIX.bandscope.dir/App/app/spectrum.c.obj
 .text.GetRssi  0x08010600       0x1e CMakeFiles/N7SIX.bandscope.dir/App/app/spectrum.c.obj
                0x08010600                GetRssi
 *fill*         0x0801061e        0x2 
 .text.Measure  0x08010620       0x20 CMakeFiles/N7SIX.bandscope.dir/App/app/spectrum.c.obj
 .text.RelaunchScan
                0x08010640       0x30 CMakeFiles/N7SIX.bandscope.dir/App/app/spectrum.c.obj
 .text.ToggleModulation
                0x08010670       0x2c CMakeFiles/N7SIX.bandscope.dir/App/app/spectrum.c.obj
 .text.UpdateFreqChangeStep
                0x0801069c       0x80 CMakeFiles/N7SIX.bandscope.dir/App/app/spectrum.c.obj
 .text.UpdateCurrentFreq
                0x0801071c       0x6c CMakeFiles/N7SIX.bandscope.dir/App/app/spectrum.c.obj
 .text.SetState
                0x08010788       0x3c CMakeFiles/N7SIX.bandscope.dir/App/app/spectrum.c.obj
                0x08010788                SetState
 .text.FreqInput
                0x080107c4       0x3c CMakeFiles/N7SIX.bandscope.dir/App/app/spectrum.c.obj
 .text.UpdateFreqInput
                0x08010800      0x19c CMakeFiles/N7SIX.bandscope.dir/App/app/spectrum.c.obj
 .text.Rssi2PX  0x0801099c       0x74 CMakeFiles/N7SIX.bandscope.dir/App/app/spectrum.c.obj
                0x0801099c                Rssi2PX
 .text.Rssi2Y   0x08010a10       0x12 CMakeFiles/N7SIX.bandscope.dir/App/app/spectrum.c.obj
                0x08010a10                Rssi2Y
 *fill*         0x08010a22        0x2 
 .text.RenderSpectrum
                0x08010a24      0x5d0 CMakeFiles/N7SIX.bandscope.dir/App/app/spectrum.c.obj
 .text.UpdateRssiTriggerLevel
                0x08010ff4       0x30 CMakeFiles/N7SIX.bandscope.dir/App/app/spectrum.c.obj
                0x08010ff4                UpdateRssiTriggerLevel
 .text.OnKeyDownStill
                0x08011024      0x114 CMakeFiles/N7SIX.bandscope.dir/App/app/spectrum.c.obj
                0x08011024                OnKeyDownStill
 .text.APP_RunSpectrum
                0x08011138      0xe00 CMakeFiles/N7SIX.bandscope.dir/App/app/spectrum.c.obj
                0x08011138                APP_RunSpectrum
 .text.getScreenShot
                0x08011f38      0x1a4 CMakeFiles/N7SIX.bandscope.dir/App/screenshot.c.obj
                0x08011f38                getScreenShot
 .text.usbd_class_event_notify_handler
                0x080120dc       0x24 CMakeFiles/N7SIX.bandscope.dir/Middlewares/CherryUSB/core/usbd_core.c.obj
 .text.usbd_set_endpoint
                0x08012100       0x2c CMakeFiles/N7SIX.bandscope.dir/Middlewares/CherryUSB/core/usbd_core.c.obj
 .text.usbd_setup_request_handler.constprop.0
                0x0801212c      0x380 CMakeFiles/N7SIX.bandscope.dir/Middlewares/CherryUSB/core/usbd_core.c.obj
 .text.usbd_event_resume_handler
                0x080124ac        0xc CMakeFiles/N7SIX.bandscope.dir/Middlewares/CherryUSB/core/usbd_core.c.obj
                0x080124ac                usbd_event_resume_handler
 .text.usbd_event_suspend_handler
                0x080124b8        0xc CMakeFiles/N7SIX.bandscope.dir/Middlewares/CherryUSB/core/usbd_core.c.obj
                0x080124b8                usbd_event_suspend_handler
 .text.usbd_event_reset_handler
                0x080124c4       0x38 CMakeFiles/N7SIX.bandscope.dir/Middlewares/CherryUSB/core/usbd_core.c.obj
                0x080124c4                usbd_event_reset_handler
 .text.usbd_event_ep0_setup_complete_handler
                0x080124fc       0x94 CMakeFiles/N7SIX.bandscope.dir/Middlewares/CherryUSB/core/usbd_core.c.obj
                0x080124fc                usbd_event_ep0_setup_complete_handler
 .text.usbd_event_ep_in_complete_handler
                0x08012590       0x58 CMakeFiles/N7SIX.bandscope.dir/Middlewares/CherryUSB/core/usbd_core.c.obj
                0x08012590                usbd_event_ep_in_complete_handler
 .text.usbd_event_ep_out_complete_handler
                0x080125e8       0x64 CMakeFiles/N7SIX.bandscope.dir/Middlewares/CherryUSB/core/usbd_core.c.obj
                0x080125e8                usbd_event_ep_out_complete_handler
 .text.usbd_desc_register
                0x0801264c       0x14 CMakeFiles/N7SIX.bandscope.dir/Middlewares/CherryUSB/core/usbd_core.c.obj
                0x0801264c                usbd_desc_register
 .text.usbd_add_interface
                0x08012660       0x2c CMakeFiles/N7SIX.bandscope.dir/Middlewares/CherryUSB/core/usbd_core.c.obj
                0x08012660                usbd_add_interface
 .text.usbd_add_endpoint
                0x0801268c       0x2c CMakeFiles/N7SIX.bandscope.dir/Middlewares/CherryUSB/core/usbd_core.c.obj
                0x0801268c                usbd_add_endpoint
 .text.usbd_initialize
                0x080126b8        0x8 CMakeFiles/N7SIX.bandscope.dir/Middlewares/CherryUSB/core/usbd_core.c.obj
                0x080126b8                usbd_initialize
 .text.pyusb_write_packet
                0x080126c0       0x20 CMakeFiles/N7SIX.bandscope.dir/Middlewares/CherryUSB/port/usb_dc_py32.c.obj
 .text.usbd_ep0_set_zlp_flag
                0x080126e0        0xc CMakeFiles/N7SIX.bandscope.dir/Middlewares/CherryUSB/port/usb_dc_py32.c.obj
                0x080126e0                usbd_ep0_set_zlp_flag
 .text.usb_dc_low_level_init
                0x080126ec        0x2 CMakeFiles/N7SIX.bandscope.dir/Middlewares/CherryUSB/port/usb_dc_py32.c.obj
                0x080126ec                usb_dc_low_level_init
 *fill*         0x080126ee        0x2 
 .text.usb_dc_init
                0x080126f0       0x20 CMakeFiles/N7SIX.bandscope.dir/Middlewares/CherryUSB/port/usb_dc_py32.c.obj
                0x080126f0                usb_dc_init
 .text.usbd_set_address
                0x08012710       0x18 CMakeFiles/N7SIX.bandscope.dir/Middlewares/CherryUSB/port/usb_dc_py32.c.obj
                0x08012710                usbd_set_address
 .text.usbd_ep_open
                0x08012728      0x124 CMakeFiles/N7SIX.bandscope.dir/Middlewares/CherryUSB/port/usb_dc_py32.c.obj
                0x08012728                usbd_ep_open
 .text.usbd_ep_close
                0x0801284c        0x4 CMakeFiles/N7SIX.bandscope.dir/Middlewares/CherryUSB/port/usb_dc_py32.c.obj
                0x0801284c                usbd_ep_close
 .text.usbd_ep_set_stall
                0x08012850       0x4c CMakeFiles/N7SIX.bandscope.dir/Middlewares/CherryUSB/port/usb_dc_py32.c.obj
                0x08012850                usbd_ep_set_stall
 .text.usbd_ep_clear_stall
                0x0801289c       0x50 CMakeFiles/N7SIX.bandscope.dir/Middlewares/CherryUSB/port/usb_dc_py32.c.obj
                0x0801289c                usbd_ep_clear_stall
 .text.usbd_ep_is_stalled
                0x080128ec       0x34 CMakeFiles/N7SIX.bandscope.dir/Middlewares/CherryUSB/port/usb_dc_py32.c.obj
                0x080128ec                usbd_ep_is_stalled
 .text.usbd_ep_start_write
                0x08012920      0x10c CMakeFiles/N7SIX.bandscope.dir/Middlewares/CherryUSB/port/usb_dc_py32.c.obj
                0x08012920                usbd_ep_start_write
 .text.usbd_ep_start_read
                0x08012a2c       0x94 CMakeFiles/N7SIX.bandscope.dir/Middlewares/CherryUSB/port/usb_dc_py32.c.obj
                0x08012a2c                usbd_ep_start_read
 .text.USB_IRQHandler
                0x08012ac0      0x2a8 CMakeFiles/N7SIX.bandscope.dir/Middlewares/CherryUSB/port/usb_dc_py32.c.obj
                0x08012ac0                USB_IRQHandler
 .text.cdc_notify_handler
                0x08012d68        0x2 CMakeFiles/N7SIX.bandscope.dir/Middlewares/CherryUSB/class/cdc/usbd_cdc.c.obj
 *fill*         0x08012d6a        0x2 
 .text.usbd_cdc_acm_init_intf
                0x08012d6c       0x18 CMakeFiles/N7SIX.bandscope.dir/Middlewares/CherryUSB/class/cdc/usbd_cdc.c.obj
                0x08012d6c                usbd_cdc_acm_init_intf
 .text.usbd_cdc_acm_set_line_coding
                0x08012d84        0x2 CMakeFiles/N7SIX.bandscope.dir/Middlewares/CherryUSB/class/cdc/usbd_cdc.c.obj
                0x08012d84                usbd_cdc_acm_set_line_coding
 .text.usbd_cdc_acm_get_line_coding
                0x08012d86       0x1c CMakeFiles/N7SIX.bandscope.dir/Middlewares/CherryUSB/class/cdc/usbd_cdc.c.obj
                0x08012d86                usbd_cdc_acm_get_line_coding
 .text.usbd_cdc_acm_set_rts
                0x08012da2        0x2 CMakeFiles/N7SIX.bandscope.dir/Middlewares/CherryUSB/class/cdc/usbd_cdc.c.obj
                0x08012da2                usbd_cdc_acm_set_rts
 .text.cdc_acm_class_interface_request_handler
                0x08012da4       0x70 CMakeFiles/N7SIX.bandscope.dir/Middlewares/CherryUSB/class/cdc/usbd_cdc.c.obj
 .text.__muldi3
                0x08012e14       0x5c /opt/toolchain/bin/../lib/gcc/arm-none-eabi/13.3.1/thumb/v6-m/nofp/libgcc.a(_muldi3.o)
                0x08012e14                __aeabi_lmul
                0x08012e14                __muldi3
 .text.__libc_init_array
                0x08012e70       0x48 /opt/toolchain/bin/../lib/gcc/arm-none-eabi/13.3.1/../../../../arm-none-eabi/lib/thumb/v6-m/nofp/libg_nano.a(libc_a-init.o)
                0x08012e70                __libc_init_array
 .text.memmove  0x08012eb8       0x24 /opt/toolchain/bin/../lib/gcc/arm-none-eabi/13.3.1/../../../../arm-none-eabi/lib/thumb/v6-m/nofp/libg_nano.a(libc_a-memmove.o)
                0x08012eb8                memmove
 .text.memset   0x08012edc       0x10 /opt/toolchain/bin/../lib/gcc/arm-none-eabi/13.3.1/../../../../arm-none-eabi/lib/thumb/v6-m/nofp/libg_nano.a(libc_a-memset.o)
                0x08012edc                memset
 .text.strcpy   0x08012eec       0x10 /opt/toolchain/bin/../lib/gcc/arm-none-eabi/13.3.1/../../../../arm-none-eabi/lib/thumb/v6-m/nofp/libg_nano.a(libc_a-strcpy.o)
                0x08012eec                strcpy
 .text.memcpy   0x08012efc       0x12 /opt/toolchain/bin/../lib/gcc/arm-none-eabi/13.3.1/../../../../arm-none-eabi/lib/thumb/v6-m/nofp/libg_nano.a(libc_a-memcpy-stub.o)
                0x08012efc                memcpy
 .text.strncpy  0x08012f0e       0x28 /opt/toolchain/bin/../lib/gcc/arm-none-eabi/13.3.1/../../../../arm-none-eabi/lib/thumb/v6-m/nofp/libg_nano.a(libc_a-strncpy.o)
                0x08012f0e                strncpy
 .text.memcmp   0x08012f36       0x1c /opt/toolchain/bin/../lib/gcc/arm-none-eabi/13.3.1/../../../../arm-none-eabi/lib/thumb/v6-m/nofp/libg_nano.a(libc_a-memcmp.o)
                0x08012f36                memcmp
 *(.glue_7)
 .glue_7        0x08012f52        0x0 linker stubs
 *(.glue_7t)
 .glue_7t       0x08012f52        0x0 linker stubs
 *(.eh_frame)
 *fill*         0x08012f52        0x2 
 .eh_frame      0x08012f54        0x0 /opt/toolchain/bin/../lib/gcc/arm-none-eabi/13.3.1/thumb/v6-m/nofp/crtbegin.o
 *(.init)
 .init          0x08012f54        0x4 /opt/toolchain/bin/../lib/gcc/arm-none-eabi/13.3.1/thumb/v6-m/nofp/crti.o
                0x08012f54                _init
 .init          0x08012f58        0x8 /opt/toolchain/bin/../lib/gcc/arm-none-eabi/13.3.1/thumb/v6-m/nofp/crtn.o
 *(.fini)
 .fini          0x08012f60        0x4 /opt/toolchain/bin/../lib/gcc/arm-none-eabi/13.3.1/thumb/v6-m/nofp/crti.o
                0x08012f60                _fini
 .fini          0x08012f64        0x8 /opt/toolchain/bin/../lib/gcc/arm-none-eabi/13.3.1/thumb/v6-m/nofp/crtn.o
                0x08012f6c                        . = ALIGN (0x4)
                0x08012f6c                        _etext = .

.vfp11_veneer   0x08012f6c        0x0
 .vfp11_veneer  0x08012f6c        0x0 linker stubs

.v4_bx          0x08012f6c        0x0
 .v4_bx         0x08012f6c        0x0 linker stubs

.iplt           0x08012f6c        0x0
 .iplt          0x08012f6c        0x0 /opt/toolchain/bin/../lib/gcc/arm-none-eabi/13.3.1/thumb/v6-m/nofp/crtbegin.o

.rodata         0x08012f6c     0x1df8
                0x08012f6c                        . = ALIGN (0x4)
 *(.rodata)
 .rodata        0x08012f6c       0x64 CMakeFiles/N7SIX.bandscope.dir/App/driver/bk4829.c.obj
 .rodata        0x08012fd0       0x14 CMakeFiles/N7SIX.bandscope.dir/App/app/menu.c.obj
 .rodata        0x08012fe4       0x70 CMakeFiles/N7SIX.bandscope.dir/App/ui/main.c.obj
 .rodata        0x08013054        0xc CMakeFiles/N7SIX.bandscope.dir/App/driver/vcp.c.obj
 *(.rodata*)
 .rodata.HSIFreqTable
                0x08013060       0x20 CMakeFiles/N7SIX.bandscope.dir/Core/Src/system_py32f071.c.obj
                0x08013060                HSIFreqTable
 .rodata.APBPrescTable
                0x08013080       0x20 CMakeFiles/N7SIX.bandscope.dir/Core/Src/system_py32f071.c.obj
                0x08013080                APBPrescTable
 .rodata.AHBPrescTable
                0x080130a0       0x40 CMakeFiles/N7SIX.bandscope.dir/Core/Src/system_py32f071.c.obj
                0x080130a0                AHBPrescTable
 .rodata.CHANNEL_OFFSET_TAB
                0x080130e0        0x7 CMakeFiles/N7SIX.bandscope.dir/Drivers/PY32F071_HAL_Driver/Src/py32f071_ll_dma.c.obj
 .rodata.value  0x080130e7        0xb CMakeFiles/N7SIX.bandscope.dir/App/driver/backlight.c.obj
                0x080130e7                value
 .rodata.BK4819_Init.str1.1
                0x080130f2      0x5c2 CMakeFiles/N7SIX.bandscope.dir/App/driver/bk4829.c.obj
                                 0x11 (size before relaxing)
 .rodata.CSWTCH.58
                0x080136b4        0x8 CMakeFiles/N7SIX.bandscope.dir/App/driver/bk4829.c.obj
 .rodata.FSK_RogerTable
                0x080136bc        0xe CMakeFiles/N7SIX.bandscope.dir/App/driver/bk4829.c.obj
 .rodata.keyboard
                0x080136ca       0x14 CMakeFiles/N7SIX.bandscope.dir/App/driver/keyboard.c.obj
 *fill*         0x080136de        0x2 
 .rodata.HandleFunction_fn_table
                0x080136e0       0x1c CMakeFiles/N7SIX.bandscope.dir/App/app/app.c.obj
 .rodata.CSWTCH.19
                0x080136fc        0x6 CMakeFiles/N7SIX.bandscope.dir/App/app/dtmf.c.obj
 .rodata.MENU_Key_UP_DOWN.str1.1
                0x08013702        0xf CMakeFiles/N7SIX.bandscope.dir/App/app/menu.c.obj
 .rodata.CSWTCH.15
                0x08013702       0x10 CMakeFiles/N7SIX.bandscope.dir/App/audio.c.obj
 .rodata.BITMAP_PowerUser
                0x08013712        0x3 CMakeFiles/N7SIX.bandscope.dir/App/bitmaps.c.obj
                0x08013712                BITMAP_PowerUser
 .rodata.BITMAP_compand
                0x08013715        0x6 CMakeFiles/N7SIX.bandscope.dir/App/bitmaps.c.obj
                0x08013715                BITMAP_compand
 .rodata.BITMAP_ScanListAll
                0x0801371b       0x13 CMakeFiles/N7SIX.bandscope.dir/App/bitmaps.c.obj
                0x0801371b                BITMAP_ScanListAll
 .rodata.BITMAP_ScanList123
                0x0801372e       0x13 CMakeFiles/N7SIX.bandscope.dir/App/bitmaps.c.obj
                0x0801372e                BITMAP_ScanList123
 .rodata.BITMAP_ScanListE
                0x08013741        0x7 CMakeFiles/N7SIX.bandscope.dir/App/bitmaps.c.obj
                0x08013741                BITMAP_ScanListE
 .rodata.BITMAP_ScanList3
                0x08013748        0x7 CMakeFiles/N7SIX.bandscope.dir/App/bitmaps.c.obj
                0x08013748                BITMAP_ScanList3
 .rodata.BITMAP_ScanList2
                0x0801374f        0x7 CMakeFiles/N7SIX.bandscope.dir/App/bitmaps.c.obj
                0x0801374f                BITMAP_ScanList2
 .rodata.BITMAP_ScanList1
                0x08013756        0x7 CMakeFiles/N7SIX.bandscope.dir/App/bitmaps.c.obj
                0x08013756                BITMAP_ScanList1
 .rodata.BITMAP_ScanList0
                0x0801375d        0x7 CMakeFiles/N7SIX.bandscope.dir/App/bitmaps.c.obj
                0x0801375d                BITMAP_ScanList0
 .rodata.BITMAP_VFO_NotDefault
                0x08013764        0x7 CMakeFiles/N7SIX.bandscope.dir/App/bitmaps.c.obj
                0x08013764                BITMAP_VFO_NotDefault
 .rodata.BITMAP_VFO_Default
                0x0801376b        0x7 CMakeFiles/N7SIX.bandscope.dir/App/bitmaps.c.obj
                0x0801376b                BITMAP_VFO_Default
 .rodata.BITMAP_VFO_Lock
                0x08013772        0x7 CMakeFiles/N7SIX.bandscope.dir/App/bitmaps.c.obj
                0x08013772                BITMAP_VFO_Lock
 .rodata.BITMAP_Antenna
                0x08013779        0x5 CMakeFiles/N7SIX.bandscope.dir/App/bitmaps.c.obj
                0x08013779                BITMAP_Antenna
 .rodata.BITMAP_BatteryLevel1
                0x0801377e       0x11 CMakeFiles/N7SIX.bandscope.dir/App/bitmaps.c.obj
                0x0801377e                BITMAP_BatteryLevel1
 .rodata.BITMAP_BatteryLevel
                0x0801378f        0x2 CMakeFiles/N7SIX.bandscope.dir/App/bitmaps.c.obj
                0x0801378f                BITMAP_BatteryLevel
 .rodata.gFontHold
                0x08013791        0xa CMakeFiles/N7SIX.bandscope.dir/App/bitmaps.c.obj
                0x08013791                gFontHold
 .rodata.gFontDWR
                0x0801379b       0x12 CMakeFiles/N7SIX.bandscope.dir/App/bitmaps.c.obj
                0x0801379b                gFontDWR
 .rodata.gFontMO
                0x080137ad        0xc CMakeFiles/N7SIX.bandscope.dir/App/bitmaps.c.obj
                0x080137ad                gFontMO
 .rodata.gFontXB
                0x080137b9        0xc CMakeFiles/N7SIX.bandscope.dir/App/bitmaps.c.obj
                0x080137b9                gFontXB
 .rodata.gFontMute
                0x080137c5        0xc CMakeFiles/N7SIX.bandscope.dir/App/bitmaps.c.obj
                0x080137c5                gFontMute
 .rodata.gFontLight
                0x080137d1        0x9 CMakeFiles/N7SIX.bandscope.dir/App/bitmaps.c.obj
                0x080137d1                gFontLight
 .rodata.gFontKeyLock
                0x080137da        0x9 CMakeFiles/N7SIX.bandscope.dir/App/bitmaps.c.obj
                0x080137da                gFontKeyLock
 .rodata.gFontS
                0x080137e3        0x6 CMakeFiles/N7SIX.bandscope.dir/App/bitmaps.c.obj
                0x080137e3                gFontS
 .rodata.gFontF
                0x080137e9        0x8 CMakeFiles/N7SIX.bandscope.dir/App/bitmaps.c.obj
                0x080137e9                gFontF
 .rodata.gFontPttClassic
                0x080137f1        0xc CMakeFiles/N7SIX.bandscope.dir/App/bitmaps.c.obj
                0x080137f1                gFontPttClassic
 .rodata.gFontPttOnePush
                0x080137fd        0xc CMakeFiles/N7SIX.bandscope.dir/App/bitmaps.c.obj
                0x080137fd                gFontPttOnePush
 .rodata.gFontPowerSave
                0x08013809        0xc CMakeFiles/N7SIX.bandscope.dir/App/bitmaps.c.obj
                0x08013809                gFontPowerSave
 *fill*         0x08013815        0x1 
 .rodata.DCS_Options
                0x08013816       0xd0 CMakeFiles/N7SIX.bandscope.dir/App/dcs.c.obj
                0x08013816                DCS_Options
 .rodata.CTCSS_Options
                0x080138e6       0x64 CMakeFiles/N7SIX.bandscope.dir/App/dcs.c.obj
                0x080138e6                CTCSS_Options
 .rodata.gFont3x5
                0x0801394a      0x120 CMakeFiles/N7SIX.bandscope.dir/App/font.c.obj
                0x0801394a                gFont3x5
 .rodata.gFontSmallBold
                0x08013a6a      0x234 CMakeFiles/N7SIX.bandscope.dir/App/font.c.obj
                0x08013a6a                gFontSmallBold
 .rodata.gFontSmall
                0x08013c9e      0x234 CMakeFiles/N7SIX.bandscope.dir/App/font.c.obj
                0x08013c9e                gFontSmall
 .rodata.gFontBigDigits
                0x08013ed2       0xdc CMakeFiles/N7SIX.bandscope.dir/App/font.c.obj
                0x08013ed2                gFontBigDigits
 .rodata.gFontBig
                0x08013fae      0x524 CMakeFiles/N7SIX.bandscope.dir/App/font.c.obj
                0x08013fae                gFontBig
 .rodata.StepSortedIndexes
                0x080144d2       0x18 CMakeFiles/N7SIX.bandscope.dir/App/frequencies.c.obj
                0x080144d2                StepSortedIndexes
 .rodata.gStepFrequencyTable
                0x080144ea       0x30 CMakeFiles/N7SIX.bandscope.dir/App/frequencies.c.obj
                0x080144ea                gStepFrequencyTable
 *fill*         0x0801451a        0x2 
 .rodata.frequencyBandTable
                0x0801451c       0x38 CMakeFiles/N7SIX.bandscope.dir/App/frequencies.c.obj
                0x0801451c                frequencyBandTable
 .rodata.BX4819_band2
                0x08014554        0x8 CMakeFiles/N7SIX.bandscope.dir/App/frequencies.c.obj
                0x08014554                BX4819_band2
 .rodata.BX4819_band1
                0x0801455c        0x8 CMakeFiles/N7SIX.bandscope.dir/App/frequencies.c.obj
                0x0801455c                BX4819_band1
 .rodata.BATTERY_GetReadings.str1.1
                0x08014564        0x6 CMakeFiles/N7SIX.bandscope.dir/App/helper/battery.c.obj
 .rodata.Voltage2PercentageTable
                0x08014564       0x8c CMakeFiles/N7SIX.bandscope.dir/App/helper/battery.c.obj
                0x08014564                Voltage2PercentageTable
 .rodata.gMicGain_dB2
                0x080145f0        0x5 CMakeFiles/N7SIX.bandscope.dir/App/misc.c.obj
                0x080145f0                gMicGain_dB2
 *fill*         0x080145f5        0x1 
 .rodata.power_save1_10ms
                0x080145f6        0x2 CMakeFiles/N7SIX.bandscope.dir/App/misc.c.obj
                0x080145f6                power_save1_10ms
 .rodata.battery_save_count_10ms
                0x080145f8        0x2 CMakeFiles/N7SIX.bandscope.dir/App/misc.c.obj
                0x080145f8                battery_save_count_10ms
 .rodata.scan_pause_delay_in_5_10ms
                0x080145fa        0x2 CMakeFiles/N7SIX.bandscope.dir/App/misc.c.obj
                0x080145fa                scan_pause_delay_in_5_10ms
 .rodata.scan_pause_delay_in_3_10ms
                0x080145fc        0x2 CMakeFiles/N7SIX.bandscope.dir/App/misc.c.obj
                0x080145fc                scan_pause_delay_in_3_10ms
 .rodata.scan_pause_delay_in_2_10ms
                0x080145fe        0x2 CMakeFiles/N7SIX.bandscope.dir/App/misc.c.obj
                0x080145fe                scan_pause_delay_in_2_10ms
 .rodata.scan_pause_delay_in_1_10ms
                0x08014600        0x2 CMakeFiles/N7SIX.bandscope.dir/App/misc.c.obj
                0x08014600                scan_pause_delay_in_1_10ms
 .rodata.dual_watch_count_toggle_10ms
                0x08014602        0x2 CMakeFiles/N7SIX.bandscope.dir/App/misc.c.obj
                0x08014602                dual_watch_count_toggle_10ms
 .rodata.dual_watch_count_after_2_10ms
                0x08014604        0x2 CMakeFiles/N7SIX.bandscope.dir/App/misc.c.obj
                0x08014604                dual_watch_count_after_2_10ms
 .rodata.dual_watch_count_after_rx_10ms
                0x08014606        0x2 CMakeFiles/N7SIX.bandscope.dir/App/misc.c.obj
                0x08014606                dual_watch_count_after_rx_10ms
 .rodata.dual_watch_count_after_tx_10ms
                0x08014608        0x2 CMakeFiles/N7SIX.bandscope.dir/App/misc.c.obj
                0x08014608                dual_watch_count_after_tx_10ms
 .rodata.scan_delay_10ms
                0x0801460a        0x1 CMakeFiles/N7SIX.bandscope.dir/App/misc.c.obj
                0x0801460a                scan_delay_10ms
 *fill*         0x0801460b        0x1 
 .rodata.key_debounce_10ms
                0x0801460c        0x2 CMakeFiles/N7SIX.bandscope.dir/App/misc.c.obj
                0x0801460c                key_debounce_10ms
 .rodata.key_repeat_10ms
                0x0801460e        0x2 CMakeFiles/N7SIX.bandscope.dir/App/misc.c.obj
                0x0801460e                key_repeat_10ms
 .rodata.key_repeat_delay_10ms
                0x08014610        0x2 CMakeFiles/N7SIX.bandscope.dir/App/misc.c.obj
                0x08014610                key_repeat_delay_10ms
 .rodata.key_input_timeout_500ms